============================================================================================== 
Warning! Mixing Conda and module environments may lead to corruption of the
user environment. 
We do not recommend users mixing those two environments unless absolutely
necessary. Note that 
SURF does not provide any support for Conda environment.
For more information, please refer to our software policy page:
https://servicedesk.surf.nl/wiki/display/WIKI/Software+policy+Snellius#SoftwarepolicySnellius-UseofAnacondaandMinicondaenvironmentsonSnellius 

Remember that many packages have already been installed on the system and can
be loaded using 
the 'module load <package__name>' command. If you are uncertain if a package is
already available 
on the system, please use 'module avail' or 'module spider' to search for it.
============================================================================================== 
Using device: cuda
Experiment: experiments/txtl_m9_lambda_pilot/20260525_160449_M9_O2.0_s2
Study: txtl_m9_lambda_pilot | Run ID: 20260525_160449_M9_O2.0_s2
  stratify_by_source[old]: pool=691 → train=519 val=86 test=86
  stratify_by_source[new]: pool=312 → train=234 val=39 test=39
Split: stratified | seed=42 | bins=5 | targets=[3, 5] | n_test=125 n_val=125 n_train=753
Partial-observability lift: scaffold.P=9, P_obs=7, obs_state_idx=[3, 6], control_state_map={'DNA c': 7, 'u_open': 8}
The model compiled successfully
LR warmup: 5 epochs (2.00e-03 target)
Data: N=1003 | train=753 | val=125 | test=125
Dims: P_obs=7 | scaffold=txtl_model9_oxygen_dark | U=13
Species: mm, pm
Partial-observability lift active: dataset_obs_idx=[3, 5] → scaffold_obs_idx=[3, 6].
Lift by-name IC copy: R→R@0, O→O2@1, m→m@2, p→p@4, DNA→DNA@7
[L_oxygen] active: lambda=2.0 u_open_col=12 pred_ch=1 target_ch=1
ep    1 | train 10.942963 | val 10.034704 | best 10.034704 | tf=1  [mm:2.3009  pm:5.3812] | 107.90s
ep    2 | train 12.007966 | val 8.796341 | best 8.796341 | tf=1  [mm:2.1299  pm:4.2988] | 93.85s
ep    3 | train nan | val nan | best 8.796341 | tf=1  [mm:nan  pm:nan] | 93.03s
NaN detected at epoch 3 — stopping early.

Test loss (best model): nan  [mm:2.4675  pm:4.7133]
Saved best model to experiments/txtl_m9_lambda_pilot/20260525_160449_M9_O2.0_s2/model.pt

Training completed in 302.59s (5.04m)
Peak GPU memory: 9.30 GB
[rebuild] partial-obs lift: dataset_obs_idx=[3, 5] → scaffold_obs_idx=[3, 6] (P=9)
Loading checkpoint: experiments/txtl_m9_lambda_pilot/20260525_160449_M9_O2.0_s2/model.pt
[plot_predictions] n_samples=5, plot_ds_len=125
[plot_predictions] y0.shape=(5, 9), u_seq.shape=(5, 1416, 13), y_seq.shape=(5, 1416, 9), dt_seq.shape=(5, 1416)
[plot_predictions] plotting 5 extra NEW samples: idx=[np.int64(702), np.int64(754), np.int64(874), np.int64(942), np.int64(993)]
Saved plots to experiments/txtl_m9_lambda_pilot/20260525_160449_M9_O2.0_s2/plots
[rebuild] partial-obs lift: dataset_obs_idx=[3, 5] → scaffold_obs_idx=[3, 6] (P=9)
Loading checkpoint: experiments/txtl_m9_lambda_pilot/20260525_160449_M9_O2.0_s2/model.pt
[plot] failed: FileNotFoundError: No checkpoint files matching ckpt_ep*.pt in: experiments/txtl_m9_lambda_pilot/20260525_160449_M9_O2.0_s2/checkpoints
Traceback (most recent call last):
  File "/gpfs/home2/overven1/theta-lab/last-layer-ode/train.py", line 2407, in train
    plot_epoch_prediction_overlays(
  File "/gpfs/home2/overven1/theta-lab/last-layer-ode/plot_diagnostics.py", line 916, in plot_epoch_prediction_overlays
    raise FileNotFoundError(f"No checkpoint files matching ckpt_ep*.pt in: {ckpt_dir}")
FileNotFoundError: No checkpoint files matching ckpt_ep*.pt in: experiments/txtl_m9_lambda_pilot/20260525_160449_M9_O2.0_s2/checkpoints

Running endpoint R² analysis...
[rebuild] partial-obs lift: dataset_obs_idx=[3, 5] → scaffold_obs_idx=[3, 6] (P=9)
Loading checkpoint: experiments/txtl_m9_lambda_pilot/20260525_160449_M9_O2.0_s2/model.pt
  R²(protein final) = -0.4427
  R²(mRNA max)      = -0.2145
Saved plot -> experiments/txtl_m9_lambda_pilot/20260525_160449_M9_O2.0_s2/endpoint_r2.png
23104884       00:13:45               RUNNING 
23104884.ba+   00:13:45               RUNNING 
23104884.ex+   00:13:45               RUNNING 
