$ python -u last-layer-ode/train.py --config configs/txtl_gru_new_baseline.yaml --set study=txtl_ladder_native_combined --set out_root=experiments --set exp_name=M4_real_s0 --set epochs=100 --set endpoint_r2=True --set obs_idx='[3, 5]' --set warmup_epochs=5 --set hidden=600 --set val_n=125 --set test_n=125 --set stratify_z_expr=False --set stratified_split=True --set stratify_targets='[3, 5]' --set stratify_bins=5 --set stratify_by_source=True --set subtract_channel_min=True --set subtract_channel_min_cols='[3, 5]' --set encoder_use_log_dt=True --set gru_u_cols='[0, 1, 3, 4, 5, 6, 7, 8, 9, 10, 11]' --set plot_extra_new_samples=5 --set ckpt_every=0 --set y0_theta_init=False --set model_class=ode_rnn --set dataset_path=datasets/cell-free/txtl_native_real_only.npz --set balance_source_sampler=False --set test_real_only=False --set use_ivtt_mse_loss=False --set species_weights='{3: 1.25, 5: 1.0}' --set time_upweight='{5: [0.5, 3.0]}' --set lambda_endpoint=0.1 --set endpoint_channels='[5]' --set loss_normalizer_channels=3 --set loss_clamp_min=1.0 --set scaffold=txtl_model4_three_state --set seed=0

Using device: cuda
Experiment: experiments/txtl_ladder_native_combined/20260525_233330_M4_real_s0
Study: txtl_ladder_native_combined | Run ID: 20260525_233330_M4_real_s0
  stratify_by_source[old]: pool=691 → train=519 val=86 test=86
  stratify_by_source[new]: pool=312 → train=234 val=39 test=39
Split: stratified | seed=42 | bins=5 | targets=[3, 5] | n_test=125 n_val=125 n_train=753
/home/bob-van-sluijs/anaconda3/envs/oliver_env/lib/python3.13/site-packages/torch/cuda/__init__.py:1007: UserWarning: Can't initialize NVML
  raw_cnt = _raw_device_count_nvml()
Partial-observability lift: scaffold.P=4, P_obs=7, obs_state_idx=[0, 2], control_state_map={'DNA c': 3}
The model compiled successfully
LR warmup: 5 epochs (2.00e-03 target)
Data: N=1003 | train=753 | val=125 | test=125
Dims: P_obs=7 | scaffold=txtl_model4_three_state | U=13
Species: mm, pm
Partial-observability lift active: dataset_obs_idx=[3, 5] → scaffold_obs_idx=[0, 2].
Lift by-name IC copy: DNA→DNA@3
ep    1 | train 2.707127 | val 2.060788 | best 2.060788 | tf=1  [mm:2.1447  pm:4.4582] | 23.10s
ep    2 | train 3.309605 | val 2.014436 | best 2.014436 | tf=1  [mm:2.7200  pm:3.8861] | 20.17s
ep    3 | train 2.853865 | val 1.861707 | best 1.861707 | tf=1  [mm:1.9732  pm:3.7726] | 19.84s
ep    4 | train 2.364013 | val 1.771892 | best 1.771892 | tf=1  [mm:2.0744  pm:3.3490] | 19.78s
ep    5 | train 2.169197 | val 1.795658 | best 1.771892 | tf=1  [mm:1.9547  pm:3.3330] | 19.91s
ep    6 | train 2.374041 | val 2.166329 | best 1.771892 | tf=1  [mm:3.0398  pm:3.5245] | 19.79s
ep    7 | train 2.254855 | val 1.627156 | best 1.627156 | tf=1  [mm:2.1750  pm:3.0672] | 19.83s
ep    8 | train 2.073174 | val 1.631958 | best 1.627156 | tf=1  [mm:2.1116  pm:3.0497] | 19.87s
ep    9 | train 1.893930 | val 1.800074 | best 1.627156 | tf=1  [mm:2.0578  pm:3.8716] | 19.83s
ep   10 | train 2.103185 | val 1.733675 | best 1.627156 | tf=1  [mm:1.8680  pm:3.5275] | 19.78s
ep   11 | train 1.808767 | val 1.575150 | best 1.575150 | tf=1  [mm:1.9970  pm:3.0763] | 19.75s
ep   12 | train 1.657607 | val 1.626242 | best 1.575150 | tf=1  [mm:1.8159  pm:3.2720] | 19.83s
ep   13 | train 1.604488 | val 1.873528 | best 1.575150 | tf=1  [mm:2.0664  pm:3.6511] | 19.77s
ep   14 | train 1.569511 | val 1.863177 | best 1.575150 | tf=1  [mm:1.8542  pm:3.8384] | 19.79s
ep   15 | train 1.369327 | val 1.730105 | best 1.575150 | tf=1  [mm:1.8119  pm:3.6300] | 19.79s
ep   16 | train 1.257644 | val 1.465612 | best 1.465612 | tf=1  [mm:1.6290  pm:3.1669] | 19.83s
ep   17 | train 1.133621 | val 1.791904 | best 1.465612 | tf=1  [mm:1.5898  pm:3.7375] | 19.81s
ep   18 | train 1.062163 | val 1.472060 | best 1.465612 | tf=1  [mm:1.3895  pm:3.2527] | 19.79s
ep   19 | train 0.978970 | val 1.421640 | best 1.421640 | tf=1  [mm:1.3903  pm:3.1657] | 19.86s
ep   20 | train 1.096372 | val 1.389831 | best 1.389831 | tf=1  [mm:1.2439  pm:3.0695] | 19.77s
ep   21 | train 0.932247 | val 1.475722 | best 1.389831 | tf=1  [mm:1.4612  pm:3.3679] | 19.80s
ep   22 | train 0.838021 | val 1.375540 | best 1.375540 | tf=1  [mm:1.3117  pm:3.0679] | 19.79s
ep   23 | train 0.754470 | val 1.352192 | best 1.352192 | tf=1  [mm:1.1247  pm:3.2341] | 19.81s
ep   24 | train 0.758457 | val 1.529722 | best 1.352192 | tf=1  [mm:1.5351  pm:3.1893] | 19.73s
ep   25 | train 0.752325 | val 1.530002 | best 1.352192 | tf=1  [mm:1.6481  pm:3.1337] | 19.73s
ep   26 | train 0.727392 | val 1.510579 | best 1.352192 | tf=1  [mm:1.4482  pm:3.4171] | 19.74s
ep   27 | train 0.744186 | val 1.605460 | best 1.352192 | tf=1  [mm:1.5927  pm:3.3923] | 19.78s
ep   28 | train 0.678697 | val 1.273229 | best 1.273229 | tf=1  [mm:1.1734  pm:2.8919] | 19.73s
ep   29 | train 0.589505 | val 1.253430 | best 1.253430 | tf=1  [mm:1.3294  pm:2.8448] | 19.71s
ep   30 | train 0.582867 | val 1.588915 | best 1.253430 | tf=1  [mm:1.2903  pm:3.7263] | 19.75s
ep   31 | train 0.571422 | val 1.461873 | best 1.253430 | tf=1  [mm:1.1984  pm:3.4686] | 19.72s
ep   32 | train 0.508003 | val 1.391326 | best 1.253430 | tf=1  [mm:0.9088  pm:3.4544] | 19.74s
ep   33 | train 0.516445 | val 1.413452 | best 1.253430 | tf=1  [mm:1.1303  pm:3.3371] | 19.74s
ep   34 | train 0.460917 | val 1.444327 | best 1.253430 | tf=1  [mm:1.2469  pm:3.3621] | 19.70s
ep   35 | train 0.426543 | val 1.285592 | best 1.253430 | tf=1  [mm:0.9955  pm:3.0138] | 19.68s
ep   36 | train 0.430355 | val 1.203627 | best 1.203627 | tf=1  [mm:0.8621  pm:3.0094] | 19.77s
ep   37 | train 0.422824 | val 1.290375 | best 1.203627 | tf=1  [mm:0.9641  pm:3.0171] | 19.71s
ep   38 | train 0.406117 | val 1.166741 | best 1.166741 | tf=1  [mm:1.1316  pm:2.7029] | 19.77s
ep   39 | train 0.396741 | val 1.162399 | best 1.162399 | tf=1  [mm:0.7730  pm:2.8775] | 19.81s
ep   40 | train 0.391126 | val 1.279516 | best 1.162399 | tf=1  [mm:1.0969  pm:3.0082] | 19.73s
ep   41 | train 0.385206 | val 1.410195 | best 1.162399 | tf=1  [mm:0.9726  pm:3.2994] | 19.75s
ep   42 | train 0.364753 | val 1.215690 | best 1.162399 | tf=1  [mm:0.8565  pm:2.9462] | 19.74s
ep   43 | train 0.374394 | val 1.082688 | best 1.082688 | tf=1  [mm:1.0286  pm:2.5374] | 19.78s
ep   44 | train 0.362710 | val 1.336307 | best 1.082688 | tf=1  [mm:0.9109  pm:3.0827] | 19.74s
ep   45 | train 0.379160 | val 1.359476 | best 1.082688 | tf=1  [mm:0.9379  pm:3.0564] | 19.79s
ep   46 | train 0.346466 | val 1.202615 | best 1.082688 | tf=1  [mm:0.9413  pm:2.8509] | 19.76s
ep   47 | train 0.319324 | val 1.353784 | best 1.082688 | tf=1  [mm:0.9845  pm:3.1392] | 19.68s
ep   48 | train 0.377815 | val 1.239863 | best 1.082688 | tf=1  [mm:0.8820  pm:2.9044] | 19.72s
ep   49 | train 0.323007 | val 1.149511 | best 1.082688 | tf=1  [mm:0.8137  pm:2.7049] | 19.79s
ep   50 | train 0.293234 | val 1.166705 | best 1.082688 | tf=1  [mm:0.8170  pm:2.7462] | 19.77s
ep   51 | train 0.276820 | val 1.340682 | best 1.082688 | tf=1  [mm:0.8217  pm:3.0985] | 19.74s
ep   52 | train 0.289350 | val 1.191415 | best 1.082688 | tf=1  [mm:0.7941  pm:2.8032] | 19.75s
ep   53 | train 0.316733 | val 1.471532 | best 1.082688 | tf=1  [mm:1.0692  pm:3.2589] | 19.77s
ep   54 | train 0.331278 | val 1.377443 | best 1.082688 | tf=1  [mm:1.0788  pm:3.0337] | 19.75s
ep   55 | train 0.288561 | val 1.285158 | best 1.082688 | tf=1  [mm:0.8581  pm:2.9378] | 19.78s
ep   56 | train 0.255918 | val 1.361461 | best 1.082688 | tf=1  [mm:0.9445  pm:3.0476] | 19.80s
ep   57 | train 0.254727 | val 1.165479 | best 1.082688 | tf=1  [mm:0.9159  pm:2.6769] | 19.81s
ep   58 | train 0.239605 | val 1.242779 | best 1.082688 | tf=1  [mm:0.7674  pm:2.8397] | 19.72s
ep   59 | train 0.238961 | val 1.236996 | best 1.082688 | tf=1  [mm:0.7680  pm:2.8205] | 19.76s
ep   60 | train 0.223181 | val 1.300944 | best 1.082688 | tf=1  [mm:0.9664  pm:2.8558] | 19.68s
ep   61 | train 0.234743 | val 1.186036 | best 1.082688 | tf=1  [mm:0.9651  pm:2.5854] | 19.73s
ep   62 | train 0.248540 | val 1.283406 | best 1.082688 | tf=1  [mm:0.9621  pm:2.8166] | 19.80s
ep   63 | train 0.235492 | val 1.300658 | best 1.082688 | tf=1  [mm:0.8607  pm:2.9787] | 19.73s
ep   64 | train 0.224300 | val 1.318883 | best 1.082688 | tf=1  [mm:0.8392  pm:3.0227] | 19.70s
ep   65 | train 0.214806 | val 1.227287 | best 1.082688 | tf=1  [mm:0.8036  pm:2.8071] | 19.74s
ep   66 | train 0.215520 | val 1.046608 | best 1.046608 | tf=1  [mm:0.7522  pm:2.4412] | 19.72s
ep   67 | train 0.208711 | val 1.108598 | best 1.046608 | tf=1  [mm:0.7651  pm:2.4918] | 19.79s
ep   68 | train 0.200298 | val 1.112074 | best 1.046608 | tf=1  [mm:0.8406  pm:2.5101] | 19.79s
ep   69 | train 0.205978 | val 1.272098 | best 1.046608 | tf=1  [mm:1.0123  pm:2.7526] | 19.81s
ep   70 | train 0.218337 | val 1.114357 | best 1.046608 | tf=1  [mm:0.9222  pm:2.4719] | 19.77s
ep   71 | train 0.236978 | val 1.376099 | best 1.046608 | tf=1  [mm:1.3102  pm:2.7976] | 19.69s
ep   72 | train 0.215365 | val 1.343717 | best 1.046608 | tf=1  [mm:0.9378  pm:2.9453] | 19.68s
ep   73 | train 0.194378 | val 1.214640 | best 1.046608 | tf=1  [mm:0.7967  pm:2.6890] | 19.72s
ep   74 | train 0.187817 | val 1.203083 | best 1.046608 | tf=1  [mm:0.8634  pm:2.6274] | 19.76s
ep   75 | train 0.184352 | val 1.155759 | best 1.046608 | tf=1  [mm:0.8298  pm:2.5254] | 19.79s
ep   76 | train 0.171502 | val 1.038769 | best 1.038769 | tf=1  [mm:0.7298  pm:2.3624] | 19.76s
ep   77 | train 0.170641 | val 1.170987 | best 1.038769 | tf=1  [mm:0.8416  pm:2.5700] | 19.70s
ep   78 | train 0.168959 | val 1.091097 | best 1.038769 | tf=1  [mm:0.8284  pm:2.4186] | 19.71s
ep   79 | train 0.165045 | val 1.203807 | best 1.038769 | tf=1  [mm:0.8418  pm:2.6005] | 19.84s
ep   80 | train 0.171195 | val 1.129233 | best 1.038769 | tf=1  [mm:0.8236  pm:2.4768] | 19.72s
ep   81 | train 0.170861 | val 1.194350 | best 1.038769 | tf=1  [mm:0.8325  pm:2.6508] | 19.81s
ep   82 | train 0.172894 | val 1.240233 | best 1.038769 | tf=1  [mm:0.8242  pm:2.7306] | 19.76s
ep   83 | train 0.174863 | val 1.218210 | best 1.038769 | tf=1  [mm:0.8381  pm:2.6759] | 19.73s
ep   84 | train 0.176282 | val 1.180455 | best 1.038769 | tf=1  [mm:0.7672  pm:2.6089] | 19.73s
ep   85 | train 0.170081 | val 1.114107 | best 1.038769 | tf=1  [mm:0.7643  pm:2.5090] | 19.72s
ep   86 | train 0.161320 | val 1.185794 | best 1.038769 | tf=1  [mm:0.8300  pm:2.6046] | 19.76s
ep   87 | train 0.175666 | val 1.261531 | best 1.038769 | tf=1  [mm:0.8635  pm:2.7570] | 19.74s
ep   88 | train 0.158991 | val 1.241633 | best 1.038769 | tf=1  [mm:0.9659  pm:2.6189] | 19.79s
ep   89 | train 0.161459 | val 1.156028 | best 1.038769 | tf=1  [mm:0.8857  pm:2.5056] | 19.72s
ep   90 | train 0.166821 | val 1.103475 | best 1.038769 | tf=1  [mm:0.8905  pm:2.3777] | 19.75s
ep   91 | train 0.167853 | val 1.156850 | best 1.038769 | tf=1  [mm:0.9107  pm:2.4622] | 19.72s
ep   92 | train 0.165454 | val 1.085213 | best 1.038769 | tf=1  [mm:0.8147  pm:2.3928] | 19.81s
ep   93 | train 0.156945 | val 1.261545 | best 1.038769 | tf=1  [mm:0.8246  pm:2.7674] | 19.80s
ep   94 | train 0.159320 | val 1.253772 | best 1.038769 | tf=1  [mm:0.9051  pm:2.6908] | 19.70s
ep   95 | train 0.159975 | val 1.175615 | best 1.038769 | tf=1  [mm:0.8235  pm:2.6287] | 19.76s
ep   96 | train 0.171146 | val 1.315111 | best 1.038769 | tf=1  [mm:1.0232  pm:2.7624] | 19.70s
ep   97 | train 0.169598 | val 1.191222 | best 1.038769 | tf=1  [mm:0.9216  pm:2.5672] | 19.81s
ep   98 | train 0.169884 | val 1.178853 | best 1.038769 | tf=1  [mm:0.7557  pm:2.5554] | 19.71s
ep   99 | train 0.166163 | val 0.984337 | best 0.984337 | tf=1  [mm:0.8463  pm:2.1494] | 19.83s
ep  100 | train 0.172116 | val 1.045473 | best 0.984337 | tf=0  [mm:0.8172  pm:2.2975] | 19.81s

Test loss (best model): nan  [mm:1.0191  pm:2.2865]
Saved best model to experiments/txtl_ladder_native_combined/20260525_233330_M4_real_s0/model.pt

Training completed in 1986.17s (33.10m)
Peak GPU memory: 9.11 GB
[rebuild] partial-obs lift: dataset_obs_idx=[3, 5] → scaffold_obs_idx=[0, 2] (P=4)
Loading checkpoint: experiments/txtl_ladder_native_combined/20260525_233330_M4_real_s0/model.pt
[plot_predictions] n_samples=5, plot_ds_len=125
[plot_predictions] y0.shape=(5, 4), u_seq.shape=(5, 1416, 13), y_seq.shape=(5, 1416, 4), dt_seq.shape=(5, 1416)
[plot_predictions] plotting 5 extra NEW samples: idx=[np.int64(702), np.int64(754), np.int64(874), np.int64(942), np.int64(993)]
Saved plots to experiments/txtl_ladder_native_combined/20260525_233330_M4_real_s0/plots
[rebuild] partial-obs lift: dataset_obs_idx=[3, 5] → scaffold_obs_idx=[0, 2] (P=4)
Loading checkpoint: experiments/txtl_ladder_native_combined/20260525_233330_M4_real_s0/model.pt
[plot] failed: FileNotFoundError: No checkpoint files matching ckpt_ep*.pt in: experiments/txtl_ladder_native_combined/20260525_233330_M4_real_s0/checkpoints
Traceback (most recent call last):
  File "/home/bob-van-sluijs/Desktop/theta-lab-materials_scenario./theta-lab-materials_scenario/last-layer-ode/train.py", line 2407, in train
    plot_epoch_prediction_overlays(
    ~~~~~~~~~~~~~~~~~~~~~~~~~~~~~~^
        exp_dir,
        ^^^^^^^^
    ...<2 lines>...
        max_overlays=8,
        ^^^^^^^^^^^^^^^
    )
    ^
  File "/home/bob-van-sluijs/Desktop/theta-lab-materials_scenario./theta-lab-materials_scenario/last-layer-ode/plot_diagnostics.py", line 916, in plot_epoch_prediction_overlays
    raise FileNotFoundError(f"No checkpoint files matching ckpt_ep*.pt in: {ckpt_dir}")
FileNotFoundError: No checkpoint files matching ckpt_ep*.pt in: experiments/txtl_ladder_native_combined/20260525_233330_M4_real_s0/checkpoints

Running endpoint R² analysis...
[rebuild] partial-obs lift: dataset_obs_idx=[3, 5] → scaffold_obs_idx=[0, 2] (P=4)
Loading checkpoint: experiments/txtl_ladder_native_combined/20260525_233330_M4_real_s0/model.pt
  R²(protein final) = 0.4751
  R²(mRNA max)      = 0.5121
Saved plot -> experiments/txtl_ladder_native_combined/20260525_233330_M4_real_s0/endpoint_r2.png
