$ python -u last-layer-ode/train.py --config configs/txtl_gru_new_baseline.yaml --set study=txtl_ladder_native_combined --set out_root=experiments --set exp_name=M4_drecipe_s0 --set epochs=100 --set endpoint_r2=True --set obs_idx='[3, 5]' --set warmup_epochs=5 --set hidden=600 --set dataset_path=datasets/cell-free/txtl_native_combined.npz --set val_n=125 --set test_n=125 --set stratify_z_expr=False --set test_real_only=True --set stratified_split=True --set stratify_targets='[3, 5]' --set stratify_bins=5 --set stratify_by_source=True --set balance_source_sampler=True --set subtract_channel_min=True --set subtract_channel_min_cols='[3, 5]' --set encoder_use_log_dt=True --set gru_u_cols='[0, 1, 3, 4, 5, 6, 7, 8, 9, 10, 11]' --set plot_extra_new_samples=5 --set ckpt_every=0 --set y0_theta_init=False --set model_class=ode_rnn --set use_ivtt_mse_loss=False --set species_weights='{3: 1.25, 5: 1.0}' --set time_upweight='{5: [0.5, 3.0]}' --set lambda_endpoint=0.1 --set endpoint_channels='[5]' --set loss_normalizer_channels=3 --set loss_clamp_min=1.0 --set scaffold=txtl_model4_three_state --set seed=0

Using device: cuda
Experiment: experiments/txtl_ladder_native_combined/20260525_173639_M4_drecipe_s0
Study: txtl_ladder_native_combined | Run ID: 20260525_173639_M4_drecipe_s0
test_real_only: train=753 real + 2496 synth; val=125 real; test=125 real
Split: stratified | seed=42 | bins=5 | targets=[3, 5] | n_test=125 n_val=125 n_train=3249
balance_source_sampler: train counts by source = {0: 520, 1: 233, 2: 2496}
/home/bob-van-sluijs/anaconda3/envs/oliver_env/lib/python3.13/site-packages/torch/cuda/__init__.py:1007: UserWarning: Can't initialize NVML
  raw_cnt = _raw_device_count_nvml()
Partial-observability lift: scaffold.P=4, P_obs=7, obs_state_idx=[0, 2], control_state_map={'DNA c': 3}
The model compiled successfully
LR warmup: 5 epochs (2.00e-03 target)
Data: N=3499 | train=3249 | val=125 | test=125
Dims: P_obs=7 | scaffold=txtl_model4_three_state | U=14
Species: mm, pm
Partial-observability lift active: dataset_obs_idx=[3, 5] → scaffold_obs_idx=[0, 2].
Lift by-name IC copy: DNA→DNA@3
ep    1 | train 2.669902 | val 2.338088 | best 2.338088 | tf=1  [mm:2.6666  pm:4.8307] | 84.40s
ep    2 | train 2.279596 | val 2.080864 | best 2.080864 | tf=1  [mm:2.5410  pm:3.9572] | 80.64s
ep    3 | train 1.953363 | val 2.048275 | best 2.048275 | tf=1  [mm:3.0762  pm:3.7576] | 78.18s
ep    4 | train 1.733230 | val 2.086098 | best 2.048275 | tf=1  [mm:2.5599  pm:4.3312] | 78.27s
ep    5 | train 1.672258 | val 1.905874 | best 1.905874 | tf=1  [mm:2.3278  pm:3.5748] | 78.57s
ep    6 | train 1.518689 | val 1.894851 | best 1.894851 | tf=1  [mm:2.3221  pm:3.7625] | 78.16s
ep    7 | train 1.267120 | val 2.014076 | best 1.894851 | tf=1  [mm:2.0961  pm:4.1729] | 79.11s
ep    8 | train 1.118169 | val 1.790604 | best 1.790604 | tf=1  [mm:1.9440  pm:3.6216] | 78.47s
ep    9 | train 0.878598 | val 1.651126 | best 1.651126 | tf=1  [mm:1.7355  pm:3.3317] | 79.96s
ep   10 | train 0.847350 | val 1.405549 | best 1.405549 | tf=1  [mm:1.6197  pm:2.9675] | 78.49s
ep   11 | train 0.769127 | val 1.368122 | best 1.368122 | tf=1  [mm:1.4897  pm:2.7138] | 78.31s
ep   12 | train 0.632590 | val 1.501178 | best 1.368122 | tf=1  [mm:1.6556  pm:3.1294] | 78.24s
ep   13 | train 0.569762 | val 1.517267 | best 1.368122 | tf=1  [mm:1.5725  pm:3.1124] | 78.39s
ep   14 | train 0.477382 | val 1.311072 | best 1.311072 | tf=1  [mm:1.4623  pm:2.6155] | 78.27s
ep   15 | train 0.454068 | val 1.441206 | best 1.311072 | tf=1  [mm:1.5577  pm:2.8299] | 78.06s
ep   16 | train 0.434647 | val 1.450507 | best 1.311072 | tf=1  [mm:1.5089  pm:2.9349] | 78.41s
ep   17 | train 0.375642 | val 1.408300 | best 1.311072 | tf=1  [mm:1.4753  pm:2.7250] | 78.24s
ep   18 | train 0.386148 | val 2.047311 | best 1.311072 | tf=1  [mm:1.6286  pm:4.1456] | 78.24s
ep   19 | train 0.360421 | val 1.312064 | best 1.311072 | tf=1  [mm:1.2755  pm:2.6165] | 78.24s
ep   20 | train 0.345141 | val 1.490314 | best 1.311072 | tf=1  [mm:1.4653  pm:2.9462] | 77.92s
ep   21 | train 0.300601 | val 1.634238 | best 1.311072 | tf=1  [mm:1.7374  pm:3.0835] | 78.09s
ep   22 | train 0.276898 | val 1.381728 | best 1.311072 | tf=1  [mm:1.2190  pm:2.8738] | 78.05s
ep   23 | train 0.275322 | val 1.396943 | best 1.311072 | tf=1  [mm:1.4073  pm:2.6669] | 78.23s
ep   24 | train 0.311936 | val 1.445256 | best 1.311072 | tf=1  [mm:1.5039  pm:2.8253] | 80.13s
ep   25 | train 0.246781 | val 1.340408 | best 1.311072 | tf=1  [mm:1.3928  pm:2.6888] | 78.10s
ep   26 | train 0.380266 | val 1.493732 | best 1.311072 | tf=1  [mm:1.4726  pm:2.9236] | 78.23s
ep   27 | train 0.258433 | val 1.530035 | best 1.311072 | tf=1  [mm:1.3307  pm:3.0797] | 78.42s
ep   28 | train 0.261309 | val 1.408671 | best 1.311072 | tf=1  [mm:1.3559  pm:2.8662] | 78.40s
ep   29 | train 0.240213 | val 1.522383 | best 1.311072 | tf=1  [mm:1.4300  pm:2.9609] | 78.34s
ep   30 | train 0.249287 | val 1.467349 | best 1.311072 | tf=1  [mm:1.4277  pm:2.8987] | 78.19s
ep   31 | train 0.237502 | val 1.493471 | best 1.311072 | tf=1  [mm:1.4675  pm:2.8636] | 78.27s
ep   32 | train 0.259526 | val 1.620847 | best 1.311072 | tf=1  [mm:1.6380  pm:3.1186] | 78.36s
ep   33 | train 0.241609 | val 1.504150 | best 1.311072 | tf=1  [mm:1.6619  pm:2.8199] | 78.34s
ep   34 | train 0.217710 | val 1.447268 | best 1.311072 | tf=1  [mm:1.3601  pm:2.7952] | 78.16s
ep   35 | train 0.212634 | val 1.468667 | best 1.311072 | tf=1  [mm:1.4156  pm:2.8412] | 78.18s
ep   36 | train 0.194729 | val 1.551855 | best 1.311072 | tf=1  [mm:1.5483  pm:2.9309] | 78.06s
ep   37 | train 0.201841 | val 1.621577 | best 1.311072 | tf=1  [mm:1.5425  pm:3.1673] | 78.26s
ep   38 | train 0.210109 | val 1.526409 | best 1.311072 | tf=1  [mm:1.4674  pm:2.9745] | 78.26s
ep   39 | train 0.221092 | val 1.502765 | best 1.311072 | tf=1  [mm:1.5500  pm:2.8885] | 78.32s
ep   40 | train 0.237581 | val 1.481708 | best 1.311072 | tf=1  [mm:1.5803  pm:2.6893] | 78.29s
ep   41 | train 0.225055 | val 1.439161 | best 1.311072 | tf=1  [mm:1.6115  pm:2.6506] | 78.26s
ep   42 | train 0.196900 | val 1.623203 | best 1.311072 | tf=1  [mm:1.4709  pm:3.1588] | 78.10s
ep   43 | train 0.193001 | val 1.334978 | best 1.311072 | tf=1  [mm:1.4353  pm:2.5430] | 78.13s
ep   44 | train 0.203909 | val 1.527393 | best 1.311072 | tf=1  [mm:1.4159  pm:3.0107] | 78.03s
ep   45 | train 0.193080 | val 1.506862 | best 1.311072 | tf=1  [mm:1.4521  pm:3.0014] | 78.06s
ep   46 | train 0.187154 | val 1.578252 | best 1.311072 | tf=1  [mm:1.6778  pm:3.0221] | 77.98s
ep   47 | train 0.196707 | val 1.490152 | best 1.311072 | tf=1  [mm:1.5260  pm:2.8348] | 78.10s
ep   48 | train 0.199970 | val 1.465469 | best 1.311072 | tf=1  [mm:1.4864  pm:2.8512] | 78.17s
ep   49 | train 0.182480 | val 1.453763 | best 1.311072 | tf=1  [mm:1.4377  pm:2.8142] | 78.05s
ep   50 | train 0.195044 | val 1.403639 | best 1.311072 | tf=1  [mm:1.3465  pm:2.7942] | 78.21s
ep   51 | train 0.179762 | val 1.519839 | best 1.311072 | tf=1  [mm:1.3228  pm:3.0138] | 78.32s
ep   52 | train 0.166417 | val 1.553483 | best 1.311072 | tf=1  [mm:1.5491  pm:3.0104] | 78.31s
ep   53 | train 0.188055 | val 1.461926 | best 1.311072 | tf=1  [mm:1.5323  pm:2.7861] | 78.08s
ep   54 | train 0.198805 | val 1.359008 | best 1.311072 | tf=1  [mm:1.3210  pm:2.6838] | 78.00s
ep   55 | train 0.174929 | val 1.366985 | best 1.311072 | tf=1  [mm:1.5001  pm:2.6015] | 78.23s
ep   56 | train 0.167610 | val 1.398142 | best 1.311072 | tf=1  [mm:1.5540  pm:2.6170] | 78.03s
ep   57 | train 0.183035 | val 1.398130 | best 1.311072 | tf=1  [mm:1.4872  pm:2.6403] | 78.20s
ep   58 | train 0.188396 | val 1.349878 | best 1.311072 | tf=1  [mm:1.5621  pm:2.5140] | 78.00s
ep   59 | train 0.190608 | val 1.300859 | best 1.300859 | tf=1  [mm:1.5657  pm:2.3918] | 78.24s
ep   60 | train 0.196395 | val 1.435713 | best 1.300859 | tf=1  [mm:1.6604  pm:2.5793] | 78.20s
ep   61 | train 0.191407 | val 1.474390 | best 1.300859 | tf=1  [mm:1.5264  pm:2.7492] | 78.21s
ep   62 | train 0.210244 | val 1.299978 | best 1.299978 | tf=1  [mm:1.5791  pm:2.3874] | 78.23s
ep   63 | train 0.169644 | val 1.262646 | best 1.262646 | tf=1  [mm:1.6458  pm:2.1396] | 78.12s
ep   64 | train 0.178771 | val 1.408105 | best 1.262646 | tf=1  [mm:1.6339  pm:2.5354] | 78.07s
ep   65 | train 0.188989 | val 1.408837 | best 1.262646 | tf=1  [mm:1.5054  pm:2.5871] | 78.07s
ep   66 | train 0.191471 | val 1.521853 | best 1.262646 | tf=1  [mm:1.5228  pm:2.9371] | 78.16s
ep   67 | train 0.170809 | val 1.369207 | best 1.262646 | tf=1  [mm:1.5471  pm:2.4578] | 78.26s
ep   68 | train 0.167149 | val 1.288339 | best 1.262646 | tf=1  [mm:1.4571  pm:2.3770] | 78.01s
ep   69 | train 0.161580 | val 1.310126 | best 1.262646 | tf=1  [mm:1.4856  pm:2.3380] | 78.07s
ep   70 | train 0.180818 | val 1.332167 | best 1.262646 | tf=1  [mm:1.4944  pm:2.4287] | 78.05s
ep   71 | train 0.172724 | val 1.274333 | best 1.262646 | tf=1  [mm:1.5508  pm:2.2507] | 78.06s
ep   72 | train 0.156639 | val 1.301585 | best 1.262646 | tf=1  [mm:1.4832  pm:2.4222] | 78.07s
ep   73 | train 0.158641 | val 1.292538 | best 1.262646 | tf=1  [mm:1.4445  pm:2.3969] | 78.09s
ep   74 | train 0.186968 | val 1.490489 | best 1.262646 | tf=1  [mm:1.4912  pm:2.7747] | 78.02s
ep   75 | train 0.175186 | val 1.491126 | best 1.262646 | tf=1  [mm:1.5799  pm:2.6790] | 78.21s
ep   76 | train 0.176639 | val 1.536486 | best 1.262646 | tf=1  [mm:1.5161  pm:2.9847] | 78.02s
ep   77 | train 0.170097 | val 1.426772 | best 1.262646 | tf=1  [mm:1.5045  pm:2.6083] | 78.02s
ep   78 | train 0.190941 | val 1.548845 | best 1.262646 | tf=1  [mm:1.5099  pm:2.8385] | 78.21s
ep   79 | train 0.177634 | val 1.664430 | best 1.262646 | tf=1  [mm:1.6871  pm:3.1125] | 78.07s
ep   80 | train 0.160740 | val 1.473166 | best 1.262646 | tf=1  [mm:1.5341  pm:2.7538] | 78.20s
ep   81 | train 0.179102 | val 1.551261 | best 1.262646 | tf=1  [mm:1.5766  pm:2.9980] | 78.34s
ep   82 | train 0.152880 | val 1.445078 | best 1.262646 | tf=1  [mm:1.5297  pm:2.7530] | 78.17s
ep   83 | train 0.152119 | val 1.379211 | best 1.262646 | tf=1  [mm:1.3537  pm:2.6812] | 78.48s
ep   84 | train 0.170619 | val 1.402076 | best 1.262646 | tf=1  [mm:1.4772  pm:2.6514] | 78.26s
ep   85 | train 0.158290 | val 1.429258 | best 1.262646 | tf=1  [mm:1.4491  pm:2.6509] | 77.93s
ep   86 | train 0.189397 | val 1.361876 | best 1.262646 | tf=1  [mm:1.4180  pm:2.5886] | 78.13s
ep   87 | train 0.180062 | val 1.499479 | best 1.262646 | tf=1  [mm:1.3819  pm:2.8775] | 78.32s
ep   88 | train 0.162562 | val 1.414552 | best 1.262646 | tf=1  [mm:1.6360  pm:2.5830] | 78.29s
ep   89 | train 0.158371 | val 1.495191 | best 1.262646 | tf=1  [mm:1.4605  pm:2.8081] | 78.19s
ep   90 | train 0.172425 | val 1.412789 | best 1.262646 | tf=1  [mm:1.4757  pm:2.5926] | 78.25s
ep   91 | train 0.167429 | val 1.344592 | best 1.262646 | tf=1  [mm:1.4703  pm:2.4463] | 78.29s
ep   92 | train 0.163174 | val 1.353083 | best 1.262646 | tf=1  [mm:1.6825  pm:2.4181] | 78.21s
ep   93 | train 0.161077 | val 1.345144 | best 1.262646 | tf=1  [mm:1.5190  pm:2.4309] | 77.85s
ep   94 | train 0.158665 | val 1.450508 | best 1.262646 | tf=1  [mm:1.6249  pm:2.6302] | 77.80s
ep   95 | train 0.170026 | val 1.548793 | best 1.262646 | tf=1  [mm:1.8624  pm:2.5956] | 78.07s
ep   96 | train 0.158856 | val 1.342596 | best 1.262646 | tf=1  [mm:1.4376  pm:2.5135] | 78.09s
ep   97 | train 0.167766 | val 1.411871 | best 1.262646 | tf=1  [mm:1.5310  pm:2.6145] | 78.02s
ep   98 | train 0.168134 | val 1.544545 | best 1.262646 | tf=1  [mm:1.9031  pm:2.7506] | 77.79s
ep   99 | train 0.170323 | val 1.378690 | best 1.262646 | tf=1  [mm:1.5564  pm:2.5392] | 78.09s
ep  100 | train 0.186825 | val 1.475374 | best 1.262646 | tf=0  [mm:1.8139  pm:2.6148] | 78.13s

Test loss (best model): nan  [mm:1.6855  pm:2.5848]
Saved best model to experiments/txtl_ladder_native_combined/20260525_173639_M4_drecipe_s0/model.pt

Training completed in 7843.34s (130.72m)
Peak GPU memory: 9.11 GB
[rebuild] partial-obs lift: dataset_obs_idx=[3, 5] → scaffold_obs_idx=[0, 2] (P=4)
Loading checkpoint: experiments/txtl_ladder_native_combined/20260525_173639_M4_drecipe_s0/model.pt
[plot_predictions] n_samples=5, plot_ds_len=125
[plot_predictions] y0.shape=(5, 4), u_seq.shape=(5, 1486, 14), y_seq.shape=(5, 1486, 4), dt_seq.shape=(5, 1486)
[plot_predictions] plotting 5 extra NEW samples: idx=[np.int64(880), np.int64(910), np.int64(966), np.int64(761), np.int64(942)]
Saved plots to experiments/txtl_ladder_native_combined/20260525_173639_M4_drecipe_s0/plots
[rebuild] partial-obs lift: dataset_obs_idx=[3, 5] → scaffold_obs_idx=[0, 2] (P=4)
Loading checkpoint: experiments/txtl_ladder_native_combined/20260525_173639_M4_drecipe_s0/model.pt
[plot] failed: FileNotFoundError: No checkpoint files matching ckpt_ep*.pt in: experiments/txtl_ladder_native_combined/20260525_173639_M4_drecipe_s0/checkpoints
Traceback (most recent call last):
  File "/home/bob-van-sluijs/Desktop/theta-lab-materials_scenario./theta-lab-materials_scenario/last-layer-ode/train.py", line 2407, in train
    plot_epoch_prediction_overlays(
    ~~~~~~~~~~~~~~~~~~~~~~~~~~~~~~^
        exp_dir,
        ^^^^^^^^
    ...<2 lines>...
        max_overlays=8,
        ^^^^^^^^^^^^^^^
    )
    ^
  File "/home/bob-van-sluijs/Desktop/theta-lab-materials_scenario./theta-lab-materials_scenario/last-layer-ode/plot_diagnostics.py", line 916, in plot_epoch_prediction_overlays
    raise FileNotFoundError(f"No checkpoint files matching ckpt_ep*.pt in: {ckpt_dir}")
FileNotFoundError: No checkpoint files matching ckpt_ep*.pt in: experiments/txtl_ladder_native_combined/20260525_173639_M4_drecipe_s0/checkpoints

Running endpoint R² analysis...
[rebuild] partial-obs lift: dataset_obs_idx=[3, 5] → scaffold_obs_idx=[0, 2] (P=4)
Loading checkpoint: experiments/txtl_ladder_native_combined/20260525_173639_M4_drecipe_s0/model.pt
  R²(protein final) = -0.0039
  R²(mRNA max)      = 0.4932
Saved plot -> experiments/txtl_ladder_native_combined/20260525_173639_M4_drecipe_s0/endpoint_r2.png
