$ python -u last-layer-ode/train.py --config configs/txtl_gru_new_baseline.yaml --set study=txtl_ladder_native_combined --set out_root=experiments --set exp_name=M8_real_s0 --set epochs=100 --set endpoint_r2=True --set obs_idx='[3, 5]' --set warmup_epochs=5 --set hidden=600 --set val_n=125 --set test_n=125 --set stratify_z_expr=False --set stratified_split=True --set stratify_targets='[3, 5]' --set stratify_bins=5 --set stratify_by_source=True --set subtract_channel_min=True --set subtract_channel_min_cols='[3, 5]' --set encoder_use_log_dt=True --set gru_u_cols='[0, 1, 3, 4, 5, 6, 7, 8, 9, 10, 11]' --set plot_extra_new_samples=5 --set ckpt_every=0 --set y0_theta_init=False --set model_class=ode_rnn --set dataset_path=datasets/cell-free/txtl_native_real_only.npz --set balance_source_sampler=False --set test_real_only=False --set use_ivtt_mse_loss=False --set species_weights='{3: 1.25, 5: 1.0}' --set time_upweight='{5: [0.5, 3.0]}' --set lambda_endpoint=0.1 --set endpoint_channels='[5]' --set loss_normalizer_channels=3 --set loss_clamp_min=1.0 --set scaffold=txtl_model8_reagent_resource --set seed=0 --set n_substeps=2

Using device: cuda
Experiment: experiments/txtl_ladder_native_combined/20260526_010139_M8_real_s0
Study: txtl_ladder_native_combined | Run ID: 20260526_010139_M8_real_s0
  stratify_by_source[old]: pool=691 → train=519 val=86 test=86
  stratify_by_source[new]: pool=312 → train=234 val=39 test=39
Split: stratified | seed=42 | bins=5 | targets=[3, 5] | n_test=125 n_val=125 n_train=753
/home/bob-van-sluijs/anaconda3/envs/oliver_env/lib/python3.13/site-packages/torch/cuda/__init__.py:1007: UserWarning: Can't initialize NVML
  raw_cnt = _raw_device_count_nvml()
Partial-observability lift: scaffold.P=12, P_obs=7, obs_state_idx=[8, 10], control_state_map={'DNA c': 11, 'NTPs': 0, 'FB': 0, 'Maltose': 0, 'AA': 1, 'T7RNAP': 2, 'Mg-Glut': 3, 'K-Glut': 4, 'PEG8000': 5, 'Lysate 2%PEG': 1}
The model compiled successfully
LR warmup: 5 epochs (2.00e-03 target)
Data: N=1003 | train=753 | val=125 | test=125
Dims: P_obs=7 | scaffold=txtl_model8_reagent_resource | U=13
Species: mm, pm
Partial-observability lift active: dataset_obs_idx=[3, 5] → scaffold_obs_idx=[8, 10].
Lift by-name IC copy: m→m@7, p→p@9, DNA→DNA@11
ep    1 | train 5.515085 | val 4.914369 | best 4.914369 | tf=1  [mm:5.3273  pm:9.7193] | 92.35s
ep    2 | train 4.784126 | val 4.733120 | best 4.733120 | tf=1  [mm:4.4127  pm:10.3859] | 78.70s
ep    3 | train 4.724302 | val 3.651487 | best 3.651487 | tf=1  [mm:3.5283  pm:7.7436] | 78.12s
ep    4 | train 4.294956 | val 3.527478 | best 3.527478 | tf=1  [mm:3.3773  pm:7.4616] | 78.08s
ep    5 | train 4.258888 | val 3.245690 | best 3.245690 | tf=1  [mm:3.1353  pm:7.2005] | 78.09s
ep    6 | train 4.154376 | val 3.325291 | best 3.245690 | tf=1  [mm:3.1719  pm:7.4783] | 78.12s
ep    7 | train 4.003713 | val 3.219804 | best 3.219804 | tf=1  [mm:3.0905  pm:7.1230] | 78.14s
ep    8 | train 3.920157 | val 3.212866 | best 3.212866 | tf=1  [mm:3.1315  pm:6.9050] | 78.11s
ep    9 | train 3.832885 | val 3.418274 | best 3.212866 | tf=1  [mm:3.5577  pm:7.1063] | 78.11s
ep   10 | train 3.809979 | val 3.178072 | best 3.178072 | tf=1  [mm:2.9742  pm:7.0828] | 78.17s
ep   11 | train 3.762973 | val 3.159162 | best 3.159162 | tf=1  [mm:2.8943  pm:7.0132] | 78.19s
ep   12 | train 3.657659 | val 3.110740 | best 3.110740 | tf=1  [mm:2.7530  pm:6.9674] | 78.29s
ep   13 | train 3.669279 | val 3.207019 | best 3.110740 | tf=1  [mm:2.8903  pm:7.2569] | 78.16s
ep   14 | train 3.520142 | val 3.203440 | best 3.110740 | tf=1  [mm:2.9083  pm:7.1704] | 78.40s
ep   15 | train 3.389243 | val 3.526325 | best 3.110740 | tf=1  [mm:3.0199  pm:7.7814] | 77.91s
ep   16 | train 3.500820 | val 3.583675 | best 3.110740 | tf=1  [mm:3.5096  pm:7.7977] | 77.16s
ep   17 | train 3.492033 | val 3.336205 | best 3.110740 | tf=1  [mm:3.0522  pm:7.4031] | 77.98s
ep   18 | train 3.370628 | val 3.422923 | best 3.110740 | tf=1  [mm:3.2181  pm:7.4026] | 78.18s
ep   19 | train 3.211166 | val 3.569511 | best 3.110740 | tf=1  [mm:3.0039  pm:7.8434] | 78.13s
ep   20 | train 3.285827 | val 3.394021 | best 3.110740 | tf=1  [mm:2.8406  pm:7.5583] | 78.13s
ep   21 | train 3.211444 | val 3.182241 | best 3.110740 | tf=1  [mm:2.6710  pm:7.1912] | 78.26s
ep   22 | train 3.209554 | val 3.295678 | best 3.110740 | tf=1  [mm:2.7151  pm:7.4352] | 78.07s
ep   23 | train 3.256174 | val 3.069628 | best 3.069628 | tf=1  [mm:2.5860  pm:6.9884] | 78.13s
ep   24 | train 3.090115 | val 3.053095 | best 3.053095 | tf=1  [mm:2.6066  pm:6.9374] | 78.16s
ep   25 | train 3.051710 | val 3.013096 | best 3.013096 | tf=1  [mm:2.6042  pm:6.8324] | 78.14s
ep   26 | train 3.050800 | val 3.157586 | best 3.013096 | tf=1  [mm:2.7408  pm:6.9520] | 78.04s
ep   27 | train 3.070482 | val 2.990379 | best 2.990379 | tf=1  [mm:2.5263  pm:6.7945] | 78.01s
ep   28 | train 3.070392 | val 3.038314 | best 2.990379 | tf=1  [mm:2.5875  pm:6.9678] | 78.01s
ep   29 | train 3.121791 | val 3.732509 | best 2.990379 | tf=1  [mm:3.1498  pm:8.0972] | 78.05s
ep   30 | train 3.093076 | val 3.513629 | best 2.990379 | tf=1  [mm:3.2278  pm:7.4817] | 78.03s
ep   31 | train 2.987948 | val 3.396022 | best 2.990379 | tf=1  [mm:2.9306  pm:7.4631] | 78.10s
ep   32 | train 2.987554 | val 3.189786 | best 2.990379 | tf=1  [mm:2.6478  pm:7.1738] | 78.05s
ep   33 | train 2.974593 | val 3.030008 | best 2.990379 | tf=1  [mm:2.6487  pm:6.8211] | 78.10s
ep   34 | train 3.016580 | val 3.090693 | best 2.990379 | tf=1  [mm:2.6698  pm:6.9665] | 78.08s
ep   35 | train 2.960137 | val 3.072017 | best 2.990379 | tf=1  [mm:2.6433  pm:6.9293] | 78.07s
ep   36 | train 2.967519 | val 3.106103 | best 2.990379 | tf=1  [mm:2.7723  pm:6.8760] | 77.99s
ep   37 | train 3.009658 | val 3.160038 | best 2.990379 | tf=1  [mm:2.6858  pm:7.1294] | 78.05s
ep   38 | train 2.904571 | val 3.044224 | best 2.990379 | tf=1  [mm:2.6169  pm:6.8955] | 77.97s
ep   39 | train 3.013775 | val 3.107525 | best 2.990379 | tf=1  [mm:2.6390  pm:6.9868] | 78.04s
ep   40 | train 2.938358 | val 3.066925 | best 2.990379 | tf=1  [mm:2.6489  pm:6.9594] | 78.05s
ep   41 | train 2.977703 | val 3.145594 | best 2.990379 | tf=1  [mm:2.7344  pm:7.0615] | 77.98s
ep   42 | train 2.992371 | val 3.156183 | best 2.990379 | tf=1  [mm:2.8148  pm:6.9328] | 78.00s
ep   43 | train 2.917904 | val 3.022837 | best 2.990379 | tf=1  [mm:2.6358  pm:6.7832] | 77.99s
ep   44 | train 2.848811 | val 3.022234 | best 2.990379 | tf=1  [mm:2.6505  pm:6.6984] | 78.06s
ep   45 | train 2.897843 | val 3.034595 | best 2.990379 | tf=1  [mm:2.6632  pm:6.6962] | 78.16s
ep   46 | train 2.840010 | val 3.040545 | best 2.990379 | tf=1  [mm:2.6218  pm:6.7847] | 78.17s
ep   47 | train 2.872164 | val 3.059363 | best 2.990379 | tf=1  [mm:2.6579  pm:6.8133] | 78.01s
ep   48 | train 2.885488 | val 3.193449 | best 2.990379 | tf=1  [mm:2.9485  pm:6.9415] | 78.03s
ep   49 | train 2.905469 | val 3.072577 | best 2.990379 | tf=1  [mm:2.6908  pm:6.8167] | 78.11s
ep   50 | train 2.890929 | val 3.045120 | best 2.990379 | tf=1  [mm:2.5791  pm:6.8179] | 78.16s
ep   51 | train 2.850986 | val 3.090247 | best 2.990379 | tf=1  [mm:2.6269  pm:6.8612] | 78.11s
ep   52 | train 2.820143 | val 3.097073 | best 2.990379 | tf=1  [mm:2.6170  pm:6.8906] | 78.08s
ep   53 | train 2.930201 | val 3.068072 | best 2.990379 | tf=1  [mm:2.6237  pm:6.8300] | 78.02s
ep   54 | train 2.906891 | val 3.123381 | best 2.990379 | tf=1  [mm:2.6582  pm:6.9022] | 78.10s
ep   55 | train 2.918853 | val 3.155345 | best 2.990379 | tf=1  [mm:2.7282  pm:6.9810] | 78.07s
ep   56 | train 2.824057 | val 3.132071 | best 2.990379 | tf=1  [mm:2.6662  pm:6.9628] | 78.13s
ep   57 | train 2.900445 | val 3.108686 | best 2.990379 | tf=1  [mm:2.6281  pm:6.9004] | 78.10s
ep   58 | train 2.908657 | val 3.132593 | best 2.990379 | tf=1  [mm:2.6067  pm:6.9660] | 78.20s
ep   59 | train 2.843428 | val 3.110303 | best 2.990379 | tf=1  [mm:2.6208  pm:6.8990] | 78.15s
ep   60 | train 2.891784 | val 3.150694 | best 2.990379 | tf=1  [mm:2.6686  pm:6.9616] | 78.19s
ep   61 | train 2.860688 | val 3.084877 | best 2.990379 | tf=1  [mm:2.5586  pm:6.8466] | 77.95s
ep   62 | train 2.824306 | val 3.080442 | best 2.990379 | tf=1  [mm:2.5929  pm:6.8264] | 78.13s
ep   63 | train 2.838693 | val 3.106539 | best 2.990379 | tf=1  [mm:2.6339  pm:6.8814] | 78.24s
ep   64 | train 2.816055 | val 3.200464 | best 2.990379 | tf=1  [mm:2.7416  pm:7.0630] | 78.19s
ep   65 | train 2.851708 | val 3.135065 | best 2.990379 | tf=1  [mm:2.5921  pm:6.9930] | 78.18s
ep   66 | train 2.884423 | val 3.229807 | best 2.990379 | tf=1  [mm:2.7535  pm:7.0789] | 78.22s
ep   67 | train 2.901882 | val 3.144345 | best 2.990379 | tf=1  [mm:2.6553  pm:6.9478] | 78.01s
ep   68 | train 2.958681 | val 3.157077 | best 2.990379 | tf=1  [mm:2.6757  pm:6.9949] | 78.06s
ep   69 | train 2.852755 | val 3.073350 | best 2.990379 | tf=1  [mm:2.6146  pm:6.7909] | 78.09s
ep   70 | train 2.865697 | val 3.112919 | best 2.990379 | tf=1  [mm:2.6041  pm:6.8695] | 78.11s
ep   71 | train 2.886142 | val 3.140230 | best 2.990379 | tf=1  [mm:2.5908  pm:6.9924] | 77.98s
ep   72 | train 2.877088 | val 3.232902 | best 2.990379 | tf=1  [mm:2.6376  pm:7.1538] | 78.02s
ep   73 | train 2.862402 | val 3.119390 | best 2.990379 | tf=1  [mm:2.6590  pm:6.8532] | 78.00s
ep   74 | train 2.840155 | val 3.217136 | best 2.990379 | tf=1  [mm:2.6406  pm:7.1394] | 77.99s
ep   75 | train 2.835899 | val 3.164653 | best 2.990379 | tf=1  [mm:2.6095  pm:7.0404] | 77.97s
ep   76 | train 2.820458 | val 3.171942 | best 2.990379 | tf=1  [mm:2.5769  pm:7.0499] | 78.09s
ep   77 | train 2.808533 | val 3.156467 | best 2.990379 | tf=1  [mm:2.5769  pm:7.0275] | 78.32s
ep   78 | train 2.824365 | val 3.170466 | best 2.990379 | tf=1  [mm:2.5917  pm:7.0424] | 78.10s
ep   79 | train 2.875090 | val 3.152108 | best 2.990379 | tf=1  [mm:2.5944  pm:7.0018] | 78.25s
ep   80 | train 2.868893 | val 3.141215 | best 2.990379 | tf=1  [mm:2.5643  pm:6.9917] | 78.10s
ep   81 | train 2.847722 | val 3.080805 | best 2.990379 | tf=1  [mm:2.5613  pm:6.8476] | 78.24s
ep   82 | train 2.855135 | val 3.105465 | best 2.990379 | tf=1  [mm:2.5941  pm:6.9069] | 78.18s
ep   83 | train 2.770886 | val 3.127028 | best 2.990379 | tf=1  [mm:2.5323  pm:6.9719] | 78.28s
ep   84 | train 2.893361 | val 3.140849 | best 2.990379 | tf=1  [mm:2.5388  pm:7.0020] | 78.21s
ep   85 | train 2.871374 | val 3.176300 | best 2.990379 | tf=1  [mm:2.5674  pm:7.1187] | 78.11s
ep   86 | train 2.858665 | val 3.141860 | best 2.990379 | tf=1  [mm:2.5936  pm:6.9983] | 78.10s
ep   87 | train 2.779072 | val 3.111544 | best 2.990379 | tf=1  [mm:2.6057  pm:6.9118] | 78.21s
ep   88 | train 2.807015 | val 3.102491 | best 2.990379 | tf=1  [mm:2.5342  pm:6.9392] | 78.07s
ep   89 | train 2.774571 | val 3.107071 | best 2.990379 | tf=1  [mm:2.5250  pm:6.9733] | 78.02s
ep   90 | train 2.852472 | val 3.156687 | best 2.990379 | tf=1  [mm:2.5928  pm:7.0145] | 78.06s
ep   91 | train 2.904186 | val 3.128292 | best 2.990379 | tf=1  [mm:2.5898  pm:6.9796] | 78.01s
ep   92 | train 2.784627 | val 3.166361 | best 2.990379 | tf=1  [mm:2.5638  pm:7.0752] | 78.42s
ep   93 | train 2.811855 | val 3.136446 | best 2.990379 | tf=1  [mm:2.5410  pm:7.0307] | 77.42s
ep   94 | train 2.808414 | val 3.178167 | best 2.990379 | tf=1  [mm:2.5749  pm:7.1001] | 78.18s
ep   95 | train 2.853033 | val 3.125023 | best 2.990379 | tf=1  [mm:2.5204  pm:6.9697] | 77.98s
ep   96 | train 2.799523 | val 3.149922 | best 2.990379 | tf=1  [mm:2.6393  pm:6.9770] | 77.96s
ep   97 | train 2.840148 | val 3.139226 | best 2.990379 | tf=1  [mm:2.5903  pm:7.0061] | 77.98s
ep   98 | train 2.764584 | val 3.113276 | best 2.990379 | tf=1  [mm:2.5381  pm:6.9563] | 77.93s
ep   99 | train 2.811085 | val 3.115385 | best 2.990379 | tf=1  [mm:2.5424  pm:6.9409] | 77.90s
ep  100 | train 2.786923 | val 3.098887 | best 2.990379 | tf=0  [mm:2.5580  pm:6.9204] | 78.47s

Test loss (best model): nan  [mm:2.6658  pm:9.5591]
Saved best model to experiments/txtl_ladder_native_combined/20260526_010139_M8_real_s0/model.pt

Training completed in 7833.50s (130.56m)
Peak GPU memory: 9.43 GB
[rebuild] partial-obs lift: dataset_obs_idx=[3, 5] → scaffold_obs_idx=[8, 10] (P=12)
Loading checkpoint: experiments/txtl_ladder_native_combined/20260526_010139_M8_real_s0/model.pt
[plot_predictions] n_samples=5, plot_ds_len=125
[plot_predictions] y0.shape=(5, 12), u_seq.shape=(5, 1416, 13), y_seq.shape=(5, 1416, 12), dt_seq.shape=(5, 1416)
[plot_predictions] plotting 5 extra NEW samples: idx=[np.int64(702), np.int64(754), np.int64(874), np.int64(942), np.int64(993)]
Saved plots to experiments/txtl_ladder_native_combined/20260526_010139_M8_real_s0/plots
[rebuild] partial-obs lift: dataset_obs_idx=[3, 5] → scaffold_obs_idx=[8, 10] (P=12)
Loading checkpoint: experiments/txtl_ladder_native_combined/20260526_010139_M8_real_s0/model.pt
[plot] failed: FileNotFoundError: No checkpoint files matching ckpt_ep*.pt in: experiments/txtl_ladder_native_combined/20260526_010139_M8_real_s0/checkpoints
Traceback (most recent call last):
  File "/home/bob-van-sluijs/Desktop/theta-lab-materials_scenario./theta-lab-materials_scenario/last-layer-ode/train.py", line 2407, in train
    plot_epoch_prediction_overlays(
    ~~~~~~~~~~~~~~~~~~~~~~~~~~~~~~^
        exp_dir,
        ^^^^^^^^
    ...<2 lines>...
        max_overlays=8,
        ^^^^^^^^^^^^^^^
    )
    ^
  File "/home/bob-van-sluijs/Desktop/theta-lab-materials_scenario./theta-lab-materials_scenario/last-layer-ode/plot_diagnostics.py", line 916, in plot_epoch_prediction_overlays
    raise FileNotFoundError(f"No checkpoint files matching ckpt_ep*.pt in: {ckpt_dir}")
FileNotFoundError: No checkpoint files matching ckpt_ep*.pt in: experiments/txtl_ladder_native_combined/20260526_010139_M8_real_s0/checkpoints

Running endpoint R² analysis...
[rebuild] partial-obs lift: dataset_obs_idx=[3, 5] → scaffold_obs_idx=[8, 10] (P=12)
Loading checkpoint: experiments/txtl_ladder_native_combined/20260526_010139_M8_real_s0/model.pt
  R²(protein final) = -0.2401
  R²(mRNA max)      = -0.0901
Saved plot -> experiments/txtl_ladder_native_combined/20260526_010139_M8_real_s0/endpoint_r2.png
