$ python -u last-layer-ode/train.py --config configs/txtl_gru_new_baseline.yaml --set study=txtl_ladder_native_combined --set out_root=experiments --set exp_name=M5_drecipe_s0 --set epochs=100 --set endpoint_r2=True --set obs_idx='[3, 5]' --set warmup_epochs=5 --set hidden=600 --set dataset_path=datasets/cell-free/txtl_native_combined.npz --set val_n=125 --set test_n=125 --set stratify_z_expr=False --set test_real_only=True --set stratified_split=True --set stratify_targets='[3, 5]' --set stratify_bins=5 --set stratify_by_source=True --set balance_source_sampler=True --set subtract_channel_min=True --set subtract_channel_min_cols='[3, 5]' --set encoder_use_log_dt=True --set gru_u_cols='[0, 1, 3, 4, 5, 6, 7, 8, 9, 10, 11]' --set plot_extra_new_samples=5 --set ckpt_every=0 --set y0_theta_init=False --set model_class=ode_rnn --set use_ivtt_mse_loss=False --set species_weights='{3: 1.25, 5: 1.0}' --set time_upweight='{5: [0.5, 3.0]}' --set lambda_endpoint=0.1 --set endpoint_channels='[5]' --set loss_normalizer_channels=3 --set loss_clamp_min=1.0 --set scaffold=txtl_resource_and_maturation_dna --set seed=0

Using device: cuda
Experiment: experiments/txtl_ladder_native_combined/20260525_193851_M5_drecipe_s0
Study: txtl_ladder_native_combined | Run ID: 20260525_193851_M5_drecipe_s0
test_real_only: train=753 real + 2496 synth; val=125 real; test=125 real
Split: stratified | seed=42 | bins=5 | targets=[3, 5] | n_test=125 n_val=125 n_train=3249
balance_source_sampler: train counts by source = {0: 520, 1: 233, 2: 2496}
/home/bob-van-sluijs/anaconda3/envs/oliver_env/lib/python3.13/site-packages/torch/cuda/__init__.py:1007: UserWarning: Can't initialize NVML
  raw_cnt = _raw_device_count_nvml()
The model compiled successfully
LR warmup: 5 epochs (2.00e-03 target)
Data: N=3499 | train=3249 | val=125 | test=125
Dims: P_obs=7 | scaffold=txtl_resource_and_maturation_dna | U=14
Species: mm, pm
Supervising only species indices: [3, 5]
ep    1 | train 2.543922 | val 2.418751 | best 2.418751 | tf=1  [mm:3.1031  pm:4.4368] | 124.39s
ep    2 | train 2.308581 | val 1.946981 | best 1.946981 | tf=1  [mm:2.5757  pm:3.8554] | 119.67s
ep    3 | train 1.781654 | val 1.702995 | best 1.702995 | tf=1  [mm:2.3485  pm:3.2607] | 119.36s
ep    4 | train 1.580458 | val 1.751043 | best 1.702995 | tf=1  [mm:2.3508  pm:3.2025] | 119.29s
ep    5 | train 1.482090 | val 1.735561 | best 1.702995 | tf=1  [mm:1.9884  pm:3.3808] | 119.37s
ep    6 | train 1.284872 | val 2.277743 | best 1.702995 | tf=1  [mm:1.9753  pm:4.4766] | 119.01s
ep    7 | train 0.970589 | val 2.012194 | best 1.702995 | tf=1  [mm:2.5588  pm:3.4675] | 119.57s
ep    8 | train 0.847519 | val 1.725538 | best 1.702995 | tf=1  [mm:2.1680  pm:3.1647] | 119.57s
ep    9 | train 0.817514 | val 1.593172 | best 1.593172 | tf=1  [mm:2.3622  pm:2.6474] | 119.45s
ep   10 | train 0.629313 | val 2.025914 | best 1.593172 | tf=1  [mm:2.1587  pm:3.5506] | 119.38s
ep   11 | train 0.599279 | val 1.863419 | best 1.593172 | tf=1  [mm:1.9599  pm:3.4979] | 119.27s
ep   12 | train 0.542652 | val 1.623805 | best 1.593172 | tf=1  [mm:1.8619  pm:3.0168] | 119.17s
ep   13 | train 0.447577 | val 1.658431 | best 1.593172 | tf=1  [mm:1.8249  pm:3.1538] | 119.31s
ep   14 | train 0.401776 | val 1.548408 | best 1.548408 | tf=1  [mm:1.7876  pm:2.7981] | 119.16s
ep   15 | train 0.384064 | val 1.526366 | best 1.526366 | tf=1  [mm:1.5416  pm:2.8776] | 119.33s
ep   16 | train 0.349210 | val 1.424236 | best 1.424236 | tf=1  [mm:1.6154  pm:2.6101] | 119.38s
ep   17 | train 0.302056 | val 1.745207 | best 1.424236 | tf=1  [mm:1.7782  pm:3.2411] | 119.28s
ep   18 | train 0.298043 | val 1.796406 | best 1.424236 | tf=1  [mm:1.7676  pm:3.3899] | 119.40s
ep   19 | train 0.283146 | val 1.757981 | best 1.424236 | tf=1  [mm:1.7142  pm:3.3351] | 119.34s
ep   20 | train 0.310960 | val 1.686226 | best 1.424236 | tf=1  [mm:1.7943  pm:3.0922] | 119.20s
ep   21 | train 0.276541 | val 1.515550 | best 1.424236 | tf=1  [mm:1.6311  pm:2.7993] | 119.44s
ep   22 | train 0.257965 | val 1.530294 | best 1.424236 | tf=1  [mm:1.8402  pm:2.7866] | 119.54s
ep   23 | train 0.235468 | val 1.532661 | best 1.424236 | tf=1  [mm:1.7749  pm:2.7499] | 119.41s
ep   24 | train 0.247085 | val 1.713585 | best 1.424236 | tf=1  [mm:1.9412  pm:3.1276] | 119.37s
ep   25 | train 0.211965 | val 1.732900 | best 1.424236 | tf=1  [mm:1.7491  pm:3.1853] | 119.57s
ep   26 | train 0.225702 | val 1.636491 | best 1.424236 | tf=1  [mm:1.8523  pm:2.8592] | 119.42s
ep   27 | train 0.215928 | val 1.597265 | best 1.424236 | tf=1  [mm:1.9883  pm:2.7367] | 119.49s
ep   28 | train 0.233094 | val 1.852049 | best 1.424236 | tf=1  [mm:2.0483  pm:3.2074] | 119.48s
ep   29 | train 0.213051 | val 1.638478 | best 1.424236 | tf=1  [mm:1.8984  pm:2.9320] | 119.43s
ep   30 | train 0.219661 | val 1.761883 | best 1.424236 | tf=1  [mm:1.8196  pm:3.1622] | 119.41s
ep   31 | train 0.201792 | val 1.447760 | best 1.424236 | tf=1  [mm:1.6285  pm:2.6586] | 119.40s
ep   32 | train 0.189879 | val 1.547373 | best 1.424236 | tf=1  [mm:1.5315  pm:2.9384] | 119.43s
ep   33 | train 0.184747 | val 1.580629 | best 1.424236 | tf=1  [mm:1.8678  pm:2.7550] | 119.39s
ep   34 | train 0.186582 | val 1.544534 | best 1.424236 | tf=1  [mm:1.7419  pm:2.7621] | 119.25s
ep   35 | train 0.173131 | val 1.387897 | best 1.387897 | tf=1  [mm:1.6139  pm:2.4400] | 119.32s
ep   36 | train 0.169310 | val 1.446680 | best 1.387897 | tf=1  [mm:1.6333  pm:2.5766] | 119.31s
ep   37 | train 0.166261 | val 1.552061 | best 1.387897 | tf=1  [mm:1.6854  pm:2.8219] | 119.37s
ep   38 | train 0.156139 | val 1.475476 | best 1.387897 | tf=1  [mm:1.7691  pm:2.5731] | 119.31s
ep   39 | train 0.195543 | val 1.486951 | best 1.387897 | tf=1  [mm:1.6961  pm:2.6459] | 119.39s
ep   40 | train 0.190940 | val 1.468862 | best 1.387897 | tf=1  [mm:1.8739  pm:2.4521] | 119.26s
ep   41 | train 0.171119 | val 1.805271 | best 1.387897 | tf=1  [mm:1.9525  pm:3.1439] | 119.30s
ep   42 | train 0.169723 | val 1.504821 | best 1.387897 | tf=1  [mm:1.6762  pm:2.7310] | 119.35s
ep   43 | train 0.175172 | val 1.588481 | best 1.387897 | tf=1  [mm:1.9661  pm:2.6977] | 119.36s
ep   44 | train 0.169729 | val 1.628341 | best 1.387897 | tf=1  [mm:1.7914  pm:2.8516] | 119.28s
ep   45 | train 0.156103 | val 1.575576 | best 1.387897 | tf=1  [mm:1.7730  pm:2.7532] | 119.44s
ep   46 | train 0.160283 | val 1.408740 | best 1.387897 | tf=1  [mm:1.5164  pm:2.5831] | 119.36s
ep   47 | train 0.190965 | val 1.600048 | best 1.387897 | tf=1  [mm:1.7727  pm:2.7849] | 119.31s
ep   48 | train 0.170265 | val 1.459517 | best 1.387897 | tf=1  [mm:1.6210  pm:2.6559] | 119.27s
ep   49 | train 0.165006 | val 1.562936 | best 1.387897 | tf=1  [mm:1.8258  pm:2.7538] | 119.41s
ep   50 | train 0.157190 | val 1.552189 | best 1.387897 | tf=1  [mm:1.6220  pm:2.8594] | 119.33s
ep   51 | train 0.155020 | val 1.531074 | best 1.387897 | tf=1  [mm:1.7318  pm:2.7145] | 119.49s
ep   52 | train 0.154874 | val 1.507116 | best 1.387897 | tf=1  [mm:1.6465  pm:2.7470] | 119.42s
ep   53 | train 0.174178 | val 1.498950 | best 1.387897 | tf=1  [mm:1.5930  pm:2.7354] | 119.43s
ep   54 | train 0.161528 | val 1.639045 | best 1.387897 | tf=1  [mm:1.6599  pm:3.0221] | 119.49s
ep   55 | train 0.141169 | val 1.488426 | best 1.387897 | tf=1  [mm:1.5851  pm:2.8228] | 119.55s
ep   56 | train 0.153151 | val 1.494773 | best 1.387897 | tf=1  [mm:1.5135  pm:2.7928] | 119.31s
ep   57 | train 0.158586 | val 1.480670 | best 1.387897 | tf=1  [mm:1.5605  pm:2.7168] | 119.27s
ep   58 | train 0.157151 | val 1.438200 | best 1.387897 | tf=1  [mm:1.5594  pm:2.6496] | 119.29s
ep   59 | train 0.149388 | val 1.481850 | best 1.387897 | tf=1  [mm:1.6653  pm:2.7158] | 119.36s
ep   60 | train 0.145448 | val 1.467402 | best 1.387897 | tf=1  [mm:1.6620  pm:2.5994] | 119.27s
ep   61 | train 0.149005 | val 1.555932 | best 1.387897 | tf=1  [mm:1.5805  pm:2.9230] | 119.26s
ep   62 | train 0.149402 | val 1.525295 | best 1.387897 | tf=1  [mm:1.7348  pm:2.7680] | 119.36s
ep   63 | train 0.131306 | val 1.650170 | best 1.387897 | tf=1  [mm:1.7564  pm:2.9688] | 119.42s
ep   64 | train 0.143206 | val 1.467852 | best 1.387897 | tf=1  [mm:1.6031  pm:2.6462] | 119.38s
ep   65 | train 0.149369 | val 1.435279 | best 1.387897 | tf=1  [mm:1.6544  pm:2.5523] | 119.19s
ep   66 | train 0.145389 | val 1.452590 | best 1.387897 | tf=1  [mm:1.6599  pm:2.5527] | 119.15s
ep   67 | train 0.168801 | val 1.594778 | best 1.387897 | tf=1  [mm:1.6098  pm:2.9656] | 119.25s
ep   68 | train 0.165090 | val 1.708196 | best 1.387897 | tf=1  [mm:1.6360  pm:3.1677] | 119.19s
ep   69 | train 0.160796 | val 1.593053 | best 1.387897 | tf=1  [mm:1.7583  pm:2.8080] | 119.21s
ep   70 | train 0.168886 | val 1.531145 | best 1.387897 | tf=1  [mm:1.7472  pm:2.7207] | 119.31s
ep   71 | train 0.169981 | val 1.823771 | best 1.387897 | tf=1  [mm:2.0912  pm:3.1496] | 119.42s
ep   72 | train 0.192255 | val 1.270604 | best 1.270604 | tf=1  [mm:1.7697  pm:2.0818] | 119.16s
ep   73 | train 0.214237 | val 1.416376 | best 1.270604 | tf=1  [mm:1.8140  pm:2.3568] | 119.21s
ep   74 | train 0.215741 | val 1.446000 | best 1.270604 | tf=1  [mm:1.7574  pm:2.4766] | 119.26s
ep   75 | train 0.193962 | val 1.754026 | best 1.270604 | tf=1  [mm:1.8074  pm:3.1737] | 119.31s
ep   76 | train 0.193816 | val 1.834371 | best 1.270604 | tf=1  [mm:1.9703  pm:3.2524] | 119.32s
ep   77 | train 0.201752 | val 1.604751 | best 1.270604 | tf=1  [mm:1.9087  pm:2.7731] | 119.29s
ep   78 | train 0.210620 | val 1.620109 | best 1.270604 | tf=1  [mm:1.9121  pm:2.8376] | 119.22s
ep   79 | train 0.187382 | val 1.989029 | best 1.270604 | tf=1  [mm:1.9470  pm:3.6975] | 119.32s
ep   80 | train 0.165715 | val 1.637569 | best 1.270604 | tf=1  [mm:1.7268  pm:2.9478] | 119.42s
ep   81 | train 0.164734 | val 1.878807 | best 1.270604 | tf=1  [mm:1.8960  pm:3.3085] | 119.43s
ep   82 | train 0.143021 | val 1.733316 | best 1.270604 | tf=1  [mm:1.8229  pm:3.0956] | 119.38s
ep   83 | train 0.162289 | val 1.618587 | best 1.270604 | tf=1  [mm:1.7187  pm:2.8390] | 119.43s
ep   84 | train 0.159207 | val 1.487276 | best 1.270604 | tf=1  [mm:1.7630  pm:2.5508] | 119.46s
ep   85 | train 0.155385 | val 1.446180 | best 1.270604 | tf=1  [mm:1.6734  pm:2.5518] | 119.37s
ep   86 | train 0.146080 | val 1.800738 | best 1.270604 | tf=1  [mm:1.7029  pm:3.2811] | 119.42s
ep   87 | train 0.144021 | val 1.721587 | best 1.270604 | tf=1  [mm:1.8075  pm:3.0618] | 119.44s
ep   88 | train 0.133003 | val 1.643117 | best 1.270604 | tf=1  [mm:1.8280  pm:2.8584] | 119.29s
ep   89 | train 0.167622 | val 1.535366 | best 1.270604 | tf=1  [mm:1.6210  pm:2.7236] | 119.32s
ep   90 | train 0.143243 | val 1.632979 | best 1.270604 | tf=1  [mm:1.8052  pm:2.8000] | 119.44s
ep   91 | train 0.137221 | val 1.498530 | best 1.270604 | tf=1  [mm:1.7009  pm:2.5934] | 119.47s
ep   92 | train 0.161686 | val 1.611541 | best 1.270604 | tf=1  [mm:1.7227  pm:2.8672] | 119.46s
ep   93 | train 0.138853 | val 1.568271 | best 1.270604 | tf=1  [mm:1.8092  pm:2.6899] | 119.38s
ep   94 | train 0.135702 | val 1.499023 | best 1.270604 | tf=1  [mm:1.6505  pm:2.6755] | 119.39s
ep   95 | train 0.143953 | val 1.502976 | best 1.270604 | tf=1  [mm:1.6734  pm:2.6461] | 119.37s
ep   96 | train 0.132924 | val 1.488954 | best 1.270604 | tf=1  [mm:1.6048  pm:2.5965] | 119.37s
ep   97 | train 0.140845 | val 1.608969 | best 1.270604 | tf=1  [mm:1.7803  pm:2.8172] | 119.28s
ep   98 | train 0.139172 | val 1.518665 | best 1.270604 | tf=1  [mm:1.7110  pm:2.6191] | 119.20s
ep   99 | train 0.135254 | val 1.555632 | best 1.270604 | tf=1  [mm:1.7628  pm:2.7358] | 119.34s
ep  100 | train 0.154069 | val 1.589768 | best 1.270604 | tf=0  [mm:1.7510  pm:2.7517] | 119.41s

Test loss (best model): nan  [mm:1.8191  pm:2.8430]
Saved best model to experiments/txtl_ladder_native_combined/20260525_193851_M5_drecipe_s0/model.pt

Training completed in 11947.85s (199.13m)
Peak GPU memory: 9.15 GB
Loading checkpoint: experiments/txtl_ladder_native_combined/20260525_193851_M5_drecipe_s0/model.pt
[plot_predictions] n_samples=5, plot_ds_len=125
[plot_predictions] y0.shape=(5, 7), u_seq.shape=(5, 1486, 14), y_seq.shape=(5, 1486, 7), dt_seq.shape=(5, 1486)
[plot_predictions] plotting 5 extra NEW samples: idx=[np.int64(880), np.int64(910), np.int64(966), np.int64(761), np.int64(942)]
Saved plots to experiments/txtl_ladder_native_combined/20260525_193851_M5_drecipe_s0/plots
Loading checkpoint: experiments/txtl_ladder_native_combined/20260525_193851_M5_drecipe_s0/model.pt
[plot] failed: FileNotFoundError: No checkpoint files matching ckpt_ep*.pt in: experiments/txtl_ladder_native_combined/20260525_193851_M5_drecipe_s0/checkpoints
Traceback (most recent call last):
  File "/home/bob-van-sluijs/Desktop/theta-lab-materials_scenario./theta-lab-materials_scenario/last-layer-ode/train.py", line 2407, in train
    plot_epoch_prediction_overlays(
    ~~~~~~~~~~~~~~~~~~~~~~~~~~~~~~^
        exp_dir,
        ^^^^^^^^
    ...<2 lines>...
        max_overlays=8,
        ^^^^^^^^^^^^^^^
    )
    ^
  File "/home/bob-van-sluijs/Desktop/theta-lab-materials_scenario./theta-lab-materials_scenario/last-layer-ode/plot_diagnostics.py", line 916, in plot_epoch_prediction_overlays
    raise FileNotFoundError(f"No checkpoint files matching ckpt_ep*.pt in: {ckpt_dir}")
FileNotFoundError: No checkpoint files matching ckpt_ep*.pt in: experiments/txtl_ladder_native_combined/20260525_193851_M5_drecipe_s0/checkpoints

Running endpoint R² analysis...
Loading checkpoint: experiments/txtl_ladder_native_combined/20260525_193851_M5_drecipe_s0/model.pt
  R²(protein final) = 0.0887
  R²(mRNA max)      = 0.2856
Saved plot -> experiments/txtl_ladder_native_combined/20260525_193851_M5_drecipe_s0/endpoint_r2.png
