$ python -u last-layer-ode/train.py --config configs/txtl_gru_new_baseline.yaml --set study=txtl_ladder_native_combined --set out_root=experiments --set exp_name=M3_K1_s0 --set epochs=100 --set endpoint_r2=True --set obs_idx='[3, 5]' --set warmup_epochs=5 --set hidden=600 --set dataset_path=datasets/cell-free/txtl_native_combined.npz --set val_n=125 --set test_n=125 --set stratify_z_expr=False --set test_real_only=True --set stratified_split=True --set stratify_targets='[3, 5]' --set stratify_bins=5 --set stratify_by_source=True --set balance_source_sampler=True --set subtract_channel_min=True --set subtract_channel_min_cols='[3, 5]' --set encoder_use_log_dt=True --set gru_u_cols='[0, 1, 3, 4, 5, 6, 7, 8, 9, 10, 11]' --set plot_extra_new_samples=5 --set ckpt_every=0 --set y0_theta_init=False --set use_ivtt_mse_loss=False --set species_weights='{3: 1.25, 5: 1.0}' --set time_upweight='{5: [0.5, 3.0]}' --set lambda_endpoint=0.1 --set endpoint_channels='[5]' --set loss_normalizer_channels=3 --set loss_clamp_min=1.0 --set scaffold=txtl_model3_two_state --set seed=0 --set model_class=ode_rnn_sparse_theta_v2 --set anchor_mode=uniform --set n_theta_anchors=1

Using device: cuda
Experiment: experiments/txtl_ladder_native_combined/20260526_012321_M3_K1_s0
Study: txtl_ladder_native_combined | Run ID: 20260526_012321_M3_K1_s0
test_real_only: train=753 real + 2496 synth; val=125 real; test=125 real
Split: stratified | seed=42 | bins=5 | targets=[3, 5] | n_test=125 n_val=125 n_train=3249
balance_source_sampler: train counts by source = {0: 520, 1: 233, 2: 2496}
/home/bob-van-sluijs/anaconda3/envs/oliver_env/lib/python3.13/site-packages/torch/cuda/__init__.py:1007: UserWarning: Can't initialize NVML
  raw_cnt = _raw_device_count_nvml()
Partial-observability lift: scaffold.P=3, P_obs=7, obs_state_idx=[0, 1], control_state_map={'DNA c': 2}
The model compiled successfully
LR warmup: 5 epochs (2.00e-03 target)
Data: N=3499 | train=3249 | val=125 | test=125
Dims: P_obs=7 | scaffold=txtl_model3_two_state | U=14
Species: mm, pm
Partial-observability lift active: dataset_obs_idx=[3, 5] → scaffold_obs_idx=[0, 1].
Lift by-name IC copy: DNA→DNA@2
ep    1 | train 2.435314 | val 2.728272 | best 2.728272 | tf=1  [mm:2.8529  pm:5.4390] | 61.97s
ep    2 | train 3.127752 | val 2.246469 | best 2.246469 | tf=1  [mm:2.7889  pm:4.0474] | 58.67s
ep    3 | train 1.927181 | val 2.086139 | best 2.086139 | tf=1  [mm:2.5951  pm:4.0806] | 58.44s
ep    4 | train 1.880579 | val 2.191400 | best 2.086139 | tf=1  [mm:2.7445  pm:4.6183] | 58.38s
ep    5 | train 1.776623 | val 2.060951 | best 2.060951 | tf=1  [mm:2.6221  pm:3.9863] | 58.54s
ep    6 | train 1.705723 | val 2.009852 | best 2.009852 | tf=1  [mm:2.5309  pm:3.7789] | 58.31s
ep    7 | train 1.710073 | val 2.317116 | best 2.009852 | tf=1  [mm:2.5436  pm:4.2382] | 58.30s
ep    8 | train 1.682025 | val 2.203032 | best 2.009852 | tf=1  [mm:2.8473  pm:3.9435] | 58.44s
ep    9 | train 1.632877 | val 2.127290 | best 2.009852 | tf=1  [mm:2.8087  pm:3.8154] | 58.32s
ep   10 | train 1.600576 | val 2.079351 | best 2.009852 | tf=1  [mm:2.4509  pm:3.9404] | 58.46s
ep   11 | train 1.645245 | val 2.158581 | best 2.009852 | tf=1  [mm:2.7219  pm:4.0391] | 58.42s
ep   12 | train 1.611170 | val 2.042255 | best 2.009852 | tf=1  [mm:2.5350  pm:4.0743] | 58.37s
ep   13 | train 1.696505 | val 2.102470 | best 2.009852 | tf=1  [mm:2.7896  pm:4.0778] | 58.44s
ep   14 | train 1.658491 | val 2.015609 | best 2.009852 | tf=1  [mm:2.5702  pm:3.8122] | 58.46s
ep   15 | train 1.651020 | val 2.028789 | best 2.009852 | tf=1  [mm:2.5911  pm:4.0165] | 58.33s
ep   16 | train 1.570219 | val 2.136458 | best 2.009852 | tf=1  [mm:2.4420  pm:4.1009] | 58.30s
ep   17 | train 1.674793 | val 2.060076 | best 2.009852 | tf=1  [mm:2.5836  pm:3.8788] | 58.43s
ep   18 | train 1.575137 | val 2.016180 | best 2.009852 | tf=1  [mm:2.5137  pm:3.8922] | 58.41s
ep   19 | train 1.641419 | val 2.048254 | best 2.009852 | tf=1  [mm:2.8072  pm:3.8690] | 58.34s
ep   20 | train 1.658804 | val 2.065071 | best 2.009852 | tf=1  [mm:2.4459  pm:3.9642] | 58.28s
ep   21 | train 1.576942 | val 2.017392 | best 2.009852 | tf=1  [mm:2.5571  pm:3.9392] | 58.38s
ep   22 | train 1.621279 | val 2.022461 | best 2.009852 | tf=1  [mm:2.4987  pm:3.9573] | 58.35s
ep   23 | train 1.560121 | val 1.984633 | best 1.984633 | tf=1  [mm:2.4725  pm:3.8732] | 58.22s
ep   24 | train 1.578546 | val 1.970959 | best 1.970959 | tf=1  [mm:2.4619  pm:3.7791] | 58.41s
ep   25 | train 1.589115 | val 1.978150 | best 1.970959 | tf=1  [mm:2.5190  pm:3.8028] | 58.52s
ep   26 | train 1.541711 | val 1.996445 | best 1.970959 | tf=1  [mm:2.4440  pm:3.7871] | 58.41s
ep   27 | train 1.552396 | val 2.024288 | best 1.970959 | tf=1  [mm:2.4199  pm:3.9070] | 58.28s
ep   28 | train 1.598127 | val 2.086353 | best 1.970959 | tf=1  [mm:2.5094  pm:3.9238] | 58.46s
ep   29 | train 1.601445 | val 2.022231 | best 1.970959 | tf=1  [mm:2.6084  pm:3.9633] | 58.31s
ep   30 | train 1.558864 | val 1.997566 | best 1.970959 | tf=1  [mm:2.4987  pm:3.9195] | 58.36s
ep   31 | train 1.672697 | val 1.980380 | best 1.970959 | tf=1  [mm:2.4829  pm:3.7913] | 58.51s
ep   32 | train 1.634427 | val 2.042375 | best 1.970959 | tf=1  [mm:2.6613  pm:3.7923] | 58.42s
ep   33 | train 1.615353 | val 2.079238 | best 1.970959 | tf=1  [mm:2.5284  pm:3.9554] | 58.43s
ep   34 | train 1.520952 | val 2.013997 | best 1.970959 | tf=1  [mm:2.4446  pm:3.9753] | 58.29s
ep   35 | train 1.530002 | val 1.993237 | best 1.970959 | tf=1  [mm:2.5415  pm:3.9068] | 58.55s
ep   36 | train 1.586678 | val 2.029831 | best 1.970959 | tf=1  [mm:2.4225  pm:3.9593] | 58.36s
ep   37 | train 1.611095 | val 2.004455 | best 1.970959 | tf=1  [mm:2.5695  pm:3.8830] | 58.60s
ep   38 | train 1.613287 | val 2.025240 | best 1.970959 | tf=1  [mm:2.6084  pm:3.8555] | 58.26s
ep   39 | train 1.574601 | val 2.016332 | best 1.970959 | tf=1  [mm:2.6976  pm:3.9202] | 58.49s
ep   40 | train 1.520429 | val 1.990551 | best 1.970959 | tf=1  [mm:2.4249  pm:3.8093] | 58.50s
ep   41 | train 1.609010 | val 2.001793 | best 1.970959 | tf=1  [mm:2.4899  pm:3.9654] | 58.34s
ep   42 | train 1.548623 | val 1.976115 | best 1.970959 | tf=1  [mm:2.4313  pm:3.9553] | 58.40s
ep   43 | train 1.590063 | val 2.011546 | best 1.970959 | tf=1  [mm:2.4977  pm:3.8073] | 58.39s
ep   44 | train 1.581511 | val 2.041119 | best 1.970959 | tf=1  [mm:2.4722  pm:3.8973] | 58.53s
ep   45 | train 1.497282 | val 2.012258 | best 1.970959 | tf=1  [mm:2.4727  pm:3.8823] | 58.55s
ep   46 | train 1.513572 | val 1.967663 | best 1.967663 | tf=1  [mm:2.4808  pm:3.8740] | 58.57s
ep   47 | train 1.573316 | val 1.984020 | best 1.967663 | tf=1  [mm:2.4488  pm:3.8678] | 58.58s
ep   48 | train 1.505973 | val 1.974795 | best 1.967663 | tf=1  [mm:2.4060  pm:3.8431] | 58.35s
ep   49 | train 1.551085 | val 2.073283 | best 1.967663 | tf=1  [mm:2.5233  pm:3.9377] | 58.61s
ep   50 | train 1.605992 | val 2.018750 | best 1.967663 | tf=1  [mm:2.5544  pm:3.9003] | 58.48s
ep   51 | train 1.486296 | val 2.025439 | best 1.967663 | tf=1  [mm:2.4291  pm:3.8490] | 58.45s
ep   52 | train 1.520019 | val 2.048144 | best 1.967663 | tf=1  [mm:2.5328  pm:4.0503] | 58.32s
ep   53 | train 1.574248 | val 2.095541 | best 1.967663 | tf=1  [mm:2.7291  pm:3.8786] | 58.72s
ep   54 | train 1.499423 | val 2.004270 | best 1.967663 | tf=1  [mm:2.4841  pm:3.8997] | 58.18s
ep   55 | train 1.511350 | val 1.999368 | best 1.967663 | tf=1  [mm:2.5797  pm:3.9373] | 58.43s
ep   56 | train 1.538007 | val 2.045529 | best 1.967663 | tf=1  [mm:2.6589  pm:3.8784] | 58.52s
ep   57 | train 1.478115 | val 2.050235 | best 1.967663 | tf=1  [mm:2.5126  pm:3.8870] | 58.29s
ep   58 | train 1.488444 | val 2.027126 | best 1.967663 | tf=1  [mm:2.5012  pm:3.9267] | 58.55s
ep   59 | train 1.582147 | val 2.048878 | best 1.967663 | tf=1  [mm:2.4731  pm:3.9214] | 58.42s
ep   60 | train 1.562226 | val 2.022201 | best 1.967663 | tf=1  [mm:2.5399  pm:3.8696] | 58.56s
ep   61 | train 1.567710 | val 2.122555 | best 1.967663 | tf=1  [mm:2.5752  pm:3.9256] | 58.41s
ep   62 | train 1.583187 | val 1.999467 | best 1.967663 | tf=1  [mm:2.4570  pm:3.8422] | 58.47s
ep   63 | train 1.540275 | val 2.000582 | best 1.967663 | tf=1  [mm:2.6009  pm:3.9506] | 58.62s
ep   64 | train 1.571091 | val 2.082004 | best 1.967663 | tf=1  [mm:2.6739  pm:3.9833] | 58.43s
ep   65 | train 1.593956 | val 1.973822 | best 1.967663 | tf=1  [mm:2.5730  pm:3.7181] | 58.47s
ep   66 | train 1.507074 | val 1.993659 | best 1.967663 | tf=1  [mm:2.5015  pm:3.7954] | 58.48s
ep   67 | train 1.494397 | val 1.993025 | best 1.967663 | tf=1  [mm:2.4641  pm:3.7899] | 58.59s
ep   68 | train 1.455625 | val 2.049579 | best 1.967663 | tf=1  [mm:2.3985  pm:3.8995] | 58.44s
ep   69 | train 1.441404 | val 1.969245 | best 1.967663 | tf=1  [mm:2.4566  pm:3.9115] | 58.58s
ep   70 | train 1.559863 | val 2.023861 | best 1.967663 | tf=1  [mm:2.5035  pm:3.8547] | 58.42s
ep   71 | train 1.505278 | val 1.974091 | best 1.967663 | tf=1  [mm:2.4905  pm:3.8031] | 58.66s
ep   72 | train 1.458405 | val 2.061246 | best 1.967663 | tf=1  [mm:2.4359  pm:3.8853] | 58.41s
ep   73 | train 1.505129 | val 1.999487 | best 1.967663 | tf=1  [mm:2.5231  pm:3.9654] | 58.52s
ep   74 | train 1.495185 | val 2.029481 | best 1.967663 | tf=1  [mm:2.4233  pm:3.8728] | 58.56s
ep   75 | train 1.578325 | val 2.029164 | best 1.967663 | tf=1  [mm:2.5114  pm:3.8472] | 58.59s
ep   76 | train 1.457374 | val 1.993576 | best 1.967663 | tf=1  [mm:2.4463  pm:3.9107] | 58.30s
ep   77 | train 1.626982 | val 2.038390 | best 1.967663 | tf=1  [mm:2.5363  pm:3.9013] | 58.43s
ep   78 | train 1.518589 | val 1.991527 | best 1.967663 | tf=1  [mm:2.4155  pm:3.8186] | 58.42s
ep   79 | train 1.517430 | val 2.130963 | best 1.967663 | tf=1  [mm:2.6811  pm:4.0161] | 58.42s
ep   80 | train 1.567361 | val 2.096061 | best 1.967663 | tf=1  [mm:2.8152  pm:3.8572] | 58.54s
ep   81 | train 1.478699 | val 1.971406 | best 1.967663 | tf=1  [mm:2.5200  pm:3.8407] | 58.28s
ep   82 | train 1.522198 | val 1.997186 | best 1.967663 | tf=1  [mm:2.4786  pm:3.8166] | 58.12s
ep   83 | train 1.501666 | val 2.068125 | best 1.967663 | tf=1  [mm:2.6673  pm:3.8848] | 58.41s
ep   84 | train 1.496158 | val 2.073071 | best 1.967663 | tf=1  [mm:2.5594  pm:4.0427] | 58.40s
ep   85 | train 1.494730 | val 2.005729 | best 1.967663 | tf=1  [mm:2.4248  pm:3.9033] | 58.34s
ep   86 | train 1.494056 | val 2.053438 | best 1.967663 | tf=1  [mm:2.6743  pm:4.0993] | 58.31s
ep   87 | train 1.500831 | val 2.021797 | best 1.967663 | tf=1  [mm:2.4534  pm:3.9194] | 58.48s
ep   88 | train 1.577703 | val 2.015242 | best 1.967663 | tf=1  [mm:2.5290  pm:3.9815] | 58.36s
ep   89 | train 1.458983 | val 2.043970 | best 1.967663 | tf=1  [mm:2.4628  pm:3.8175] | 58.40s
ep   90 | train 1.449344 | val 1.994494 | best 1.967663 | tf=1  [mm:2.5225  pm:3.8800] | 58.08s
ep   91 | train 1.479059 | val 2.003139 | best 1.967663 | tf=1  [mm:2.4679  pm:3.8442] | 58.48s
ep   92 | train 1.445640 | val 2.014246 | best 1.967663 | tf=1  [mm:2.4524  pm:3.9868] | 58.32s
ep   93 | train 1.533034 | val 1.957981 | best 1.957981 | tf=1  [mm:2.4008  pm:3.7994] | 58.27s
ep   94 | train 1.459844 | val 2.037794 | best 1.957981 | tf=1  [mm:2.4559  pm:3.9460] | 58.32s
ep   95 | train 1.504210 | val 1.947651 | best 1.947651 | tf=1  [mm:2.4614  pm:3.7290] | 58.26s
ep   96 | train 1.545198 | val 2.077476 | best 1.947651 | tf=1  [mm:2.3697  pm:4.0923] | 58.50s
ep   97 | train 1.563464 | val 2.014453 | best 1.947651 | tf=1  [mm:2.6799  pm:3.8522] | 58.47s
ep   98 | train 1.499697 | val 2.004559 | best 1.947651 | tf=1  [mm:2.4595  pm:3.9036] | 58.21s
ep   99 | train 1.505538 | val 1.990631 | best 1.947651 | tf=1  [mm:2.4610  pm:3.8915] | 58.52s
ep  100 | train 1.503528 | val 1.972940 | best 1.947651 | tf=0  [mm:2.4204  pm:3.8877] | 58.54s

Test loss (best model): nan  [mm:2.7817  pm:5.0490]
Saved best model to experiments/txtl_ladder_native_combined/20260526_012321_M3_K1_s0/model.pt

Training completed in 5852.37s (97.54m)
Peak GPU memory: 8.67 GB
[rebuild] partial-obs lift: dataset_obs_idx=[3, 5] → scaffold_obs_idx=[0, 1] (P=3)
Loading checkpoint: experiments/txtl_ladder_native_combined/20260526_012321_M3_K1_s0/model.pt
[plot_predictions] n_samples=5, plot_ds_len=125
[plot_predictions] y0.shape=(5, 3), u_seq.shape=(5, 1486, 14), y_seq.shape=(5, 1486, 3), dt_seq.shape=(5, 1486)
[plot_predictions] plotting 5 extra NEW samples: idx=[np.int64(880), np.int64(910), np.int64(966), np.int64(761), np.int64(942)]
Saved plots to experiments/txtl_ladder_native_combined/20260526_012321_M3_K1_s0/plots
[rebuild] partial-obs lift: dataset_obs_idx=[3, 5] → scaffold_obs_idx=[0, 1] (P=3)
Loading checkpoint: experiments/txtl_ladder_native_combined/20260526_012321_M3_K1_s0/model.pt
[plot] failed: FileNotFoundError: No checkpoint files matching ckpt_ep*.pt in: experiments/txtl_ladder_native_combined/20260526_012321_M3_K1_s0/checkpoints
Traceback (most recent call last):
  File "/home/bob-van-sluijs/Desktop/theta-lab-materials_scenario./theta-lab-materials_scenario/last-layer-ode/train.py", line 2407, in train
    plot_epoch_prediction_overlays(
    ~~~~~~~~~~~~~~~~~~~~~~~~~~~~~~^
        exp_dir,
        ^^^^^^^^
    ...<2 lines>...
        max_overlays=8,
        ^^^^^^^^^^^^^^^
    )
    ^
  File "/home/bob-van-sluijs/Desktop/theta-lab-materials_scenario./theta-lab-materials_scenario/last-layer-ode/plot_diagnostics.py", line 916, in plot_epoch_prediction_overlays
    raise FileNotFoundError(f"No checkpoint files matching ckpt_ep*.pt in: {ckpt_dir}")
FileNotFoundError: No checkpoint files matching ckpt_ep*.pt in: experiments/txtl_ladder_native_combined/20260526_012321_M3_K1_s0/checkpoints

Running endpoint R² analysis...
[rebuild] partial-obs lift: dataset_obs_idx=[3, 5] → scaffold_obs_idx=[0, 1] (P=3)
Loading checkpoint: experiments/txtl_ladder_native_combined/20260526_012321_M3_K1_s0/model.pt
  R²(protein final) = -0.2204
  R²(mRNA max)      = -0.1112
Saved plot -> experiments/txtl_ladder_native_combined/20260526_012321_M3_K1_s0/endpoint_r2.png
