$ python -u last-layer-ode/train.py --config configs/txtl_gru_new_baseline.yaml --set study=txtl_ladder_native_combined --set out_root=experiments --set exp_name=M3_K3_s0 --set epochs=100 --set endpoint_r2=True --set obs_idx='[3, 5]' --set warmup_epochs=5 --set hidden=600 --set dataset_path=datasets/cell-free/txtl_native_combined.npz --set val_n=125 --set test_n=125 --set stratify_z_expr=False --set test_real_only=True --set stratified_split=True --set stratify_targets='[3, 5]' --set stratify_bins=5 --set stratify_by_source=True --set balance_source_sampler=True --set subtract_channel_min=True --set subtract_channel_min_cols='[3, 5]' --set encoder_use_log_dt=True --set gru_u_cols='[0, 1, 3, 4, 5, 6, 7, 8, 9, 10, 11]' --set plot_extra_new_samples=5 --set ckpt_every=0 --set y0_theta_init=False --set use_ivtt_mse_loss=False --set species_weights='{3: 1.25, 5: 1.0}' --set time_upweight='{5: [0.5, 3.0]}' --set lambda_endpoint=0.1 --set endpoint_channels='[5]' --set loss_normalizer_channels=3 --set loss_clamp_min=1.0 --set scaffold=txtl_model3_two_state --set seed=0 --set model_class=ode_rnn_sparse_theta_v2 --set anchor_mode=uniform --set n_theta_anchors=3

Using device: cuda
Experiment: experiments/txtl_ladder_native_combined/20260526_061510_M3_K3_s0
Study: txtl_ladder_native_combined | Run ID: 20260526_061510_M3_K3_s0
test_real_only: train=753 real + 2496 synth; val=125 real; test=125 real
Split: stratified | seed=42 | bins=5 | targets=[3, 5] | n_test=125 n_val=125 n_train=3249
balance_source_sampler: train counts by source = {0: 520, 1: 233, 2: 2496}
/home/bob-van-sluijs/anaconda3/envs/oliver_env/lib/python3.13/site-packages/torch/cuda/__init__.py:1007: UserWarning: Can't initialize NVML
  raw_cnt = _raw_device_count_nvml()
Partial-observability lift: scaffold.P=3, P_obs=7, obs_state_idx=[0, 1], control_state_map={'DNA c': 2}
The model compiled successfully
LR warmup: 5 epochs (2.00e-03 target)
Data: N=3499 | train=3249 | val=125 | test=125
Dims: P_obs=7 | scaffold=txtl_model3_two_state | U=14
Species: mm, pm
Partial-observability lift active: dataset_obs_idx=[3, 5] → scaffold_obs_idx=[0, 1].
Lift by-name IC copy: DNA→DNA@2
ep    1 | train 2.270818 | val 2.496288 | best 2.496288 | tf=1  [mm:3.6538  pm:4.6325] | 75.03s
ep    2 | train 2.073127 | val 2.199154 | best 2.199154 | tf=1  [mm:3.1790  pm:3.7881] | 71.75s
ep    3 | train 1.970076 | val 2.230465 | best 2.199154 | tf=1  [mm:3.1141  pm:3.8578] | 71.96s
ep    4 | train 2.025599 | val 2.366414 | best 2.199154 | tf=1  [mm:3.5871  pm:4.2509] | 72.15s
ep    5 | train 1.890372 | val 2.155253 | best 2.155253 | tf=1  [mm:3.1293  pm:3.7323] | 72.19s
ep    6 | train 1.834294 | val 2.138642 | best 2.138642 | tf=1  [mm:3.1436  pm:3.6785] | 72.25s
ep    7 | train 1.795632 | val 2.776247 | best 2.138642 | tf=1  [mm:3.1383  pm:4.9331] | 72.15s
ep    8 | train 1.775940 | val 2.213971 | best 2.138642 | tf=1  [mm:3.1751  pm:3.9165] | 72.21s
ep    9 | train 1.595147 | val 2.136804 | best 2.136804 | tf=1  [mm:3.0604  pm:3.6988] | 72.25s
ep   10 | train 1.440137 | val 2.273458 | best 2.136804 | tf=1  [mm:2.5039  pm:4.1752] | 72.21s
ep   11 | train 1.425166 | val 2.098687 | best 2.098687 | tf=1  [mm:2.6399  pm:3.8438] | 72.25s
ep   12 | train 1.301535 | val 1.971022 | best 1.971022 | tf=1  [mm:2.5770  pm:3.6200] | 72.22s
ep   13 | train 1.310573 | val 2.044710 | best 1.971022 | tf=1  [mm:2.7842  pm:3.7013] | 72.10s
ep   14 | train 1.216522 | val 2.004279 | best 1.971022 | tf=1  [mm:2.3730  pm:3.8052] | 72.17s
ep   15 | train 1.288935 | val 2.246610 | best 1.971022 | tf=1  [mm:2.0961  pm:4.3145] | 72.17s
ep   16 | train 1.009928 | val 1.772316 | best 1.772316 | tf=1  [mm:2.2297  pm:3.4177] | 72.18s
ep   17 | train 1.008970 | val 1.853650 | best 1.772316 | tf=1  [mm:2.1054  pm:3.5763] | 72.21s
ep   18 | train 0.908160 | val 1.926005 | best 1.772316 | tf=1  [mm:2.1276  pm:3.7327] | 72.18s
ep   19 | train 0.901611 | val 1.996013 | best 1.772316 | tf=1  [mm:2.1034  pm:3.8354] | 72.21s
ep   20 | train 0.901910 | val 1.868473 | best 1.772316 | tf=1  [mm:1.9985  pm:3.7032] | 72.11s
ep   21 | train 0.851851 | val 2.011630 | best 1.772316 | tf=1  [mm:1.8624  pm:4.0091] | 72.16s
ep   22 | train 0.844158 | val 1.837117 | best 1.772316 | tf=1  [mm:2.0207  pm:3.6693] | 72.20s
ep   23 | train 0.818340 | val 1.845784 | best 1.772316 | tf=1  [mm:1.9274  pm:3.6841] | 72.17s
ep   24 | train 0.826579 | val 1.967252 | best 1.772316 | tf=1  [mm:1.8971  pm:3.9022] | 72.13s
ep   25 | train 0.805223 | val 2.407312 | best 1.772316 | tf=1  [mm:1.9800  pm:4.6331] | 72.22s
ep   26 | train 0.783236 | val 1.888618 | best 1.772316 | tf=1  [mm:2.1496  pm:3.6195] | 72.15s
ep   27 | train 0.795843 | val 1.730200 | best 1.730200 | tf=1  [mm:2.0432  pm:3.4010] | 72.13s
ep   28 | train 0.799569 | val 2.008422 | best 1.730200 | tf=1  [mm:1.9240  pm:3.9079] | 72.23s
ep   29 | train 0.799601 | val 2.098465 | best 1.730200 | tf=1  [mm:1.9688  pm:4.0710] | 72.15s
ep   30 | train 0.786257 | val 1.778561 | best 1.730200 | tf=1  [mm:1.9199  pm:3.5508] | 72.18s
ep   31 | train 0.762367 | val 1.689295 | best 1.689295 | tf=1  [mm:1.9710  pm:3.3562] | 72.14s
ep   32 | train 0.802575 | val 1.881748 | best 1.689295 | tf=1  [mm:1.9402  pm:3.6970] | 72.19s
ep   33 | train 0.767013 | val 1.914103 | best 1.689295 | tf=1  [mm:1.9591  pm:3.7555] | 72.13s
ep   34 | train 0.758609 | val 1.672663 | best 1.672663 | tf=1  [mm:1.9286  pm:3.3358] | 72.19s
ep   35 | train 0.749035 | val 1.942575 | best 1.672663 | tf=1  [mm:2.0186  pm:3.7779] | 72.16s
ep   36 | train 0.775569 | val 1.845181 | best 1.672663 | tf=1  [mm:1.8176  pm:3.7327] | 72.13s
ep   37 | train 0.757540 | val 1.949895 | best 1.672663 | tf=1  [mm:1.9560  pm:3.7806] | 72.09s
ep   38 | train 0.766690 | val 1.797962 | best 1.672663 | tf=1  [mm:1.9296  pm:3.5639] | 72.19s
ep   39 | train 0.757305 | val 1.763297 | best 1.672663 | tf=1  [mm:2.0861  pm:3.4743] | 72.28s
ep   40 | train 0.762934 | val 2.183475 | best 1.672663 | tf=1  [mm:1.9739  pm:4.2476] | 72.16s
ep   41 | train 0.766224 | val 1.877060 | best 1.672663 | tf=1  [mm:1.9631  pm:3.8034] | 72.19s
ep   42 | train 0.741277 | val 1.808557 | best 1.672663 | tf=1  [mm:1.8970  pm:3.6295] | 72.10s
ep   43 | train 0.738105 | val 1.847037 | best 1.672663 | tf=1  [mm:1.8578  pm:3.6751] | 72.13s
ep   44 | train 0.747598 | val 1.784668 | best 1.672663 | tf=1  [mm:1.8454  pm:3.6065] | 72.32s
ep   45 | train 0.728028 | val 1.709797 | best 1.672663 | tf=1  [mm:1.8401  pm:3.5011] | 72.14s
ep   46 | train 0.724594 | val 1.797624 | best 1.672663 | tf=1  [mm:1.8543  pm:3.6043] | 72.19s
ep   47 | train 0.739459 | val 1.773089 | best 1.672663 | tf=1  [mm:1.9358  pm:3.5201] | 72.21s
ep   48 | train 0.721557 | val 1.909905 | best 1.672663 | tf=1  [mm:1.8758  pm:3.8403] | 72.20s
ep   49 | train 0.724117 | val 1.813282 | best 1.672663 | tf=1  [mm:1.9088  pm:3.6450] | 72.19s
ep   50 | train 0.757011 | val 2.023607 | best 1.672663 | tf=1  [mm:1.9527  pm:3.9633] | 72.19s
ep   51 | train 0.710623 | val 1.672263 | best 1.672263 | tf=1  [mm:1.8686  pm:3.3801] | 72.19s
ep   52 | train 0.739009 | val 1.759462 | best 1.672263 | tf=1  [mm:1.9814  pm:3.5230] | 72.21s
ep   53 | train 0.746879 | val 1.785577 | best 1.672263 | tf=1  [mm:1.9284  pm:3.5475] | 72.23s
ep   54 | train 0.696196 | val 1.846910 | best 1.672263 | tf=1  [mm:1.8489  pm:3.7142] | 72.11s
ep   55 | train 0.711709 | val 1.761759 | best 1.672263 | tf=1  [mm:1.9039  pm:3.5575] | 72.18s
ep   56 | train 0.730984 | val 1.976511 | best 1.672263 | tf=1  [mm:1.8775  pm:3.9946] | 72.15s
ep   57 | train 0.716497 | val 1.879491 | best 1.672263 | tf=1  [mm:1.8880  pm:3.7260] | 72.29s
ep   58 | train 0.706649 | val 1.759072 | best 1.672263 | tf=1  [mm:1.9060  pm:3.5314] | 71.96s
ep   59 | train 0.751278 | val 2.272142 | best 1.672263 | tf=1  [mm:1.9968  pm:4.3353] | 72.25s
ep   60 | train 0.728224 | val 1.798088 | best 1.672263 | tf=1  [mm:1.8615  pm:3.5800] | 72.13s
ep   61 | train 0.731065 | val 1.777099 | best 1.672263 | tf=1  [mm:1.9473  pm:3.5307] | 72.25s
ep   62 | train 0.725148 | val 1.852257 | best 1.672263 | tf=1  [mm:1.8475  pm:3.7176] | 72.20s
ep   63 | train 0.720719 | val 1.794206 | best 1.672263 | tf=1  [mm:1.9475  pm:3.5786] | 72.14s
ep   64 | train 0.727772 | val 1.887747 | best 1.672263 | tf=1  [mm:1.9433  pm:3.7865] | 72.11s
ep   65 | train 0.750599 | val 2.046541 | best 1.672263 | tf=1  [mm:2.0193  pm:3.9134] | 72.13s
ep   66 | train 0.713279 | val 1.628848 | best 1.628848 | tf=1  [mm:1.8355  pm:3.2806] | 72.17s
ep   67 | train 0.700891 | val 1.851103 | best 1.628848 | tf=1  [mm:1.8792  pm:3.6372] | 72.14s
ep   68 | train 0.706216 | val 1.795277 | best 1.628848 | tf=1  [mm:1.8084  pm:3.5528] | 72.20s
ep   69 | train 0.698991 | val 1.699578 | best 1.628848 | tf=1  [mm:1.8419  pm:3.4307] | 72.14s
ep   70 | train 0.724527 | val 1.630137 | best 1.628848 | tf=1  [mm:1.8052  pm:3.3223] | 72.15s
ep   71 | train 0.709823 | val 1.691169 | best 1.628848 | tf=1  [mm:1.8548  pm:3.3469] | 72.16s
ep   72 | train 0.695419 | val 1.643193 | best 1.628848 | tf=1  [mm:1.8954  pm:3.2477] | 72.22s
ep   73 | train 0.711931 | val 1.658511 | best 1.628848 | tf=1  [mm:1.9869  pm:3.2610] | 72.11s
ep   74 | train 0.707771 | val 1.713181 | best 1.628848 | tf=1  [mm:1.9240  pm:3.3825] | 72.16s
ep   75 | train 0.729028 | val 1.745820 | best 1.628848 | tf=1  [mm:1.8896  pm:3.4006] | 72.25s
ep   76 | train 0.703232 | val 1.709227 | best 1.628848 | tf=1  [mm:1.8316  pm:3.4277] | 72.07s
ep   77 | train 0.726153 | val 1.800209 | best 1.628848 | tf=1  [mm:1.8711  pm:3.5695] | 72.16s
ep   78 | train 0.697293 | val 1.693873 | best 1.628848 | tf=1  [mm:1.9373  pm:3.3462] | 72.18s
ep   79 | train 0.723945 | val 1.781267 | best 1.628848 | tf=1  [mm:1.9477  pm:3.4991] | 72.17s
ep   80 | train 0.760267 | val 1.776322 | best 1.628848 | tf=1  [mm:2.0455  pm:3.4404] | 72.16s
ep   81 | train 0.719444 | val 1.665191 | best 1.628848 | tf=1  [mm:2.0436  pm:3.2582] | 72.21s
ep   82 | train 0.730272 | val 1.669455 | best 1.628848 | tf=1  [mm:1.8924  pm:3.3091] | 72.12s
ep   83 | train 0.710730 | val 1.961218 | best 1.628848 | tf=1  [mm:2.1015  pm:3.7322] | 72.24s
ep   84 | train 0.717844 | val 1.802859 | best 1.628848 | tf=1  [mm:1.8152  pm:3.6949] | 72.18s
ep   85 | train 0.724549 | val 2.043298 | best 1.628848 | tf=1  [mm:1.9594  pm:3.9684] | 72.15s
ep   86 | train 0.727809 | val 1.707471 | best 1.628848 | tf=1  [mm:1.8868  pm:3.5158] | 72.30s
ep   87 | train 0.718772 | val 1.792110 | best 1.628848 | tf=1  [mm:1.8882  pm:3.5758] | 72.24s
ep   88 | train 0.742514 | val 1.825391 | best 1.628848 | tf=1  [mm:1.8620  pm:3.6852] | 72.14s
ep   89 | train 0.695946 | val 1.729974 | best 1.628848 | tf=1  [mm:1.8144  pm:3.5002] | 72.14s
ep   90 | train 0.678434 | val 1.768922 | best 1.628848 | tf=1  [mm:1.9776  pm:3.4866] | 72.20s
ep   91 | train 0.723381 | val 1.963826 | best 1.628848 | tf=1  [mm:1.9240  pm:3.8556] | 72.21s
ep   92 | train 0.687456 | val 1.734469 | best 1.628848 | tf=1  [mm:1.8034  pm:3.5811] | 72.12s
ep   93 | train 0.704199 | val 1.843829 | best 1.628848 | tf=1  [mm:1.9381  pm:3.6292] | 72.19s
ep   94 | train 0.690823 | val 1.804255 | best 1.628848 | tf=1  [mm:1.8395  pm:3.5987] | 72.18s
ep   95 | train 0.706868 | val 1.701958 | best 1.628848 | tf=1  [mm:1.8863  pm:3.4088] | 72.22s
ep   96 | train 0.694352 | val 1.644374 | best 1.628848 | tf=1  [mm:1.8615  pm:3.3160] | 72.14s
ep   97 | train 0.686678 | val 2.025509 | best 1.628848 | tf=1  [mm:2.0447  pm:3.8862] | 72.11s
ep   98 | train 0.695236 | val 1.672486 | best 1.628848 | tf=1  [mm:1.8447  pm:3.3840] | 72.16s
ep   99 | train 0.725720 | val 1.938430 | best 1.628848 | tf=1  [mm:1.8109  pm:3.9093] | 72.13s
ep  100 | train 0.835774 | val 1.689128 | best 1.628848 | tf=0  [mm:1.9508  pm:3.4306] | 72.21s

Test loss (best model): nan  [mm:2.4585  pm:4.3570]
Saved best model to experiments/txtl_ladder_native_combined/20260526_061510_M3_K3_s0/model.pt

Training completed in 7226.59s (120.44m)
Peak GPU memory: 8.67 GB
[rebuild] partial-obs lift: dataset_obs_idx=[3, 5] → scaffold_obs_idx=[0, 1] (P=3)
Loading checkpoint: experiments/txtl_ladder_native_combined/20260526_061510_M3_K3_s0/model.pt
[plot_predictions] n_samples=5, plot_ds_len=125
[plot_predictions] y0.shape=(5, 3), u_seq.shape=(5, 1486, 14), y_seq.shape=(5, 1486, 3), dt_seq.shape=(5, 1486)
[plot_predictions] plotting 5 extra NEW samples: idx=[np.int64(880), np.int64(910), np.int64(966), np.int64(761), np.int64(942)]
Saved plots to experiments/txtl_ladder_native_combined/20260526_061510_M3_K3_s0/plots
[rebuild] partial-obs lift: dataset_obs_idx=[3, 5] → scaffold_obs_idx=[0, 1] (P=3)
Loading checkpoint: experiments/txtl_ladder_native_combined/20260526_061510_M3_K3_s0/model.pt
[plot] failed: FileNotFoundError: No checkpoint files matching ckpt_ep*.pt in: experiments/txtl_ladder_native_combined/20260526_061510_M3_K3_s0/checkpoints
Traceback (most recent call last):
  File "/home/bob-van-sluijs/Desktop/theta-lab-materials_scenario./theta-lab-materials_scenario/last-layer-ode/train.py", line 2407, in train
    plot_epoch_prediction_overlays(
    ~~~~~~~~~~~~~~~~~~~~~~~~~~~~~~^
        exp_dir,
        ^^^^^^^^
    ...<2 lines>...
        max_overlays=8,
        ^^^^^^^^^^^^^^^
    )
    ^
  File "/home/bob-van-sluijs/Desktop/theta-lab-materials_scenario./theta-lab-materials_scenario/last-layer-ode/plot_diagnostics.py", line 916, in plot_epoch_prediction_overlays
    raise FileNotFoundError(f"No checkpoint files matching ckpt_ep*.pt in: {ckpt_dir}")
FileNotFoundError: No checkpoint files matching ckpt_ep*.pt in: experiments/txtl_ladder_native_combined/20260526_061510_M3_K3_s0/checkpoints

Running endpoint R² analysis...
[rebuild] partial-obs lift: dataset_obs_idx=[3, 5] → scaffold_obs_idx=[0, 1] (P=3)
Loading checkpoint: experiments/txtl_ladder_native_combined/20260526_061510_M3_K3_s0/model.pt
  R²(protein final) = -0.0638
  R²(mRNA max)      = 0.3253
Saved plot -> experiments/txtl_ladder_native_combined/20260526_061510_M3_K3_s0/endpoint_r2.png
