============================================================================================== 
Warning! Mixing Conda and module environments may lead to corruption of the
user environment. 
We do not recommend users mixing those two environments unless absolutely
necessary. Note that 
SURF does not provide any support for Conda environment.
For more information, please refer to our software policy page:
https://servicedesk.surf.nl/wiki/display/WIKI/Software+policy+Snellius#SoftwarepolicySnellius-UseofAnacondaandMinicondaenvironmentsonSnellius 

Remember that many packages have already been installed on the system and can
be loaded using 
the 'module load <package__name>' command. If you are uncertain if a package is
already available 
on the system, please use 'module avail' or 'module spider' to search for it.
============================================================================================== 
Found 2 completed run(s) in experiments/bob_gru_verbatim


[run]   20260504_181901_default  (plots)
  [plots] FAILED:
Traceback (most recent call last):
  File "/gpfs/home2/overven1/theta-lab/last-layer-ode/replot.py", line 83, in replot
    plot_experiment(exp_dir, n_samples=n_samples, sample_idx=sample_idx)
  File "/gpfs/home2/overven1/theta-lab/last-layer-ode/plot_diagnostics.py", line 609, in plot_experiment
    model, ds, state_names, param_names = rebuild_model_from_experiment(exp_dir, device=device, ckpt_path=ckpt_path)
                                          ^^^^^^^^^^^^^^^^^^^^^^^^^^^^^^^^^^^^^^^^^^^^^^^^^^^^^^^^^^^^^^^^^^^^^^^^^^
  File "/gpfs/home2/overven1/theta-lab/last-layer-ode/plot_diagnostics.py", line 105, in rebuild_model_from_experiment
    scaffold = SCAFFOLDS[scaffold_name]
               ~~~~~~~~~^^^^^^^^^^^^^^^
KeyError: 'reduced5'

[run]   20260505_191415_default  (plots, R²)
Loading checkpoint: experiments/bob_gru_verbatim/20260505_191415_default/model.pt
[plot_predictions] n_samples=5, plot_ds_len=86
[plot_predictions] y0.shape=(5, 7), u_seq.shape=(5, 1464, 12), y_seq.shape=(5, 1464, 7), dt_seq.shape=(5, 1464)
Saved plots to experiments/bob_gru_verbatim/20260505_191415_default/plots
Loading checkpoint: experiments/bob_gru_verbatim/20260505_191415_default/model.pt
[epoch overlay] saved: experiments/bob_gru_verbatim/20260505_191415_default/plots/pred_overlays_sample000.png
  [plots] OK  →  experiments/bob_gru_verbatim/20260505_191415_default/plots
Loading checkpoint: experiments/bob_gru_verbatim/20260505_191415_default/model.pt
  R²(protein final) = 0.5630
  R²(mRNA max)      = 0.3530
Saved plot -> experiments/bob_gru_verbatim/20260505_191415_default/endpoint_r2.png
  [R²]   OK  →  experiments/bob_gru_verbatim/20260505_191415_default/endpoint_r2.png

Done.
----
22498737       00:05:13                          RUNNING 
22498737.ba+   00:05:13                          RUNNING 
22498737.ex+   00:05:13                          RUNNING 
