============================================================================================== 
Warning! Mixing Conda and module environments may lead to corruption of the
user environment. 
We do not recommend users mixing those two environments unless absolutely
necessary. Note that 
SURF does not provide any support for Conda environment.
For more information, please refer to our software policy page:
https://servicedesk.surf.nl/wiki/display/WIKI/Software+policy+Snellius#SoftwarepolicySnellius-UseofAnacondaandMinicondaenvironmentsonSnellius 

Remember that many packages have already been installed on the system and can
be loaded using 
the 'module load <package__name>' command. If you are uncertain if a package is
already available 
on the system, please use 'module avail' or 'module spider' to search for it.
============================================================================================== 
Found 1 completed run(s) in experiments/ivtt_bob_gru


[run]   20260505_230352_default  (plots)
Loading checkpoint: experiments/ivtt_bob_gru/20260505_230352_default/model.pt
/gpfs/home2/overven1/theta-lab/last-layer-ode/plot_diagnostics.py:149: FutureWarning: You are using `torch.load` with `weights_only=False` (the current default value), which uses the default pickle module implicitly. It is possible to construct malicious pickle data which will execute arbitrary code during unpickling (See https://github.com/pytorch/pytorch/blob/main/SECURITY.md#untrusted-models for more details). In a future release, the default value for `weights_only` will be flipped to `True`. This limits the functions that could be executed during unpickling. Arbitrary objects will no longer be allowed to be loaded via this mode unless they are explicitly allowlisted by the user via `torch.serialization.add_safe_globals`. We recommend you start setting `weights_only=True` for any use case where you don't have full control of the loaded file. Please open an issue on GitHub for any issues related to this experimental feature.
  ckpt = torch.load(chosen, map_location="cpu")
[plot_predictions] n_samples=5, plot_ds_len=86
[plot_predictions] y0.shape=(5, 7), u_seq.shape=(5, 1464, 12), y_seq.shape=(5, 1464, 7), dt_seq.shape=(5, 1464)
Saved plots to experiments/ivtt_bob_gru/20260505_230352_default/plots
Loading checkpoint: experiments/ivtt_bob_gru/20260505_230352_default/model.pt
/gpfs/home2/overven1/theta-lab/last-layer-ode/plot_diagnostics.py:705: FutureWarning: You are using `torch.load` with `weights_only=False` (the current default value), which uses the default pickle module implicitly. It is possible to construct malicious pickle data which will execute arbitrary code during unpickling (See https://github.com/pytorch/pytorch/blob/main/SECURITY.md#untrusted-models for more details). In a future release, the default value for `weights_only` will be flipped to `True`. This limits the functions that could be executed during unpickling. Arbitrary objects will no longer be allowed to be loaded via this mode unless they are explicitly allowlisted by the user via `torch.serialization.add_safe_globals`. We recommend you start setting `weights_only=True` for any use case where you don't have full control of the loaded file. Please open an issue on GitHub for any issues related to this experimental feature.
  ckpt = torch.load(ckpt_path, map_location="cpu")
[epoch overlay] saved: experiments/ivtt_bob_gru/20260505_230352_default/plots/pred_overlays_sample000.png
  [plots] OK  →  experiments/ivtt_bob_gru/20260505_230352_default/plots

Done.
----
22500584       00:01:33                          RUNNING 
22500584.ba+   00:01:33                          RUNNING 
22500584.ex+   00:01:33                          RUNNING 
