============================================================================================== 
Warning! Mixing Conda and module environments may lead to corruption of the
user environment. 
We do not recommend users mixing those two environments unless absolutely
necessary. Note that 
SURF does not provide any support for Conda environment.
For more information, please refer to our software policy page:
https://servicedesk.surf.nl/wiki/display/WIKI/Software+policy+Snellius#SoftwarepolicySnellius-UseofAnacondaandMinicondaenvironmentsonSnellius 

Remember that many packages have already been installed on the system and can
be loaded using 
the 'module load <package__name>' command. If you are uncertain if a package is
already available 
on the system, please use 'module avail' or 'module spider' to search for it.
============================================================================================== 
Using device: cuda
Experiment: experiments/txtl_m7_m8_pilot/20260525_152044_M7_old_s1
Study: txtl_m7_m8_pilot | Run ID: 20260525_152044_M7_old_s1
Split: stratified | seed=42 | bins=5 | targets=[3, 5] | n_test=87 n_val=87 n_train=517
Partial-observability lift: scaffold.P=12, P_obs=7, obs_state_idx=[3, 5], control_state_map={'DNA c': 11, 'T7RNAP': 6, 'NTPs': 7, 'AA': 8, 'Mg-Glut': 9, 'K-Glut': 10}
The model compiled successfully
LR warmup: 5 epochs (2.00e-03 target)
Data: N=691 | train=517 | val=87 | test=87
Dims: P_obs=7 | scaffold=txtl_model7_boundary_gated | U=13
Species: mm, pm
Partial-observability lift active: dataset_obs_idx=[3, 5] → scaffold_obs_idx=[3, 5].
Lift by-name IC copy: R→R@0, O→O@1, m→m@2, p→p@4, DNA→DNA@11
ep    1 | train 8.925298 | val 8.902418 | best 8.902418 | tf=1  [mm:4.4204  pm:22.4713] | 58.91s
ep    2 | train 9.073056 | val 8.869392 | best 8.869392 | tf=1  [mm:4.3617  pm:22.4187] | 46.60s
ep    3 | train 9.225804 | val 8.859310 | best 8.859310 | tf=1  [mm:4.3704  pm:22.3750] | 46.02s
ep    4 | train 8.953914 | val 8.796530 | best 8.796530 | tf=1  [mm:4.4074  pm:22.2750] | 45.96s
ep    5 | train 9.205134 | val 8.819804 | best 8.796530 | tf=1  [mm:4.3848  pm:22.2877] | 45.91s
ep    6 | train 9.191567 | val 8.761530 | best 8.761530 | tf=1  [mm:4.3349  pm:22.1937] | 45.61s
ep    7 | train 8.938389 | val 8.711866 | best 8.711866 | tf=1  [mm:4.2284  pm:22.1759] | 45.67s
ep    8 | train 8.926135 | val 8.751287 | best 8.711866 | tf=1  [mm:4.3488  pm:22.2064] | 45.54s
ep    9 | train 8.938832 | val 8.621881 | best 8.621881 | tf=1  [mm:4.1827  pm:22.0058] | 45.67s
ep   10 | train 8.959225 | val 8.701039 | best 8.621881 | tf=1  [mm:4.2524  pm:22.1107] | 45.78s
ep   11 | train 8.944103 | val 8.709666 | best 8.621881 | tf=1  [mm:4.2631  pm:22.1583] | 45.75s
ep   12 | train 8.937735 | val 8.661205 | best 8.621881 | tf=1  [mm:4.2050  pm:22.1239] | 45.67s
ep   13 | train 9.259333 | val 8.690934 | best 8.621881 | tf=1  [mm:4.2111  pm:22.1624] | 45.81s
ep   14 | train 9.011499 | val 8.739703 | best 8.621881 | tf=1  [mm:4.1547  pm:22.3305] | 45.57s
ep   15 | train 8.748466 | val 8.700254 | best 8.621881 | tf=1  [mm:4.1008  pm:22.2978] | 45.66s
ep   16 | train 8.771357 | val 8.749239 | best 8.621881 | tf=1  [mm:4.1477  pm:22.3350] | 45.72s
ep   17 | train 9.020831 | val 8.643866 | best 8.621881 | tf=1  [mm:4.0526  pm:22.2179] | 45.75s
ep   18 | train 8.596436 | val 8.858298 | best 8.621881 | tf=1  [mm:4.3467  pm:22.4706] | 45.70s
ep   19 | train 8.806783 | val 8.644485 | best 8.621881 | tf=1  [mm:4.0744  pm:22.1719] | 45.74s
ep   20 | train 8.815158 | val 8.671103 | best 8.621881 | tf=1  [mm:4.0605  pm:22.2650] | 45.62s
ep   21 | train 8.975420 | val 8.672626 | best 8.621881 | tf=1  [mm:4.0527  pm:22.2729] | 45.49s
[2026-05-25T15:37:37.394] error: *** JOB 23104354 ON gcn95 CANCELLED AT 2026-05-25T15:37:37 DUE to SIGNAL Terminated ***
