============================================================================================== 
Warning! Mixing Conda and module environments may lead to corruption of the
user environment. 
We do not recommend users mixing those two environments unless absolutely
necessary. Note that 
SURF does not provide any support for Conda environment.
For more information, please refer to our software policy page:
https://servicedesk.surf.nl/wiki/display/WIKI/Software+policy+Snellius#SoftwarepolicySnellius-UseofAnacondaandMinicondaenvironmentsonSnellius 

Remember that many packages have already been installed on the system and can
be loaded using 
the 'module load <package__name>' command. If you are uncertain if a package is
already available 
on the system, please use 'module avail' or 'module spider' to search for it.
============================================================================================== 
Using device: cuda
Experiment: experiments/txtl_m7_m8_pilot/20260525_161127_M8_comb_Khi0p1
Study: txtl_m7_m8_pilot | Run ID: 20260525_161127_M8_comb_Khi0p1
test_real_only: train=753 real + 2496 synth; val=125 real; test=125 real
Split: stratified | seed=42 | bins=5 | targets=[3, 5] | n_test=125 n_val=125 n_train=3249
balance_source_sampler: train counts by source = {0: 520, 1: 233, 2: 2496}
theta_hi_override: updated θ hi bounds at indices [6, 7, 8, 9, 10, 11]
Partial-observability lift: scaffold.P=12, P_obs=7, obs_state_idx=[8, 10], control_state_map={'DNA c': 11, 'NTPs': 0, 'FB': 0, 'Maltose': 0, 'AA': 1, 'T7RNAP': 2, 'Mg-Glut': 3, 'K-Glut': 4, 'PEG8000': 5, 'Lysate 2%PEG': 1}
The model compiled successfully
LR warmup: 5 epochs (2.00e-03 target)
Data: N=3499 | train=3249 | val=125 | test=125
Dims: P_obs=7 | scaffold=txtl_model8_reagent_resource | U=14
Species: mm, pm
Partial-observability lift active: dataset_obs_idx=[3, 5] → scaffold_obs_idx=[8, 10].
Lift by-name IC copy: m→m@7, p→p@9, DNA→DNA@11
ep    1 | train nan | val nan | best inf | tf=1  [mm:nan  pm:nan] | 247.96s
NaN detected at epoch 1 — stopping early.

Test loss (best model): nan  [mm:nan  pm:nan]
Saved best model to experiments/txtl_m7_m8_pilot/20260525_161127_M8_comb_Khi0p1/model.pt

Training completed in 255.91s (4.27m)
Peak GPU memory: 8.88 GB
[rebuild] partial-obs lift: dataset_obs_idx=[3, 5] → scaffold_obs_idx=[8, 10] (P=12)
Loading checkpoint: experiments/txtl_m7_m8_pilot/20260525_161127_M8_comb_Khi0p1/model.pt
[plot_predictions] n_samples=5, plot_ds_len=125
[plot_predictions] y0.shape=(5, 12), u_seq.shape=(5, 1486, 14), y_seq.shape=(5, 1486, 12), dt_seq.shape=(5, 1486)
[plot_predictions] plotting 5 extra NEW samples: idx=[np.int64(880), np.int64(910), np.int64(966), np.int64(761), np.int64(942)]
Saved plots to experiments/txtl_m7_m8_pilot/20260525_161127_M8_comb_Khi0p1/plots
[rebuild] partial-obs lift: dataset_obs_idx=[3, 5] → scaffold_obs_idx=[8, 10] (P=12)
Loading checkpoint: experiments/txtl_m7_m8_pilot/20260525_161127_M8_comb_Khi0p1/model.pt
[plot] failed: FileNotFoundError: No checkpoint files matching ckpt_ep*.pt in: experiments/txtl_m7_m8_pilot/20260525_161127_M8_comb_Khi0p1/checkpoints
Traceback (most recent call last):
  File "/gpfs/home2/overven1/theta-lab/last-layer-ode/train.py", line 2407, in train
    plot_epoch_prediction_overlays(
  File "/gpfs/home2/overven1/theta-lab/last-layer-ode/plot_diagnostics.py", line 916, in plot_epoch_prediction_overlays
    raise FileNotFoundError(f"No checkpoint files matching ckpt_ep*.pt in: {ckpt_dir}")
FileNotFoundError: No checkpoint files matching ckpt_ep*.pt in: experiments/txtl_m7_m8_pilot/20260525_161127_M8_comb_Khi0p1/checkpoints

Running endpoint R² analysis...
[rebuild] partial-obs lift: dataset_obs_idx=[3, 5] → scaffold_obs_idx=[8, 10] (P=12)
Loading checkpoint: experiments/txtl_m7_m8_pilot/20260525_161127_M8_comb_Khi0p1/model.pt
  R²(protein final) = nan
  R²(mRNA max)      = nan
Saved plot -> experiments/txtl_m7_m8_pilot/20260525_161127_M8_comb_Khi0p1/endpoint_r2.png
23104973       00:12:10               RUNNING 
23104973.ba+   00:12:10               RUNNING 
23104973.ex+   00:12:10               RUNNING 
