============================================================================================== 
Warning! Mixing Conda and module environments may lead to corruption of the
user environment. 
We do not recommend users mixing those two environments unless absolutely
necessary. Note that 
SURF does not provide any support for Conda environment.
For more information, please refer to our software policy page:
https://servicedesk.surf.nl/wiki/display/WIKI/Software+policy+Snellius#SoftwarepolicySnellius-UseofAnacondaandMinicondaenvironmentsonSnellius 

Remember that many packages have already been installed on the system and can
be loaded using 
the 'module load <package__name>' command. If you are uncertain if a package is
already available 
on the system, please use 'module avail' or 'module spider' to search for it.
============================================================================================== 
Using device: cuda
Experiment: experiments/txtl_m7_m8_pilot/20260525_165511_M7_old_s2
Study: txtl_m7_m8_pilot | Run ID: 20260525_165511_M7_old_s2
Split: stratified | seed=42 | bins=5 | targets=[3, 5] | n_test=87 n_val=87 n_train=517
Partial-observability lift: scaffold.P=12, P_obs=7, obs_state_idx=[3, 5], control_state_map={'DNA c': 11, 'T7RNAP': 6, 'NTPs': 7, 'AA': 8, 'Mg-Glut': 9, 'K-Glut': 10, 'Lysate 2%PEG': 8, 'FB': 7}
The model compiled successfully
LR warmup: 5 epochs (2.00e-03 target)
Data: N=691 | train=517 | val=87 | test=87
Dims: P_obs=7 | scaffold=txtl_model7_boundary_gated | U=13
Species: mm, pm
Partial-observability lift active: dataset_obs_idx=[3, 5] → scaffold_obs_idx=[3, 5].
Lift by-name IC copy: R→R@0, O→O@1, m→m@2, p→p@4, DNA→DNA@11
ep    1 | train 3.957266 | val 3.173950 | best 3.173950 | tf=1  [mm:2.8604  pm:6.7764] | 58.35s
ep    2 | train 11.716805 | val 5.913826 | best 3.173950 | tf=1  [mm:9.0897  pm:8.9610] | 46.54s
ep    3 | train 4.876545 | val 3.133016 | best 3.133016 | tf=1  [mm:2.8185  pm:7.2524] | 45.25s
ep    4 | train 4.656183 | val 3.248707 | best 3.133016 | tf=1  [mm:3.4466  pm:6.8881] | 45.41s
ep    5 | train 4.487355 | val 3.161528 | best 3.133016 | tf=1  [mm:2.8841  pm:6.7830] | 45.34s
ep    6 | train 4.445386 | val 3.583982 | best 3.133016 | tf=1  [mm:3.0243  pm:7.4496] | 45.21s
ep    7 | train 4.678586 | val 3.131723 | best 3.131723 | tf=1  [mm:2.7655  pm:6.7678] | 45.30s
ep    8 | train 4.205557 | val 3.277449 | best 3.131723 | tf=1  [mm:2.8940  pm:6.8886] | 45.04s
ep    9 | train 4.059871 | val 3.290039 | best 3.131723 | tf=1  [mm:2.6942  pm:7.1915] | 45.10s
ep   10 | train 4.038564 | val 2.862217 | best 2.862217 | tf=1  [mm:2.6335  pm:6.3240] | 44.99s
ep   11 | train 3.947371 | val 2.795623 | best 2.795623 | tf=1  [mm:2.4840  pm:6.2969] | 45.04s
ep   12 | train 3.854788 | val 3.261583 | best 2.795623 | tf=1  [mm:2.7970  pm:7.0856] | 44.98s
ep   13 | train 3.637233 | val 3.370887 | best 2.795623 | tf=1  [mm:2.4109  pm:7.4815] | 44.92s
ep   14 | train 3.974157 | val 2.949401 | best 2.795623 | tf=1  [mm:2.6259  pm:6.9257] | 44.97s
ep   15 | train 3.523626 | val 3.046406 | best 2.795623 | tf=1  [mm:2.4355  pm:6.8886] | 44.95s
ep   16 | train 3.439159 | val 2.988892 | best 2.795623 | tf=1  [mm:2.3908  pm:6.7860] | 44.83s
ep   17 | train 3.607137 | val 2.975351 | best 2.795623 | tf=1  [mm:2.1911  pm:6.8851] | 44.86s
ep   18 | train 3.420632 | val 3.088652 | best 2.795623 | tf=1  [mm:2.3249  pm:7.0036] | 44.94s
