============================================================================================== 
Warning! Mixing Conda and module environments may lead to corruption of the
user environment. 
We do not recommend users mixing those two environments unless absolutely
necessary. Note that 
SURF does not provide any support for Conda environment.
For more information, please refer to our software policy page:
https://servicedesk.surf.nl/wiki/display/WIKI/Software+policy+Snellius#SoftwarepolicySnellius-UseofAnacondaandMinicondaenvironmentsonSnellius 

Remember that many packages have already been installed on the system and can
be loaded using 
the 'module load <package__name>' command. If you are uncertain if a package is
already available 
on the system, please use 'module avail' or 'module spider' to search for it.
============================================================================================== 
Using device: cuda
Experiment: experiments/txtl_m9_lambda_pilot/20260525_160444_M9_O0.5_s2
Study: txtl_m9_lambda_pilot | Run ID: 20260525_160444_M9_O0.5_s2
  stratify_by_source[old]: pool=691 → train=519 val=86 test=86
  stratify_by_source[new]: pool=312 → train=234 val=39 test=39
Split: stratified | seed=42 | bins=5 | targets=[3, 5] | n_test=125 n_val=125 n_train=753
Partial-observability lift: scaffold.P=9, P_obs=7, obs_state_idx=[3, 6], control_state_map={'DNA c': 7, 'u_open': 8}
The model compiled successfully
LR warmup: 5 epochs (2.00e-03 target)
Data: N=1003 | train=753 | val=125 | test=125
Dims: P_obs=7 | scaffold=txtl_model9_oxygen_dark | U=13
Species: mm, pm
Partial-observability lift active: dataset_obs_idx=[3, 5] → scaffold_obs_idx=[3, 6].
Lift by-name IC copy: R→R@0, O→O2@1, m→m@2, p→p@4, DNA→DNA@7
[L_oxygen] active: lambda=0.5 u_open_col=12 pred_ch=1 target_ch=1
ep    1 | train 5.737257 | val 5.113517 | best 5.113517 | tf=1  [mm:2.3009  pm:5.3812] | 108.50s
ep    2 | train 6.005212 | val 4.613298 | best 4.613298 | tf=1  [mm:2.2820  pm:4.8094] | 93.90s
ep    3 | train 4.699004 | val 3.641463 | best 3.641463 | tf=1  [mm:2.0332  pm:3.7452] | 92.97s
ep    4 | train 3.988290 | val 3.067958 | best 3.067958 | tf=1  [mm:2.1026  pm:3.1624] | 93.16s
ep    5 | train 3.653039 | val 3.139945 | best 3.067958 | tf=1  [mm:2.2051  pm:3.1298] | 93.10s
ep    6 | train 3.851005 | val 2.842354 | best 2.842354 | tf=1  [mm:2.0375  pm:3.0099] | 92.76s
ep    7 | train 3.951129 | val 2.939816 | best 2.842354 | tf=1  [mm:2.6392  pm:2.8757] | 92.75s
