============================================================================================== 
Warning! Mixing Conda and module environments may lead to corruption of the
user environment. 
We do not recommend users mixing those two environments unless absolutely
necessary. Note that 
SURF does not provide any support for Conda environment.
For more information, please refer to our software policy page:
https://servicedesk.surf.nl/wiki/display/WIKI/Software+policy+Snellius#SoftwarepolicySnellius-UseofAnacondaandMinicondaenvironmentsonSnellius 

Remember that many packages have already been installed on the system and can
be loaded using 
the 'module load <package__name>' command. If you are uncertain if a package is
already available 
on the system, please use 'module avail' or 'module spider' to search for it.
============================================================================================== 
Using device: cuda
Experiment: experiments/txtl_m9_lambda_pilot/20260525_160449_M9_O0.5_s3
Study: txtl_m9_lambda_pilot | Run ID: 20260525_160449_M9_O0.5_s3
  stratify_by_source[old]: pool=691 → train=519 val=86 test=86
  stratify_by_source[new]: pool=312 → train=234 val=39 test=39
Split: stratified | seed=42 | bins=5 | targets=[3, 5] | n_test=125 n_val=125 n_train=753
Partial-observability lift: scaffold.P=9, P_obs=7, obs_state_idx=[3, 6], control_state_map={'DNA c': 7, 'u_open': 8}
The model compiled successfully
LR warmup: 5 epochs (2.00e-03 target)
Data: N=1003 | train=753 | val=125 | test=125
Dims: P_obs=7 | scaffold=txtl_model9_oxygen_dark | U=13
Species: mm, pm
Partial-observability lift active: dataset_obs_idx=[3, 5] → scaffold_obs_idx=[3, 6].
Lift by-name IC copy: R→R@0, O→O2@1, m→m@2, p→p@4, DNA→DNA@7
[L_oxygen] active: lambda=0.5 u_open_col=12 pred_ch=1 target_ch=1
ep    1 | train 5.441548 | val 4.806288 | best 4.806288 | tf=1  [mm:2.2540  pm:4.8736] | 107.60s
ep    2 | train 6.762126 | val 4.173650 | best 4.173650 | tf=1  [mm:2.0737  pm:4.1224] | 93.82s
ep    3 | train 4.508869 | val 3.486053 | best 3.486053 | tf=1  [mm:1.9062  pm:3.5724] | 93.12s
ep    4 | train 3.798388 | val 3.042909 | best 3.042909 | tf=1  [mm:2.1466  pm:3.1866] | 92.55s
ep    5 | train 3.663897 | val 3.026464 | best 3.026464 | tf=1  [mm:2.1373  pm:2.9884] | 92.90s
ep    6 | train 3.457359 | val 2.809549 | best 2.809549 | tf=1  [mm:2.0715  pm:2.9570] | 93.01s
ep    7 | train 3.646751 | val 2.931279 | best 2.809549 | tf=1  [mm:2.2312  pm:3.0910] | 93.52s
