============================================================================================== 
Warning! Mixing Conda and module environments may lead to corruption of the
user environment. 
We do not recommend users mixing those two environments unless absolutely
necessary. Note that 
SURF does not provide any support for Conda environment.
For more information, please refer to our software policy page:
https://servicedesk.surf.nl/wiki/display/WIKI/Software+policy+Snellius#SoftwarepolicySnellius-UseofAnacondaandMinicondaenvironmentsonSnellius 

Remember that many packages have already been installed on the system and can
be loaded using 
the 'module load <package__name>' command. If you are uncertain if a package is
already available 
on the system, please use 'module avail' or 'module spider' to search for it.
============================================================================================== 
Using device: cuda
Experiment: experiments/txtl_m7_m8_pilot/20260525_161058_M7_old_s1
Study: txtl_m7_m8_pilot | Run ID: 20260525_161058_M7_old_s1
Split: stratified | seed=42 | bins=5 | targets=[3, 5] | n_test=87 n_val=87 n_train=517
Partial-observability lift: scaffold.P=12, P_obs=7, obs_state_idx=[3, 5], control_state_map={'DNA c': 11, 'T7RNAP': 6, 'NTPs': 7, 'AA': 8, 'Mg-Glut': 9, 'K-Glut': 10, 'Lysate 2%PEG': 8}
The model compiled successfully
LR warmup: 5 epochs (2.00e-03 target)
Data: N=691 | train=517 | val=87 | test=87
Dims: P_obs=7 | scaffold=txtl_model7_boundary_gated | U=13
Species: mm, pm
Partial-observability lift active: dataset_obs_idx=[3, 5] → scaffold_obs_idx=[3, 5].
Lift by-name IC copy: R→R@0, O→O@1, m→m@2, p→p@4, DNA→DNA@11
ep    1 | train 8.944002 | val 8.971208 | best 8.971208 | tf=1  [mm:4.3870  pm:22.6989] | 60.15s
ep    2 | train 9.107347 | val 8.920967 | best 8.920967 | tf=1  [mm:4.3401  pm:22.5642] | 46.94s
ep    3 | train 9.229928 | val 8.876524 | best 8.876524 | tf=1  [mm:4.3013  pm:22.5844] | 45.52s
ep    4 | train 8.970232 | val 8.872287 | best 8.872287 | tf=1  [mm:4.3980  pm:22.4650] | 45.97s
ep    5 | train 9.215299 | val 8.881035 | best 8.872287 | tf=1  [mm:4.3563  pm:22.4679] | 45.70s
ep    6 | train 9.192870 | val 8.814635 | best 8.814635 | tf=1  [mm:4.2936  pm:22.3691] | 45.27s
ep    7 | train 8.935105 | val 8.817046 | best 8.814635 | tf=1  [mm:4.2711  pm:22.3622] | 45.61s
