============================================================================================== 
Warning! Mixing Conda and module environments may lead to corruption of the
user environment. 
We do not recommend users mixing those two environments unless absolutely
necessary. Note that 
SURF does not provide any support for Conda environment.
For more information, please refer to our software policy page:
https://servicedesk.surf.nl/wiki/display/WIKI/Software+policy+Snellius#SoftwarepolicySnellius-UseofAnacondaandMinicondaenvironmentsonSnellius 

Remember that many packages have already been installed on the system and can
be loaded using 
the 'module load <package__name>' command. If you are uncertain if a package is
already available 
on the system, please use 'module avail' or 'module spider' to search for it.
============================================================================================== 
Using device: cuda
Experiment: experiments/txtl_m7_m8_pilot/20260525_161052_M7_old_s2
Study: txtl_m7_m8_pilot | Run ID: 20260525_161052_M7_old_s2
Split: stratified | seed=42 | bins=5 | targets=[3, 5] | n_test=87 n_val=87 n_train=517
Partial-observability lift: scaffold.P=12, P_obs=7, obs_state_idx=[3, 5], control_state_map={'DNA c': 11, 'T7RNAP': 6, 'NTPs': 7, 'AA': 8, 'Mg-Glut': 9, 'K-Glut': 10, 'Lysate 2%PEG': 8}
The model compiled successfully
LR warmup: 5 epochs (2.00e-03 target)
Data: N=691 | train=517 | val=87 | test=87
Dims: P_obs=7 | scaffold=txtl_model7_boundary_gated | U=13
Species: mm, pm
Partial-observability lift active: dataset_obs_idx=[3, 5] → scaffold_obs_idx=[3, 5].
Lift by-name IC copy: R→R@0, O→O@1, m→m@2, p→p@4, DNA→DNA@11
ep    1 | train 8.988061 | val 8.970118 | best 8.970118 | tf=1  [mm:4.3912  pm:22.6805] | 58.74s
ep    2 | train 9.320945 | val 8.974699 | best 8.970118 | tf=1  [mm:4.4166  pm:22.6372] | 46.71s
ep    3 | train 8.936418 | val 8.889523 | best 8.889523 | tf=1  [mm:4.3100  pm:22.6268] | 45.71s
ep    4 | train 9.102602 | val 8.890838 | best 8.889523 | tf=1  [mm:4.3616  pm:22.5282] | 45.40s
ep    5 | train 9.038978 | val 8.822169 | best 8.822169 | tf=1  [mm:4.2958  pm:22.4002] | 45.45s
ep    6 | train 8.892946 | val 8.894301 | best 8.822169 | tf=1  [mm:4.2891  pm:22.5550] | 45.45s
ep    7 | train 9.232333 | val 8.976771 | best 8.822169 | tf=1  [mm:4.3471  pm:22.6796] | 45.47s
