$ python -u last-layer-ode/train.py --config configs/txtl_gru_new_baseline.yaml --set study=txtl_ladder_old_combined --set out_root=experiments --set exp_name=M3_plain_s0 --set epochs=100 --set endpoint_r2=True --set obs_idx='[3, 5]' --set warmup_epochs=5 --set hidden=600 --set dataset_path=datasets/cell-free/txtl_native_old_only.npz --set val_n=87 --set test_n=87 --set stratify_z_expr=False --set test_real_only=False --set stratified_split=True --set stratify_targets='[3, 5]' --set stratify_bins=5 --set stratify_by_source=True --set subtract_channel_min=True --set subtract_channel_min_cols='[3, 5]' --set encoder_use_log_dt=True --set plot_extra_new_samples=0 --set y0_theta_init=False --set model_class=ode_rnn --set scaffold=txtl_model3_two_state --set seed=0

Using device: cuda
Experiment: experiments/txtl_ladder_old_combined/20260524_215758_M3_plain_s0
Study: txtl_ladder_old_combined | Run ID: 20260524_215758_M3_plain_s0
Split: stratified | seed=42 | bins=5 | targets=[3, 5] | n_test=87 n_val=87 n_train=517
/home/bob-van-sluijs/anaconda3/envs/oliver_env/lib/python3.13/site-packages/torch/cuda/__init__.py:1007: UserWarning: Can't initialize NVML
  raw_cnt = _raw_device_count_nvml()
Partial-observability lift: scaffold.P=3, P_obs=7, obs_state_idx=[0, 1], control_state_map={'DNA c': 2}
The model compiled successfully
LR warmup: 5 epochs (2.00e-03 target)
Data: N=691 | train=517 | val=87 | test=87
Dims: P_obs=7 | scaffold=txtl_model3_two_state | U=13
Species: mm, pm
Partial-observability lift active: dataset_obs_idx=[3, 5] → scaffold_obs_idx=[0, 1].
Lift by-name IC copy: DNA→DNA@2
ep    1 | train 9.389907 | val 8.906013 | best 8.906013 | tf=1  [mm:7.8344  pm:9.9776] | 16.98s
ep    2 | train 6.796242 | val 4.535646 | best 4.535646 | tf=1  [mm:2.5242  pm:6.5471] | 14.19s
ep    3 | train 5.575530 | val 4.139672 | best 4.139672 | tf=1  [mm:3.3340  pm:4.9453] | 13.98s
ep    4 | train 4.404009 | val 3.354733 | best 3.354733 | tf=1  [mm:2.6900  pm:4.0195] | 13.95s
ep    5 | train 3.870865 | val 3.045246 | best 3.045246 | tf=1  [mm:2.2539  pm:3.8366] | 13.95s
ep    6 | train 3.699037 | val 3.659317 | best 3.045246 | tf=1  [mm:3.0927  pm:4.2260] | 14.03s
ep    7 | train 4.074920 | val 4.268520 | best 3.045246 | tf=1  [mm:2.8007  pm:5.7363] | 14.03s
ep    8 | train 4.033199 | val 3.148972 | best 3.045246 | tf=1  [mm:2.3908  pm:3.9072] | 14.03s
ep    9 | train 3.641303 | val 3.020036 | best 3.020036 | tf=1  [mm:2.1298  pm:3.9103] | 14.01s
ep   10 | train 3.714099 | val 3.259441 | best 3.020036 | tf=1  [mm:2.8455  pm:3.6734] | 14.08s
ep   11 | train 3.458858 | val 2.709988 | best 2.709988 | tf=1  [mm:2.0645  pm:3.3555] | 14.05s
ep   12 | train 3.077356 | val 2.662290 | best 2.662290 | tf=1  [mm:1.9642  pm:3.3603] | 14.02s
ep   13 | train 2.814843 | val 3.254617 | best 2.662290 | tf=1  [mm:2.4983  pm:4.0109] | 14.05s
ep   14 | train 2.827649 | val 3.644243 | best 2.662290 | tf=1  [mm:2.2725  pm:5.0159] | 14.36s
ep   15 | train 2.218370 | val 3.764830 | best 2.662290 | tf=1  [mm:2.8253  pm:4.7044] | 14.17s
ep   16 | train 1.988379 | val 4.009252 | best 2.662290 | tf=1  [mm:1.8695  pm:6.1490] | 14.11s
ep   17 | train 1.835638 | val 3.802316 | best 2.662290 | tf=1  [mm:2.2033  pm:5.4013] | 14.08s
ep   18 | train 1.828544 | val 5.153698 | best 2.662290 | tf=1  [mm:2.2707  pm:8.0367] | 14.06s
ep   19 | train 1.551182 | val 6.574910 | best 2.662290 | tf=1  [mm:2.2267  pm:10.9231] | 14.13s
ep   20 | train 1.307982 | val 5.252919 | best 2.662290 | tf=1  [mm:2.9959  pm:7.5099] | 14.15s
ep   21 | train 1.224516 | val 6.519712 | best 2.662290 | tf=1  [mm:1.7796  pm:11.2598] | 14.08s
ep   22 | train 0.934828 | val 6.213115 | best 2.662290 | tf=1  [mm:1.9583  pm:10.4679] | 14.02s
ep   23 | train 0.929652 | val 5.067339 | best 2.662290 | tf=1  [mm:1.9260  pm:8.2086] | 14.10s
ep   24 | train 0.786245 | val 4.495059 | best 2.662290 | tf=1  [mm:2.4751  pm:6.5150] | 14.09s
ep   25 | train 0.773668 | val 3.229569 | best 2.662290 | tf=1  [mm:1.9861  pm:4.4730] | 14.06s
ep   26 | train 0.846833 | val 3.057871 | best 2.662290 | tf=1  [mm:1.7615  pm:4.3542] | 14.13s
ep   27 | train 1.028281 | val 5.102211 | best 2.662290 | tf=1  [mm:1.8947  pm:8.3097] | 14.01s
ep   28 | train 0.937561 | val 4.494985 | best 2.662290 | tf=1  [mm:1.6328  pm:7.3572] | 14.03s
ep   29 | train 0.836384 | val 3.952383 | best 2.662290 | tf=1  [mm:2.3585  pm:5.5462] | 14.08s
ep   30 | train 0.698994 | val 5.279812 | best 2.662290 | tf=1  [mm:2.2919  pm:8.2677] | 14.07s
ep   31 | train 0.969762 | val 3.282863 | best 2.662290 | tf=1  [mm:1.8013  pm:4.7644] | 14.03s
ep   32 | train 0.850198 | val 3.524043 | best 2.662290 | tf=1  [mm:1.8577  pm:5.1904] | 14.10s
ep   33 | train 0.658505 | val 4.927028 | best 2.662290 | tf=1  [mm:1.6997  pm:8.1543] | 14.06s
ep   34 | train 0.642264 | val 4.853182 | best 2.662290 | tf=1  [mm:2.3835  pm:7.3229] | 14.06s
ep   35 | train 0.635195 | val 5.077055 | best 2.662290 | tf=1  [mm:1.7491  pm:8.4050] | 14.04s
ep   36 | train 0.560494 | val 3.099436 | best 2.662290 | tf=1  [mm:1.9909  pm:4.2080] | 14.03s
ep   37 | train 0.542288 | val 5.009905 | best 2.662290 | tf=1  [mm:1.7043  pm:8.3155] | 13.99s
ep   38 | train 0.594639 | val 2.688454 | best 2.662290 | tf=1  [mm:2.0023  pm:3.3746] | 14.07s
ep   39 | train 0.599916 | val 4.305778 | best 2.662290 | tf=1  [mm:1.5184  pm:7.0931] | 14.05s
ep   40 | train 0.567397 | val 2.229121 | best 2.229121 | tf=1  [mm:1.7858  pm:2.6724] | 14.07s
ep   41 | train 0.492026 | val 4.761491 | best 2.229121 | tf=1  [mm:1.4226  pm:8.1004] | 14.04s
ep   42 | train 0.512276 | val 4.177645 | best 2.229121 | tf=1  [mm:1.7709  pm:6.5844] | 14.04s
ep   43 | train 0.473055 | val 4.831160 | best 2.229121 | tf=1  [mm:1.6025  pm:8.0598] | 14.08s
ep   44 | train 0.482984 | val 3.740901 | best 2.229121 | tf=1  [mm:2.2670  pm:5.2148] | 13.99s
ep   45 | train 0.452604 | val 3.608459 | best 2.229121 | tf=1  [mm:1.4995  pm:5.7174] | 14.10s
ep   46 | train 0.433689 | val 3.969383 | best 2.229121 | tf=1  [mm:2.1910  pm:5.7478] | 14.06s
ep   47 | train 0.411862 | val 3.426420 | best 2.229121 | tf=1  [mm:1.7754  pm:5.0774] | 14.01s
ep   48 | train 0.378988 | val 2.278346 | best 2.229121 | tf=1  [mm:1.7178  pm:2.8389] | 14.07s
ep   49 | train 0.362937 | val 3.456187 | best 2.229121 | tf=1  [mm:1.7457  pm:5.1666] | 14.03s
ep   50 | train 0.331759 | val 2.379378 | best 2.229121 | tf=1  [mm:1.6412  pm:3.1175] | 14.04s
ep   51 | train 0.331717 | val 4.054168 | best 2.229121 | tf=1  [mm:1.8985  pm:6.2099] | 14.02s
ep   52 | train 0.323969 | val 2.583901 | best 2.229121 | tf=1  [mm:1.4938  pm:3.6740] | 14.05s
ep   53 | train 0.326622 | val 2.742519 | best 2.229121 | tf=1  [mm:1.6770  pm:3.8081] | 14.08s
ep   54 | train 0.320229 | val 2.436137 | best 2.229121 | tf=1  [mm:1.4079  pm:3.4643] | 14.06s
ep   55 | train 0.298659 | val 3.021446 | best 2.229121 | tf=1  [mm:1.5672  pm:4.4757] | 14.03s
ep   56 | train 0.290619 | val 2.415454 | best 2.229121 | tf=1  [mm:1.7624  pm:3.0686] | 14.07s
ep   57 | train 0.271877 | val 2.488665 | best 2.229121 | tf=1  [mm:1.5672  pm:3.4101] | 14.00s
ep   58 | train 0.285457 | val 2.762205 | best 2.229121 | tf=1  [mm:1.5784  pm:3.9460] | 14.07s
ep   59 | train 0.285793 | val 2.214144 | best 2.214144 | tf=1  [mm:1.5165  pm:2.9118] | 14.03s
ep   60 | train 0.284188 | val 2.854502 | best 2.214144 | tf=1  [mm:1.7433  pm:3.9657] | 14.04s
ep   61 | train 0.269212 | val 2.356183 | best 2.214144 | tf=1  [mm:1.4819  pm:3.2305] | 14.02s
ep   62 | train 0.267474 | val 2.429349 | best 2.214144 | tf=1  [mm:1.6342  pm:3.2245] | 14.01s
ep   63 | train 0.268565 | val 3.049184 | best 2.214144 | tf=1  [mm:1.6828  pm:4.4156] | 14.11s
ep   64 | train 0.269907 | val 2.587605 | best 2.214144 | tf=1  [mm:1.4872  pm:3.6880] | 14.17s
ep   65 | train 0.264202 | val 2.976715 | best 2.214144 | tf=1  [mm:1.8088  pm:4.1446] | 14.11s
ep   66 | train 0.265866 | val 2.309577 | best 2.214144 | tf=1  [mm:1.4973  pm:3.1218] | 14.04s
ep   67 | train 0.259250 | val 2.908470 | best 2.214144 | tf=1  [mm:1.5123  pm:4.3046] | 14.05s
ep   68 | train 0.294569 | val 2.393593 | best 2.214144 | tf=1  [mm:1.7772  pm:3.0099] | 14.07s
ep   69 | train 0.290320 | val 2.346421 | best 2.214144 | tf=1  [mm:1.5001  pm:3.1927] | 14.05s
ep   70 | train 0.332262 | val 3.550465 | best 2.214144 | tf=1  [mm:1.6837  pm:5.4172] | 14.13s
ep   71 | train 0.273256 | val 2.426368 | best 2.214144 | tf=1  [mm:1.4355  pm:3.4172] | 14.09s
ep   72 | train 0.267752 | val 2.323647 | best 2.214144 | tf=1  [mm:1.6822  pm:2.9651] | 14.08s
ep   73 | train 0.277452 | val 2.438247 | best 2.214144 | tf=1  [mm:1.6431  pm:3.2334] | 14.04s
ep   74 | train 0.268749 | val 2.362652 | best 2.214144 | tf=1  [mm:1.5815  pm:3.1438] | 14.13s
ep   75 | train 0.278750 | val 2.843649 | best 2.214144 | tf=1  [mm:1.7473  pm:3.9400] | 14.21s
ep   76 | train 0.263350 | val 2.117311 | best 2.117311 | tf=1  [mm:1.7012  pm:2.5334] | 14.25s
ep   77 | train 0.247212 | val 2.618622 | best 2.117311 | tf=1  [mm:1.4599  pm:3.7774] | 14.21s
ep   78 | train 0.236721 | val 2.420378 | best 2.117311 | tf=1  [mm:1.5153  pm:3.3254] | 14.15s
ep   79 | train 0.257540 | val 2.670719 | best 2.117311 | tf=1  [mm:1.6721  pm:3.6694] | 14.16s
ep   80 | train 0.257991 | val 2.175694 | best 2.117311 | tf=1  [mm:1.4336  pm:2.9178] | 14.21s
ep   81 | train 0.253679 | val 2.611250 | best 2.117311 | tf=1  [mm:1.4271  pm:3.7954] | 14.17s
ep   82 | train 0.557682 | val 3.524075 | best 2.117311 | tf=1  [mm:2.4040  pm:4.6441] | 14.18s
ep   83 | train 0.555462 | val 2.403306 | best 2.117311 | tf=1  [mm:1.4593  pm:3.3473] | 14.14s
ep   84 | train 0.382766 | val 2.231399 | best 2.117311 | tf=1  [mm:1.3202  pm:3.1426] | 14.16s
ep   85 | train 0.305746 | val 2.162536 | best 2.117311 | tf=1  [mm:1.2310  pm:3.0941] | 14.18s
ep   86 | train 0.275116 | val 2.337487 | best 2.117311 | tf=1  [mm:1.2740  pm:3.4010] | 14.22s
ep   87 | train 0.250023 | val 2.501052 | best 2.117311 | tf=1  [mm:1.3287  pm:3.6734] | 14.14s
ep   88 | train 0.241673 | val 2.384107 | best 2.117311 | tf=1  [mm:1.4451  pm:3.3231] | 14.04s
ep   89 | train 0.228898 | val 2.370884 | best 2.117311 | tf=1  [mm:1.3165  pm:3.4252] | 14.15s
ep   90 | train 0.240597 | val 2.249472 | best 2.117311 | tf=1  [mm:1.4509  pm:3.0480] | 14.23s
ep   91 | train 0.240007 | val 2.417933 | best 2.117311 | tf=1  [mm:1.5302  pm:3.3056] | 14.15s
ep   92 | train 0.246709 | val 2.225565 | best 2.117311 | tf=1  [mm:1.5993  pm:2.8519] | 14.19s
ep   93 | train 0.239870 | val 3.208310 | best 2.117311 | tf=1  [mm:1.5348  pm:4.8818] | 14.21s
ep   94 | train 0.246847 | val 2.277160 | best 2.117311 | tf=1  [mm:1.4084  pm:3.1459] | 14.16s
ep   95 | train 0.218333 | val 2.631079 | best 2.117311 | tf=1  [mm:1.3234  pm:3.9388] | 14.16s
ep   96 | train 0.215582 | val 2.036956 | best 2.036956 | tf=1  [mm:1.4361  pm:2.6378] | 14.10s
ep   97 | train 0.210908 | val 2.331742 | best 2.036956 | tf=1  [mm:1.2948  pm:3.3686] | 14.21s
ep   98 | train 0.206845 | val 2.026165 | best 2.026165 | tf=1  [mm:1.3525  pm:2.6998] | 14.10s
ep   99 | train 0.195577 | val 2.047568 | best 2.026165 | tf=1  [mm:1.4504  pm:2.6447] | 14.10s
ep  100 | train 0.831843 | val 1.798920 | best 1.798920 | tf=0  [mm:1.1749  pm:2.4229] | 14.22s

Test loss (best model): 1.766538  [mm:1.3597  pm:2.1734]
Saved best model to experiments/txtl_ladder_old_combined/20260524_215758_M3_plain_s0/model.pt

Training completed in 1417.75s (23.63m)
Peak GPU memory: 9.10 GB
[rebuild] partial-obs lift: dataset_obs_idx=[3, 5] → scaffold_obs_idx=[0, 1] (P=3)
Loading checkpoint: experiments/txtl_ladder_old_combined/20260524_215758_M3_plain_s0/model.pt
[plot_predictions] n_samples=5, plot_ds_len=87
[plot_predictions] y0.shape=(5, 3), u_seq.shape=(5, 1496, 13), y_seq.shape=(5, 1496, 3), dt_seq.shape=(5, 1496)
Saved plots to experiments/txtl_ladder_old_combined/20260524_215758_M3_plain_s0/plots
[rebuild] partial-obs lift: dataset_obs_idx=[3, 5] → scaffold_obs_idx=[0, 1] (P=3)
Loading checkpoint: experiments/txtl_ladder_old_combined/20260524_215758_M3_plain_s0/model.pt
[epoch overlay] saved: experiments/txtl_ladder_old_combined/20260524_215758_M3_plain_s0/plots/pred_overlays_sample000.png

Running endpoint R² analysis...
[rebuild] partial-obs lift: dataset_obs_idx=[3, 5] → scaffold_obs_idx=[0, 1] (P=3)
Loading checkpoint: experiments/txtl_ladder_old_combined/20260524_215758_M3_plain_s0/model.pt
  R²(protein final) = 0.3388
  R²(mRNA max)      = 0.1702
Saved plot -> experiments/txtl_ladder_old_combined/20260524_215758_M3_plain_s0/endpoint_r2.png
