$ python -u last-layer-ode/train.py --config configs/txtl_gru_new_baseline.yaml --set study=txtl_ladder_old_combined --set out_root=experiments --set exp_name=M8_K3_s2 --set epochs=100 --set endpoint_r2=True --set obs_idx='[3, 5]' --set warmup_epochs=5 --set hidden=600 --set dataset_path=datasets/cell-free/txtl_native_old_only.npz --set val_n=87 --set test_n=87 --set stratify_z_expr=False --set test_real_only=False --set stratified_split=True --set stratify_targets='[3, 5]' --set stratify_bins=5 --set stratify_by_source=True --set subtract_channel_min=True --set subtract_channel_min_cols='[3, 5]' --set encoder_use_log_dt=True --set plot_extra_new_samples=0 --set y0_theta_init=False --set scaffold=txtl_model8_reagent_resource --set model_class=ode_rnn_sparse_theta_v2 --set anchor_mode=uniform --set n_theta_anchors=3 --set seed=2

Using device: cuda
Experiment: experiments/txtl_ladder_old_combined/20260525_090701_M8_K3_s2
Study: txtl_ladder_old_combined | Run ID: 20260525_090701_M8_K3_s2
Split: stratified | seed=42 | bins=5 | targets=[3, 5] | n_test=87 n_val=87 n_train=517
/home/bob-van-sluijs/anaconda3/envs/oliver_env/lib/python3.13/site-packages/torch/cuda/__init__.py:1007: UserWarning: Can't initialize NVML
  raw_cnt = _raw_device_count_nvml()
Partial-observability lift: scaffold.P=12, P_obs=7, obs_state_idx=[8, 10], control_state_map={'DNA c': 11, 'NTPs': 0, 'FB': 0, 'Maltose': 0, 'AA': 1, 'T7RNAP': 2, 'Mg-Glut': 3, 'K-Glut': 4, 'PEG8000': 5}
The model compiled successfully
LR warmup: 5 epochs (2.00e-03 target)
Data: N=691 | train=517 | val=87 | test=87
Dims: P_obs=7 | scaffold=txtl_model8_reagent_resource | U=13
Species: mm, pm
Partial-observability lift active: dataset_obs_idx=[3, 5] → scaffold_obs_idx=[8, 10].
Lift by-name IC copy: m→m@7, p→p@9, DNA→DNA@11
ep    1 | train 19.146998 | val 19.219860 | best 19.219860 | tf=1  [mm:14.7268  pm:23.7129] | 43.68s
ep    2 | train 13.843396 | val 12.673890 | best 12.673890 | tf=1  [mm:4.0667  pm:21.2810] | 33.69s
ep    3 | train 12.717360 | val 12.376638 | best 12.376638 | tf=1  [mm:3.9118  pm:20.8415] | 32.86s
ep    4 | train 12.235482 | val 11.758467 | best 11.758467 | tf=1  [mm:3.3835  pm:20.1334] | 32.84s
ep    5 | train 11.855590 | val 11.588546 | best 11.588546 | tf=1  [mm:3.2113  pm:19.9658] | 33.03s
ep    6 | train 12.534266 | val 11.617028 | best 11.588546 | tf=1  [mm:3.2487  pm:19.9853] | 32.99s
ep    7 | train 12.156713 | val 11.637127 | best 11.588546 | tf=1  [mm:3.2703  pm:20.0040] | 33.27s
ep    8 | train 12.253410 | val 11.643673 | best 11.588546 | tf=1  [mm:3.2256  pm:20.0617] | 33.29s
ep    9 | train 12.080369 | val 11.759806 | best 11.588546 | tf=1  [mm:3.2437  pm:20.2759] | 33.33s
ep   10 | train 12.242637 | val 11.590631 | best 11.588546 | tf=1  [mm:3.2277  pm:19.9536] | 33.21s
ep   11 | train 12.481816 | val 11.584216 | best 11.584216 | tf=1  [mm:3.1291  pm:20.0394] | 33.28s
ep   12 | train 12.369164 | val 11.632910 | best 11.584216 | tf=1  [mm:3.2190  pm:20.0469] | 33.19s
ep   13 | train 12.094398 | val 11.504581 | best 11.504581 | tf=1  [mm:3.0412  pm:19.9679] | 33.00s
ep   14 | train 12.041708 | val 11.530107 | best 11.504581 | tf=1  [mm:3.1081  pm:19.9521] | 32.95s
ep   15 | train 12.031123 | val 11.567595 | best 11.504581 | tf=1  [mm:3.0364  pm:20.0988] | 32.94s
ep   16 | train 11.640352 | val 11.464644 | best 11.464644 | tf=1  [mm:2.9455  pm:19.9838] | 32.98s
ep   17 | train 12.198397 | val 11.474655 | best 11.464644 | tf=1  [mm:2.9635  pm:19.9858] | 33.09s
ep   18 | train 12.065408 | val 11.502104 | best 11.464644 | tf=1  [mm:2.9287  pm:20.0755] | 33.26s
ep   19 | train 11.940584 | val 11.415353 | best 11.415353 | tf=1  [mm:2.8866  pm:19.9441] | 33.18s
ep   20 | train 11.444019 | val 11.397022 | best 11.397022 | tf=1  [mm:2.8239  pm:19.9701] | 33.54s
ep   21 | train 11.392514 | val 11.483645 | best 11.397022 | tf=1  [mm:3.0371  pm:19.9302] | 33.27s
ep   22 | train 11.825651 | val 11.433913 | best 11.397022 | tf=1  [mm:2.8191  pm:20.0488] | 33.21s
ep   23 | train 11.718721 | val 11.414682 | best 11.397022 | tf=1  [mm:2.9291  pm:19.9002] | 32.98s
ep   24 | train 11.861825 | val 11.419497 | best 11.397022 | tf=1  [mm:2.9491  pm:19.8899] | 32.96s
ep   25 | train 12.042239 | val 11.353129 | best 11.353129 | tf=1  [mm:2.7862  pm:19.9201] | 33.02s
ep   26 | train 11.860220 | val 11.633002 | best 11.353129 | tf=1  [mm:3.3358  pm:19.9302] | 33.06s
ep   27 | train 12.225244 | val 11.377517 | best 11.353129 | tf=1  [mm:2.8947  pm:19.8603] | 33.14s
ep   28 | train 11.421153 | val 11.728250 | best 11.353129 | tf=1  [mm:3.5572  pm:19.8993] | 33.11s
ep   29 | train 11.415850 | val 11.569869 | best 11.353129 | tf=1  [mm:3.2708  pm:19.8690] | 33.36s
ep   30 | train 12.035214 | val 11.849813 | best 11.353129 | tf=1  [mm:3.7944  pm:19.9052] | 33.37s
ep   31 | train 11.849977 | val 11.593486 | best 11.353129 | tf=1  [mm:3.3259  pm:19.8610] | 33.49s
ep   32 | train 12.134680 | val 11.667410 | best 11.353129 | tf=1  [mm:3.3998  pm:19.9350] | 33.22s
ep   33 | train 11.996722 | val 11.701949 | best 11.353129 | tf=1  [mm:3.5420  pm:19.8619] | 32.97s
ep   34 | train 11.373424 | val 11.637753 | best 11.353129 | tf=1  [mm:3.3598  pm:19.9157] | 32.97s
ep   35 | train 11.565330 | val 11.385370 | best 11.353129 | tf=1  [mm:2.8374  pm:19.9333] | 32.94s
ep   36 | train 11.933976 | val 11.291316 | best 11.291316 | tf=1  [mm:2.7449  pm:19.8378] | 32.89s
ep   37 | train 11.776470 | val 11.324368 | best 11.291316 | tf=1  [mm:2.7256  pm:19.9232] | 33.17s
ep   38 | train 12.189341 | val 11.327625 | best 11.291316 | tf=1  [mm:2.8318  pm:19.8235] | 33.08s
ep   39 | train 11.818297 | val 11.396625 | best 11.291316 | tf=1  [mm:2.9010  pm:19.8923] | 33.38s
ep   40 | train 11.612115 | val 11.335413 | best 11.291316 | tf=1  [mm:2.7734  pm:19.8974] | 33.43s
ep   41 | train 11.467644 | val 11.358386 | best 11.291316 | tf=1  [mm:2.7842  pm:19.9325] | 33.36s
ep   42 | train 12.336365 | val 11.330299 | best 11.291316 | tf=1  [mm:2.7755  pm:19.8851] | 33.28s
ep   43 | train 11.652719 | val 11.325986 | best 11.291316 | tf=1  [mm:2.7575  pm:19.8945] | 32.90s
ep   44 | train 11.873837 | val 11.348125 | best 11.291316 | tf=1  [mm:2.8180  pm:19.8783] | 32.92s
ep   45 | train 11.634474 | val 11.387647 | best 11.291316 | tf=1  [mm:2.9237  pm:19.8516] | 32.86s
ep   46 | train 11.172081 | val 11.407440 | best 11.291316 | tf=1  [mm:2.9220  pm:19.8929] | 32.81s
ep   47 | train 11.766604 | val 11.309301 | best 11.291316 | tf=1  [mm:2.7752  pm:19.8434] | 32.96s
ep   48 | train 12.318122 | val 11.384812 | best 11.291316 | tf=1  [mm:2.8770  pm:19.8926] | 32.84s
ep   49 | train 11.642690 | val 11.315363 | best 11.291316 | tf=1  [mm:2.7784  pm:19.8523] | 32.98s
ep   50 | train 11.407536 | val 11.305448 | best 11.291316 | tf=1  [mm:2.7438  pm:19.8671] | 33.02s
ep   51 | train 11.158739 | val 11.337959 | best 11.291316 | tf=1  [mm:2.8141  pm:19.8618] | 33.18s
ep   52 | train 11.438020 | val 11.383708 | best 11.291316 | tf=1  [mm:2.9332  pm:19.8342] | 33.46s
ep   53 | train 11.724872 | val 11.287619 | best 11.287619 | tf=1  [mm:2.7444  pm:19.8309] | 33.39s
ep   54 | train 11.295153 | val 11.322053 | best 11.287619 | tf=1  [mm:2.8444  pm:19.7997] | 33.07s
ep   55 | train 11.758798 | val 11.296921 | best 11.287619 | tf=1  [mm:2.7673  pm:19.8266] | 33.18s
ep   56 | train 11.946617 | val 11.263529 | best 11.263529 | tf=1  [mm:2.7049  pm:19.8221] | 33.04s
ep   57 | train 11.839162 | val 11.356382 | best 11.263529 | tf=1  [mm:2.8848  pm:19.8280] | 32.86s
ep   58 | train 11.433202 | val 11.274484 | best 11.263529 | tf=1  [mm:2.7617  pm:19.7872] | 32.78s
ep   59 | train 11.129184 | val 11.298563 | best 11.263529 | tf=1  [mm:2.7485  pm:19.8486] | 32.87s
ep   60 | train 11.720612 | val 11.367387 | best 11.263529 | tf=1  [mm:2.8697  pm:19.8651] | 32.99s
ep   61 | train 11.542291 | val 11.314670 | best 11.263529 | tf=1  [mm:2.8319  pm:19.7975] | 33.14s
ep   62 | train 11.653110 | val 11.379505 | best 11.263529 | tf=1  [mm:2.9049  pm:19.8542] | 33.39s
ep   63 | train 11.436724 | val 11.337482 | best 11.263529 | tf=1  [mm:2.7712  pm:19.9037] | 33.27s
ep   64 | train 11.195891 | val 11.301146 | best 11.263529 | tf=1  [mm:2.7124  pm:19.8899] | 33.24s
ep   65 | train 11.168740 | val 11.293178 | best 11.263529 | tf=1  [mm:2.7832  pm:19.8031] | 33.19s
ep   66 | train 11.390039 | val 11.337036 | best 11.263529 | tf=1  [mm:2.7441  pm:19.9300] | 32.99s
ep   67 | train 11.688935 | val 11.414789 | best 11.263529 | tf=1  [mm:2.8805  pm:19.9491] | 32.86s
ep   68 | train 11.312187 | val 11.274250 | best 11.263529 | tf=1  [mm:2.7557  pm:19.7928] | 32.95s
ep   69 | train 11.387401 | val 11.342962 | best 11.263529 | tf=1  [mm:2.8640  pm:19.8219] | 32.96s
ep   70 | train 11.971508 | val 11.335801 | best 11.263529 | tf=1  [mm:2.9037  pm:19.7679] | 33.11s
ep   71 | train 11.490228 | val 11.338237 | best 11.263529 | tf=1  [mm:2.8656  pm:19.8109] | 33.32s
ep   72 | train 11.756887 | val 11.276938 | best 11.263529 | tf=1  [mm:2.7632  pm:19.7907] | 33.26s
ep   73 | train 11.542706 | val 11.412183 | best 11.263529 | tf=1  [mm:2.9237  pm:19.9007] | 33.52s
ep   74 | train 11.526707 | val 11.291986 | best 11.263529 | tf=1  [mm:2.8126  pm:19.7713] | 33.45s
ep   75 | train 11.522513 | val 11.311608 | best 11.263529 | tf=1  [mm:2.8278  pm:19.7954] | 33.21s
ep   76 | train 11.591400 | val 11.283720 | best 11.263529 | tf=1  [mm:2.7736  pm:19.7938] | 32.99s
ep   77 | train 11.117278 | val 11.312043 | best 11.263529 | tf=1  [mm:2.7589  pm:19.8652] | 32.89s
ep   78 | train 11.634044 | val 11.302173 | best 11.263529 | tf=1  [mm:2.7901  pm:19.8143] | 33.08s
ep   79 | train 11.650885 | val 11.281965 | best 11.263529 | tf=1  [mm:2.7387  pm:19.8252] | 33.03s
ep   80 | train 12.247519 | val 11.273028 | best 11.263529 | tf=1  [mm:2.7666  pm:19.7795] | 33.00s
ep   81 | train 11.390289 | val 11.217194 | best 11.217194 | tf=1  [mm:2.6929  pm:19.7415] | 33.26s
ep   82 | train 12.049675 | val 11.277878 | best 11.217194 | tf=1  [mm:2.7397  pm:19.8160] | 33.32s
ep   83 | train 11.541389 | val 11.350522 | best 11.217194 | tf=1  [mm:2.9019  pm:19.7991] | 33.47s
ep   84 | train 11.170541 | val 11.264054 | best 11.217194 | tf=1  [mm:2.7641  pm:19.7640] | 33.33s
ep   85 | train 12.129323 | val 11.233768 | best 11.217194 | tf=1  [mm:2.7353  pm:19.7322] | 33.16s
ep   86 | train 11.415773 | val 11.305387 | best 11.217194 | tf=1  [mm:2.8150  pm:19.7957] | 33.05s
ep   87 | train 11.585978 | val 11.263590 | best 11.217194 | tf=1  [mm:2.7246  pm:19.8026] | 32.90s
ep   88 | train 11.753144 | val 11.219317 | best 11.217194 | tf=1  [mm:2.7196  pm:19.7190] | 32.94s
ep   89 | train 11.280673 | val 11.293855 | best 11.217194 | tf=1  [mm:2.8570  pm:19.7307] | 32.99s
ep   90 | train 11.598416 | val 11.283288 | best 11.217194 | tf=1  [mm:2.8091  pm:19.7574] | 33.08s
ep   91 | train 11.557624 | val 11.282003 | best 11.217194 | tf=1  [mm:2.7302  pm:19.8338] | 32.67s
ep   92 | train 11.297518 | val 11.311234 | best 11.217194 | tf=1  [mm:2.7990  pm:19.8234] | 32.14s
ep   93 | train 11.738975 | val 11.340671 | best 11.217194 | tf=1  [mm:2.8239  pm:19.8574] | 32.71s
ep   94 | train 11.252980 | val 11.285741 | best 11.217194 | tf=1  [mm:2.7408  pm:19.8306] | 32.86s
ep   95 | train 11.677538 | val 11.438917 | best 11.217194 | tf=1  [mm:2.9242  pm:19.9537] | 32.73s
ep   96 | train 11.759084 | val 11.256925 | best 11.217194 | tf=1  [mm:2.7592  pm:19.7547] | 32.80s
ep   97 | train 11.158874 | val 11.391816 | best 11.217194 | tf=1  [mm:2.8667  pm:19.9169] | 32.79s
ep   98 | train 11.529533 | val 11.257704 | best 11.217194 | tf=1  [mm:2.7203  pm:19.7951] | 32.73s
ep   99 | train 11.781587 | val 11.319697 | best 11.217194 | tf=1  [mm:2.8304  pm:19.8090] | 33.03s
ep  100 | train 11.759857 | val 11.220940 | best 11.217194 | tf=0  [mm:2.6989  pm:19.7429] | 33.04s

Test loss (best model): 13.245498  [mm:2.7638  pm:23.7272]
Saved best model to experiments/txtl_ladder_old_combined/20260525_090701_M8_K3_s2/model.pt

Training completed in 3325.94s (55.43m)
Peak GPU memory: 8.83 GB
[rebuild] partial-obs lift: dataset_obs_idx=[3, 5] → scaffold_obs_idx=[8, 10] (P=12)
Loading checkpoint: experiments/txtl_ladder_old_combined/20260525_090701_M8_K3_s2/model.pt
[plot_predictions] n_samples=5, plot_ds_len=87
[plot_predictions] y0.shape=(5, 12), u_seq.shape=(5, 1496, 13), y_seq.shape=(5, 1496, 12), dt_seq.shape=(5, 1496)
Saved plots to experiments/txtl_ladder_old_combined/20260525_090701_M8_K3_s2/plots
[rebuild] partial-obs lift: dataset_obs_idx=[3, 5] → scaffold_obs_idx=[8, 10] (P=12)
Loading checkpoint: experiments/txtl_ladder_old_combined/20260525_090701_M8_K3_s2/model.pt
[epoch overlay] saved: experiments/txtl_ladder_old_combined/20260525_090701_M8_K3_s2/plots/pred_overlays_sample000.png

Running endpoint R² analysis...
[rebuild] partial-obs lift: dataset_obs_idx=[3, 5] → scaffold_obs_idx=[8, 10] (P=12)
Loading checkpoint: experiments/txtl_ladder_old_combined/20260525_090701_M8_K3_s2/model.pt
  R²(protein final) = -0.6472
  R²(mRNA max)      = -0.4543
Saved plot -> experiments/txtl_ladder_old_combined/20260525_090701_M8_K3_s2/endpoint_r2.png
