$ python -u last-layer-ode/train.py --config configs/txtl_gru_new_baseline.yaml --set study=txtl_ladder_old_combined --set out_root=experiments --set exp_name=M3_K6_s2 --set epochs=100 --set endpoint_r2=True --set obs_idx='[3, 5]' --set warmup_epochs=5 --set hidden=600 --set dataset_path=datasets/cell-free/txtl_native_old_only.npz --set val_n=87 --set test_n=87 --set stratify_z_expr=False --set test_real_only=False --set stratified_split=True --set stratify_targets='[3, 5]' --set stratify_bins=5 --set stratify_by_source=True --set subtract_channel_min=True --set subtract_channel_min_cols='[3, 5]' --set encoder_use_log_dt=True --set plot_extra_new_samples=0 --set y0_theta_init=False --set scaffold=txtl_model3_two_state --set model_class=ode_rnn_sparse_theta_v2 --set anchor_mode=uniform --set n_theta_anchors=6 --set seed=2

Using device: cuda
Experiment: experiments/txtl_ladder_old_combined/20260525_045150_M3_K6_s2
Study: txtl_ladder_old_combined | Run ID: 20260525_045150_M3_K6_s2
Split: stratified | seed=42 | bins=5 | targets=[3, 5] | n_test=87 n_val=87 n_train=517
/home/bob-van-sluijs/anaconda3/envs/oliver_env/lib/python3.13/site-packages/torch/cuda/__init__.py:1007: UserWarning: Can't initialize NVML
  raw_cnt = _raw_device_count_nvml()
Partial-observability lift: scaffold.P=3, P_obs=7, obs_state_idx=[0, 1], control_state_map={'DNA c': 2}
The model compiled successfully
LR warmup: 5 epochs (2.00e-03 target)
Data: N=691 | train=517 | val=87 | test=87
Dims: P_obs=7 | scaffold=txtl_model3_two_state | U=13
Species: mm, pm
Partial-observability lift active: dataset_obs_idx=[3, 5] → scaffold_obs_idx=[0, 1].
Lift by-name IC copy: DNA→DNA@2
ep    1 | train 4.815788 | val 4.394752 | best 4.394752 | tf=1  [mm:2.7725  pm:6.0170] | 16.40s
ep    2 | train 4.725820 | val 4.233380 | best 4.233380 | tf=1  [mm:3.8753  pm:4.5915] | 13.75s
ep    3 | train 4.529347 | val 2.886714 | best 2.886714 | tf=1  [mm:2.0449  pm:3.7285] | 14.22s
ep    4 | train 3.936414 | val 2.902162 | best 2.886714 | tf=1  [mm:1.9736  pm:3.8307] | 14.28s
ep    5 | train 3.479059 | val 2.984847 | best 2.886714 | tf=1  [mm:2.3634  pm:3.6063] | 14.27s
ep    6 | train 3.786073 | val 2.887823 | best 2.886714 | tf=1  [mm:2.1985  pm:3.5772] | 14.31s
ep    7 | train 3.467446 | val 3.019347 | best 2.886714 | tf=1  [mm:2.4658  pm:3.5729] | 14.11s
ep    8 | train 3.405715 | val 3.016972 | best 2.886714 | tf=1  [mm:2.1122  pm:3.9217] | 14.13s
ep    9 | train 3.521823 | val 2.866474 | best 2.866474 | tf=1  [mm:2.0432  pm:3.6898] | 14.25s
ep   10 | train 3.248317 | val 2.801662 | best 2.801662 | tf=1  [mm:2.0278  pm:3.5755] | 14.18s
ep   11 | train 3.757915 | val 2.949492 | best 2.801662 | tf=1  [mm:2.0636  pm:3.8353] | 14.21s
ep   12 | train 3.467110 | val 2.799935 | best 2.799935 | tf=1  [mm:2.0488  pm:3.5511] | 14.25s
ep   13 | train 3.445197 | val 2.908246 | best 2.799935 | tf=1  [mm:2.2830  pm:3.5335] | 14.26s
ep   14 | train 3.684591 | val 2.893759 | best 2.799935 | tf=1  [mm:1.9720  pm:3.8155] | 14.24s
ep   15 | train 3.588520 | val 2.793188 | best 2.793188 | tf=1  [mm:2.0789  pm:3.5075] | 14.28s
ep   16 | train 3.250815 | val 2.784435 | best 2.784435 | tf=1  [mm:1.9538  pm:3.6151] | 14.36s
ep   17 | train 2.670694 | val 3.454157 | best 2.784435 | tf=1  [mm:2.2069  pm:4.7014] | 14.37s
ep   18 | train 2.536734 | val 2.981506 | best 2.784435 | tf=1  [mm:2.1736  pm:3.7894] | 14.28s
ep   19 | train 2.326330 | val 2.836454 | best 2.784435 | tf=1  [mm:2.1424  pm:3.5305] | 14.33s
ep   20 | train 2.343268 | val 3.171439 | best 2.784435 | tf=1  [mm:1.9958  pm:4.3471] | 14.26s
ep   21 | train 2.161711 | val 3.052656 | best 2.784435 | tf=1  [mm:2.1249  pm:3.9804] | 14.33s
ep   22 | train 2.274036 | val 2.915468 | best 2.784435 | tf=1  [mm:2.0307  pm:3.8002] | 14.31s
ep   23 | train 2.358140 | val 3.218839 | best 2.784435 | tf=1  [mm:2.1044  pm:4.3333] | 14.23s
ep   24 | train 2.161417 | val 3.069354 | best 2.784435 | tf=1  [mm:1.9808  pm:4.1579] | 14.21s
ep   25 | train 2.352800 | val 3.036216 | best 2.784435 | tf=1  [mm:2.1500  pm:3.9224] | 14.22s
ep   26 | train 2.196931 | val 3.148827 | best 2.784435 | tf=1  [mm:2.0918  pm:4.2058] | 14.17s
ep   27 | train 2.502901 | val 3.149315 | best 2.784435 | tf=1  [mm:1.9686  pm:4.3300] | 14.26s
ep   28 | train 2.288211 | val 3.110759 | best 2.784435 | tf=1  [mm:2.2807  pm:3.9408] | 14.25s
ep   29 | train 2.137348 | val 3.090349 | best 2.784435 | tf=1  [mm:1.9679  pm:4.2128] | 14.21s
ep   30 | train 2.950042 | val 3.572866 | best 2.784435 | tf=1  [mm:2.3520  pm:4.7937] | 14.24s
ep   31 | train 2.274544 | val 3.205081 | best 2.784435 | tf=1  [mm:2.0977  pm:4.3125] | 14.25s
ep   32 | train 3.020722 | val 3.907827 | best 2.784435 | tf=1  [mm:2.1899  pm:5.6258] | 14.26s
ep   33 | train 3.930995 | val 2.850858 | best 2.784435 | tf=1  [mm:2.1511  pm:3.5506] | 14.25s
ep   34 | train 3.463381 | val 2.916780 | best 2.784435 | tf=1  [mm:2.1908  pm:3.6427] | 14.24s
ep   35 | train 3.429181 | val 3.330598 | best 2.784435 | tf=1  [mm:2.0093  pm:4.6519] | 14.19s
ep   36 | train 3.401974 | val 3.194788 | best 2.784435 | tf=1  [mm:1.9578  pm:4.4318] | 14.19s
ep   37 | train 3.212562 | val 2.718182 | best 2.718182 | tf=1  [mm:2.0013  pm:3.4351] | 14.25s
ep   38 | train 3.182395 | val 2.924895 | best 2.718182 | tf=1  [mm:1.8968  pm:3.9530] | 14.27s
ep   39 | train 3.193449 | val 2.738921 | best 2.718182 | tf=1  [mm:1.9472  pm:3.5306] | 14.25s
ep   40 | train 2.955938 | val 2.734436 | best 2.718182 | tf=1  [mm:1.9479  pm:3.5210] | 14.36s
ep   41 | train 2.891813 | val 2.964783 | best 2.718182 | tf=1  [mm:1.8677  pm:4.0618] | 14.09s
ep   42 | train 2.897674 | val 2.607827 | best 2.607827 | tf=1  [mm:1.5587  pm:3.6570] | 14.19s
ep   43 | train 2.876091 | val 2.940589 | best 2.607827 | tf=1  [mm:1.9749  pm:3.9063] | 14.22s
ep   44 | train 2.756053 | val 2.497885 | best 2.497885 | tf=1  [mm:1.5705  pm:3.4253] | 14.20s
ep   45 | train 2.815991 | val 2.678615 | best 2.497885 | tf=1  [mm:1.7198  pm:3.6375] | 14.22s
ep   46 | train 2.737818 | val 2.845101 | best 2.497885 | tf=1  [mm:1.5629  pm:4.1273] | 14.22s
ep   47 | train 2.606863 | val 2.591752 | best 2.497885 | tf=1  [mm:1.5701  pm:3.6134] | 14.28s
ep   48 | train 2.682324 | val 3.103523 | best 2.497885 | tf=1  [mm:1.8988  pm:4.3083] | 14.23s
ep   49 | train 2.801664 | val 2.645920 | best 2.497885 | tf=1  [mm:1.5278  pm:3.7640] | 14.24s
ep   50 | train 2.579514 | val 2.480350 | best 2.480350 | tf=1  [mm:1.4803  pm:3.4804] | 14.31s
ep   51 | train 2.589428 | val 2.474740 | best 2.474740 | tf=1  [mm:1.5550  pm:3.3945] | 14.24s
ep   52 | train 2.612233 | val 2.732475 | best 2.474740 | tf=1  [mm:1.7426  pm:3.7223] | 14.27s
ep   53 | train 2.399720 | val 2.639754 | best 2.474740 | tf=1  [mm:1.5041  pm:3.7754] | 14.24s
ep   54 | train 2.453583 | val 2.799752 | best 2.474740 | tf=1  [mm:1.3801  pm:4.2194] | 14.20s
ep   55 | train 2.658704 | val 2.895671 | best 2.474740 | tf=1  [mm:1.5986  pm:4.1927] | 14.29s
ep   56 | train 2.624167 | val 2.529985 | best 2.474740 | tf=1  [mm:1.6299  pm:3.4301] | 14.27s
ep   57 | train 2.432966 | val 2.570406 | best 2.474740 | tf=1  [mm:1.5026  pm:3.6382] | 14.25s
ep   58 | train 2.500586 | val 2.842214 | best 2.474740 | tf=1  [mm:1.6237  pm:4.0607] | 14.26s
ep   59 | train 2.411559 | val 2.507933 | best 2.474740 | tf=1  [mm:1.3901  pm:3.6258] | 14.26s
ep   60 | train 2.287133 | val 2.409118 | best 2.409118 | tf=1  [mm:1.3394  pm:3.4788] | 14.20s
ep   61 | train 2.219798 | val 2.492647 | best 2.409118 | tf=1  [mm:1.5153  pm:3.4700] | 14.31s
ep   62 | train 2.147963 | val 2.281760 | best 2.281760 | tf=1  [mm:1.3368  pm:3.2267] | 14.30s
ep   63 | train 2.290770 | val 2.235344 | best 2.235344 | tf=1  [mm:1.2537  pm:3.2170] | 14.24s
ep   64 | train 2.301894 | val 2.429624 | best 2.235344 | tf=1  [mm:1.4439  pm:3.4153] | 14.28s
ep   65 | train 2.233900 | val 2.290705 | best 2.235344 | tf=1  [mm:1.3466  pm:3.2348] | 14.23s
ep   66 | train 2.109831 | val 2.457628 | best 2.235344 | tf=1  [mm:1.2736  pm:3.6417] | 14.18s
ep   67 | train 2.128418 | val 2.286197 | best 2.235344 | tf=1  [mm:1.4191  pm:3.1532] | 14.30s
ep   68 | train 2.147759 | val 2.502508 | best 2.235344 | tf=1  [mm:1.2937  pm:3.7113] | 14.29s
ep   69 | train 2.029729 | val 2.546865 | best 2.235344 | tf=1  [mm:1.3484  pm:3.7453] | 14.25s
ep   70 | train 2.044293 | val 2.445672 | best 2.235344 | tf=1  [mm:1.3887  pm:3.5027] | 14.26s
ep   71 | train 2.000496 | val 2.505920 | best 2.235344 | tf=1  [mm:1.3178  pm:3.6940] | 14.34s
ep   72 | train 1.823243 | val 2.531554 | best 2.235344 | tf=1  [mm:1.3014  pm:3.7617] | 14.33s
ep   73 | train 1.964734 | val 2.236487 | best 2.235344 | tf=1  [mm:1.3078  pm:3.1651] | 14.27s
ep   74 | train 2.098266 | val 2.590756 | best 2.235344 | tf=1  [mm:1.5562  pm:3.6254] | 14.19s
ep   75 | train 2.031803 | val 2.509991 | best 2.235344 | tf=1  [mm:1.3409  pm:3.6791] | 14.25s
ep   76 | train 1.899949 | val 2.780293 | best 2.235344 | tf=1  [mm:1.3378  pm:4.2227] | 14.27s
ep   77 | train 2.095767 | val 3.096574 | best 2.235344 | tf=1  [mm:1.3580  pm:4.8352] | 14.31s
ep   78 | train 1.831032 | val 2.583757 | best 2.235344 | tf=1  [mm:1.3127  pm:3.8549] | 14.23s
ep   79 | train 1.780033 | val 2.413079 | best 2.235344 | tf=1  [mm:1.2356  pm:3.5906] | 14.22s
ep   80 | train 1.678820 | val 2.456227 | best 2.235344 | tf=1  [mm:1.2185  pm:3.6940] | 14.21s
ep   81 | train 1.530055 | val 2.603392 | best 2.235344 | tf=1  [mm:1.2685  pm:3.9382] | 14.23s
ep   82 | train 1.570386 | val 2.632657 | best 2.235344 | tf=1  [mm:1.3131  pm:3.9522] | 14.18s
ep   83 | train 1.810350 | val 2.383175 | best 2.235344 | tf=1  [mm:1.3048  pm:3.4615] | 14.37s
ep   84 | train 1.396477 | val 2.850245 | best 2.235344 | tf=1  [mm:1.3181  pm:4.3824] | 14.29s
ep   85 | train 1.507396 | val 2.781460 | best 2.235344 | tf=1  [mm:1.5058  pm:4.0571] | 14.35s
ep   86 | train 1.437774 | val 2.558165 | best 2.235344 | tf=1  [mm:1.3651  pm:3.7513] | 14.23s
ep   87 | train 1.364810 | val 2.346089 | best 2.235344 | tf=1  [mm:1.3311  pm:3.3610] | 14.34s
ep   88 | train 1.488080 | val 2.669778 | best 2.235344 | tf=1  [mm:1.3872  pm:3.9523] | 14.22s
ep   89 | train 1.609822 | val 2.848447 | best 2.235344 | tf=1  [mm:1.2705  pm:4.4264] | 14.31s
ep   90 | train 1.607224 | val 2.398814 | best 2.235344 | tf=1  [mm:1.3133  pm:3.4843] | 14.25s
ep   91 | train 1.427817 | val 2.714184 | best 2.235344 | tf=1  [mm:1.3799  pm:4.0484] | 14.22s
ep   92 | train 1.570209 | val 2.402385 | best 2.235344 | tf=1  [mm:1.3084  pm:3.4963] | 14.22s
ep   93 | train 1.587901 | val 2.502752 | best 2.235344 | tf=1  [mm:1.3332  pm:3.6723] | 14.24s
ep   94 | train 1.515433 | val 2.391938 | best 2.235344 | tf=1  [mm:1.3153  pm:3.4686] | 14.20s
ep   95 | train 1.436275 | val 3.510647 | best 2.235344 | tf=1  [mm:1.7122  pm:5.3091] | 14.22s
ep   96 | train 1.634514 | val 2.449981 | best 2.235344 | tf=1  [mm:1.3413  pm:3.5586] | 14.22s
ep   97 | train 1.358632 | val 2.496799 | best 2.235344 | tf=1  [mm:1.4410  pm:3.5526] | 14.27s
ep   98 | train 1.239863 | val 2.605431 | best 2.235344 | tf=1  [mm:1.3212  pm:3.8896] | 14.27s
ep   99 | train 1.253099 | val 2.515533 | best 2.235344 | tf=1  [mm:1.5294  pm:3.5017] | 14.30s
ep  100 | train 1.207615 | val 2.585263 | best 2.235344 | tf=0  [mm:1.3491  pm:3.8214] | 14.29s

Test loss (best model): 2.035201  [mm:1.4786  pm:2.5918]
Saved best model to experiments/txtl_ladder_old_combined/20260525_045150_M3_K6_s2/model.pt

Training completed in 1432.83s (23.88m)
Peak GPU memory: 8.67 GB
[rebuild] partial-obs lift: dataset_obs_idx=[3, 5] → scaffold_obs_idx=[0, 1] (P=3)
Loading checkpoint: experiments/txtl_ladder_old_combined/20260525_045150_M3_K6_s2/model.pt
[plot_predictions] n_samples=5, plot_ds_len=87
[plot_predictions] y0.shape=(5, 3), u_seq.shape=(5, 1496, 13), y_seq.shape=(5, 1496, 3), dt_seq.shape=(5, 1496)
Saved plots to experiments/txtl_ladder_old_combined/20260525_045150_M3_K6_s2/plots
[rebuild] partial-obs lift: dataset_obs_idx=[3, 5] → scaffold_obs_idx=[0, 1] (P=3)
Loading checkpoint: experiments/txtl_ladder_old_combined/20260525_045150_M3_K6_s2/model.pt
[epoch overlay] saved: experiments/txtl_ladder_old_combined/20260525_045150_M3_K6_s2/plots/pred_overlays_sample000.png

Running endpoint R² analysis...
[rebuild] partial-obs lift: dataset_obs_idx=[3, 5] → scaffold_obs_idx=[0, 1] (P=3)
Loading checkpoint: experiments/txtl_ladder_old_combined/20260525_045150_M3_K6_s2/model.pt
  R²(protein final) = 0.1079
  R²(mRNA max)      = -0.0282
Saved plot -> experiments/txtl_ladder_old_combined/20260525_045150_M3_K6_s2/endpoint_r2.png
