$ python -u last-layer-ode/train.py --config configs/txtl_gru_new_baseline.yaml --set study=txtl_ladder_old_combined --set out_root=experiments --set exp_name=M3_K1_s1 --set epochs=100 --set endpoint_r2=True --set obs_idx='[3, 5]' --set warmup_epochs=5 --set hidden=600 --set dataset_path=datasets/cell-free/txtl_native_old_only.npz --set val_n=87 --set test_n=87 --set stratify_z_expr=False --set test_real_only=False --set stratified_split=True --set stratify_targets='[3, 5]' --set stratify_bins=5 --set stratify_by_source=True --set subtract_channel_min=True --set subtract_channel_min_cols='[3, 5]' --set encoder_use_log_dt=True --set plot_extra_new_samples=0 --set y0_theta_init=False --set scaffold=txtl_model3_two_state --set model_class=ode_rnn_sparse_theta_v2 --set anchor_mode=uniform --set n_theta_anchors=1 --set seed=1

Using device: cuda
Experiment: experiments/txtl_ladder_old_combined/20260525_035649_M3_K1_s1
Study: txtl_ladder_old_combined | Run ID: 20260525_035649_M3_K1_s1
Split: stratified | seed=42 | bins=5 | targets=[3, 5] | n_test=87 n_val=87 n_train=517
/home/bob-van-sluijs/anaconda3/envs/oliver_env/lib/python3.13/site-packages/torch/cuda/__init__.py:1007: UserWarning: Can't initialize NVML
  raw_cnt = _raw_device_count_nvml()
Partial-observability lift: scaffold.P=3, P_obs=7, obs_state_idx=[0, 1], control_state_map={'DNA c': 2}
The model compiled successfully
LR warmup: 5 epochs (2.00e-03 target)
Data: N=691 | train=517 | val=87 | test=87
Dims: P_obs=7 | scaffold=txtl_model3_two_state | U=13
Species: mm, pm
Partial-observability lift active: dataset_obs_idx=[3, 5] → scaffold_obs_idx=[0, 1].
Lift by-name IC copy: DNA→DNA@2
ep    1 | train 5.039392 | val 4.387282 | best 4.387282 | tf=1  [mm:3.0444  pm:5.7302] | 15.13s
ep    2 | train 6.254688 | val 4.786760 | best 4.387282 | tf=1  [mm:3.6730  pm:5.9005] | 11.99s
ep    3 | train 5.047322 | val 3.214667 | best 3.214667 | tf=1  [mm:2.4801  pm:3.9493] | 12.02s
ep    4 | train 4.319157 | val 3.392993 | best 3.214667 | tf=1  [mm:2.6828  pm:4.1032] | 11.75s
ep    5 | train 4.840035 | val 3.255988 | best 3.214667 | tf=1  [mm:2.7609  pm:3.7511] | 11.90s
ep    6 | train 3.863480 | val 3.200195 | best 3.200195 | tf=1  [mm:2.6528  pm:3.7476] | 11.87s
ep    7 | train 3.743717 | val 3.275352 | best 3.200195 | tf=1  [mm:2.6123  pm:3.9384] | 12.20s
ep    8 | train 3.702076 | val 3.251223 | best 3.200195 | tf=1  [mm:2.5702  pm:3.9322] | 11.91s
ep    9 | train 3.611815 | val 3.085226 | best 3.085226 | tf=1  [mm:2.3075  pm:3.8630] | 11.94s
ep   10 | train 3.728824 | val 3.243067 | best 3.085226 | tf=1  [mm:2.3843  pm:4.1018] | 11.81s
ep   11 | train 3.940760 | val 3.153630 | best 3.085226 | tf=1  [mm:2.4330  pm:3.8743] | 11.97s
ep   12 | train 3.690164 | val 3.169220 | best 3.085226 | tf=1  [mm:2.2857  pm:4.0528] | 11.89s
ep   13 | train 3.856208 | val 3.130729 | best 3.085226 | tf=1  [mm:2.3081  pm:3.9534] | 12.09s
ep   14 | train 3.608721 | val 3.205382 | best 3.085226 | tf=1  [mm:2.2840  pm:4.1268] | 11.83s
ep   15 | train 3.630447 | val 3.168967 | best 3.085226 | tf=1  [mm:2.4599  pm:3.8780] | 11.90s
ep   16 | train 3.505693 | val 3.071599 | best 3.071599 | tf=1  [mm:2.3346  pm:3.8086] | 11.75s
ep   17 | train 3.590946 | val 3.093907 | best 3.071599 | tf=1  [mm:2.3528  pm:3.8350] | 11.88s
ep   18 | train 3.512453 | val 3.070289 | best 3.070289 | tf=1  [mm:2.3390  pm:3.8015] | 11.88s
ep   19 | train 3.542356 | val 3.211368 | best 3.070289 | tf=1  [mm:2.4129  pm:4.0099] | 12.06s
ep   20 | train 3.589534 | val 3.041629 | best 3.041629 | tf=1  [mm:2.3595  pm:3.7237] | 11.02s
ep   21 | train 3.522816 | val 3.239180 | best 3.041629 | tf=1  [mm:2.2309  pm:4.2474] | 10.53s
ep   22 | train 3.534802 | val 3.059603 | best 3.041629 | tf=1  [mm:2.4294  pm:3.6898] | 10.54s
ep   23 | train 3.505709 | val 3.253681 | best 3.041629 | tf=1  [mm:2.3559  pm:4.1515] | 10.56s
ep   24 | train 3.551747 | val 3.026042 | best 3.026042 | tf=1  [mm:2.3615  pm:3.6906] | 10.76s
ep   25 | train 3.389806 | val 3.057673 | best 3.026042 | tf=1  [mm:2.2813  pm:3.8341] | 11.84s
ep   26 | train 3.505916 | val 3.040262 | best 3.026042 | tf=1  [mm:2.2645  pm:3.8160] | 12.00s
ep   27 | train 3.540857 | val 3.002462 | best 3.002462 | tf=1  [mm:2.2441  pm:3.7608] | 12.01s
ep   28 | train 3.522883 | val 3.012043 | best 3.002462 | tf=1  [mm:2.2604  pm:3.7637] | 12.01s
ep   29 | train 3.780963 | val 3.065950 | best 3.002462 | tf=1  [mm:2.2685  pm:3.8634] | 12.03s
ep   30 | train 3.562958 | val 3.038018 | best 3.002462 | tf=1  [mm:2.3367  pm:3.7394] | 11.99s
ep   31 | train 3.398136 | val 3.059311 | best 3.002462 | tf=1  [mm:2.2554  pm:3.8632] | 11.97s
ep   32 | train 3.454116 | val 2.968611 | best 2.968611 | tf=1  [mm:2.2063  pm:3.7310] | 11.50s
ep   33 | train 3.536089 | val 3.021358 | best 2.968611 | tf=1  [mm:2.2638  pm:3.7789] | 11.31s
ep   34 | train 3.357636 | val 3.030510 | best 2.968611 | tf=1  [mm:2.2821  pm:3.7789] | 11.48s
ep   35 | train 3.396658 | val 3.022703 | best 2.968611 | tf=1  [mm:2.2905  pm:3.7549] | 11.71s
ep   36 | train 3.540347 | val 3.027901 | best 2.968611 | tf=1  [mm:2.2130  pm:3.8428] | 11.59s
ep   37 | train 3.444098 | val 3.017172 | best 2.968611 | tf=1  [mm:2.1994  pm:3.8349] | 11.50s
ep   38 | train 3.654730 | val 3.074715 | best 2.968611 | tf=1  [mm:2.3156  pm:3.8338] | 11.42s
ep   39 | train 3.484736 | val 3.044813 | best 2.968611 | tf=1  [mm:2.2860  pm:3.8036] | 11.40s
ep   40 | train 3.411235 | val 3.006263 | best 2.968611 | tf=1  [mm:2.2359  pm:3.7766] | 11.49s
ep   41 | train 3.483687 | val 3.126353 | best 2.968611 | tf=1  [mm:2.2889  pm:3.9638] | 11.43s
ep   42 | train 3.465382 | val 3.007586 | best 2.968611 | tf=1  [mm:2.2433  pm:3.7718] | 11.42s
ep   43 | train 3.395476 | val 3.020810 | best 2.968611 | tf=1  [mm:2.2095  pm:3.8321] | 11.41s
ep   44 | train 3.494036 | val 3.021772 | best 2.968611 | tf=1  [mm:2.2378  pm:3.8057] | 11.38s
ep   45 | train 3.610405 | val 3.082453 | best 2.968611 | tf=1  [mm:2.1745  pm:3.9904] | 11.39s
ep   46 | train 3.734882 | val 3.117080 | best 2.968611 | tf=1  [mm:2.3933  pm:3.8409] | 11.45s
ep   47 | train 3.915883 | val 3.094124 | best 2.968611 | tf=1  [mm:2.2224  pm:3.9659] | 11.45s
ep   48 | train 3.495772 | val 2.965415 | best 2.965415 | tf=1  [mm:2.2472  pm:3.6837] | 11.42s
ep   49 | train 3.475221 | val 3.109854 | best 2.965415 | tf=1  [mm:2.2382  pm:3.9816] | 11.42s
ep   50 | train 3.613281 | val 3.008551 | best 2.965415 | tf=1  [mm:2.2692  pm:3.7479] | 11.39s
ep   51 | train 3.415287 | val 3.060408 | best 2.965415 | tf=1  [mm:2.2301  pm:3.8907] | 11.38s
ep   52 | train 3.663918 | val 3.058331 | best 2.965415 | tf=1  [mm:2.1695  pm:3.9471] | 11.39s
ep   53 | train 3.573680 | val 3.047277 | best 2.965415 | tf=1  [mm:2.2916  pm:3.8030] | 11.37s
ep   54 | train 3.574603 | val 3.151619 | best 2.965415 | tf=1  [mm:2.3924  pm:3.9108] | 11.37s
ep   55 | train 3.471033 | val 3.033096 | best 2.965415 | tf=1  [mm:2.2638  pm:3.8024] | 11.37s
ep   56 | train 3.612150 | val 3.025525 | best 2.965415 | tf=1  [mm:2.2093  pm:3.8418] | 11.38s
ep   57 | train 3.398772 | val 3.074524 | best 2.965415 | tf=1  [mm:2.2498  pm:3.8992] | 11.38s
ep   58 | train 3.512032 | val 3.038277 | best 2.965415 | tf=1  [mm:2.2563  pm:3.8202] | 11.40s
ep   59 | train 3.648918 | val 3.041166 | best 2.965415 | tf=1  [mm:2.2492  pm:3.8332] | 11.40s
ep   60 | train 3.378715 | val 3.043931 | best 2.965415 | tf=1  [mm:2.2444  pm:3.8435] | 11.40s
ep   61 | train 3.550360 | val 3.020336 | best 2.965415 | tf=1  [mm:2.1768  pm:3.8639] | 11.36s
ep   62 | train 3.566422 | val 2.976804 | best 2.965415 | tf=1  [mm:2.2173  pm:3.7364] | 11.43s
ep   63 | train 3.471189 | val 3.070333 | best 2.965415 | tf=1  [mm:2.2373  pm:3.9034] | 11.35s
ep   64 | train 3.652441 | val 2.994610 | best 2.965415 | tf=1  [mm:2.2115  pm:3.7777] | 11.38s
ep   65 | train 3.448072 | val 3.006693 | best 2.965415 | tf=1  [mm:2.2010  pm:3.8124] | 11.45s
ep   66 | train 3.649946 | val 2.977165 | best 2.965415 | tf=1  [mm:2.2294  pm:3.7249] | 11.38s
ep   67 | train 3.358806 | val 2.989839 | best 2.965415 | tf=1  [mm:2.1417  pm:3.8380] | 11.41s
ep   68 | train 3.536292 | val 2.958040 | best 2.958040 | tf=1  [mm:2.1477  pm:3.7684] | 11.40s
ep   69 | train 3.444887 | val 2.971595 | best 2.958040 | tf=1  [mm:2.1876  pm:3.7556] | 11.34s
ep   70 | train 3.662088 | val 2.999303 | best 2.958040 | tf=1  [mm:2.2133  pm:3.7853] | 11.36s
ep   71 | train 3.520502 | val 3.054671 | best 2.958040 | tf=1  [mm:2.2106  pm:3.8988] | 11.40s
ep   72 | train 3.393286 | val 2.957215 | best 2.957215 | tf=1  [mm:2.2418  pm:3.6726] | 11.40s
ep   73 | train 3.459983 | val 2.972622 | best 2.957215 | tf=1  [mm:2.1654  pm:3.7798] | 11.40s
ep   74 | train 3.711088 | val 3.015314 | best 2.957215 | tf=1  [mm:2.1648  pm:3.8658] | 11.48s
ep   75 | train 3.434726 | val 2.997120 | best 2.957215 | tf=1  [mm:2.2166  pm:3.7777] | 11.44s
ep   76 | train 3.663117 | val 3.011717 | best 2.957215 | tf=1  [mm:2.2518  pm:3.7716] | 11.40s
ep   77 | train 3.448009 | val 3.012809 | best 2.957215 | tf=1  [mm:2.2697  pm:3.7559] | 11.41s
ep   78 | train 3.604231 | val 3.035472 | best 2.957215 | tf=1  [mm:2.2265  pm:3.8445] | 11.35s
ep   79 | train 3.595479 | val 2.981497 | best 2.957215 | tf=1  [mm:2.2019  pm:3.7611] | 11.38s
ep   80 | train 3.683799 | val 3.023183 | best 2.957215 | tf=1  [mm:2.2818  pm:3.7646] | 11.37s
ep   81 | train 3.368271 | val 3.012912 | best 2.957215 | tf=1  [mm:2.2649  pm:3.7609] | 11.39s
ep   82 | train 3.412050 | val 3.052439 | best 2.957215 | tf=1  [mm:2.2696  pm:3.8353] | 11.37s
ep   83 | train 3.594498 | val 2.999538 | best 2.957215 | tf=1  [mm:2.1905  pm:3.8085] | 11.41s
ep   84 | train 3.415779 | val 3.001994 | best 2.957215 | tf=1  [mm:2.1092  pm:3.8948] | 11.52s
ep   85 | train 3.408258 | val 2.950907 | best 2.950907 | tf=1  [mm:2.1914  pm:3.7104] | 11.40s
ep   86 | train 3.451791 | val 3.042895 | best 2.950907 | tf=1  [mm:2.1935  pm:3.8923] | 11.38s
ep   87 | train 3.399626 | val 2.970929 | best 2.950907 | tf=1  [mm:2.1958  pm:3.7461] | 11.40s
ep   88 | train 3.475713 | val 2.984706 | best 2.950907 | tf=1  [mm:2.1530  pm:3.8164] | 11.44s
ep   89 | train 3.616789 | val 3.000940 | best 2.950907 | tf=1  [mm:2.2476  pm:3.7542] | 11.40s
ep   90 | train 3.750911 | val 2.978128 | best 2.950907 | tf=1  [mm:2.1755  pm:3.7807] | 11.46s
ep   91 | train 3.391648 | val 2.982860 | best 2.950907 | tf=1  [mm:2.2037  pm:3.7620] | 11.43s
ep   92 | train 3.421494 | val 2.979502 | best 2.950907 | tf=1  [mm:2.1654  pm:3.7936] | 11.37s
ep   93 | train 3.358229 | val 2.969798 | best 2.950907 | tf=1  [mm:2.1403  pm:3.7993] | 11.35s
ep   94 | train 3.445582 | val 2.948397 | best 2.948397 | tf=1  [mm:2.1377  pm:3.7591] | 11.38s
ep   95 | train 3.598547 | val 2.959984 | best 2.948397 | tf=1  [mm:2.2009  pm:3.7191] | 11.37s
ep   96 | train 3.521352 | val 3.030863 | best 2.948397 | tf=1  [mm:2.2091  pm:3.8526] | 11.40s
ep   97 | train 3.551679 | val 2.973464 | best 2.948397 | tf=1  [mm:2.1847  pm:3.7622] | 11.38s
ep   98 | train 3.451651 | val 2.977229 | best 2.948397 | tf=1  [mm:2.1624  pm:3.7920] | 11.31s
ep   99 | train 3.713011 | val 2.983784 | best 2.948397 | tf=1  [mm:2.2035  pm:3.7640] | 11.43s
ep  100 | train 3.432353 | val 3.024349 | best 2.948397 | tf=0  [mm:2.2809  pm:3.7678] | 11.40s

Test loss (best model): 2.729674  [mm:2.2670  pm:3.1924]
Saved best model to experiments/txtl_ladder_old_combined/20260525_035649_M3_K1_s1/model.pt

Training completed in 1161.24s (19.35m)
Peak GPU memory: 8.67 GB
[rebuild] partial-obs lift: dataset_obs_idx=[3, 5] → scaffold_obs_idx=[0, 1] (P=3)
Loading checkpoint: experiments/txtl_ladder_old_combined/20260525_035649_M3_K1_s1/model.pt
[plot_predictions] n_samples=5, plot_ds_len=87
[plot_predictions] y0.shape=(5, 3), u_seq.shape=(5, 1496, 13), y_seq.shape=(5, 1496, 3), dt_seq.shape=(5, 1496)
Saved plots to experiments/txtl_ladder_old_combined/20260525_035649_M3_K1_s1/plots
[rebuild] partial-obs lift: dataset_obs_idx=[3, 5] → scaffold_obs_idx=[0, 1] (P=3)
Loading checkpoint: experiments/txtl_ladder_old_combined/20260525_035649_M3_K1_s1/model.pt
[epoch overlay] saved: experiments/txtl_ladder_old_combined/20260525_035649_M3_K1_s1/plots/pred_overlays_sample000.png

Running endpoint R² analysis...
[rebuild] partial-obs lift: dataset_obs_idx=[3, 5] → scaffold_obs_idx=[0, 1] (P=3)
Loading checkpoint: experiments/txtl_ladder_old_combined/20260525_035649_M3_K1_s1/model.pt
  R²(protein final) = -0.2674
  R²(mRNA max)      = -0.4204
Saved plot -> experiments/txtl_ladder_old_combined/20260525_035649_M3_K1_s1/endpoint_r2.png
