$ python -u last-layer-ode/train.py --config configs/txtl_gru_new_baseline.yaml --set study=txtl_ladder_old_combined --set out_root=experiments --set exp_name=M4_K6_s1 --set epochs=100 --set endpoint_r2=True --set obs_idx='[3, 5]' --set warmup_epochs=5 --set hidden=600 --set dataset_path=datasets/cell-free/txtl_native_old_only.npz --set val_n=87 --set test_n=87 --set stratify_z_expr=False --set test_real_only=False --set stratified_split=True --set stratify_targets='[3, 5]' --set stratify_bins=5 --set stratify_by_source=True --set subtract_channel_min=True --set subtract_channel_min_cols='[3, 5]' --set encoder_use_log_dt=True --set plot_extra_new_samples=0 --set y0_theta_init=False --set scaffold=txtl_model4_three_state --set model_class=ode_rnn_sparse_theta_v2 --set anchor_mode=uniform --set n_theta_anchors=6 --set seed=1

Using device: cuda
Experiment: experiments/txtl_ladder_old_combined/20260525_054706_M4_K6_s1
Study: txtl_ladder_old_combined | Run ID: 20260525_054706_M4_K6_s1
Split: stratified | seed=42 | bins=5 | targets=[3, 5] | n_test=87 n_val=87 n_train=517
/home/bob-van-sluijs/anaconda3/envs/oliver_env/lib/python3.13/site-packages/torch/cuda/__init__.py:1007: UserWarning: Can't initialize NVML
  raw_cnt = _raw_device_count_nvml()
Partial-observability lift: scaffold.P=4, P_obs=7, obs_state_idx=[0, 2], control_state_map={'DNA c': 3}
The model compiled successfully
LR warmup: 5 epochs (2.00e-03 target)
Data: N=691 | train=517 | val=87 | test=87
Dims: P_obs=7 | scaffold=txtl_model4_three_state | U=13
Species: mm, pm
Partial-observability lift active: dataset_obs_idx=[3, 5] → scaffold_obs_idx=[0, 2].
Lift by-name IC copy: DNA→DNA@3
ep    1 | train 5.500378 | val 4.394543 | best 4.394543 | tf=1  [mm:2.7310  pm:6.0581] | 18.82s
ep    2 | train 4.585227 | val 3.490889 | best 3.490889 | tf=1  [mm:3.1295  pm:3.8523] | 16.16s
ep    3 | train 3.701724 | val 2.980319 | best 2.980319 | tf=1  [mm:2.1714  pm:3.7893] | 15.66s
ep    4 | train 3.685648 | val 3.217130 | best 2.980319 | tf=1  [mm:2.1698  pm:4.2645] | 15.85s
ep    5 | train 3.418298 | val 2.747323 | best 2.747323 | tf=1  [mm:1.9797  pm:3.5149] | 16.20s
ep    6 | train 3.581758 | val 2.829507 | best 2.747323 | tf=1  [mm:1.9191  pm:3.7399] | 16.60s
ep    7 | train 3.508132 | val 2.756640 | best 2.747323 | tf=1  [mm:1.9440  pm:3.5693] | 16.51s
ep    8 | train 3.492950 | val 2.941439 | best 2.747323 | tf=1  [mm:2.0650  pm:3.8178] | 16.44s
ep    9 | train 3.456310 | val 2.703202 | best 2.703202 | tf=1  [mm:1.9535  pm:3.4529] | 16.00s
ep   10 | train 3.181393 | val 2.777194 | best 2.703202 | tf=1  [mm:2.0278  pm:3.5266] | 15.83s
ep   11 | train 3.274282 | val 2.930738 | best 2.703202 | tf=1  [mm:1.9864  pm:3.8751] | 15.80s
ep   12 | train 3.321929 | val 2.927417 | best 2.703202 | tf=1  [mm:2.3783  pm:3.4765] | 16.03s
ep   13 | train 3.386671 | val 2.893341 | best 2.703202 | tf=1  [mm:1.9689  pm:3.8177] | 16.31s
ep   14 | train 3.334679 | val 2.716792 | best 2.703202 | tf=1  [mm:1.9477  pm:3.4859] | 16.70s
ep   15 | train 3.334988 | val 2.876452 | best 2.703202 | tf=1  [mm:1.9949  pm:3.7580] | 16.46s
ep   16 | train 3.625505 | val 2.717601 | best 2.703202 | tf=1  [mm:1.9519  pm:3.4833] | 15.97s
ep   17 | train 3.147083 | val 2.706077 | best 2.703202 | tf=1  [mm:1.9706  pm:3.4416] | 15.83s
ep   18 | train 3.190414 | val 2.692652 | best 2.692652 | tf=1  [mm:1.9337  pm:3.4516] | 15.91s
ep   19 | train 3.180077 | val 2.775027 | best 2.692652 | tf=1  [mm:2.0204  pm:3.5296] | 15.78s
ep   20 | train 3.180775 | val 2.719751 | best 2.692652 | tf=1  [mm:2.0225  pm:3.4170] | 15.87s
ep   21 | train 3.014489 | val 2.745807 | best 2.692652 | tf=1  [mm:1.8775  pm:3.6141] | 16.05s
ep   22 | train 2.807698 | val 3.285324 | best 2.692652 | tf=1  [mm:1.8765  pm:4.6941] | 16.49s
ep   23 | train 2.628570 | val 3.294026 | best 2.692652 | tf=1  [mm:1.9416  pm:4.6464] | 16.74s
ep   24 | train 3.594896 | val 2.661772 | best 2.661772 | tf=1  [mm:1.8057  pm:3.5178] | 16.35s
ep   25 | train 3.077125 | val 2.681343 | best 2.661772 | tf=1  [mm:1.7821  pm:3.5806] | 15.88s
ep   26 | train 3.076929 | val 2.584793 | best 2.584793 | tf=1  [mm:1.8723  pm:3.2972] | 15.56s
ep   27 | train 3.047881 | val 3.047914 | best 2.584793 | tf=1  [mm:2.4659  pm:3.6299] | 15.48s
ep   28 | train 3.033938 | val 2.483469 | best 2.483469 | tf=1  [mm:1.7035  pm:3.2634] | 15.56s
ep   29 | train 2.744477 | val 2.519665 | best 2.483469 | tf=1  [mm:1.7204  pm:3.3189] | 15.52s
ep   30 | train 2.869910 | val 2.335490 | best 2.335490 | tf=1  [mm:1.7012  pm:2.9697] | 15.48s
ep   31 | train 2.767853 | val 2.269127 | best 2.269127 | tf=1  [mm:1.6055  pm:2.9328] | 15.53s
ep   32 | train 2.429995 | val 2.635130 | best 2.269127 | tf=1  [mm:1.8660  pm:3.4043] | 15.49s
ep   33 | train 2.369406 | val 2.403178 | best 2.269127 | tf=1  [mm:1.8978  pm:2.9086] | 15.51s
ep   34 | train 2.287901 | val 2.387835 | best 2.269127 | tf=1  [mm:1.7075  pm:3.0682] | 15.43s
ep   35 | train 2.151391 | val 2.249564 | best 2.249564 | tf=1  [mm:1.5575  pm:2.9416] | 15.48s
ep   36 | train 2.025571 | val 2.144839 | best 2.144839 | tf=1  [mm:1.5266  pm:2.7631] | 15.49s
ep   37 | train 1.965645 | val 2.139506 | best 2.139506 | tf=1  [mm:1.4661  pm:2.8129] | 15.54s
ep   38 | train 1.762243 | val 2.339162 | best 2.139506 | tf=1  [mm:1.5032  pm:3.1751] | 15.50s
ep   39 | train 1.840413 | val 2.319192 | best 2.139506 | tf=1  [mm:1.6699  pm:2.9685] | 15.54s
ep   40 | train 1.710505 | val 2.331416 | best 2.139506 | tf=1  [mm:1.5407  pm:3.1221] | 15.50s
ep   41 | train 1.622867 | val 2.170818 | best 2.139506 | tf=1  [mm:1.4459  pm:2.8957] | 15.44s
ep   42 | train 1.531522 | val 2.150744 | best 2.139506 | tf=1  [mm:1.3415  pm:2.9600] | 15.45s
ep   43 | train 1.639815 | val 2.270904 | best 2.139506 | tf=1  [mm:1.5331  pm:3.0087] | 15.47s
ep   44 | train 1.457106 | val 2.244875 | best 2.139506 | tf=1  [mm:1.5573  pm:2.9324] | 15.44s
ep   45 | train 1.524793 | val 2.626774 | best 2.139506 | tf=1  [mm:1.5545  pm:3.6990] | 15.44s
ep   46 | train 1.418963 | val 2.456424 | best 2.139506 | tf=1  [mm:1.4545  pm:3.4583] | 15.44s
ep   47 | train 1.349041 | val 2.206344 | best 2.139506 | tf=1  [mm:1.5772  pm:2.8355] | 15.45s
ep   48 | train 1.379899 | val 2.193046 | best 2.139506 | tf=1  [mm:1.3815  pm:3.0046] | 15.50s
ep   49 | train 1.193254 | val 2.412097 | best 2.139506 | tf=1  [mm:1.2416  pm:3.5826] | 15.48s
ep   50 | train 1.171583 | val 2.065823 | best 2.065823 | tf=1  [mm:1.3468  pm:2.7848] | 15.52s
ep   51 | train 1.092397 | val 2.321702 | best 2.065823 | tf=1  [mm:1.3761  pm:3.2673] | 15.47s
ep   52 | train 1.032551 | val 2.243566 | best 2.065823 | tf=1  [mm:1.2869  pm:3.2002] | 15.45s
ep   53 | train 0.985375 | val 2.435272 | best 2.065823 | tf=1  [mm:1.2817  pm:3.5888] | 15.43s
ep   54 | train 1.055405 | val 2.100889 | best 2.065823 | tf=1  [mm:1.2718  pm:2.9299] | 15.54s
ep   55 | train 1.002896 | val 2.528694 | best 2.065823 | tf=1  [mm:1.3815  pm:3.6759] | 15.48s
ep   56 | train 1.042535 | val 2.271704 | best 2.065823 | tf=1  [mm:1.3262  pm:3.2172] | 15.45s
ep   57 | train 1.020992 | val 2.302508 | best 2.065823 | tf=1  [mm:1.4882  pm:3.1169] | 15.46s
ep   58 | train 0.989540 | val 2.311135 | best 2.065823 | tf=1  [mm:1.3501  pm:3.2722] | 15.41s
ep   59 | train 0.966747 | val 2.185886 | best 2.065823 | tf=1  [mm:1.3412  pm:3.0306] | 15.48s
ep   60 | train 0.877894 | val 2.228528 | best 2.065823 | tf=1  [mm:1.3733  pm:3.0838] | 15.55s
ep   61 | train 0.906325 | val 2.390340 | best 2.065823 | tf=1  [mm:1.3859  pm:3.3948] | 15.48s
ep   62 | train 0.925488 | val 2.281625 | best 2.065823 | tf=1  [mm:1.3024  pm:3.2609] | 15.47s
ep   63 | train 0.910019 | val 2.226525 | best 2.065823 | tf=1  [mm:1.1633  pm:3.2898] | 15.35s
ep   64 | train 0.857526 | val 2.268375 | best 2.065823 | tf=1  [mm:1.2364  pm:3.3004] | 15.42s
ep   65 | train 0.863118 | val 2.128011 | best 2.065823 | tf=1  [mm:1.2633  pm:2.9927] | 15.45s
ep   66 | train 0.833629 | val 2.221050 | best 2.065823 | tf=1  [mm:1.2760  pm:3.1661] | 15.43s
ep   67 | train 0.916456 | val 2.004125 | best 2.004125 | tf=1  [mm:1.3570  pm:2.6513] | 15.53s
ep   68 | train 0.862303 | val 2.385489 | best 2.004125 | tf=1  [mm:1.3352  pm:3.4358] | 15.45s
ep   69 | train 0.869992 | val 2.213620 | best 2.004125 | tf=1  [mm:1.3133  pm:3.1140] | 15.54s
ep   70 | train 0.830518 | val 2.156315 | best 2.004125 | tf=1  [mm:1.3074  pm:3.0052] | 15.42s
ep   71 | train 0.850913 | val 2.154457 | best 2.004125 | tf=1  [mm:1.2787  pm:3.0302] | 15.46s
ep   72 | train 0.825575 | val 2.257950 | best 2.004125 | tf=1  [mm:1.2589  pm:3.2570] | 15.43s
ep   73 | train 0.844289 | val 2.325439 | best 2.004125 | tf=1  [mm:1.3249  pm:3.3260] | 15.50s
ep   74 | train 0.823354 | val 2.366920 | best 2.004125 | tf=1  [mm:1.4001  pm:3.3338] | 15.58s
ep   75 | train 0.906146 | val 2.061775 | best 2.004125 | tf=1  [mm:1.2778  pm:2.8457] | 15.41s
ep   76 | train 0.871543 | val 2.158009 | best 2.004125 | tf=1  [mm:1.2453  pm:3.0707] | 15.48s
ep   77 | train 0.909668 | val 2.194036 | best 2.004125 | tf=1  [mm:1.2462  pm:3.1419] | 15.45s
ep   78 | train 0.865669 | val 2.074907 | best 2.004125 | tf=1  [mm:1.1804  pm:2.9694] | 15.47s
ep   79 | train 0.809406 | val 2.117627 | best 2.004125 | tf=1  [mm:1.3259  pm:2.9094] | 14.96s
ep   80 | train 0.793402 | val 2.107702 | best 2.004125 | tf=1  [mm:1.2687  pm:2.9467] | 14.56s
ep   81 | train 0.806591 | val 2.071283 | best 2.004125 | tf=1  [mm:1.2877  pm:2.8549] | 14.61s
ep   82 | train 0.817535 | val 2.193423 | best 2.004125 | tf=1  [mm:1.2425  pm:3.1444] | 15.10s
ep   83 | train 0.805591 | val 2.070738 | best 2.004125 | tf=1  [mm:1.1860  pm:2.9555] | 15.36s
ep   84 | train 0.791741 | val 2.145251 | best 2.004125 | tf=1  [mm:1.2001  pm:3.0904] | 15.37s
ep   85 | train 0.771625 | val 2.037738 | best 2.004125 | tf=1  [mm:1.1707  pm:2.9048] | 15.36s
ep   86 | train 0.739413 | val 2.072600 | best 2.004125 | tf=1  [mm:1.1758  pm:2.9694] | 15.38s
ep   87 | train 0.796225 | val 2.054593 | best 2.004125 | tf=1  [mm:1.2590  pm:2.8502] | 15.53s
ep   88 | train 0.773625 | val 2.188609 | best 2.004125 | tf=1  [mm:1.2689  pm:3.1084] | 15.47s
ep   89 | train 0.784379 | val 1.964258 | best 1.964258 | tf=1  [mm:1.2322  pm:2.6963] | 16.61s
ep   90 | train 0.756805 | val 2.081646 | best 1.964258 | tf=1  [mm:1.2602  pm:2.9031] | 16.74s
ep   91 | train 0.787605 | val 2.000623 | best 1.964258 | tf=1  [mm:1.2814  pm:2.7199] | 16.46s
ep   92 | train 0.772467 | val 2.065644 | best 1.964258 | tf=1  [mm:1.2412  pm:2.8901] | 16.25s
ep   93 | train 0.743539 | val 1.990387 | best 1.964258 | tf=1  [mm:1.3317  pm:2.6491] | 15.99s
ep   94 | train 0.771930 | val 2.077471 | best 1.964258 | tf=1  [mm:1.2608  pm:2.8942] | 15.76s
ep   95 | train 0.740635 | val 1.986066 | best 1.964258 | tf=1  [mm:1.3049  pm:2.6672] | 15.84s
ep   96 | train 0.739349 | val 2.105147 | best 1.964258 | tf=1  [mm:1.2859  pm:2.9244] | 15.92s
ep   97 | train 0.755038 | val 2.061698 | best 1.964258 | tf=1  [mm:1.2602  pm:2.8632] | 16.31s
ep   98 | train 0.747115 | val 2.031026 | best 1.964258 | tf=1  [mm:1.1814  pm:2.8806] | 16.39s
ep   99 | train 0.733044 | val 2.098841 | best 1.964258 | tf=1  [mm:1.1699  pm:3.0277] | 16.64s
ep  100 | train 1.150662 | val 2.668682 | best 1.964258 | tf=0  [mm:1.9047  pm:3.4327] | 16.62s

Test loss (best model): 1.958460  [mm:1.4387  pm:2.4782]
Saved best model to experiments/txtl_ladder_old_combined/20260525_054706_M4_K6_s1/model.pt

Training completed in 1579.78s (26.33m)
Peak GPU memory: 8.68 GB
[rebuild] partial-obs lift: dataset_obs_idx=[3, 5] → scaffold_obs_idx=[0, 2] (P=4)
Loading checkpoint: experiments/txtl_ladder_old_combined/20260525_054706_M4_K6_s1/model.pt
[plot_predictions] n_samples=5, plot_ds_len=87
[plot_predictions] y0.shape=(5, 4), u_seq.shape=(5, 1496, 13), y_seq.shape=(5, 1496, 4), dt_seq.shape=(5, 1496)
Saved plots to experiments/txtl_ladder_old_combined/20260525_054706_M4_K6_s1/plots
[rebuild] partial-obs lift: dataset_obs_idx=[3, 5] → scaffold_obs_idx=[0, 2] (P=4)
Loading checkpoint: experiments/txtl_ladder_old_combined/20260525_054706_M4_K6_s1/model.pt
[epoch overlay] saved: experiments/txtl_ladder_old_combined/20260525_054706_M4_K6_s1/plots/pred_overlays_sample000.png

Running endpoint R² analysis...
[rebuild] partial-obs lift: dataset_obs_idx=[3, 5] → scaffold_obs_idx=[0, 2] (P=4)
Loading checkpoint: experiments/txtl_ladder_old_combined/20260525_054706_M4_K6_s1/model.pt
  R²(protein final) = 0.0455
  R²(mRNA max)      = 0.3154
Saved plot -> experiments/txtl_ladder_old_combined/20260525_054706_M4_K6_s1/endpoint_r2.png
