$ python -u last-layer-ode/train.py --config configs/txtl_gru_new_baseline.yaml --set study=txtl_ladder_old_combined --set out_root=experiments --set exp_name=M8_K6_s1 --set epochs=100 --set endpoint_r2=True --set obs_idx='[3, 5]' --set warmup_epochs=5 --set hidden=600 --set dataset_path=datasets/cell-free/txtl_native_old_only.npz --set val_n=87 --set test_n=87 --set stratify_z_expr=False --set test_real_only=False --set stratified_split=True --set stratify_targets='[3, 5]' --set stratify_bins=5 --set stratify_by_source=True --set subtract_channel_min=True --set subtract_channel_min_cols='[3, 5]' --set encoder_use_log_dt=True --set plot_extra_new_samples=0 --set y0_theta_init=False --set scaffold=txtl_model8_reagent_resource --set model_class=ode_rnn_sparse_theta_v2 --set anchor_mode=uniform --set n_theta_anchors=6 --set seed=1

Using device: cuda
Experiment: experiments/txtl_ladder_old_combined/20260525_100135_M8_K6_s1
Study: txtl_ladder_old_combined | Run ID: 20260525_100135_M8_K6_s1
Split: stratified | seed=42 | bins=5 | targets=[3, 5] | n_test=87 n_val=87 n_train=517
/home/bob-van-sluijs/anaconda3/envs/oliver_env/lib/python3.13/site-packages/torch/cuda/__init__.py:1007: UserWarning: Can't initialize NVML
  raw_cnt = _raw_device_count_nvml()
Partial-observability lift: scaffold.P=12, P_obs=7, obs_state_idx=[8, 10], control_state_map={'DNA c': 11, 'NTPs': 0, 'FB': 0, 'Maltose': 0, 'AA': 1, 'T7RNAP': 2, 'Mg-Glut': 3, 'K-Glut': 4, 'PEG8000': 5}
The model compiled successfully
LR warmup: 5 epochs (2.00e-03 target)
Data: N=691 | train=517 | val=87 | test=87
Dims: P_obs=7 | scaffold=txtl_model8_reagent_resource | U=13
Species: mm, pm
Partial-observability lift active: dataset_obs_idx=[3, 5] → scaffold_obs_idx=[8, 10].
Lift by-name IC copy: m→m@7, p→p@9, DNA→DNA@11
ep    1 | train 19.593990 | val 19.499491 | best 19.499491 | tf=1  [mm:15.9105  pm:23.0885] | 43.34s
ep    2 | train 14.152094 | val 12.136642 | best 12.136642 | tf=1  [mm:3.5371  pm:20.7362] | 32.62s
ep    3 | train 12.975815 | val 11.816346 | best 11.816346 | tf=1  [mm:3.6428  pm:19.9899] | 32.06s
ep    4 | train 12.656979 | val 11.652756 | best 11.652756 | tf=1  [mm:3.3385  pm:19.9670] | 32.61s
ep    5 | train 12.379220 | val 11.689463 | best 11.652756 | tf=1  [mm:3.4851  pm:19.8939] | 32.59s
ep    6 | train 12.088907 | val 11.740772 | best 11.652756 | tf=1  [mm:3.4209  pm:20.0606] | 32.63s
ep    7 | train 12.249742 | val 11.906852 | best 11.652756 | tf=1  [mm:3.5039  pm:20.3098] | 32.63s
ep    8 | train 12.309320 | val 11.591203 | best 11.591203 | tf=1  [mm:3.2975  pm:19.8849] | 32.60s
ep    9 | train 12.027810 | val 11.562152 | best 11.562152 | tf=1  [mm:3.0585  pm:20.0658] | 32.67s
ep   10 | train 12.336675 | val 11.483954 | best 11.483954 | tf=1  [mm:2.9817  pm:19.9862] | 32.94s
ep   11 | train 12.109945 | val 11.556636 | best 11.483954 | tf=1  [mm:3.1317  pm:19.9816] | 32.96s
ep   12 | train 11.630142 | val 11.517348 | best 11.483954 | tf=1  [mm:3.0611  pm:19.9736] | 33.02s
ep   13 | train 11.568588 | val 11.492076 | best 11.483954 | tf=1  [mm:2.9884  pm:19.9957] | 32.96s
ep   14 | train 11.803599 | val 11.456485 | best 11.456485 | tf=1  [mm:2.9050  pm:20.0080] | 33.06s
ep   15 | train 12.072274 | val 11.599195 | best 11.456485 | tf=1  [mm:3.1754  pm:20.0230] | 32.90s
ep   16 | train 12.425016 | val 11.544161 | best 11.456485 | tf=1  [mm:3.1242  pm:19.9641] | 32.91s
ep   17 | train 11.652292 | val 11.473742 | best 11.456485 | tf=1  [mm:2.9742  pm:19.9733] | 32.88s
ep   18 | train 11.911667 | val 11.400810 | best 11.400810 | tf=1  [mm:2.8521  pm:19.9495] | 32.85s
ep   19 | train 12.256968 | val 11.705375 | best 11.400810 | tf=1  [mm:3.4116  pm:19.9991] | 32.90s
ep   20 | train 11.705383 | val 11.431311 | best 11.400810 | tf=1  [mm:2.8701  pm:19.9925] | 32.74s
ep   21 | train 12.384968 | val 11.533251 | best 11.400810 | tf=1  [mm:3.1540  pm:19.9125] | 32.81s
ep   22 | train 12.055993 | val 11.457326 | best 11.400810 | tf=1  [mm:2.8114  pm:20.1032] | 32.94s
ep   23 | train 11.965144 | val 11.506123 | best 11.400810 | tf=1  [mm:3.0661  pm:19.9461] | 32.87s
ep   24 | train 12.158475 | val 11.628881 | best 11.400810 | tf=1  [mm:3.3443  pm:19.9134] | 32.80s
ep   25 | train 12.099042 | val 11.508033 | best 11.400810 | tf=1  [mm:3.0362  pm:19.9799] | 32.80s
ep   26 | train 12.049212 | val 11.352170 | best 11.352170 | tf=1  [mm:2.7810  pm:19.9234] | 32.80s
ep   27 | train 12.182843 | val 11.419643 | best 11.352170 | tf=1  [mm:2.8345  pm:20.0048] | 32.85s
ep   28 | train 11.573924 | val 11.333418 | best 11.333418 | tf=1  [mm:2.7677  pm:19.8991] | 32.84s
ep   29 | train 12.153260 | val 11.438890 | best 11.333418 | tf=1  [mm:2.9937  pm:19.8841] | 32.84s
ep   30 | train 11.658027 | val 11.593444 | best 11.333418 | tf=1  [mm:3.2940  pm:19.8929] | 32.78s
ep   31 | train 11.402598 | val 11.383737 | best 11.333418 | tf=1  [mm:2.8500  pm:19.9174] | 32.87s
ep   32 | train 11.365919 | val 11.374397 | best 11.333418 | tf=1  [mm:2.8285  pm:19.9203] | 32.93s
ep   33 | train 11.712203 | val 11.321560 | best 11.321560 | tf=1  [mm:2.8383  pm:19.8049] | 32.93s
ep   34 | train 11.695101 | val 11.418493 | best 11.321560 | tf=1  [mm:2.9050  pm:19.9320] | 32.81s
ep   35 | train 11.471001 | val 11.302772 | best 11.302772 | tf=1  [mm:2.8186  pm:19.7869] | 32.88s
ep   36 | train 11.395050 | val 11.402764 | best 11.302772 | tf=1  [mm:2.9426  pm:19.8630] | 32.91s
ep   37 | train 11.534708 | val 11.388753 | best 11.302772 | tf=1  [mm:3.0414  pm:19.7361] | 32.87s
ep   38 | train 11.414101 | val 11.335503 | best 11.302772 | tf=1  [mm:2.9171  pm:19.7539] | 32.89s
ep   39 | train 11.710680 | val 11.359879 | best 11.302772 | tf=1  [mm:2.9485  pm:19.7713] | 32.92s
ep   40 | train 11.064884 | val 11.370152 | best 11.302772 | tf=1  [mm:2.9996  pm:19.7407] | 32.90s
ep   41 | train 11.339326 | val 11.445418 | best 11.302772 | tf=1  [mm:3.1433  pm:19.7476] | 32.85s
ep   42 | train 11.256677 | val 11.341636 | best 11.302772 | tf=1  [mm:2.8964  pm:19.7869] | 32.81s
ep   43 | train 11.257902 | val 11.426806 | best 11.302772 | tf=1  [mm:3.0990  pm:19.7546] | 32.93s
ep   44 | train 11.489842 | val 11.401813 | best 11.302772 | tf=1  [mm:3.0708  pm:19.7328] | 32.89s
ep   45 | train 10.982254 | val 11.392203 | best 11.302772 | tf=1  [mm:3.0607  pm:19.7237] | 32.89s
ep   46 | train 11.439668 | val 11.384548 | best 11.302772 | tf=1  [mm:3.0226  pm:19.7465] | 32.85s
ep   47 | train 11.467080 | val 11.443880 | best 11.302772 | tf=1  [mm:3.1974  pm:19.6904] | 32.88s
ep   48 | train 11.282000 | val 11.264163 | best 11.264163 | tf=1  [mm:2.9075  pm:19.6208] | 32.96s
ep   49 | train 11.388385 | val 11.520853 | best 11.264163 | tf=1  [mm:3.1582  pm:19.8835] | 32.89s
ep   50 | train 11.149642 | val 11.235271 | best 11.235271 | tf=1  [mm:2.8527  pm:19.6179] | 32.84s
ep   51 | train 11.585378 | val 11.201612 | best 11.201612 | tf=1  [mm:2.9059  pm:19.4973] | 32.83s
ep   52 | train 11.504006 | val 11.331549 | best 11.201612 | tf=1  [mm:2.9384  pm:19.7247] | 32.84s
ep   53 | train 11.665793 | val 11.347566 | best 11.201612 | tf=1  [mm:3.1162  pm:19.5790] | 32.80s
ep   54 | train 11.199635 | val 11.338141 | best 11.201612 | tf=1  [mm:3.0025  pm:19.6738] | 32.85s
ep   55 | train 11.116562 | val 11.254533 | best 11.201612 | tf=1  [mm:2.8070  pm:19.7021] | 32.92s
ep   56 | train 11.117005 | val 11.246624 | best 11.201612 | tf=1  [mm:2.8956  pm:19.5977] | 32.86s
ep   57 | train 11.022440 | val 11.255228 | best 11.201612 | tf=1  [mm:2.9231  pm:19.5874] | 32.81s
ep   58 | train 11.187766 | val 11.434875 | best 11.201612 | tf=1  [mm:2.9952  pm:19.8745] | 32.78s
ep   59 | train 11.380428 | val 11.208214 | best 11.201612 | tf=1  [mm:2.8949  pm:19.5215] | 32.89s
ep   60 | train 10.716388 | val 11.417687 | best 11.201612 | tf=1  [mm:3.0963  pm:19.7391] | 32.90s
ep   61 | train 11.413234 | val 11.430822 | best 11.201612 | tf=1  [mm:3.0657  pm:19.7959] | 32.86s
ep   62 | train 11.289400 | val 11.259426 | best 11.201612 | tf=1  [mm:2.8711  pm:19.6478] | 32.85s
ep   63 | train 10.937903 | val 11.460741 | best 11.201612 | tf=1  [mm:3.1294  pm:19.7921] | 32.87s
ep   64 | train 11.190508 | val 11.244684 | best 11.201612 | tf=1  [mm:2.9323  pm:19.5570] | 32.92s
ep   65 | train 11.058024 | val 11.344498 | best 11.201612 | tf=1  [mm:3.1598  pm:19.5292] | 32.92s
ep   66 | train 11.228391 | val 11.427567 | best 11.201612 | tf=1  [mm:3.0113  pm:19.8438] | 32.84s
ep   67 | train 11.187271 | val 11.380695 | best 11.201612 | tf=1  [mm:2.9533  pm:19.8081] | 32.89s
ep   68 | train 11.402948 | val 11.354625 | best 11.201612 | tf=1  [mm:2.9601  pm:19.7491] | 32.85s
ep   69 | train 10.735141 | val 11.369273 | best 11.201612 | tf=1  [mm:3.0819  pm:19.6566] | 32.61s
ep   70 | train 11.314533 | val 11.294678 | best 11.201612 | tf=1  [mm:2.9383  pm:19.6511] | 32.98s
ep   71 | train 10.935856 | val 11.314836 | best 11.201612 | tf=1  [mm:3.0680  pm:19.5617] | 32.93s
ep   72 | train 11.334294 | val 11.362194 | best 11.201612 | tf=1  [mm:2.9589  pm:19.7655] | 32.96s
ep   73 | train 11.467039 | val 11.372854 | best 11.201612 | tf=1  [mm:3.0442  pm:19.7015] | 33.02s
ep   74 | train 10.987796 | val 11.367713 | best 11.201612 | tf=1  [mm:3.1008  pm:19.6346] | 32.87s
ep   75 | train 11.467231 | val 11.388364 | best 11.201612 | tf=1  [mm:2.9860  pm:19.7907] | 32.80s
ep   76 | train 11.504531 | val 11.472486 | best 11.201612 | tf=1  [mm:3.0670  pm:19.8779] | 32.85s
ep   77 | train 11.371634 | val 11.498860 | best 11.201612 | tf=1  [mm:3.1012  pm:19.8965] | 32.85s
ep   78 | train 10.872813 | val 11.477346 | best 11.201612 | tf=1  [mm:3.0791  pm:19.8756] | 32.78s
ep   79 | train 11.902703 | val 11.372968 | best 11.201612 | tf=1  [mm:2.9737  pm:19.7722] | 32.84s
ep   80 | train 11.332777 | val 11.343075 | best 11.201612 | tf=1  [mm:3.0472  pm:19.6389] | 32.87s
ep   81 | train 11.329919 | val 11.340385 | best 11.201612 | tf=1  [mm:3.0367  pm:19.6441] | 33.04s
ep   82 | train 11.412665 | val 11.262713 | best 11.201612 | tf=1  [mm:2.9610  pm:19.5644] | 32.94s
ep   83 | train 11.153272 | val 11.291406 | best 11.201612 | tf=1  [mm:2.9992  pm:19.5836] | 32.89s
ep   84 | train 11.468210 | val 11.317746 | best 11.201612 | tf=1  [mm:3.0365  pm:19.5990] | 33.00s
ep   85 | train 11.154166 | val 11.264381 | best 11.201612 | tf=1  [mm:2.9931  pm:19.5356] | 32.96s
ep   86 | train 11.153600 | val 11.233775 | best 11.201612 | tf=1  [mm:2.9659  pm:19.5017] | 33.04s
ep   87 | train 11.818248 | val 11.212059 | best 11.201612 | tf=1  [mm:2.9487  pm:19.4754] | 32.96s
ep   88 | train 11.076958 | val 11.222528 | best 11.201612 | tf=1  [mm:2.9644  pm:19.4807] | 32.92s
ep   89 | train 11.141555 | val 11.178187 | best 11.178187 | tf=1  [mm:2.8833  pm:19.4731] | 32.85s
ep   90 | train 11.461940 | val 11.245323 | best 11.178187 | tf=1  [mm:3.0084  pm:19.4822] | 32.94s
ep   91 | train 11.128440 | val 11.221146 | best 11.178187 | tf=1  [mm:2.9156  pm:19.5267] | 32.89s
ep   92 | train 11.603684 | val 11.191893 | best 11.178187 | tf=1  [mm:2.9068  pm:19.4769] | 32.90s
ep   93 | train 11.429731 | val 11.210066 | best 11.178187 | tf=1  [mm:2.9173  pm:19.5028] | 32.88s
ep   94 | train 11.211188 | val 11.222680 | best 11.178187 | tf=1  [mm:2.9335  pm:19.5118] | 32.80s
ep   95 | train 11.666726 | val 11.192703 | best 11.178187 | tf=1  [mm:2.8825  pm:19.5030] | 32.87s
ep   96 | train 10.716100 | val 11.321289 | best 11.178187 | tf=1  [mm:3.1767  pm:19.4659] | 32.78s
ep   97 | train 11.370179 | val 11.259887 | best 11.178187 | tf=1  [mm:2.9885  pm:19.5313] | 32.96s
ep   98 | train 10.903504 | val 11.268038 | best 11.178187 | tf=1  [mm:2.9932  pm:19.5429] | 32.96s
ep   99 | train 11.591874 | val 11.235457 | best 11.178187 | tf=1  [mm:2.9347  pm:19.5362] | 32.93s
ep  100 | train 11.298281 | val 11.293417 | best 11.178187 | tf=0  [mm:3.0017  pm:19.5851] | 32.86s

Test loss (best model): 13.172960  [mm:2.5237  pm:23.8222]
Saved best model to experiments/txtl_ladder_old_combined/20260525_100135_M8_K6_s1/model.pt

Training completed in 3302.77s (55.05m)
Peak GPU memory: 8.83 GB
[rebuild] partial-obs lift: dataset_obs_idx=[3, 5] → scaffold_obs_idx=[8, 10] (P=12)
Loading checkpoint: experiments/txtl_ladder_old_combined/20260525_100135_M8_K6_s1/model.pt
[plot_predictions] n_samples=5, plot_ds_len=87
[plot_predictions] y0.shape=(5, 12), u_seq.shape=(5, 1496, 13), y_seq.shape=(5, 1496, 12), dt_seq.shape=(5, 1496)
Saved plots to experiments/txtl_ladder_old_combined/20260525_100135_M8_K6_s1/plots
[rebuild] partial-obs lift: dataset_obs_idx=[3, 5] → scaffold_obs_idx=[8, 10] (P=12)
Loading checkpoint: experiments/txtl_ladder_old_combined/20260525_100135_M8_K6_s1/model.pt
[epoch overlay] saved: experiments/txtl_ladder_old_combined/20260525_100135_M8_K6_s1/plots/pred_overlays_sample000.png

Running endpoint R² analysis...
[rebuild] partial-obs lift: dataset_obs_idx=[3, 5] → scaffold_obs_idx=[8, 10] (P=12)
Loading checkpoint: experiments/txtl_ladder_old_combined/20260525_100135_M8_K6_s1/model.pt
  R²(protein final) = -0.6322
  R²(mRNA max)      = -0.1605
Saved plot -> experiments/txtl_ladder_old_combined/20260525_100135_M8_K6_s1/endpoint_r2.png
