$ python -u last-layer-ode/train.py --config configs/txtl_gru_new_baseline.yaml --set study=txtl_ladder_old_combined --set out_root=experiments --set exp_name=M5_plain_y0on_s1 --set epochs=100 --set endpoint_r2=True --set obs_idx='[3, 5]' --set warmup_epochs=5 --set hidden=600 --set dataset_path=datasets/cell-free/txtl_native_old_only.npz --set val_n=87 --set test_n=87 --set stratify_z_expr=False --set test_real_only=False --set stratified_split=True --set stratify_targets='[3, 5]' --set stratify_bins=5 --set stratify_by_source=True --set subtract_channel_min=True --set subtract_channel_min_cols='[3, 5]' --set encoder_use_log_dt=True --set plot_extra_new_samples=0 --set model_class=ode_rnn --set scaffold=txtl_resource_and_maturation_dna --set seed=1 --set y0_theta_init=True

Using device: cuda
Experiment: experiments/txtl_ladder_old_combined/20260525_031601_M5_plain_y0on_s1
Study: txtl_ladder_old_combined | Run ID: 20260525_031601_M5_plain_y0on_s1
Split: stratified | seed=42 | bins=5 | targets=[3, 5] | n_test=87 n_val=87 n_train=517
/home/bob-van-sluijs/anaconda3/envs/oliver_env/lib/python3.13/site-packages/torch/cuda/__init__.py:1007: UserWarning: Can't initialize NVML
  raw_cnt = _raw_device_count_nvml()
The model compiled successfully
LR warmup: 5 epochs (2.00e-03 target)
Data: N=691 | train=517 | val=87 | test=87
Dims: P_obs=7 | scaffold=txtl_resource_and_maturation_dna | U=13
Species: mm, pm
Supervising only species indices: [3, 5]
ep    1 | train 3.959274 | val 3.229302 | best 3.229302 | tf=1  [mm:2.2823  pm:4.1763] | 27.76s
ep    2 | train 9.655183 | val 4.515325 | best 3.229302 | tf=1  [mm:4.1954  pm:4.8353] | 23.27s
ep    3 | train 4.023871 | val 3.431536 | best 3.229302 | tf=1  [mm:2.4531  pm:4.4100] | 22.86s
ep    4 | train 3.733703 | val 3.061862 | best 3.061862 | tf=1  [mm:2.2960  pm:3.8278] | 22.96s
ep    5 | train 3.796315 | val 2.808026 | best 2.808026 | tf=1  [mm:2.1989  pm:3.4171] | 23.01s
ep    6 | train 3.791866 | val 3.031287 | best 2.808026 | tf=1  [mm:2.1458  pm:3.9168] | 22.97s
ep    7 | train 3.466327 | val 2.757363 | best 2.757363 | tf=1  [mm:2.1154  pm:3.3993] | 22.92s
ep    8 | train 3.343636 | val 3.238896 | best 2.757363 | tf=1  [mm:2.4749  pm:4.0028] | 22.93s
ep    9 | train 3.765615 | val 3.416005 | best 2.757363 | tf=1  [mm:2.1019  pm:4.7301] | 22.95s
ep   10 | train 3.516134 | val 2.648810 | best 2.648810 | tf=1  [mm:1.8400  pm:3.4576] | 22.90s
ep   11 | train 3.222265 | val 2.954039 | best 2.648810 | tf=1  [mm:1.9497  pm:3.9584] | 22.95s
ep   12 | train 2.948222 | val 2.592979 | best 2.592979 | tf=1  [mm:1.6036  pm:3.5823] | 23.03s
ep   13 | train 2.955170 | val 2.266842 | best 2.266842 | tf=1  [mm:1.6071  pm:2.9266] | 23.00s
ep   14 | train 2.651445 | val 2.271588 | best 2.266842 | tf=1  [mm:1.4520  pm:3.0911] | 22.74s
ep   15 | train 2.372301 | val 2.193977 | best 2.193977 | tf=1  [mm:1.5795  pm:2.8085] | 22.62s
ep   16 | train 2.324151 | val 2.199915 | best 2.193977 | tf=1  [mm:1.3649  pm:3.0349] | 22.55s
ep   17 | train 2.145531 | val 2.063181 | best 2.063181 | tf=1  [mm:1.4681  pm:2.6582] | 22.63s
ep   18 | train 2.161135 | val 2.352066 | best 2.063181 | tf=1  [mm:1.6728  pm:3.0313] | 23.01s
ep   19 | train 2.065636 | val 2.359595 | best 2.063181 | tf=1  [mm:1.4155  pm:3.3036] | 22.99s
ep   20 | train 1.696430 | val 2.637783 | best 2.063181 | tf=1  [mm:1.4052  pm:3.8704] | 22.91s
ep   21 | train 1.659314 | val 2.446371 | best 2.063181 | tf=1  [mm:1.2579  pm:3.6348] | 22.96s
ep   22 | train 1.526360 | val 3.477034 | best 2.063181 | tf=1  [mm:1.3659  pm:5.5881] | 22.93s
ep   23 | train 1.527813 | val 2.167921 | best 2.063181 | tf=1  [mm:1.3563  pm:2.9796] | 22.94s
ep   24 | train 1.465736 | val 2.380101 | best 2.063181 | tf=1  [mm:1.3749  pm:3.3853] | 22.97s
ep   25 | train 1.247570 | val 2.107136 | best 2.063181 | tf=1  [mm:1.2749  pm:2.9394] | 22.93s
ep   26 | train 1.112312 | val 2.332930 | best 2.063181 | tf=1  [mm:1.1824  pm:3.4834] | 22.92s
ep   27 | train 0.996544 | val 2.321795 | best 2.063181 | tf=1  [mm:1.2011  pm:3.4425] | 22.96s
ep   28 | train 1.078068 | val 1.965612 | best 1.965612 | tf=1  [mm:1.0304  pm:2.9008] | 22.98s
ep   29 | train 1.004567 | val 2.313909 | best 1.965612 | tf=1  [mm:1.1093  pm:3.5185] | 22.93s
ep   30 | train 0.981065 | val 2.756397 | best 1.965612 | tf=1  [mm:1.2292  pm:4.2835] | 22.95s
ep   31 | train 0.945324 | val 2.801174 | best 1.965612 | tf=1  [mm:1.4443  pm:4.1580] | 22.93s
ep   32 | train 0.846462 | val 2.033247 | best 1.965612 | tf=1  [mm:1.2981  pm:2.7684] | 22.88s
ep   33 | train 0.786239 | val 2.091398 | best 1.965612 | tf=1  [mm:1.1497  pm:3.0331] | 22.88s
ep   34 | train 0.700405 | val 2.551278 | best 1.965612 | tf=1  [mm:1.1552  pm:3.9473] | 22.91s
ep   35 | train 0.692391 | val 2.305326 | best 1.965612 | tf=1  [mm:1.2660  pm:3.3447] | 22.93s
ep   36 | train 0.643471 | val 2.775824 | best 1.965612 | tf=1  [mm:1.1022  pm:4.4495] | 22.93s
ep   37 | train 0.652182 | val 2.290947 | best 1.965612 | tf=1  [mm:1.2150  pm:3.3669] | 22.90s
ep   38 | train 0.653023 | val 2.656811 | best 1.965612 | tf=1  [mm:1.0719  pm:4.2417] | 22.93s
ep   39 | train 0.602361 | val 2.390084 | best 1.965612 | tf=1  [mm:1.1478  pm:3.6323] | 22.95s
ep   40 | train 0.590209 | val 2.433620 | best 1.965612 | tf=1  [mm:1.1886  pm:3.6786] | 23.02s
ep   41 | train 0.566736 | val 2.133722 | best 1.965612 | tf=1  [mm:0.9930  pm:3.2745] | 22.91s
ep   42 | train 0.561235 | val 2.559310 | best 1.965612 | tf=1  [mm:1.2536  pm:3.8650] | 22.99s
ep   43 | train 0.516726 | val 2.749215 | best 1.965612 | tf=1  [mm:1.1363  pm:4.3621] | 22.90s
ep   44 | train 0.508424 | val 3.306340 | best 1.965612 | tf=1  [mm:1.3472  pm:5.2655] | 22.84s
ep   45 | train 0.564610 | val 2.273072 | best 1.965612 | tf=1  [mm:1.2303  pm:3.3158] | 22.95s
ep   46 | train 0.484688 | val 2.743032 | best 1.965612 | tf=1  [mm:1.4560  pm:4.0301] | 22.98s
ep   47 | train 0.549532 | val 2.900311 | best 1.965612 | tf=1  [mm:0.8722  pm:4.9284] | 22.94s
ep   48 | train 0.536557 | val 2.575094 | best 1.965612 | tf=1  [mm:1.0423  pm:4.1078] | 22.90s
ep   49 | train 0.505357 | val 2.360772 | best 1.965612 | tf=1  [mm:1.1108  pm:3.6107] | 22.91s
ep   50 | train 0.515613 | val 3.427223 | best 1.965612 | tf=1  [mm:1.2373  pm:5.6171] | 22.96s
ep   51 | train 0.526610 | val 2.611533 | best 1.965612 | tf=1  [mm:1.1116  pm:4.1114] | 22.95s
ep   52 | train 0.516791 | val 2.833299 | best 1.965612 | tf=1  [mm:1.1066  pm:4.5600] | 22.87s
ep   53 | train 0.440351 | val 2.485176 | best 1.965612 | tf=1  [mm:1.0365  pm:3.9339] | 22.87s
ep   54 | train 0.479232 | val 2.422171 | best 1.965612 | tf=1  [mm:1.0268  pm:3.8176] | 22.88s
ep   55 | train 0.402065 | val 2.799439 | best 1.965612 | tf=1  [mm:1.1819  pm:4.4170] | 23.04s
ep   56 | train 0.358504 | val 2.820751 | best 1.965612 | tf=1  [mm:1.1617  pm:4.4798] | 22.87s
ep   57 | train 0.352040 | val 2.833676 | best 1.965612 | tf=1  [mm:1.3394  pm:4.3279] | 22.84s
ep   58 | train 0.335881 | val 2.365504 | best 1.965612 | tf=1  [mm:1.0614  pm:3.6696] | 22.90s
ep   59 | train 0.366276 | val 2.659310 | best 1.965612 | tf=1  [mm:1.2173  pm:4.1014] | 22.82s
ep   60 | train 0.342192 | val 2.424051 | best 1.965612 | tf=1  [mm:1.0426  pm:3.8055] | 22.89s
ep   61 | train 0.362710 | val 2.913532 | best 1.965612 | tf=1  [mm:1.1419  pm:4.6851] | 22.87s
ep   62 | train 0.381458 | val 2.532410 | best 1.965612 | tf=1  [mm:1.1355  pm:3.9294] | 22.90s
ep   63 | train 0.405729 | val 3.027498 | best 1.965612 | tf=1  [mm:1.2518  pm:4.8032] | 22.94s
ep   64 | train 0.363905 | val 2.844636 | best 1.965612 | tf=1  [mm:1.2524  pm:4.4368] | 22.87s
ep   65 | train 0.363101 | val 2.490254 | best 1.965612 | tf=1  [mm:0.9657  pm:4.0148] | 22.93s
ep   66 | train 0.424252 | val 2.402862 | best 1.965612 | tf=1  [mm:1.1405  pm:3.6652] | 22.86s
ep   67 | train 0.377137 | val 2.519756 | best 1.965612 | tf=1  [mm:1.0080  pm:4.0315] | 22.88s
ep   68 | train 0.364135 | val 2.652052 | best 1.965612 | tf=1  [mm:1.3125  pm:3.9916] | 22.93s
ep   69 | train 0.380890 | val 2.474993 | best 1.965612 | tf=1  [mm:1.3123  pm:3.6377] | 22.84s
ep   70 | train 0.405031 | val 3.146017 | best 1.965612 | tf=1  [mm:1.1407  pm:5.1514] | 22.94s
ep   71 | train 0.416865 | val 2.253550 | best 1.965612 | tf=1  [mm:1.2175  pm:3.2896] | 22.92s
ep   72 | train 0.477666 | val 3.116176 | best 1.965612 | tf=1  [mm:1.0980  pm:5.1343] | 22.92s
ep   73 | train 0.457448 | val 2.480839 | best 1.965612 | tf=1  [mm:1.2243  pm:3.7374] | 23.04s
ep   74 | train 0.488449 | val 3.452695 | best 1.965612 | tf=1  [mm:1.1655  pm:5.7399] | 22.97s
ep   75 | train 0.540230 | val 2.815947 | best 1.965612 | tf=1  [mm:1.2313  pm:4.4006] | 22.89s
ep   76 | train 0.421580 | val 3.374342 | best 1.965612 | tf=1  [mm:1.1885  pm:5.5602] | 22.87s
ep   77 | train 0.370341 | val 2.291992 | best 1.965612 | tf=1  [mm:1.1254  pm:3.4585] | 22.90s
ep   78 | train 0.353609 | val 2.560642 | best 1.965612 | tf=1  [mm:1.0964  pm:4.0249] | 22.92s
ep   79 | train 0.345137 | val 2.500495 | best 1.965612 | tf=1  [mm:1.1293  pm:3.8717] | 22.97s
ep   80 | train 0.329874 | val 2.866005 | best 1.965612 | tf=1  [mm:1.3111  pm:4.4209] | 22.90s
ep   81 | train 0.374469 | val 2.545448 | best 1.965612 | tf=1  [mm:1.3565  pm:3.7344] | 22.91s
ep   82 | train 0.325250 | val 2.606010 | best 1.965612 | tf=1  [mm:1.1327  pm:4.0793] | 22.88s
ep   83 | train 0.356042 | val 2.547504 | best 1.965612 | tf=1  [mm:1.3339  pm:3.7611] | 22.93s
ep   84 | train 0.333908 | val 2.740430 | best 1.965612 | tf=1  [mm:1.2883  pm:4.1925] | 22.96s
ep   85 | train 0.354439 | val 2.418813 | best 1.965612 | tf=1  [mm:1.1241  pm:3.7136] | 22.89s
ep   86 | train 0.309264 | val 2.409640 | best 1.965612 | tf=1  [mm:1.1020  pm:3.7172] | 22.86s
ep   87 | train 0.298633 | val 2.400952 | best 1.965612 | tf=1  [mm:1.2508  pm:3.5511] | 22.92s
ep   88 | train 0.285845 | val 2.457601 | best 1.965612 | tf=1  [mm:1.0820  pm:3.8332] | 22.89s
ep   89 | train 0.292946 | val 2.362454 | best 1.965612 | tf=1  [mm:1.1187  pm:3.6062] | 22.97s
ep   90 | train 0.310850 | val 2.455979 | best 1.965612 | tf=1  [mm:1.0720  pm:3.8400] | 22.93s
ep   91 | train 0.327642 | val 2.504168 | best 1.965612 | tf=1  [mm:1.3706  pm:3.6377] | 22.87s
ep   92 | train 0.301399 | val 2.217393 | best 1.965612 | tf=1  [mm:1.0198  pm:3.4150] | 22.89s
ep   93 | train 0.315942 | val 2.710083 | best 1.965612 | tf=1  [mm:1.4951  pm:3.9251] | 22.92s
ep   94 | train 0.281178 | val 2.348425 | best 1.965612 | tf=1  [mm:1.0965  pm:3.6004] | 22.92s
ep   95 | train 0.295882 | val 2.626141 | best 1.965612 | tf=1  [mm:1.2957  pm:3.9566] | 22.92s
ep   96 | train 0.292636 | val 2.461835 | best 1.965612 | tf=1  [mm:1.1903  pm:3.7334] | 22.90s
ep   97 | train 0.251841 | val 2.522504 | best 1.965612 | tf=1  [mm:1.1828  pm:3.8622] | 22.90s
ep   98 | train 0.257080 | val 2.610031 | best 1.965612 | tf=1  [mm:1.2659  pm:3.9542] | 22.93s
ep   99 | train 0.284042 | val 2.480153 | best 1.965612 | tf=1  [mm:1.1278  pm:3.8325] | 22.92s
ep  100 | train 0.386727 | val 2.255572 | best 1.965612 | tf=0  [mm:1.1450  pm:3.3662] | 22.96s

Test loss (best model): 1.629613  [mm:1.2620  pm:1.9972]
Saved best model to experiments/txtl_ladder_old_combined/20260525_031601_M5_plain_y0on_s1/model.pt

Training completed in 2302.94s (38.38m)
Peak GPU memory: 9.15 GB
Loading checkpoint: experiments/txtl_ladder_old_combined/20260525_031601_M5_plain_y0on_s1/model.pt
[plot_predictions] n_samples=5, plot_ds_len=87
[plot_predictions] y0.shape=(5, 7), u_seq.shape=(5, 1496, 13), y_seq.shape=(5, 1496, 7), dt_seq.shape=(5, 1496)
Saved plots to experiments/txtl_ladder_old_combined/20260525_031601_M5_plain_y0on_s1/plots
Loading checkpoint: experiments/txtl_ladder_old_combined/20260525_031601_M5_plain_y0on_s1/model.pt
[epoch overlay] saved: experiments/txtl_ladder_old_combined/20260525_031601_M5_plain_y0on_s1/plots/pred_overlays_sample000.png

Running endpoint R² analysis...
Loading checkpoint: experiments/txtl_ladder_old_combined/20260525_031601_M5_plain_y0on_s1/model.pt
  R²(protein final) = 0.1048
  R²(mRNA max)      = 0.2349
Saved plot -> experiments/txtl_ladder_old_combined/20260525_031601_M5_plain_y0on_s1/endpoint_r2.png
