$ python -u last-layer-ode/train.py --config configs/txtl_gru_new_baseline.yaml --set study=txtl_ladder_old_combined --set out_root=experiments --set exp_name=M5_drecipe_y0on_s1 --set epochs=100 --set endpoint_r2=True --set obs_idx='[3, 5]' --set warmup_epochs=5 --set hidden=600 --set dataset_path=datasets/cell-free/txtl_native_old_only.npz --set val_n=87 --set test_n=87 --set stratify_z_expr=False --set test_real_only=False --set stratified_split=True --set stratify_targets='[3, 5]' --set stratify_bins=5 --set stratify_by_source=True --set subtract_channel_min=True --set subtract_channel_min_cols='[3, 5]' --set encoder_use_log_dt=True --set plot_extra_new_samples=0 --set model_class=ode_rnn --set scaffold=txtl_resource_and_maturation_dna --set seed=1 --set y0_theta_init=True --set use_ivtt_mse_loss=False --set species_weights='{3: 1.25, 5: 1.0}' --set time_upweight='{5: [0.5, 3.0]}' --set lambda_endpoint=0.1 --set endpoint_channels='[5]' --set loss_normalizer_channels=3 --set loss_clamp_min=1.0

Using device: cuda
Experiment: experiments/txtl_ladder_old_combined/20260525_020125_M5_drecipe_y0on_s1
Study: txtl_ladder_old_combined | Run ID: 20260525_020125_M5_drecipe_y0on_s1
Split: stratified | seed=42 | bins=5 | targets=[3, 5] | n_test=87 n_val=87 n_train=517
/home/bob-van-sluijs/anaconda3/envs/oliver_env/lib/python3.13/site-packages/torch/cuda/__init__.py:1007: UserWarning: Can't initialize NVML
  raw_cnt = _raw_device_count_nvml()
The model compiled successfully
LR warmup: 5 epochs (2.00e-03 target)
Data: N=691 | train=517 | val=87 | test=87
Dims: P_obs=7 | scaffold=txtl_resource_and_maturation_dna | U=13
Species: mm, pm
Supervising only species indices: [3, 5]
ep    1 | train 2.755804 | val 2.233547 | best 2.233547 | tf=1  [mm:2.2823  pm:4.1763] | 27.88s
ep    2 | train 9.060708 | val 3.545113 | best 2.233547 | tf=1  [mm:6.9059  pm:4.2910] | 23.40s
ep    3 | train 2.764924 | val 1.926894 | best 1.926894 | tf=1  [mm:2.2553  pm:4.2739] | 23.04s
ep    4 | train 2.440025 | val 2.443774 | best 1.926894 | tf=1  [mm:3.2096  pm:5.3357] | 23.01s
ep    5 | train 2.730013 | val 1.959664 | best 1.926894 | tf=1  [mm:2.2884  pm:3.9537] | 23.00s
ep    6 | train 2.260537 | val 1.980844 | best 1.926894 | tf=1  [mm:2.1893  pm:3.7054] | 22.99s
ep    7 | train 2.223802 | val 1.858003 | best 1.858003 | tf=1  [mm:2.0805  pm:3.6332] | 23.06s
ep    8 | train 2.224305 | val 1.875833 | best 1.858003 | tf=1  [mm:2.2889  pm:3.7830] | 23.05s
ep    9 | train 2.258624 | val 1.988633 | best 1.858003 | tf=1  [mm:2.5632  pm:3.6841] | 23.04s
ep   10 | train 2.268090 | val 2.062993 | best 1.858003 | tf=1  [mm:1.9180  pm:5.5362] | 23.09s
ep   11 | train 2.154650 | val 1.722991 | best 1.722991 | tf=1  [mm:1.9431  pm:3.5085] | 23.13s
ep   12 | train 1.740122 | val 1.681358 | best 1.681358 | tf=1  [mm:1.7037  pm:3.4705] | 23.14s
ep   13 | train 1.719625 | val 1.478745 | best 1.478745 | tf=1  [mm:1.6340  pm:3.0789] | 23.10s
ep   14 | train 1.565852 | val 1.405340 | best 1.405340 | tf=1  [mm:1.4749  pm:3.0358] | 23.04s
ep   15 | train 1.437990 | val 1.898059 | best 1.405340 | tf=1  [mm:1.4826  pm:4.1099] | 23.02s
ep   16 | train 1.327884 | val 2.319314 | best 1.405340 | tf=1  [mm:1.5756  pm:4.9352] | 23.01s
ep   17 | train 1.303338 | val 1.387774 | best 1.387774 | tf=1  [mm:1.3606  pm:3.0384] | 23.07s
ep   18 | train 1.163708 | val 1.293429 | best 1.293429 | tf=1  [mm:1.4953  pm:2.7875] | 23.01s
ep   19 | train 1.113791 | val 1.308450 | best 1.293429 | tf=1  [mm:1.4040  pm:2.8234] | 23.09s
ep   20 | train 1.000565 | val 1.313204 | best 1.293429 | tf=1  [mm:1.3844  pm:2.8785] | 23.07s
ep   21 | train 1.052987 | val 1.586369 | best 1.293429 | tf=1  [mm:1.3781  pm:3.4156] | 23.05s
ep   22 | train 0.885741 | val 1.425512 | best 1.293429 | tf=1  [mm:1.6561  pm:2.9818] | 23.02s
ep   23 | train 0.837753 | val 1.539411 | best 1.293429 | tf=1  [mm:1.6117  pm:3.2592] | 23.02s
ep   24 | train 0.842657 | val 1.301198 | best 1.293429 | tf=1  [mm:1.5266  pm:2.6851] | 23.03s
ep   25 | train 0.736674 | val 1.404367 | best 1.293429 | tf=1  [mm:1.1925  pm:3.2094] | 23.09s
ep   26 | train 0.723113 | val 1.233287 | best 1.233287 | tf=1  [mm:1.2509  pm:2.6568] | 23.08s
ep   27 | train 0.622554 | val 1.254636 | best 1.233287 | tf=1  [mm:1.3286  pm:2.9353] | 23.12s
ep   28 | train 0.750858 | val 1.413363 | best 1.233287 | tf=1  [mm:1.4783  pm:2.9951] | 23.06s
ep   29 | train 0.573008 | val 1.945445 | best 1.233287 | tf=1  [mm:1.9478  pm:3.8096] | 23.06s
ep   30 | train 0.721123 | val 1.438486 | best 1.233287 | tf=1  [mm:1.1947  pm:3.0701] | 23.04s
ep   31 | train 0.622304 | val 1.414707 | best 1.233287 | tf=1  [mm:1.3653  pm:2.8434] | 23.01s
ep   32 | train 0.526139 | val 1.275892 | best 1.233287 | tf=1  [mm:1.3206  pm:2.6664] | 23.02s
ep   33 | train 0.593823 | val 1.492608 | best 1.233287 | tf=1  [mm:1.3255  pm:3.0158] | 22.98s
ep   34 | train 0.571579 | val 1.372529 | best 1.233287 | tf=1  [mm:1.2720  pm:2.9862] | 23.11s
ep   35 | train 0.492983 | val 1.593566 | best 1.233287 | tf=1  [mm:1.5133  pm:2.9706] | 22.98s
ep   36 | train 0.502636 | val 1.477740 | best 1.233287 | tf=1  [mm:1.0592  pm:3.1991] | 23.00s
ep   37 | train 0.469487 | val 1.252874 | best 1.233287 | tf=1  [mm:1.0169  pm:2.6726] | 23.05s
ep   38 | train 0.483583 | val 1.422977 | best 1.233287 | tf=1  [mm:1.0788  pm:3.0667] | 23.03s
ep   39 | train 0.408118 | val 1.303139 | best 1.233287 | tf=1  [mm:1.2158  pm:2.6048] | 22.96s
ep   40 | train 0.414855 | val 1.506148 | best 1.233287 | tf=1  [mm:1.1359  pm:3.1622] | 22.98s
ep   41 | train 0.373112 | val 1.395542 | best 1.233287 | tf=1  [mm:1.2105  pm:2.8275] | 23.00s
ep   42 | train 0.356484 | val 1.519616 | best 1.233287 | tf=1  [mm:1.4799  pm:3.0547] | 23.02s
ep   43 | train 0.338097 | val 1.395999 | best 1.233287 | tf=1  [mm:1.4950  pm:2.6676] | 23.18s
ep   44 | train 0.309170 | val 1.426105 | best 1.233287 | tf=1  [mm:1.3567  pm:2.8783] | 23.00s
ep   45 | train 0.322151 | val 1.393140 | best 1.233287 | tf=1  [mm:1.3387  pm:2.7942] | 23.01s
ep   46 | train 0.285064 | val 1.429071 | best 1.233287 | tf=1  [mm:1.5434  pm:2.7748] | 22.99s
ep   47 | train 0.288150 | val 1.413202 | best 1.233287 | tf=1  [mm:1.3583  pm:2.8752] | 23.05s
ep   48 | train 0.297758 | val 1.382213 | best 1.233287 | tf=1  [mm:1.4879  pm:2.6790] | 22.98s
ep   49 | train 0.319853 | val 1.567526 | best 1.233287 | tf=1  [mm:1.4312  pm:3.2102] | 22.96s
ep   50 | train 0.295855 | val 1.495265 | best 1.233287 | tf=1  [mm:1.5015  pm:2.9491] | 23.06s
ep   51 | train 0.266477 | val 1.461159 | best 1.233287 | tf=1  [mm:1.5462  pm:2.8542] | 23.08s
ep   52 | train 0.324563 | val 1.266725 | best 1.233287 | tf=1  [mm:1.1283  pm:2.6024] | 23.08s
ep   53 | train 0.305527 | val 1.216507 | best 1.216507 | tf=1  [mm:1.1386  pm:2.4629] | 23.13s
ep   54 | train 0.349628 | val 1.473808 | best 1.216507 | tf=1  [mm:1.3628  pm:2.9105] | 23.12s
ep   55 | train 0.244411 | val 1.378115 | best 1.216507 | tf=1  [mm:1.3463  pm:2.7733] | 23.09s
ep   56 | train 0.237969 | val 1.389454 | best 1.216507 | tf=1  [mm:1.4964  pm:2.6575] | 23.04s
ep   57 | train 0.257506 | val 1.410371 | best 1.216507 | tf=1  [mm:1.2529  pm:2.8442] | 22.98s
ep   58 | train 0.222758 | val 1.361915 | best 1.216507 | tf=1  [mm:1.3817  pm:2.6559] | 23.02s
ep   59 | train 0.236864 | val 1.402776 | best 1.216507 | tf=1  [mm:1.2215  pm:2.8838] | 23.02s
ep   60 | train 0.208008 | val 1.237755 | best 1.216507 | tf=1  [mm:1.2705  pm:2.4868] | 23.01s
ep   61 | train 0.218104 | val 1.395990 | best 1.216507 | tf=1  [mm:1.0996  pm:2.9572] | 22.92s
ep   62 | train 0.214348 | val 1.359101 | best 1.216507 | tf=1  [mm:1.3936  pm:2.6594] | 23.05s
ep   63 | train 0.244749 | val 1.277392 | best 1.216507 | tf=1  [mm:1.3043  pm:2.5936] | 22.98s
ep   64 | train 0.224512 | val 1.157680 | best 1.157680 | tf=1  [mm:1.1861  pm:2.3366] | 23.01s
ep   65 | train 0.199159 | val 1.235198 | best 1.157680 | tf=1  [mm:1.1657  pm:2.5022] | 23.04s
ep   66 | train 0.218786 | val 1.220157 | best 1.157680 | tf=1  [mm:1.1552  pm:2.5247] | 23.02s
ep   67 | train 0.212909 | val 1.411480 | best 1.157680 | tf=1  [mm:1.2700  pm:2.8446] | 23.06s
ep   68 | train 0.186185 | val 1.177309 | best 1.157680 | tf=1  [mm:1.1838  pm:2.3673] | 23.12s
ep   69 | train 0.234872 | val 1.364813 | best 1.157680 | tf=1  [mm:1.2238  pm:2.6978] | 23.06s
ep   70 | train 0.189448 | val 1.228231 | best 1.157680 | tf=1  [mm:1.1181  pm:2.5252] | 23.01s
ep   71 | train 0.196820 | val 1.243070 | best 1.157680 | tf=1  [mm:1.1226  pm:2.5467] | 23.02s
ep   72 | train 0.218173 | val 1.166096 | best 1.157680 | tf=1  [mm:1.2527  pm:2.3260] | 23.02s
ep   73 | train 0.201548 | val 1.304943 | best 1.157680 | tf=1  [mm:1.3675  pm:2.5244] | 23.04s
ep   74 | train 0.186186 | val 1.221627 | best 1.157680 | tf=1  [mm:1.1139  pm:2.5069] | 23.02s
ep   75 | train 0.178454 | val 1.251261 | best 1.157680 | tf=1  [mm:1.1931  pm:2.4997] | 23.04s
ep   76 | train 0.173025 | val 1.218045 | best 1.157680 | tf=1  [mm:1.1698  pm:2.4343] | 23.04s
ep   77 | train 0.171561 | val 1.239877 | best 1.157680 | tf=1  [mm:1.2335  pm:2.4567] | 23.12s
ep   78 | train 0.168202 | val 1.193845 | best 1.157680 | tf=1  [mm:1.1212  pm:2.4084] | 22.96s
ep   79 | train 0.163077 | val 1.214792 | best 1.157680 | tf=1  [mm:1.1274  pm:2.4486] | 23.04s
ep   80 | train 0.161196 | val 1.201374 | best 1.157680 | tf=1  [mm:1.1428  pm:2.4502] | 22.97s
ep   81 | train 0.170766 | val 1.310563 | best 1.157680 | tf=1  [mm:1.1446  pm:2.6942] | 22.96s
ep   82 | train 0.152367 | val 1.281260 | best 1.157680 | tf=1  [mm:1.1677  pm:2.5972] | 23.08s
ep   83 | train 0.175648 | val 1.204390 | best 1.157680 | tf=1  [mm:1.1455  pm:2.4652] | 23.21s
ep   84 | train 0.167875 | val 1.248563 | best 1.157680 | tf=1  [mm:1.1976  pm:2.5130] | 23.17s
ep   85 | train 0.166619 | val 1.300141 | best 1.157680 | tf=1  [mm:1.2367  pm:2.5897] | 22.84s
ep   86 | train 0.168829 | val 1.254124 | best 1.157680 | tf=1  [mm:1.3183  pm:2.4497] | 22.75s
ep   87 | train 0.164631 | val 1.276702 | best 1.157680 | tf=1  [mm:1.0951  pm:2.6085] | 22.71s
ep   88 | train 0.166348 | val 1.287495 | best 1.157680 | tf=1  [mm:1.0877  pm:2.6247] | 22.71s
ep   89 | train 0.149064 | val 1.237827 | best 1.157680 | tf=1  [mm:1.1229  pm:2.4957] | 23.07s
ep   90 | train 0.150185 | val 1.197295 | best 1.157680 | tf=1  [mm:1.1003  pm:2.4334] | 23.11s
ep   91 | train 0.149380 | val 1.210957 | best 1.157680 | tf=1  [mm:1.1430  pm:2.4559] | 23.02s
ep   92 | train 0.148933 | val 1.245332 | best 1.157680 | tf=1  [mm:1.1138  pm:2.5115] | 23.10s
ep   93 | train 0.144286 | val 1.198851 | best 1.157680 | tf=1  [mm:1.0856  pm:2.4219] | 23.05s
ep   94 | train 0.146978 | val 1.191972 | best 1.157680 | tf=1  [mm:1.1743  pm:2.3332] | 23.05s
ep   95 | train 0.146272 | val 1.159523 | best 1.157680 | tf=1  [mm:1.1519  pm:2.2908] | 22.94s
ep   96 | train 0.155233 | val 1.153478 | best 1.153478 | tf=1  [mm:1.1278  pm:2.2832] | 23.05s
ep   97 | train 0.133152 | val 1.226226 | best 1.153478 | tf=1  [mm:1.0656  pm:2.4684] | 23.03s
ep   98 | train 0.147492 | val 1.127033 | best 1.127033 | tf=1  [mm:1.0470  pm:2.2630] | 23.05s
ep   99 | train 0.150776 | val 1.189538 | best 1.127033 | tf=1  [mm:1.1200  pm:2.3871] | 23.07s
ep  100 | train 0.147109 | val 1.111760 | best 1.111760 | tf=0  [mm:1.0977  pm:2.2405] | 23.13s

Test loss (best model): 1.367982  [mm:1.1732  pm:1.5628]
Saved best model to experiments/txtl_ladder_old_combined/20260525_020125_M5_drecipe_y0on_s1/model.pt

Training completed in 2314.37s (38.57m)
Peak GPU memory: 9.15 GB
Loading checkpoint: experiments/txtl_ladder_old_combined/20260525_020125_M5_drecipe_y0on_s1/model.pt
[plot_predictions] n_samples=5, plot_ds_len=87
[plot_predictions] y0.shape=(5, 7), u_seq.shape=(5, 1496, 13), y_seq.shape=(5, 1496, 7), dt_seq.shape=(5, 1496)
Saved plots to experiments/txtl_ladder_old_combined/20260525_020125_M5_drecipe_y0on_s1/plots
Loading checkpoint: experiments/txtl_ladder_old_combined/20260525_020125_M5_drecipe_y0on_s1/model.pt
[epoch overlay] saved: experiments/txtl_ladder_old_combined/20260525_020125_M5_drecipe_y0on_s1/plots/pred_overlays_sample000.png

Running endpoint R² analysis...
Loading checkpoint: experiments/txtl_ladder_old_combined/20260525_020125_M5_drecipe_y0on_s1/model.pt
  R²(protein final) = 0.7169
  R²(mRNA max)      = 0.4403
Saved plot -> experiments/txtl_ladder_old_combined/20260525_020125_M5_drecipe_y0on_s1/endpoint_r2.png
