$ python -u last-layer-ode/train.py --config configs/txtl_gru_new_baseline.yaml --set study=txtl_ladder_old_combined --set out_root=experiments --set exp_name=M4_drecipe_s0 --set epochs=100 --set endpoint_r2=True --set obs_idx='[3, 5]' --set warmup_epochs=5 --set hidden=600 --set dataset_path=datasets/cell-free/txtl_native_old_only.npz --set val_n=87 --set test_n=87 --set stratify_z_expr=False --set test_real_only=False --set stratified_split=True --set stratify_targets='[3, 5]' --set stratify_bins=5 --set stratify_by_source=True --set subtract_channel_min=True --set subtract_channel_min_cols='[3, 5]' --set encoder_use_log_dt=True --set plot_extra_new_samples=0 --set y0_theta_init=False --set model_class=ode_rnn --set scaffold=txtl_model4_three_state --set seed=0 --set use_ivtt_mse_loss=False --set species_weights='{3: 1.25, 5: 1.0}' --set time_upweight='{5: [0.5, 3.0]}' --set lambda_endpoint=0.1 --set endpoint_channels='[5]' --set loss_normalizer_channels=3 --set loss_clamp_min=1.0

Using device: cuda
Experiment: experiments/txtl_ladder_old_combined/20260524_223752_M4_drecipe_s0
Study: txtl_ladder_old_combined | Run ID: 20260524_223752_M4_drecipe_s0
Split: stratified | seed=42 | bins=5 | targets=[3, 5] | n_test=87 n_val=87 n_train=517
/home/bob-van-sluijs/anaconda3/envs/oliver_env/lib/python3.13/site-packages/torch/cuda/__init__.py:1007: UserWarning: Can't initialize NVML
  raw_cnt = _raw_device_count_nvml()
Partial-observability lift: scaffold.P=4, P_obs=7, obs_state_idx=[0, 2], control_state_map={'DNA c': 3}
The model compiled successfully
LR warmup: 5 epochs (2.00e-03 target)
Data: N=691 | train=517 | val=87 | test=87
Dims: P_obs=7 | scaffold=txtl_model4_three_state | U=13
Species: mm, pm
Partial-observability lift active: dataset_obs_idx=[3, 5] → scaffold_obs_idx=[0, 2].
Lift by-name IC copy: DNA→DNA@3
ep    1 | train 2.920113 | val 2.062538 | best 2.062538 | tf=1  [mm:2.2571  pm:4.7178] | 18.05s
ep    2 | train 3.485058 | val 2.481515 | best 2.062538 | tf=1  [mm:2.2910  pm:4.9056] | 15.18s
ep    3 | train 2.869997 | val 2.084906 | best 2.062538 | tf=1  [mm:2.6724  pm:4.4980] | 15.01s
ep    4 | train 2.440754 | val 1.931920 | best 1.931920 | tf=1  [mm:2.0131  pm:4.1502] | 15.06s
ep    5 | train 2.779963 | val 2.109732 | best 1.931920 | tf=1  [mm:3.0988  pm:4.0054] | 15.09s
ep    6 | train 2.350151 | val 1.843659 | best 1.843659 | tf=1  [mm:2.2051  pm:3.6574] | 15.02s
ep    7 | train 2.294536 | val 1.754446 | best 1.754446 | tf=1  [mm:1.9023  pm:3.5635] | 15.10s
ep    8 | train 2.259613 | val 2.083059 | best 1.754446 | tf=1  [mm:2.1578  pm:4.1327] | 15.12s
ep    9 | train 2.306525 | val 1.836527 | best 1.754446 | tf=1  [mm:2.5610  pm:3.6020] | 15.07s
ep   10 | train 2.169930 | val 1.694227 | best 1.694227 | tf=1  [mm:1.9983  pm:3.6361] | 15.12s
ep   11 | train 2.148466 | val 1.606531 | best 1.606531 | tf=1  [mm:1.9375  pm:3.2944] | 15.07s
ep   12 | train 2.184589 | val 1.829606 | best 1.606531 | tf=1  [mm:2.6693  pm:3.2465] | 15.13s
ep   13 | train 1.998410 | val 1.823996 | best 1.606531 | tf=1  [mm:1.9060  pm:4.3625] | 15.04s
ep   14 | train 2.097647 | val 2.396492 | best 1.606531 | tf=1  [mm:2.3874  pm:4.7951] | 15.07s
ep   15 | train 2.186421 | val 1.840858 | best 1.606531 | tf=1  [mm:1.9181  pm:4.2747] | 15.11s
ep   16 | train 2.111957 | val 2.228359 | best 1.606531 | tf=1  [mm:2.5638  pm:4.2768] | 15.05s
ep   17 | train 2.279774 | val 1.633646 | best 1.606531 | tf=1  [mm:2.0475  pm:3.6840] | 15.09s
ep   18 | train 1.805638 | val 1.617636 | best 1.606531 | tf=1  [mm:2.1254  pm:3.1907] | 15.04s
ep   19 | train 1.795428 | val 1.617404 | best 1.606531 | tf=1  [mm:2.2543  pm:3.2356] | 15.08s
ep   20 | train 1.633610 | val 1.642494 | best 1.606531 | tf=1  [mm:1.9815  pm:3.3849] | 15.07s
ep   21 | train 1.573152 | val 1.917761 | best 1.606531 | tf=1  [mm:2.3687  pm:3.7344] | 15.15s
ep   22 | train 1.494012 | val 1.725532 | best 1.606531 | tf=1  [mm:1.9016  pm:3.7073] | 15.08s
ep   23 | train 1.510774 | val 1.598059 | best 1.598059 | tf=1  [mm:1.8672  pm:3.4781] | 15.11s
ep   24 | train 1.429483 | val 1.556292 | best 1.556292 | tf=1  [mm:1.7917  pm:3.4776] | 15.08s
ep   25 | train 1.250457 | val 1.689357 | best 1.556292 | tf=1  [mm:1.7916  pm:3.5633] | 15.06s
ep   26 | train 1.204324 | val 1.419576 | best 1.419576 | tf=1  [mm:1.4783  pm:3.2099] | 15.15s
ep   27 | train 1.346482 | val 1.599458 | best 1.419576 | tf=1  [mm:1.7485  pm:3.3503] | 15.11s
ep   28 | train 1.225361 | val 1.570695 | best 1.419576 | tf=1  [mm:1.5787  pm:3.4764] | 15.08s
ep   29 | train 1.140467 | val 1.373646 | best 1.373646 | tf=1  [mm:1.5420  pm:2.9911] | 15.12s
ep   30 | train 1.023665 | val 1.574242 | best 1.373646 | tf=1  [mm:1.8414  pm:3.3199] | 15.12s
ep   31 | train 0.986019 | val 1.323591 | best 1.323591 | tf=1  [mm:1.4345  pm:2.8575] | 15.07s
ep   32 | train 1.052419 | val 1.306535 | best 1.306535 | tf=1  [mm:1.9628  pm:2.5824] | 15.04s
ep   33 | train 0.932930 | val 1.459274 | best 1.306535 | tf=1  [mm:1.4316  pm:3.2571] | 15.03s
ep   34 | train 0.954158 | val 1.554335 | best 1.306535 | tf=1  [mm:1.7808  pm:3.2955] | 15.07s
ep   35 | train 0.952006 | val 1.356981 | best 1.306535 | tf=1  [mm:1.3485  pm:3.1510] | 15.13s
ep   36 | train 0.862132 | val 1.382943 | best 1.306535 | tf=1  [mm:1.5110  pm:3.0602] | 15.08s
ep   37 | train 0.892875 | val 1.339517 | best 1.306535 | tf=1  [mm:1.5765  pm:2.9923] | 15.05s
ep   38 | train 0.790167 | val 1.267355 | best 1.267355 | tf=1  [mm:1.3818  pm:2.8718] | 14.83s
ep   39 | train 0.826823 | val 1.396276 | best 1.267355 | tf=1  [mm:1.4737  pm:3.0494] | 14.81s
ep   40 | train 0.748225 | val 1.429585 | best 1.267355 | tf=1  [mm:1.2593  pm:3.2247] | 14.83s
ep   41 | train 0.753110 | val 1.416072 | best 1.267355 | tf=1  [mm:1.2381  pm:3.1270] | 15.11s
ep   42 | train 0.907328 | val 1.873176 | best 1.267355 | tf=1  [mm:1.9051  pm:3.6087] | 15.13s
ep   43 | train 1.723731 | val 1.386188 | best 1.267355 | tf=1  [mm:1.7453  pm:2.7708] | 15.09s
ep   44 | train 0.920291 | val 1.608124 | best 1.267355 | tf=1  [mm:1.3769  pm:3.6422] | 15.03s
ep   45 | train 0.811291 | val 1.509162 | best 1.267355 | tf=1  [mm:1.7548  pm:3.1087] | 15.10s
ep   46 | train 0.650871 | val 1.426222 | best 1.267355 | tf=1  [mm:1.4418  pm:3.1480] | 15.06s
ep   47 | train 0.672956 | val 1.734200 | best 1.267355 | tf=1  [mm:1.6148  pm:3.6525] | 15.02s
ep   48 | train 0.550087 | val 1.578030 | best 1.267355 | tf=1  [mm:1.9069  pm:3.0591] | 14.98s
ep   49 | train 0.633458 | val 1.655083 | best 1.267355 | tf=1  [mm:1.3509  pm:3.5856] | 15.04s
ep   50 | train 0.658285 | val 1.395494 | best 1.267355 | tf=1  [mm:1.1435  pm:3.2086] | 15.05s
ep   51 | train 0.563633 | val 1.389490 | best 1.267355 | tf=1  [mm:1.3480  pm:3.0530] | 15.00s
ep   52 | train 0.481119 | val 1.561323 | best 1.267355 | tf=1  [mm:1.3310  pm:3.5082] | 15.02s
ep   53 | train 0.432077 | val 1.661427 | best 1.267355 | tf=1  [mm:1.2685  pm:3.7136] | 15.04s
ep   54 | train 0.428195 | val 1.569450 | best 1.267355 | tf=1  [mm:1.6214  pm:3.1676] | 15.05s
ep   55 | train 0.440164 | val 1.503799 | best 1.267355 | tf=1  [mm:1.3158  pm:3.2511] | 15.06s
ep   56 | train 0.393803 | val 1.925182 | best 1.267355 | tf=1  [mm:1.8102  pm:3.8043] | 15.05s
ep   57 | train 0.395361 | val 1.511990 | best 1.267355 | tf=1  [mm:1.3143  pm:3.3599] | 15.15s
ep   58 | train 0.375219 | val 1.847803 | best 1.267355 | tf=1  [mm:1.4996  pm:3.9020] | 15.14s
ep   59 | train 0.397248 | val 1.640880 | best 1.267355 | tf=1  [mm:1.6561  pm:3.4273] | 15.12s
ep   60 | train 0.368911 | val 1.782275 | best 1.267355 | tf=1  [mm:1.3764  pm:3.7895] | 15.05s
ep   61 | train 0.324008 | val 1.900677 | best 1.267355 | tf=1  [mm:1.5338  pm:4.0384] | 14.99s
ep   62 | train 0.323386 | val 1.929497 | best 1.267355 | tf=1  [mm:1.2958  pm:4.2071] | 14.99s
ep   63 | train 0.302970 | val 2.130121 | best 1.267355 | tf=1  [mm:1.2986  pm:4.7252] | 15.00s
ep   64 | train 0.284739 | val 2.114764 | best 1.267355 | tf=1  [mm:1.3534  pm:4.6648] | 15.10s
ep   65 | train 0.289441 | val 1.937172 | best 1.267355 | tf=1  [mm:1.6387  pm:4.0440] | 15.04s
ep   66 | train 0.252725 | val 1.905334 | best 1.267355 | tf=1  [mm:1.3206  pm:4.1397] | 15.08s
ep   67 | train 0.251025 | val 1.872016 | best 1.267355 | tf=1  [mm:1.0569  pm:4.1286] | 15.19s
ep   68 | train 0.263218 | val 1.795474 | best 1.267355 | tf=1  [mm:1.0262  pm:4.1617] | 15.06s
ep   69 | train 0.232937 | val 1.807548 | best 1.267355 | tf=1  [mm:1.2518  pm:3.9065] | 15.09s
ep   70 | train 0.215020 | val 2.554602 | best 1.267355 | tf=1  [mm:2.1592  pm:4.8543] | 15.00s
ep   71 | train 0.191297 | val 2.329914 | best 1.267355 | tf=1  [mm:1.5076  pm:4.8545] | 15.02s
ep   72 | train 0.173307 | val 2.055962 | best 1.267355 | tf=1  [mm:1.6555  pm:4.1724] | 15.07s
ep   73 | train 0.170047 | val 1.926904 | best 1.267355 | tf=1  [mm:1.0011  pm:4.1655] | 15.03s
ep   74 | train 0.162785 | val 2.240552 | best 1.267355 | tf=1  [mm:1.2293  pm:4.6924] | 15.05s
ep   75 | train 0.161213 | val 2.182511 | best 1.267355 | tf=1  [mm:1.0064  pm:4.8230] | 15.02s
ep   76 | train 0.152927 | val 1.732640 | best 1.267355 | tf=1  [mm:1.0988  pm:3.7410] | 15.08s
ep   77 | train 0.146755 | val 2.305761 | best 1.267355 | tf=1  [mm:1.1736  pm:4.9218] | 15.04s
ep   78 | train 0.151873 | val 2.378704 | best 1.267355 | tf=1  [mm:1.9222  pm:4.4752] | 15.06s
ep   79 | train 0.156990 | val 2.129620 | best 1.267355 | tf=1  [mm:1.0968  pm:4.5822] | 15.05s
ep   80 | train 0.146978 | val 2.220853 | best 1.267355 | tf=1  [mm:1.3041  pm:4.6480] | 15.06s
ep   81 | train 0.153001 | val 2.575066 | best 1.267355 | tf=1  [mm:1.3998  pm:5.4216] | 15.00s
ep   82 | train 0.131566 | val 1.826202 | best 1.267355 | tf=1  [mm:1.0316  pm:3.9663] | 15.04s
ep   83 | train 0.134482 | val 1.995442 | best 1.267355 | tf=1  [mm:1.0893  pm:4.2473] | 15.08s
ep   84 | train 0.131182 | val 2.069185 | best 1.267355 | tf=1  [mm:1.1167  pm:4.3118] | 15.09s
ep   85 | train 0.130890 | val 1.788898 | best 1.267355 | tf=1  [mm:1.2738  pm:3.7501] | 15.10s
ep   86 | train 0.124430 | val 1.887224 | best 1.267355 | tf=1  [mm:1.2582  pm:4.0375] | 15.01s
ep   87 | train 0.119065 | val 1.623282 | best 1.267355 | tf=1  [mm:1.0243  pm:3.5102] | 15.01s
ep   88 | train 0.116178 | val 2.084798 | best 1.267355 | tf=1  [mm:0.9777  pm:4.5594] | 15.01s
ep   89 | train 0.111709 | val 1.977291 | best 1.267355 | tf=1  [mm:0.9695  pm:4.2921] | 15.09s
ep   90 | train 0.110475 | val 1.890400 | best 1.267355 | tf=1  [mm:1.1969  pm:3.9241] | 15.04s
ep   91 | train 0.107298 | val 1.971271 | best 1.267355 | tf=1  [mm:1.0154  pm:4.3570] | 15.05s
ep   92 | train 0.102793 | val 1.834771 | best 1.267355 | tf=1  [mm:1.1166  pm:3.9366] | 15.09s
ep   93 | train 0.098731 | val 1.755279 | best 1.267355 | tf=1  [mm:1.1754  pm:3.7324] | 15.06s
ep   94 | train 0.104188 | val 1.843072 | best 1.267355 | tf=1  [mm:1.0483  pm:3.9834] | 15.10s
ep   95 | train 0.097870 | val 1.641142 | best 1.267355 | tf=1  [mm:1.2279  pm:3.4470] | 14.99s
ep   96 | train 0.106810 | val 1.800285 | best 1.267355 | tf=1  [mm:1.0432  pm:3.9731] | 15.00s
ep   97 | train 0.101710 | val 1.976207 | best 1.267355 | tf=1  [mm:0.9578  pm:4.2984] | 15.06s
ep   98 | train 0.097699 | val 1.630985 | best 1.267355 | tf=1  [mm:0.9191  pm:3.5939] | 15.04s
ep   99 | train 0.090961 | val 1.846340 | best 1.267355 | tf=1  [mm:1.3462  pm:3.8136] | 15.04s
ep  100 | train 0.659847 | val 1.240955 | best 1.240955 | tf=0  [mm:1.1618  pm:2.7136] | 15.10s

Test loss (best model): 1.667623  [mm:1.3398  pm:1.9955]
Saved best model to experiments/txtl_ladder_old_combined/20260524_223752_M4_drecipe_s0/model.pt

Training completed in 1514.50s (25.24m)
Peak GPU memory: 9.11 GB
[rebuild] partial-obs lift: dataset_obs_idx=[3, 5] → scaffold_obs_idx=[0, 2] (P=4)
Loading checkpoint: experiments/txtl_ladder_old_combined/20260524_223752_M4_drecipe_s0/model.pt
[plot_predictions] n_samples=5, plot_ds_len=87
[plot_predictions] y0.shape=(5, 4), u_seq.shape=(5, 1496, 13), y_seq.shape=(5, 1496, 4), dt_seq.shape=(5, 1496)
Saved plots to experiments/txtl_ladder_old_combined/20260524_223752_M4_drecipe_s0/plots
[rebuild] partial-obs lift: dataset_obs_idx=[3, 5] → scaffold_obs_idx=[0, 2] (P=4)
Loading checkpoint: experiments/txtl_ladder_old_combined/20260524_223752_M4_drecipe_s0/model.pt
[epoch overlay] saved: experiments/txtl_ladder_old_combined/20260524_223752_M4_drecipe_s0/plots/pred_overlays_sample000.png

Running endpoint R² analysis...
[rebuild] partial-obs lift: dataset_obs_idx=[3, 5] → scaffold_obs_idx=[0, 2] (P=4)
Loading checkpoint: experiments/txtl_ladder_old_combined/20260524_223752_M4_drecipe_s0/model.pt
  R²(protein final) = 0.1390
  R²(mRNA max)      = 0.3777
Saved plot -> experiments/txtl_ladder_old_combined/20260524_223752_M4_drecipe_s0/endpoint_r2.png
