$ python -u last-layer-ode/train.py --config configs/txtl_gru_new_baseline.yaml --set study=txtl_ladder_old_combined --set out_root=experiments --set exp_name=M4_drecipe_s1 --set epochs=100 --set endpoint_r2=True --set obs_idx='[3, 5]' --set warmup_epochs=5 --set hidden=600 --set dataset_path=datasets/cell-free/txtl_native_old_only.npz --set val_n=87 --set test_n=87 --set stratify_z_expr=False --set test_real_only=False --set stratified_split=True --set stratify_targets='[3, 5]' --set stratify_bins=5 --set stratify_by_source=True --set subtract_channel_min=True --set subtract_channel_min_cols='[3, 5]' --set encoder_use_log_dt=True --set plot_extra_new_samples=0 --set y0_theta_init=False --set model_class=ode_rnn --set scaffold=txtl_model4_three_state --set seed=1 --set use_ivtt_mse_loss=False --set species_weights='{3: 1.25, 5: 1.0}' --set time_upweight='{5: [0.5, 3.0]}' --set lambda_endpoint=0.1 --set endpoint_channels='[5]' --set loss_normalizer_channels=3 --set loss_clamp_min=1.0

Using device: cuda
Experiment: experiments/txtl_ladder_old_combined/20260524_224810_M4_drecipe_s1
Study: txtl_ladder_old_combined | Run ID: 20260524_224810_M4_drecipe_s1
Split: stratified | seed=42 | bins=5 | targets=[3, 5] | n_test=87 n_val=87 n_train=517
/home/bob-van-sluijs/anaconda3/envs/oliver_env/lib/python3.13/site-packages/torch/cuda/__init__.py:1007: UserWarning: Can't initialize NVML
  raw_cnt = _raw_device_count_nvml()
Partial-observability lift: scaffold.P=4, P_obs=7, obs_state_idx=[0, 2], control_state_map={'DNA c': 3}
The model compiled successfully
LR warmup: 5 epochs (2.00e-03 target)
Data: N=691 | train=517 | val=87 | test=87
Dims: P_obs=7 | scaffold=txtl_model4_three_state | U=13
Species: mm, pm
Partial-observability lift active: dataset_obs_idx=[3, 5] → scaffold_obs_idx=[0, 2].
Lift by-name IC copy: DNA→DNA@3
ep    1 | train 3.233005 | val 2.478983 | best 2.478983 | tf=1  [mm:2.7506  pm:5.5449] | 18.11s
ep    2 | train 3.495576 | val 2.687666 | best 2.478983 | tf=1  [mm:4.3949  pm:4.7771] | 15.13s
ep    3 | train 3.193924 | val 2.205094 | best 2.205094 | tf=1  [mm:2.8823  pm:4.1200] | 14.95s
ep    4 | train 2.588294 | val 1.972773 | best 1.972773 | tf=1  [mm:2.6507  pm:3.8172] | 15.01s
ep    5 | train 2.270305 | val 1.860172 | best 1.860172 | tf=1  [mm:2.0190  pm:3.8879] | 15.05s
ep    6 | train 2.399511 | val 2.089536 | best 1.860172 | tf=1  [mm:2.3818  pm:3.9643] | 14.96s
ep    7 | train 2.295922 | val 1.952394 | best 1.860172 | tf=1  [mm:2.5576  pm:4.1990] | 15.01s
ep    8 | train 2.227924 | val 1.888434 | best 1.860172 | tf=1  [mm:2.3047  pm:4.3750] | 14.95s
ep    9 | train 2.234405 | val 1.820433 | best 1.820433 | tf=1  [mm:2.1152  pm:3.6925] | 14.97s
ep   10 | train 1.982124 | val 1.745745 | best 1.745745 | tf=1  [mm:2.1803  pm:3.4996] | 15.00s
ep   11 | train 1.985794 | val 1.970237 | best 1.745745 | tf=1  [mm:1.8447  pm:4.0048] | 14.98s
ep   12 | train 1.915257 | val 1.956150 | best 1.745745 | tf=1  [mm:3.0168  pm:3.6730] | 14.96s
ep   13 | train 1.879019 | val 1.725631 | best 1.725631 | tf=1  [mm:1.8878  pm:3.5528] | 15.02s
ep   14 | train 1.783292 | val 1.607016 | best 1.607016 | tf=1  [mm:1.8244  pm:3.4233] | 14.97s
ep   15 | train 1.667232 | val 1.597511 | best 1.597511 | tf=1  [mm:1.8491  pm:3.3301] | 15.02s
ep   16 | train 1.727522 | val 1.644012 | best 1.597511 | tf=1  [mm:1.9125  pm:3.6704] | 14.96s
ep   17 | train 1.385580 | val 1.715392 | best 1.597511 | tf=1  [mm:1.8301  pm:3.6167] | 15.04s
ep   18 | train 1.273978 | val 1.640329 | best 1.597511 | tf=1  [mm:1.4377  pm:3.7173] | 15.12s
ep   19 | train 1.272678 | val 1.823111 | best 1.597511 | tf=1  [mm:1.8148  pm:3.8928] | 15.18s
ep   20 | train 1.186654 | val 1.788466 | best 1.597511 | tf=1  [mm:1.5317  pm:3.9522] | 14.99s
ep   21 | train 1.148691 | val 1.869760 | best 1.597511 | tf=1  [mm:1.6537  pm:4.1664] | 15.03s
ep   22 | train 1.127897 | val 2.526052 | best 1.597511 | tf=1  [mm:1.7910  pm:5.4425] | 15.09s
ep   23 | train 1.189120 | val 1.651070 | best 1.597511 | tf=1  [mm:1.5098  pm:3.6355] | 14.98s
ep   24 | train 1.114395 | val 1.877017 | best 1.597511 | tf=1  [mm:1.5189  pm:4.1624] | 14.95s
ep   25 | train 0.958212 | val 1.776791 | best 1.597511 | tf=1  [mm:1.4845  pm:4.0599] | 15.04s
ep   26 | train 1.031711 | val 1.647900 | best 1.597511 | tf=1  [mm:1.6879  pm:3.7289] | 15.08s
ep   27 | train 1.009432 | val 1.745903 | best 1.597511 | tf=1  [mm:1.5563  pm:3.8414] | 15.06s
ep   28 | train 0.929296 | val 1.901624 | best 1.597511 | tf=1  [mm:1.6246  pm:4.1139] | 14.98s
ep   29 | train 0.942900 | val 1.746704 | best 1.597511 | tf=1  [mm:1.4069  pm:4.2393] | 14.99s
ep   30 | train 0.895740 | val 1.646573 | best 1.597511 | tf=1  [mm:1.5829  pm:3.6041] | 14.97s
ep   31 | train 0.775664 | val 1.806621 | best 1.597511 | tf=1  [mm:1.5324  pm:4.0066] | 14.97s
ep   32 | train 0.776565 | val 1.731326 | best 1.597511 | tf=1  [mm:1.4521  pm:3.8906] | 15.00s
ep   33 | train 0.694294 | val 1.695726 | best 1.597511 | tf=1  [mm:1.3572  pm:3.7290] | 14.99s
ep   34 | train 0.835536 | val 1.691106 | best 1.597511 | tf=1  [mm:1.6611  pm:3.6362] | 14.98s
ep   35 | train 0.664535 | val 1.674813 | best 1.597511 | tf=1  [mm:1.5859  pm:3.5848] | 14.95s
ep   36 | train 0.566876 | val 1.732572 | best 1.597511 | tf=1  [mm:1.4068  pm:3.8429] | 14.94s
ep   37 | train 0.611362 | val 1.981035 | best 1.597511 | tf=1  [mm:1.6707  pm:4.1563] | 14.97s
ep   38 | train 0.583598 | val 1.757039 | best 1.597511 | tf=1  [mm:1.3280  pm:3.8635] | 14.96s
ep   39 | train 0.661884 | val 1.694264 | best 1.597511 | tf=1  [mm:1.3776  pm:3.7327] | 14.92s
ep   40 | train 0.531866 | val 1.892503 | best 1.597511 | tf=1  [mm:1.5498  pm:4.1288] | 14.98s
ep   41 | train 0.500339 | val 1.556387 | best 1.556387 | tf=1  [mm:1.3775  pm:3.4413] | 14.95s
ep   42 | train 0.494081 | val 1.851327 | best 1.556387 | tf=1  [mm:1.3297  pm:4.1233] | 14.96s
ep   43 | train 0.477937 | val 1.592423 | best 1.556387 | tf=1  [mm:1.4790  pm:3.4889] | 15.05s
ep   44 | train 0.411872 | val 1.705773 | best 1.556387 | tf=1  [mm:1.4899  pm:3.6597] | 14.99s
ep   45 | train 0.428597 | val 1.696460 | best 1.556387 | tf=1  [mm:1.4542  pm:3.6346] | 14.97s
ep   46 | train 0.350213 | val 1.756592 | best 1.556387 | tf=1  [mm:1.4203  pm:3.7561] | 15.04s
ep   47 | train 0.357581 | val 1.633295 | best 1.556387 | tf=1  [mm:1.4093  pm:3.4177] | 14.91s
ep   48 | train 0.388441 | val 1.881595 | best 1.556387 | tf=1  [mm:1.4114  pm:3.9424] | 15.02s
ep   49 | train 0.405690 | val 1.598539 | best 1.556387 | tf=1  [mm:1.3668  pm:3.3244] | 15.00s
ep   50 | train 0.354431 | val 1.724262 | best 1.556387 | tf=1  [mm:1.4557  pm:3.6068] | 14.92s
ep   51 | train 0.317418 | val 1.856541 | best 1.556387 | tf=1  [mm:1.5627  pm:3.8853] | 14.95s
ep   52 | train 0.320351 | val 1.672460 | best 1.556387 | tf=1  [mm:1.5938  pm:3.4223] | 15.03s
ep   53 | train 0.299969 | val 1.787828 | best 1.556387 | tf=1  [mm:1.5637  pm:3.6825] | 15.00s
ep   54 | train 0.343176 | val 1.680617 | best 1.556387 | tf=1  [mm:1.5854  pm:3.4714] | 15.00s
ep   55 | train 0.307443 | val 1.810720 | best 1.556387 | tf=1  [mm:1.5928  pm:3.7140] | 14.98s
ep   56 | train 0.331842 | val 1.714751 | best 1.556387 | tf=1  [mm:1.7177  pm:3.3724] | 15.01s
ep   57 | train 0.311196 | val 1.896309 | best 1.556387 | tf=1  [mm:1.7294  pm:3.8150] | 15.05s
ep   58 | train 0.318065 | val 1.650227 | best 1.556387 | tf=1  [mm:1.3326  pm:3.4734] | 14.99s
ep   59 | train 0.300859 | val 1.692759 | best 1.556387 | tf=1  [mm:1.3280  pm:3.6112] | 14.97s
ep   60 | train 0.300553 | val 1.733018 | best 1.556387 | tf=1  [mm:1.4540  pm:3.5917] | 15.06s
ep   61 | train 0.289371 | val 1.433400 | best 1.433400 | tf=1  [mm:1.3116  pm:3.0045] | 15.04s
ep   62 | train 0.286642 | val 1.703200 | best 1.433400 | tf=1  [mm:1.3103  pm:3.6722] | 14.99s
ep   63 | train 0.275842 | val 1.686187 | best 1.433400 | tf=1  [mm:1.4520  pm:3.5541] | 14.87s
ep   64 | train 0.314213 | val 1.554944 | best 1.433400 | tf=1  [mm:1.2957  pm:3.2524] | 14.82s
ep   65 | train 0.301114 | val 1.872058 | best 1.433400 | tf=1  [mm:1.4728  pm:3.8887] | 14.77s
ep   66 | train 0.250036 | val 1.564132 | best 1.433400 | tf=1  [mm:1.2901  pm:3.3410] | 14.81s
ep   67 | train 0.322806 | val 1.775476 | best 1.433400 | tf=1  [mm:1.4390  pm:3.6729] | 14.98s
ep   68 | train 0.241228 | val 1.844315 | best 1.433400 | tf=1  [mm:1.5755  pm:3.7691] | 15.08s
ep   69 | train 0.252487 | val 1.565064 | best 1.433400 | tf=1  [mm:1.4659  pm:3.1625] | 14.97s
ep   70 | train 0.273816 | val 1.689862 | best 1.433400 | tf=1  [mm:1.4808  pm:3.4424] | 15.00s
ep   71 | train 0.287394 | val 1.600412 | best 1.433400 | tf=1  [mm:1.5980  pm:3.1717] | 14.97s
ep   72 | train 0.303377 | val 1.519504 | best 1.433400 | tf=1  [mm:1.2341  pm:3.2901] | 14.95s
ep   73 | train 0.271180 | val 1.666241 | best 1.433400 | tf=1  [mm:1.2919  pm:3.5269] | 14.97s
ep   74 | train 0.245871 | val 1.516239 | best 1.433400 | tf=1  [mm:1.3820  pm:3.2177] | 14.98s
ep   75 | train 0.219841 | val 1.721761 | best 1.433400 | tf=1  [mm:1.4939  pm:3.5154] | 14.93s
ep   76 | train 0.238868 | val 1.656237 | best 1.433400 | tf=1  [mm:1.6847  pm:3.3215] | 14.97s
ep   77 | train 0.303959 | val 1.761951 | best 1.433400 | tf=1  [mm:1.5101  pm:3.5700] | 14.95s
ep   78 | train 0.236364 | val 1.563714 | best 1.433400 | tf=1  [mm:1.4555  pm:3.1694] | 14.94s
ep   79 | train 0.226027 | val 1.622326 | best 1.433400 | tf=1  [mm:1.3521  pm:3.3747] | 15.01s
ep   80 | train 0.207033 | val 1.741254 | best 1.433400 | tf=1  [mm:1.4049  pm:3.5723] | 15.02s
ep   81 | train 0.207761 | val 1.736229 | best 1.433400 | tf=1  [mm:1.4713  pm:3.6082] | 14.99s
ep   82 | train 0.208767 | val 1.795644 | best 1.433400 | tf=1  [mm:1.4972  pm:3.6643] | 14.99s
ep   83 | train 0.211515 | val 1.756186 | best 1.433400 | tf=1  [mm:1.5603  pm:3.5438] | 14.93s
ep   84 | train 0.206936 | val 1.766142 | best 1.433400 | tf=1  [mm:1.4548  pm:3.6122] | 15.00s
ep   85 | train 0.223726 | val 1.601398 | best 1.433400 | tf=1  [mm:1.5392  pm:3.2154] | 14.98s
ep   86 | train 0.205882 | val 1.641520 | best 1.433400 | tf=1  [mm:1.2935  pm:3.4877] | 14.90s
ep   87 | train 0.193222 | val 1.621338 | best 1.433400 | tf=1  [mm:1.3609  pm:3.3483] | 14.96s
ep   88 | train 0.201844 | val 1.809306 | best 1.433400 | tf=1  [mm:1.7008  pm:3.5501] | 14.98s
ep   89 | train 0.206236 | val 1.845647 | best 1.433400 | tf=1  [mm:1.4849  pm:3.8029] | 14.97s
ep   90 | train 0.187742 | val 1.671101 | best 1.433400 | tf=1  [mm:1.5427  pm:3.3731] | 14.96s
ep   91 | train 0.213470 | val 1.786683 | best 1.433400 | tf=1  [mm:1.5322  pm:3.6965] | 14.99s
ep   92 | train 0.203104 | val 1.567184 | best 1.433400 | tf=1  [mm:1.3310  pm:3.2106] | 14.96s
ep   93 | train 0.187605 | val 1.811093 | best 1.433400 | tf=1  [mm:1.3566  pm:3.8001] | 15.03s
ep   94 | train 0.182287 | val 1.666998 | best 1.433400 | tf=1  [mm:1.2682  pm:3.4877] | 14.99s
ep   95 | train 0.181020 | val 1.761777 | best 1.433400 | tf=1  [mm:1.4345  pm:3.6648] | 14.92s
ep   96 | train 0.179249 | val 1.706611 | best 1.433400 | tf=1  [mm:1.3229  pm:3.5621] | 14.93s
ep   97 | train 0.184181 | val 1.682457 | best 1.433400 | tf=1  [mm:1.4747  pm:3.4403] | 15.03s
ep   98 | train 0.185577 | val 1.924012 | best 1.433400 | tf=1  [mm:1.4936  pm:3.9844] | 14.97s
ep   99 | train 0.171196 | val 1.724060 | best 1.433400 | tf=1  [mm:1.3604  pm:3.6407] | 14.93s
ep  100 | train 0.178556 | val 1.744745 | best 1.433400 | tf=0  [mm:1.5176  pm:3.5726] | 15.06s

Test loss (best model): 1.379732  [mm:1.2216  pm:1.5378]
Saved best model to experiments/txtl_ladder_old_combined/20260524_224810_M4_drecipe_s1/model.pt

Training completed in 1507.09s (25.12m)
Peak GPU memory: 9.11 GB
[rebuild] partial-obs lift: dataset_obs_idx=[3, 5] → scaffold_obs_idx=[0, 2] (P=4)
Loading checkpoint: experiments/txtl_ladder_old_combined/20260524_224810_M4_drecipe_s1/model.pt
[plot_predictions] n_samples=5, plot_ds_len=87
[plot_predictions] y0.shape=(5, 4), u_seq.shape=(5, 1496, 13), y_seq.shape=(5, 1496, 4), dt_seq.shape=(5, 1496)
Saved plots to experiments/txtl_ladder_old_combined/20260524_224810_M4_drecipe_s1/plots
[rebuild] partial-obs lift: dataset_obs_idx=[3, 5] → scaffold_obs_idx=[0, 2] (P=4)
Loading checkpoint: experiments/txtl_ladder_old_combined/20260524_224810_M4_drecipe_s1/model.pt
[epoch overlay] saved: experiments/txtl_ladder_old_combined/20260524_224810_M4_drecipe_s1/plots/pred_overlays_sample000.png

Running endpoint R² analysis...
[rebuild] partial-obs lift: dataset_obs_idx=[3, 5] → scaffold_obs_idx=[0, 2] (P=4)
Loading checkpoint: experiments/txtl_ladder_old_combined/20260524_224810_M4_drecipe_s1/model.pt
  R²(protein final) = 0.6067
  R²(mRNA max)      = 0.3820
Saved plot -> experiments/txtl_ladder_old_combined/20260524_224810_M4_drecipe_s1/endpoint_r2.png
