$ python -u last-layer-ode/train.py --config configs/txtl_gru_new_baseline.yaml --set study=txtl_ladder_old_combined --set out_root=experiments --set exp_name=M5_drecipe_s2 --set epochs=100 --set endpoint_r2=True --set obs_idx='[3, 5]' --set warmup_epochs=5 --set hidden=600 --set dataset_path=datasets/cell-free/txtl_native_old_only.npz --set val_n=87 --set test_n=87 --set stratify_z_expr=False --set test_real_only=False --set stratified_split=True --set stratify_targets='[3, 5]' --set stratify_bins=5 --set stratify_by_source=True --set subtract_channel_min=True --set subtract_channel_min_cols='[3, 5]' --set encoder_use_log_dt=True --set plot_extra_new_samples=0 --set y0_theta_init=False --set model_class=ode_rnn --set scaffold=txtl_resource_and_maturation_dna --set seed=2 --set use_ivtt_mse_loss=False --set species_weights='{3: 1.25, 5: 1.0}' --set time_upweight='{5: [0.5, 3.0]}' --set lambda_endpoint=0.1 --set endpoint_channels='[5]' --set loss_normalizer_channels=3 --set loss_clamp_min=1.0

Using device: cuda
Experiment: experiments/txtl_ladder_old_combined/20260525_003235_M5_drecipe_s2
Study: txtl_ladder_old_combined | Run ID: 20260525_003235_M5_drecipe_s2
Split: stratified | seed=42 | bins=5 | targets=[3, 5] | n_test=87 n_val=87 n_train=517
/home/bob-van-sluijs/anaconda3/envs/oliver_env/lib/python3.13/site-packages/torch/cuda/__init__.py:1007: UserWarning: Can't initialize NVML
  raw_cnt = _raw_device_count_nvml()
The model compiled successfully
LR warmup: 5 epochs (2.00e-03 target)
Data: N=691 | train=517 | val=87 | test=87
Dims: P_obs=7 | scaffold=txtl_resource_and_maturation_dna | U=13
Species: mm, pm
Supervising only species indices: [3, 5]
ep    1 | train 2.541292 | val 1.961552 | best 1.961552 | tf=1  [mm:2.0273  pm:4.3625] | 27.91s
ep    2 | train 3.798276 | val 3.065915 | best 1.961552 | tf=1  [mm:4.9590  pm:4.2898] | 23.33s
ep    3 | train 2.577349 | val 1.977248 | best 1.961552 | tf=1  [mm:2.2295  pm:3.8992] | 23.06s
ep    4 | train 2.621814 | val 2.099807 | best 1.961552 | tf=1  [mm:2.8658  pm:3.9799] | 23.02s
ep    5 | train 2.481715 | val 2.035342 | best 1.961552 | tf=1  [mm:2.3227  pm:3.7327] | 23.14s
ep    6 | train 2.559727 | val 2.181682 | best 1.961552 | tf=1  [mm:2.3320  pm:4.1232] | 23.11s
ep    7 | train 2.519306 | val 1.933698 | best 1.933698 | tf=1  [mm:2.6942  pm:3.8330] | 23.03s
ep    8 | train 2.329515 | val 1.757028 | best 1.757028 | tf=1  [mm:2.3153  pm:3.3430] | 23.14s
ep    9 | train 2.238947 | val 2.858608 | best 1.757028 | tf=1  [mm:2.5985  pm:5.6455] | 23.04s
ep   10 | train 2.452175 | val 1.757826 | best 1.757028 | tf=1  [mm:2.1118  pm:3.5512] | 23.05s
ep   11 | train 2.485998 | val 2.913333 | best 1.757028 | tf=1  [mm:2.8140  pm:5.7458] | 23.04s
ep   12 | train 2.282148 | val 1.844492 | best 1.757028 | tf=1  [mm:2.0494  pm:3.7128] | 23.06s
ep   13 | train 2.064381 | val 1.694460 | best 1.694460 | tf=1  [mm:2.0024  pm:3.6187] | 23.08s
ep   14 | train 1.901491 | val 1.681661 | best 1.681661 | tf=1  [mm:1.7296  pm:3.6200] | 23.21s
ep   15 | train 1.796751 | val 1.744249 | best 1.681661 | tf=1  [mm:1.4953  pm:3.8476] | 23.16s
ep   16 | train 1.688942 | val 1.804099 | best 1.681661 | tf=1  [mm:1.7782  pm:3.8817] | 22.72s
ep   17 | train 1.457482 | val 1.926614 | best 1.681661 | tf=1  [mm:1.5835  pm:4.4434] | 22.69s
ep   18 | train 1.544267 | val 1.734838 | best 1.681661 | tf=1  [mm:1.4906  pm:3.8210] | 22.73s
ep   19 | train 1.429454 | val 1.859546 | best 1.681661 | tf=1  [mm:1.6522  pm:4.0162] | 22.78s
ep   20 | train 1.117049 | val 1.599464 | best 1.599464 | tf=1  [mm:1.5460  pm:3.5449] | 23.24s
ep   21 | train 1.141405 | val 1.589018 | best 1.589018 | tf=1  [mm:1.4951  pm:3.5506] | 23.10s
ep   22 | train 1.041029 | val 1.544774 | best 1.544774 | tf=1  [mm:1.5838  pm:3.3804] | 23.12s
ep   23 | train 0.973445 | val 1.690512 | best 1.544774 | tf=1  [mm:1.7012  pm:3.4808] | 23.00s
ep   24 | train 0.869842 | val 1.723733 | best 1.544774 | tf=1  [mm:1.5649  pm:3.6678] | 23.07s
ep   25 | train 0.762342 | val 1.524771 | best 1.524771 | tf=1  [mm:1.3323  pm:3.3541] | 23.08s
ep   26 | train 0.810925 | val 1.780598 | best 1.524771 | tf=1  [mm:1.4279  pm:3.8138] | 23.05s
ep   27 | train 0.856459 | val 1.629828 | best 1.524771 | tf=1  [mm:1.7701  pm:3.2959] | 23.11s
ep   28 | train 0.828132 | val 1.516759 | best 1.516759 | tf=1  [mm:1.3651  pm:3.3342] | 22.98s
ep   29 | train 0.719989 | val 1.465880 | best 1.465880 | tf=1  [mm:1.4799  pm:3.1733] | 23.05s
ep   30 | train 0.626283 | val 1.623508 | best 1.465880 | tf=1  [mm:1.8202  pm:3.3041] | 23.09s
ep   31 | train 0.595551 | val 1.578787 | best 1.465880 | tf=1  [mm:1.3183  pm:3.3694] | 23.02s
ep   32 | train 0.546930 | val 1.545046 | best 1.465880 | tf=1  [mm:1.1917  pm:3.3316] | 23.00s
ep   33 | train 0.640903 | val 1.520192 | best 1.465880 | tf=1  [mm:1.4619  pm:3.3295] | 22.99s
ep   34 | train 0.642582 | val 1.618046 | best 1.465880 | tf=1  [mm:1.4372  pm:3.3406] | 23.04s
ep   35 | train 0.515186 | val 1.550741 | best 1.465880 | tf=1  [mm:1.3316  pm:3.3637] | 23.14s
ep   36 | train 0.462473 | val 1.444540 | best 1.444540 | tf=1  [mm:1.3838  pm:3.0384] | 23.08s
ep   37 | train 0.435727 | val 1.526587 | best 1.444540 | tf=1  [mm:1.1564  pm:3.2991] | 23.03s
ep   38 | train 0.375440 | val 1.405308 | best 1.405308 | tf=1  [mm:1.3854  pm:2.9798] | 23.06s
ep   39 | train 0.509554 | val 1.578801 | best 1.405308 | tf=1  [mm:1.3594  pm:3.2645] | 23.02s
ep   40 | train 0.387418 | val 1.465187 | best 1.405308 | tf=1  [mm:1.1682  pm:3.1438] | 23.04s
ep   41 | train 0.376676 | val 1.746419 | best 1.405308 | tf=1  [mm:1.2509  pm:3.6643] | 23.06s
ep   42 | train 0.371308 | val 1.429618 | best 1.405308 | tf=1  [mm:1.2089  pm:3.0483] | 22.96s
ep   43 | train 0.370850 | val 1.513249 | best 1.405308 | tf=1  [mm:1.4132  pm:3.0351] | 23.03s
ep   44 | train 0.389075 | val 1.523090 | best 1.405308 | tf=1  [mm:1.6852  pm:3.0006] | 23.05s
ep   45 | train 0.450034 | val 1.650848 | best 1.405308 | tf=1  [mm:1.1405  pm:3.5073] | 23.02s
ep   46 | train 0.359980 | val 1.566973 | best 1.405308 | tf=1  [mm:1.1569  pm:3.4398] | 22.99s
ep   47 | train 0.312333 | val 1.528558 | best 1.405308 | tf=1  [mm:1.5370  pm:3.0857] | 23.00s
ep   48 | train 0.306941 | val 1.338841 | best 1.338841 | tf=1  [mm:1.1996  pm:2.8003] | 22.98s
ep   49 | train 0.292291 | val 1.328693 | best 1.328693 | tf=1  [mm:1.1720  pm:2.7732] | 23.00s
ep   50 | train 0.292207 | val 1.536646 | best 1.328693 | tf=1  [mm:1.2752  pm:3.2755] | 23.03s
ep   51 | train 0.283331 | val 1.490345 | best 1.328693 | tf=1  [mm:1.1502  pm:3.2476] | 23.09s
ep   52 | train 0.262077 | val 1.575534 | best 1.328693 | tf=1  [mm:1.0971  pm:3.4813] | 23.07s
ep   53 | train 0.254255 | val 1.498710 | best 1.328693 | tf=1  [mm:1.1430  pm:3.2540] | 23.04s
ep   54 | train 0.215124 | val 1.668434 | best 1.328693 | tf=1  [mm:1.1950  pm:3.6421] | 23.00s
ep   55 | train 0.233967 | val 1.502744 | best 1.328693 | tf=1  [mm:1.2069  pm:3.1791] | 23.02s
ep   56 | train 0.202338 | val 1.634369 | best 1.328693 | tf=1  [mm:1.2568  pm:3.4415] | 23.19s
ep   57 | train 0.291742 | val 1.570124 | best 1.328693 | tf=1  [mm:1.4279  pm:3.2388] | 23.02s
ep   58 | train 0.262761 | val 1.701628 | best 1.328693 | tf=1  [mm:1.2554  pm:3.5901] | 23.11s
ep   59 | train 0.258379 | val 1.477898 | best 1.328693 | tf=1  [mm:1.1062  pm:3.1967] | 23.00s
ep   60 | train 0.230064 | val 1.511340 | best 1.328693 | tf=1  [mm:1.1018  pm:3.2713] | 23.04s
ep   61 | train 0.190965 | val 1.534764 | best 1.328693 | tf=1  [mm:1.3026  pm:3.1991] | 23.13s
ep   62 | train 0.201527 | val 1.523544 | best 1.328693 | tf=1  [mm:1.2072  pm:3.2308] | 23.01s
ep   63 | train 0.199723 | val 1.405045 | best 1.328693 | tf=1  [mm:1.1643  pm:2.9530] | 23.01s
ep   64 | train 0.189946 | val 1.539514 | best 1.328693 | tf=1  [mm:1.1649  pm:3.2638] | 23.01s
ep   65 | train 0.190286 | val 1.576998 | best 1.328693 | tf=1  [mm:1.3362  pm:3.2730] | 23.03s
ep   66 | train 0.196683 | val 1.500963 | best 1.328693 | tf=1  [mm:1.3249  pm:3.2075] | 23.03s
ep   67 | train 0.214275 | val 2.022267 | best 1.328693 | tf=1  [mm:1.3230  pm:4.3202] | 23.05s
ep   68 | train 0.188191 | val 1.615436 | best 1.328693 | tf=1  [mm:1.2775  pm:3.4476] | 23.03s
ep   69 | train 0.199752 | val 1.745670 | best 1.328693 | tf=1  [mm:1.1988  pm:3.7919] | 23.00s
ep   70 | train 0.208584 | val 1.869414 | best 1.328693 | tf=1  [mm:1.4080  pm:3.8483] | 23.07s
ep   71 | train 0.178565 | val 1.620089 | best 1.328693 | tf=1  [mm:1.1985  pm:3.5005] | 23.09s
ep   72 | train 0.162743 | val 1.816021 | best 1.328693 | tf=1  [mm:1.3793  pm:3.7596] | 23.21s
ep   73 | train 0.163222 | val 1.722341 | best 1.328693 | tf=1  [mm:1.2549  pm:3.6579] | 23.06s
ep   74 | train 0.155834 | val 1.862034 | best 1.328693 | tf=1  [mm:1.3462  pm:3.9012] | 22.93s
ep   75 | train 0.149549 | val 1.642934 | best 1.328693 | tf=1  [mm:1.2290  pm:3.5086] | 23.13s
ep   76 | train 0.148188 | val 1.758303 | best 1.328693 | tf=1  [mm:1.3797  pm:3.6319] | 23.02s
ep   77 | train 0.155549 | val 1.705084 | best 1.328693 | tf=1  [mm:1.2872  pm:3.5190] | 23.09s
ep   78 | train 0.137505 | val 1.782589 | best 1.328693 | tf=1  [mm:1.4119  pm:3.6210] | 23.03s
ep   79 | train 0.133423 | val 1.872983 | best 1.328693 | tf=1  [mm:1.3810  pm:3.8530] | 22.95s
ep   80 | train 0.136487 | val 1.760995 | best 1.328693 | tf=1  [mm:1.3314  pm:3.6528] | 22.95s
ep   81 | train 0.132597 | val 1.926905 | best 1.328693 | tf=1  [mm:1.4493  pm:3.9622] | 23.02s
ep   82 | train 0.143820 | val 1.656657 | best 1.328693 | tf=1  [mm:1.2807  pm:3.4553] | 23.04s
ep   83 | train 0.159181 | val 1.828453 | best 1.328693 | tf=1  [mm:1.3237  pm:3.7810] | 23.13s
ep   84 | train 0.175323 | val 1.819050 | best 1.328693 | tf=1  [mm:1.3931  pm:3.7207] | 23.08s
ep   85 | train 0.162053 | val 1.817724 | best 1.328693 | tf=1  [mm:1.4019  pm:3.7868] | 23.06s
ep   86 | train 0.171876 | val 1.714751 | best 1.328693 | tf=1  [mm:1.3450  pm:3.6311] | 23.00s
ep   87 | train 0.179410 | val 2.048964 | best 1.328693 | tf=1  [mm:1.4804  pm:4.1850] | 23.05s
ep   88 | train 0.187466 | val 2.108999 | best 1.328693 | tf=1  [mm:1.4781  pm:4.4014] | 22.94s
ep   89 | train 0.186638 | val 1.775503 | best 1.328693 | tf=1  [mm:1.3941  pm:3.6142] | 23.19s
ep   90 | train 0.212248 | val 1.918529 | best 1.328693 | tf=1  [mm:1.6371  pm:3.8201] | 23.02s
ep   91 | train 0.180115 | val 2.127146 | best 1.328693 | tf=1  [mm:1.5537  pm:4.3448] | 23.07s
ep   92 | train 0.166114 | val 1.612111 | best 1.328693 | tf=1  [mm:1.2376  pm:3.4124] | 22.98s
ep   93 | train 0.210840 | val 2.066550 | best 1.328693 | tf=1  [mm:1.3223  pm:4.4220] | 23.00s
ep   94 | train 0.165040 | val 1.873170 | best 1.328693 | tf=1  [mm:1.3062  pm:4.0320] | 23.01s
ep   95 | train 0.151439 | val 2.205665 | best 1.328693 | tf=1  [mm:1.5782  pm:4.5214] | 23.03s
ep   96 | train 0.166520 | val 1.856801 | best 1.328693 | tf=1  [mm:1.3286  pm:3.9643] | 23.05s
ep   97 | train 0.165198 | val 1.945090 | best 1.328693 | tf=1  [mm:1.6627  pm:3.8577] | 23.01s
ep   98 | train 0.171883 | val 1.683846 | best 1.328693 | tf=1  [mm:1.3527  pm:3.5206] | 23.00s
ep   99 | train 0.165459 | val 1.983816 | best 1.328693 | tf=1  [mm:1.4411  pm:4.1001] | 23.02s
ep  100 | train 0.310896 | val 1.614298 | best 1.328693 | tf=0  [mm:1.3041  pm:3.3683] | 23.15s

Test loss (best model): 1.445086  [mm:1.1373  pm:1.7529]
Saved best model to experiments/txtl_ladder_old_combined/20260525_003235_M5_drecipe_s2/model.pt

Training completed in 2315.31s (38.59m)
Peak GPU memory: 9.15 GB
Loading checkpoint: experiments/txtl_ladder_old_combined/20260525_003235_M5_drecipe_s2/model.pt
[plot_predictions] n_samples=5, plot_ds_len=87
[plot_predictions] y0.shape=(5, 7), u_seq.shape=(5, 1496, 13), y_seq.shape=(5, 1496, 7), dt_seq.shape=(5, 1496)
Saved plots to experiments/txtl_ladder_old_combined/20260525_003235_M5_drecipe_s2/plots
Loading checkpoint: experiments/txtl_ladder_old_combined/20260525_003235_M5_drecipe_s2/model.pt
[epoch overlay] saved: experiments/txtl_ladder_old_combined/20260525_003235_M5_drecipe_s2/plots/pred_overlays_sample000.png

Running endpoint R² analysis...
Loading checkpoint: experiments/txtl_ladder_old_combined/20260525_003235_M5_drecipe_s2/model.pt
  R²(protein final) = 0.5373
  R²(mRNA max)      = 0.4136
Saved plot -> experiments/txtl_ladder_old_combined/20260525_003235_M5_drecipe_s2/endpoint_r2.png
