$ python -u last-layer-ode/train.py --config configs/txtl_gru_new_baseline.yaml --set study=txtl_ladder_old_combined --set out_root=experiments --set exp_name=M4_K6_s2 --set epochs=100 --set endpoint_r2=True --set obs_idx='[3, 5]' --set warmup_epochs=5 --set hidden=600 --set dataset_path=datasets/cell-free/txtl_native_old_only.npz --set val_n=87 --set test_n=87 --set stratify_z_expr=False --set test_real_only=False --set stratified_split=True --set stratify_targets='[3, 5]' --set stratify_bins=5 --set stratify_by_source=True --set subtract_channel_min=True --set subtract_channel_min_cols='[3, 5]' --set encoder_use_log_dt=True --set plot_extra_new_samples=0 --set y0_theta_init=False --set scaffold=txtl_model4_three_state --set model_class=ode_rnn_sparse_theta_v2 --set anchor_mode=uniform --set n_theta_anchors=6 --set seed=2

Using device: cuda
Experiment: experiments/txtl_ladder_old_combined/20260525_060946_M4_K6_s2
Study: txtl_ladder_old_combined | Run ID: 20260525_060946_M4_K6_s2
Split: stratified | seed=42 | bins=5 | targets=[3, 5] | n_test=87 n_val=87 n_train=517
/home/bob-van-sluijs/anaconda3/envs/oliver_env/lib/python3.13/site-packages/torch/cuda/__init__.py:1007: UserWarning: Can't initialize NVML
  raw_cnt = _raw_device_count_nvml()
Partial-observability lift: scaffold.P=4, P_obs=7, obs_state_idx=[0, 2], control_state_map={'DNA c': 3}
The model compiled successfully
LR warmup: 5 epochs (2.00e-03 target)
Data: N=691 | train=517 | val=87 | test=87
Dims: P_obs=7 | scaffold=txtl_model4_three_state | U=13
Species: mm, pm
Partial-observability lift active: dataset_obs_idx=[3, 5] → scaffold_obs_idx=[0, 2].
Lift by-name IC copy: DNA→DNA@3
ep    1 | train 4.857694 | val 3.928850 | best 3.928850 | tf=1  [mm:2.9836  pm:4.8741] | 18.63s
ep    2 | train 4.231255 | val 3.359937 | best 3.359937 | tf=1  [mm:2.7083  pm:4.0116] | 16.52s
ep    3 | train 4.490026 | val 3.880555 | best 3.359937 | tf=1  [mm:4.0621  pm:3.6990] | 16.28s
ep    4 | train 4.112200 | val 2.865383 | best 2.865383 | tf=1  [mm:2.2086  pm:3.5222] | 16.12s
ep    5 | train 3.623250 | val 3.297095 | best 2.865383 | tf=1  [mm:2.3338  pm:4.2604] | 15.76s
ep    6 | train 3.532593 | val 2.818541 | best 2.818541 | tf=1  [mm:2.1455  pm:3.4916] | 15.48s
ep    7 | train 3.454244 | val 3.208079 | best 2.818541 | tf=1  [mm:2.9641  pm:3.4521] | 15.65s
ep    8 | train 3.621050 | val 2.876597 | best 2.818541 | tf=1  [mm:2.0581  pm:3.6951] | 15.70s
ep    9 | train 3.537123 | val 2.816625 | best 2.816625 | tf=1  [mm:2.1069  pm:3.5264] | 15.88s
ep   10 | train 3.369103 | val 2.838949 | best 2.816625 | tf=1  [mm:2.1172  pm:3.5607] | 16.01s
ep   11 | train 3.421405 | val 2.797258 | best 2.797258 | tf=1  [mm:1.9263  pm:3.6682] | 16.13s
ep   12 | train 3.496066 | val 2.889775 | best 2.797258 | tf=1  [mm:2.0120  pm:3.7675] | 16.16s
ep   13 | train 3.742601 | val 2.715192 | best 2.715192 | tf=1  [mm:1.9907  pm:3.4397] | 15.77s
ep   14 | train 3.256611 | val 2.803240 | best 2.715192 | tf=1  [mm:1.9135  pm:3.6930] | 15.16s
ep   15 | train 3.466431 | val 2.854707 | best 2.715192 | tf=1  [mm:1.9596  pm:3.7498] | 14.28s
ep   16 | train 3.192187 | val 2.683572 | best 2.683572 | tf=1  [mm:1.9800  pm:3.3872] | 14.23s
ep   17 | train 3.282362 | val 2.707688 | best 2.683572 | tf=1  [mm:1.9527  pm:3.4627] | 14.58s
ep   18 | train 3.325365 | val 2.568714 | best 2.568714 | tf=1  [mm:1.7361  pm:3.4013] | 15.16s
ep   19 | train 2.888338 | val 2.790731 | best 2.568714 | tf=1  [mm:2.1263  pm:3.4552] | 15.13s
ep   20 | train 3.032686 | val 2.207897 | best 2.207897 | tf=1  [mm:1.5586  pm:2.8572] | 15.22s
ep   21 | train 2.706424 | val 2.675394 | best 2.207897 | tf=1  [mm:1.6209  pm:3.7299] | 15.22s
ep   22 | train 3.100439 | val 2.452062 | best 2.207897 | tf=1  [mm:1.5517  pm:3.3524] | 15.12s
ep   23 | train 2.725496 | val 2.505063 | best 2.207897 | tf=1  [mm:1.7028  pm:3.3073] | 15.17s
ep   24 | train 2.577812 | val 2.425929 | best 2.207897 | tf=1  [mm:1.6086  pm:3.2433] | 15.01s
ep   25 | train 2.324564 | val 2.723514 | best 2.207897 | tf=1  [mm:1.7518  pm:3.6952] | 15.17s
ep   26 | train 2.347713 | val 3.132084 | best 2.207897 | tf=1  [mm:1.7336  pm:4.5306] | 15.14s
ep   27 | train 2.345967 | val 2.280513 | best 2.207897 | tf=1  [mm:1.5419  pm:3.0191] | 15.07s
ep   28 | train 2.234892 | val 2.735626 | best 2.207897 | tf=1  [mm:1.6650  pm:3.8063] | 15.17s
ep   29 | train 2.006432 | val 2.389055 | best 2.207897 | tf=1  [mm:1.5659  pm:3.2123] | 15.05s
ep   30 | train 2.029139 | val 2.245493 | best 2.207897 | tf=1  [mm:1.4655  pm:3.0255] | 15.23s
ep   31 | train 1.774566 | val 2.504673 | best 2.207897 | tf=1  [mm:1.5186  pm:3.4908] | 15.17s
ep   32 | train 1.800366 | val 2.439765 | best 2.207897 | tf=1  [mm:1.5921  pm:3.2875] | 15.22s
ep   33 | train 1.580490 | val 2.230134 | best 2.207897 | tf=1  [mm:1.4577  pm:3.0026] | 14.97s
ep   34 | train 1.595700 | val 2.432614 | best 2.207897 | tf=1  [mm:1.7748  pm:3.0904] | 15.12s
ep   35 | train 1.503585 | val 2.433429 | best 2.207897 | tf=1  [mm:1.5855  pm:3.2814] | 15.16s
ep   36 | train 1.550331 | val 2.392539 | best 2.207897 | tf=1  [mm:1.3678  pm:3.4173] | 15.10s
ep   37 | train 1.502577 | val 2.329384 | best 2.207897 | tf=1  [mm:1.4982  pm:3.1606] | 15.10s
ep   38 | train 1.360401 | val 2.261755 | best 2.207897 | tf=1  [mm:1.4729  pm:3.0506] | 15.19s
ep   39 | train 1.320874 | val 2.098191 | best 2.098191 | tf=1  [mm:1.2053  pm:2.9910] | 15.24s
ep   40 | train 1.289857 | val 1.934947 | best 1.934947 | tf=1  [mm:1.0671  pm:2.8028] | 15.12s
ep   41 | train 1.263521 | val 2.374242 | best 1.934947 | tf=1  [mm:1.4180  pm:3.3305] | 15.10s
ep   42 | train 1.263539 | val 2.114055 | best 1.934947 | tf=1  [mm:1.2581  pm:2.9700] | 15.17s
ep   43 | train 1.262107 | val 2.311618 | best 1.934947 | tf=1  [mm:1.2875  pm:3.3357] | 15.22s
ep   44 | train 1.261598 | val 2.109138 | best 1.934947 | tf=1  [mm:1.1153  pm:3.1029] | 15.14s
ep   45 | train 1.147171 | val 2.352670 | best 1.934947 | tf=1  [mm:1.2724  pm:3.4329] | 15.05s
ep   46 | train 1.108429 | val 2.394233 | best 1.934947 | tf=1  [mm:1.2359  pm:3.5525] | 15.09s
ep   47 | train 1.132635 | val 2.439189 | best 1.934947 | tf=1  [mm:1.1024  pm:3.7760] | 15.14s
ep   48 | train 1.068614 | val 2.182518 | best 1.934947 | tf=1  [mm:1.1824  pm:3.1826] | 15.12s
ep   49 | train 1.152854 | val 1.972500 | best 1.934947 | tf=1  [mm:1.1824  pm:2.7626] | 15.09s
ep   50 | train 1.037253 | val 2.333227 | best 1.934947 | tf=1  [mm:1.4308  pm:3.2356] | 15.12s
ep   51 | train 1.034782 | val 2.253531 | best 1.934947 | tf=1  [mm:1.1766  pm:3.3304] | 15.21s
ep   52 | train 1.047716 | val 2.045240 | best 1.934947 | tf=1  [mm:1.1712  pm:2.9193] | 15.07s
ep   53 | train 0.972226 | val 1.977640 | best 1.934947 | tf=1  [mm:1.1362  pm:2.8191] | 15.12s
ep   54 | train 0.892665 | val 2.182338 | best 1.934947 | tf=1  [mm:1.1922  pm:3.1724] | 15.13s
ep   55 | train 0.956528 | val 2.039848 | best 1.934947 | tf=1  [mm:1.1408  pm:2.9389] | 15.12s
ep   56 | train 0.927830 | val 2.020519 | best 1.934947 | tf=1  [mm:1.1671  pm:2.8739] | 15.13s
ep   57 | train 0.879527 | val 2.223389 | best 1.934947 | tf=1  [mm:1.2445  pm:3.2023] | 15.14s
ep   58 | train 0.949571 | val 2.006460 | best 1.934947 | tf=1  [mm:1.0615  pm:2.9515] | 15.20s
ep   59 | train 0.908967 | val 2.340984 | best 1.934947 | tf=1  [mm:1.1979  pm:3.4840] | 15.14s
ep   60 | train 0.952238 | val 2.085520 | best 1.934947 | tf=1  [mm:1.1077  pm:3.0633] | 15.12s
ep   61 | train 0.946082 | val 2.326535 | best 1.934947 | tf=1  [mm:1.1702  pm:3.4829] | 15.12s
ep   62 | train 0.918010 | val 2.295779 | best 1.934947 | tf=1  [mm:1.2699  pm:3.3216] | 15.10s
ep   63 | train 0.909446 | val 2.177423 | best 1.934947 | tf=1  [mm:1.1712  pm:3.1837] | 15.19s
ep   64 | train 0.870835 | val 2.283804 | best 1.934947 | tf=1  [mm:1.2291  pm:3.3385] | 15.04s
ep   65 | train 0.852701 | val 2.317024 | best 1.934947 | tf=1  [mm:1.1721  pm:3.4620] | 15.16s
ep   66 | train 0.842390 | val 2.187773 | best 1.934947 | tf=1  [mm:1.2059  pm:3.1696] | 15.08s
ep   67 | train 0.859711 | val 2.065350 | best 1.934947 | tf=1  [mm:1.1414  pm:2.9893] | 15.07s
ep   68 | train 0.838808 | val 2.086023 | best 1.934947 | tf=1  [mm:1.2345  pm:2.9375] | 15.07s
ep   69 | train 0.826016 | val 2.224593 | best 1.934947 | tf=1  [mm:1.1498  pm:3.2994] | 15.20s
ep   70 | train 0.812544 | val 2.326100 | best 1.934947 | tf=1  [mm:1.0951  pm:3.5571] | 15.11s
ep   71 | train 0.844672 | val 2.256178 | best 1.934947 | tf=1  [mm:1.1766  pm:3.3357] | 15.05s
ep   72 | train 0.824631 | val 2.079194 | best 1.934947 | tf=1  [mm:1.0966  pm:3.0618] | 15.15s
ep   73 | train 0.831886 | val 2.026268 | best 1.934947 | tf=1  [mm:1.1275  pm:2.9250] | 15.07s
ep   74 | train 0.817539 | val 2.276917 | best 1.934947 | tf=1  [mm:1.1339  pm:3.4200] | 15.16s
ep   75 | train 0.819438 | val 2.106707 | best 1.934947 | tf=1  [mm:1.2599  pm:2.9535] | 15.18s
ep   76 | train 0.826760 | val 2.159227 | best 1.934947 | tf=1  [mm:1.1675  pm:3.1509] | 15.21s
ep   77 | train 0.808640 | val 2.065846 | best 1.934947 | tf=1  [mm:1.1793  pm:2.9524] | 15.12s
ep   78 | train 0.808445 | val 2.030104 | best 1.934947 | tf=1  [mm:1.1612  pm:2.8990] | 15.25s
ep   79 | train 0.782228 | val 1.927651 | best 1.927651 | tf=1  [mm:1.1625  pm:2.6928] | 15.10s
ep   80 | train 0.786557 | val 2.088319 | best 1.927651 | tf=1  [mm:1.1613  pm:3.0154] | 15.13s
ep   81 | train 0.762487 | val 2.109246 | best 1.927651 | tf=1  [mm:1.1376  pm:3.0809] | 15.06s
ep   82 | train 0.763392 | val 2.136114 | best 1.927651 | tf=1  [mm:1.1631  pm:3.1091] | 15.18s
ep   83 | train 0.810171 | val 2.412566 | best 1.927651 | tf=1  [mm:1.1643  pm:3.6608] | 15.06s
ep   84 | train 0.811201 | val 2.341720 | best 1.927651 | tf=1  [mm:1.1191  pm:3.5643] | 15.17s
ep   85 | train 0.805322 | val 1.948362 | best 1.927651 | tf=1  [mm:1.1317  pm:2.7650] | 15.08s
ep   86 | train 0.813909 | val 1.957819 | best 1.927651 | tf=1  [mm:1.2231  pm:2.6926] | 15.20s
ep   87 | train 0.811357 | val 2.007900 | best 1.927651 | tf=1  [mm:1.2175  pm:2.7983] | 15.06s
ep   88 | train 0.815422 | val 1.998106 | best 1.927651 | tf=1  [mm:1.1494  pm:2.8468] | 15.17s
ep   89 | train 0.780203 | val 1.961524 | best 1.927651 | tf=1  [mm:1.1052  pm:2.8178] | 15.11s
ep   90 | train 0.796343 | val 2.001665 | best 1.927651 | tf=1  [mm:1.1509  pm:2.8525] | 15.21s
ep   91 | train 0.761369 | val 2.043652 | best 1.927651 | tf=1  [mm:1.1753  pm:2.9120] | 15.11s
ep   92 | train 0.782851 | val 2.074973 | best 1.927651 | tf=1  [mm:1.1883  pm:2.9617] | 15.19s
ep   93 | train 0.761371 | val 2.071625 | best 1.927651 | tf=1  [mm:1.1704  pm:2.9729] | 15.10s
ep   94 | train 0.778219 | val 2.023686 | best 1.927651 | tf=1  [mm:1.2254  pm:2.8220] | 15.19s
ep   95 | train 0.754105 | val 2.010616 | best 1.927651 | tf=1  [mm:1.1464  pm:2.8748] | 15.13s
ep   96 | train 0.750219 | val 2.110301 | best 1.927651 | tf=1  [mm:1.1640  pm:3.0566] | 15.31s
ep   97 | train 0.780954 | val 2.023382 | best 1.927651 | tf=1  [mm:1.1483  pm:2.8984] | 15.15s
ep   98 | train 0.768174 | val 1.951095 | best 1.927651 | tf=1  [mm:1.1961  pm:2.7061] | 15.23s
ep   99 | train 0.744429 | val 1.929183 | best 1.927651 | tf=1  [mm:1.2101  pm:2.6483] | 15.07s
ep  100 | train 1.161738 | val 1.936284 | best 1.927651 | tf=0  [mm:1.1861  pm:2.6865] | 15.18s

Test loss (best model): 2.266856  [mm:1.5718  pm:2.9619]
Saved best model to experiments/txtl_ladder_old_combined/20260525_060946_M4_K6_s2/model.pt

Training completed in 1530.78s (25.51m)
Peak GPU memory: 8.68 GB
[rebuild] partial-obs lift: dataset_obs_idx=[3, 5] → scaffold_obs_idx=[0, 2] (P=4)
Loading checkpoint: experiments/txtl_ladder_old_combined/20260525_060946_M4_K6_s2/model.pt
[plot_predictions] n_samples=5, plot_ds_len=87
[plot_predictions] y0.shape=(5, 4), u_seq.shape=(5, 1496, 13), y_seq.shape=(5, 1496, 4), dt_seq.shape=(5, 1496)
Saved plots to experiments/txtl_ladder_old_combined/20260525_060946_M4_K6_s2/plots
[rebuild] partial-obs lift: dataset_obs_idx=[3, 5] → scaffold_obs_idx=[0, 2] (P=4)
Loading checkpoint: experiments/txtl_ladder_old_combined/20260525_060946_M4_K6_s2/model.pt
[epoch overlay] saved: experiments/txtl_ladder_old_combined/20260525_060946_M4_K6_s2/plots/pred_overlays_sample000.png

Running endpoint R² analysis...
[rebuild] partial-obs lift: dataset_obs_idx=[3, 5] → scaffold_obs_idx=[0, 2] (P=4)
Loading checkpoint: experiments/txtl_ladder_old_combined/20260525_060946_M4_K6_s2/model.pt
  R²(protein final) = 0.2427
  R²(mRNA max)      = 0.0999
Saved plot -> experiments/txtl_ladder_old_combined/20260525_060946_M4_K6_s2/endpoint_r2.png
