$ python -u last-layer-ode/train.py --config configs/txtl_gru_new_baseline.yaml --set study=txtl_ladder_old_combined --set out_root=experiments --set exp_name=M8_K6_s2 --set epochs=100 --set endpoint_r2=True --set obs_idx='[3, 5]' --set warmup_epochs=5 --set hidden=600 --set dataset_path=datasets/cell-free/txtl_native_old_only.npz --set val_n=87 --set test_n=87 --set stratify_z_expr=False --set test_real_only=False --set stratified_split=True --set stratify_targets='[3, 5]' --set stratify_bins=5 --set stratify_by_source=True --set subtract_channel_min=True --set subtract_channel_min_cols='[3, 5]' --set encoder_use_log_dt=True --set plot_extra_new_samples=0 --set y0_theta_init=False --set scaffold=txtl_model8_reagent_resource --set model_class=ode_rnn_sparse_theta_v2 --set anchor_mode=uniform --set n_theta_anchors=6 --set seed=2

Using device: cuda
Experiment: experiments/txtl_ladder_old_combined/20260525_100651_M8_K6_s2
Study: txtl_ladder_old_combined | Run ID: 20260525_100651_M8_K6_s2
Split: stratified | seed=42 | bins=5 | targets=[3, 5] | n_test=87 n_val=87 n_train=517
/home/bob-van-sluijs/anaconda3/envs/oliver_env/lib/python3.13/site-packages/torch/cuda/__init__.py:1007: UserWarning: Can't initialize NVML
  raw_cnt = _raw_device_count_nvml()
Partial-observability lift: scaffold.P=12, P_obs=7, obs_state_idx=[8, 10], control_state_map={'DNA c': 11, 'NTPs': 0, 'FB': 0, 'Maltose': 0, 'AA': 1, 'T7RNAP': 2, 'Mg-Glut': 3, 'K-Glut': 4, 'PEG8000': 5}
The model compiled successfully
LR warmup: 5 epochs (2.00e-03 target)
Data: N=691 | train=517 | val=87 | test=87
Dims: P_obs=7 | scaffold=txtl_model8_reagent_resource | U=13
Species: mm, pm
Partial-observability lift active: dataset_obs_idx=[3, 5] → scaffold_obs_idx=[8, 10].
Lift by-name IC copy: m→m@7, p→p@9, DNA→DNA@11
ep    1 | train 18.686619 | val 18.771322 | best 18.771322 | tf=1  [mm:14.0832  pm:23.4595] | 43.64s
ep    2 | train 13.897211 | val 12.078953 | best 12.078953 | tf=1  [mm:4.1958  pm:19.9622] | 33.37s
ep    3 | train 12.850998 | val 11.651237 | best 11.651237 | tf=1  [mm:3.4531  pm:19.8494] | 32.71s
ep    4 | train 12.403366 | val 11.742588 | best 11.651237 | tf=1  [mm:3.5567  pm:19.9285] | 32.77s
ep    5 | train 11.916904 | val 11.691165 | best 11.651237 | tf=1  [mm:3.1737  pm:20.2087] | 32.87s
ep    6 | train 12.584665 | val 11.735544 | best 11.651237 | tf=1  [mm:3.1928  pm:20.2783] | 32.79s
ep    7 | train 12.285123 | val 11.861976 | best 11.651237 | tf=1  [mm:3.7681  pm:19.9558] | 32.89s
ep    8 | train 12.272365 | val 11.692478 | best 11.651237 | tf=1  [mm:3.3255  pm:20.0595] | 32.82s
ep    9 | train 12.026293 | val 11.562367 | best 11.562367 | tf=1  [mm:3.1605  pm:19.9643] | 32.79s
ep   10 | train 12.164552 | val 11.636596 | best 11.562367 | tf=1  [mm:3.2327  pm:20.0405] | 32.80s
ep   11 | train 12.462688 | val 11.515834 | best 11.515834 | tf=1  [mm:3.0853  pm:19.9464] | 32.84s
ep   12 | train 12.316750 | val 11.547271 | best 11.515834 | tf=1  [mm:3.1501  pm:19.9445] | 32.88s
ep   13 | train 12.074128 | val 11.471723 | best 11.471723 | tf=1  [mm:3.0185  pm:19.9249] | 32.86s
ep   14 | train 11.976530 | val 11.845446 | best 11.471723 | tf=1  [mm:3.7606  pm:19.9303] | 32.86s
ep   15 | train 12.140232 | val 11.555790 | best 11.471723 | tf=1  [mm:3.1541  pm:19.9575] | 32.83s
ep   16 | train 11.732372 | val 11.488851 | best 11.471723 | tf=1  [mm:3.0280  pm:19.9497] | 32.80s
ep   17 | train 12.155654 | val 11.488763 | best 11.471723 | tf=1  [mm:3.0138  pm:19.9637] | 32.89s
ep   18 | train 11.955450 | val 11.420463 | best 11.420463 | tf=1  [mm:2.9149  pm:19.9260] | 32.85s
ep   19 | train 11.869565 | val 11.393449 | best 11.393449 | tf=1  [mm:2.8585  pm:19.9284] | 32.79s
ep   20 | train 11.408982 | val 11.497021 | best 11.393449 | tf=1  [mm:3.0712  pm:19.9228] | 32.90s
ep   21 | train 11.405532 | val 11.495317 | best 11.393449 | tf=1  [mm:3.0681  pm:19.9225] | 32.88s
ep   22 | train 11.836959 | val 11.409005 | best 11.393449 | tf=1  [mm:2.8236  pm:19.9945] | 32.88s
ep   23 | train 11.688746 | val 11.451013 | best 11.393449 | tf=1  [mm:2.8759  pm:20.0262] | 32.85s
ep   24 | train 11.774472 | val 11.400852 | best 11.393449 | tf=1  [mm:2.8813  pm:19.9204] | 32.92s
ep   25 | train 11.969786 | val 11.387149 | best 11.387149 | tf=1  [mm:2.8568  pm:19.9175] | 32.84s
ep   26 | train 11.741369 | val 11.518204 | best 11.387149 | tf=1  [mm:3.1506  pm:19.8858] | 32.89s
ep   27 | train 12.141275 | val 11.404912 | best 11.387149 | tf=1  [mm:2.8177  pm:19.9921] | 32.89s
ep   28 | train 11.387548 | val 11.403051 | best 11.387149 | tf=1  [mm:2.8068  pm:19.9993] | 32.76s
ep   29 | train 11.278673 | val 11.309656 | best 11.309656 | tf=1  [mm:2.7271  pm:19.8922] | 32.97s
ep   30 | train 11.973751 | val 11.310695 | best 11.309656 | tf=1  [mm:2.7259  pm:19.8954] | 32.88s
ep   31 | train 11.779260 | val 11.331840 | best 11.309656 | tf=1  [mm:2.7677  pm:19.8959] | 33.01s
ep   32 | train 12.020944 | val 11.373551 | best 11.309656 | tf=1  [mm:2.8755  pm:19.8716] | 32.92s
ep   33 | train 11.990463 | val 11.345141 | best 11.309656 | tf=1  [mm:2.8707  pm:19.8196] | 32.79s
ep   34 | train 11.298769 | val 11.283249 | best 11.283249 | tf=1  [mm:2.7644  pm:19.8021] | 32.88s
ep   35 | train 11.396428 | val 11.415870 | best 11.283249 | tf=1  [mm:2.9519  pm:19.8799] | 32.95s
ep   36 | train 11.759945 | val 11.236158 | best 11.236158 | tf=1  [mm:2.7293  pm:19.7430] | 32.74s
ep   37 | train 11.563669 | val 11.373132 | best 11.236158 | tf=1  [mm:2.8754  pm:19.8708] | 32.88s
ep   38 | train 11.946429 | val 11.268669 | best 11.236158 | tf=1  [mm:2.7580  pm:19.7793] | 32.84s
ep   39 | train 11.575307 | val 11.279261 | best 11.236158 | tf=1  [mm:2.7585  pm:19.8001] | 32.91s
ep   40 | train 11.425667 | val 11.293939 | best 11.236158 | tf=1  [mm:2.7825  pm:19.8053] | 32.90s
ep   41 | train 11.258211 | val 11.215610 | best 11.215610 | tf=1  [mm:2.7025  pm:19.7287] | 32.79s
ep   42 | train 12.121079 | val 11.289325 | best 11.215610 | tf=1  [mm:2.8116  pm:19.7671] | 32.91s
ep   43 | train 11.399810 | val 11.249043 | best 11.215610 | tf=1  [mm:2.7841  pm:19.7140] | 32.79s
ep   44 | train 11.582054 | val 11.142783 | best 11.142783 | tf=1  [mm:2.6971  pm:19.5885] | 32.86s
ep   45 | train 11.378550 | val 11.144138 | best 11.142783 | tf=1  [mm:2.7570  pm:19.5312] | 32.81s
ep   46 | train 10.893787 | val 11.135670 | best 11.135670 | tf=1  [mm:2.6366  pm:19.6347] | 32.99s
ep   47 | train 11.502825 | val 11.111277 | best 11.111277 | tf=1  [mm:2.6576  pm:19.5650] | 32.84s
ep   48 | train 12.083467 | val 11.053549 | best 11.053549 | tf=1  [mm:2.5609  pm:19.5462] | 32.84s
ep   49 | train 11.424497 | val 11.296987 | best 11.053549 | tf=1  [mm:2.8622  pm:19.7318] | 32.88s
ep   50 | train 11.132524 | val 11.189655 | best 11.053549 | tf=1  [mm:2.6689  pm:19.7104] | 32.84s
ep   51 | train 10.895742 | val 11.132103 | best 11.053549 | tf=1  [mm:2.6883  pm:19.5759] | 32.85s
ep   52 | train 11.202739 | val 11.200859 | best 11.053549 | tf=1  [mm:2.7000  pm:19.7018] | 32.97s
ep   53 | train 11.453218 | val 11.461702 | best 11.053549 | tf=1  [mm:2.9376  pm:19.9858] | 32.81s
ep   54 | train 11.037734 | val 11.346564 | best 11.053549 | tf=1  [mm:2.7999  pm:19.8932] | 32.66s
ep   55 | train 11.481059 | val 11.372519 | best 11.053549 | tf=1  [mm:2.8302  pm:19.9149] | 32.88s
ep   56 | train 11.706453 | val 11.366793 | best 11.053549 | tf=1  [mm:2.8002  pm:19.9334] | 32.93s
ep   57 | train 11.515978 | val 11.326729 | best 11.053549 | tf=1  [mm:2.9391  pm:19.7144] | 32.98s
ep   58 | train 11.164498 | val 11.262271 | best 11.053549 | tf=1  [mm:2.7200  pm:19.8045] | 32.87s
ep   59 | train 10.768435 | val 11.176111 | best 11.053549 | tf=1  [mm:2.7597  pm:19.5925] | 32.88s
ep   60 | train 11.448322 | val 11.282159 | best 11.053549 | tf=1  [mm:2.9597  pm:19.6046] | 32.95s
ep   61 | train 11.226231 | val 11.410619 | best 11.053549 | tf=1  [mm:2.8476  pm:19.9736] | 32.86s
ep   62 | train 11.365737 | val 11.288627 | best 11.053549 | tf=1  [mm:2.7052  pm:19.8721] | 32.97s
ep   63 | train 11.161878 | val 11.286873 | best 11.053549 | tf=1  [mm:2.8306  pm:19.7432] | 32.91s
ep   64 | train 10.820027 | val 11.194401 | best 11.053549 | tf=1  [mm:2.6297  pm:19.7591] | 32.84s
ep   65 | train 10.848816 | val 11.431976 | best 11.053549 | tf=1  [mm:3.1750  pm:19.6889] | 32.89s
ep   66 | train 11.108636 | val 11.199883 | best 11.053549 | tf=1  [mm:2.6416  pm:19.7581] | 32.82s
ep   67 | train 11.327546 | val 11.397377 | best 11.053549 | tf=1  [mm:2.8129  pm:19.9818] | 32.82s
ep   68 | train 10.943136 | val 11.401905 | best 11.053549 | tf=1  [mm:2.8849  pm:19.9189] | 32.84s
ep   69 | train 11.006779 | val 11.367446 | best 11.053549 | tf=1  [mm:2.9128  pm:19.8221] | 32.82s
ep   70 | train 11.625234 | val 11.343782 | best 11.053549 | tf=1  [mm:3.0214  pm:19.6662] | 33.02s
ep   71 | train 11.225764 | val 11.443813 | best 11.053549 | tf=1  [mm:2.8753  pm:20.0123] | 32.96s
ep   72 | train 11.411324 | val 11.324903 | best 11.053549 | tf=1  [mm:2.6944  pm:19.9554] | 32.96s
ep   73 | train 11.154612 | val 11.474454 | best 11.053549 | tf=1  [mm:2.7845  pm:20.1644] | 33.03s
ep   74 | train 11.143868 | val 11.529177 | best 11.053549 | tf=1  [mm:3.0586  pm:19.9998] | 32.93s
ep   75 | train 11.159930 | val 11.324295 | best 11.053549 | tf=1  [mm:2.8491  pm:19.7995] | 32.95s
ep   76 | train 11.143596 | val 11.274195 | best 11.053549 | tf=1  [mm:2.8644  pm:19.6840] | 33.00s
ep   77 | train 10.830766 | val 11.283937 | best 11.053549 | tf=1  [mm:2.9995  pm:19.5683] | 32.84s
ep   78 | train 11.289231 | val 11.342342 | best 11.053549 | tf=1  [mm:2.9441  pm:19.7406] | 32.96s
ep   79 | train 11.304728 | val 11.323580 | best 11.053549 | tf=1  [mm:2.9850  pm:19.6622] | 32.92s
ep   80 | train 11.905941 | val 11.340253 | best 11.053549 | tf=1  [mm:2.9894  pm:19.6911] | 32.80s
ep   81 | train 11.088219 | val 11.416908 | best 11.053549 | tf=1  [mm:2.9764  pm:19.8574] | 32.89s
ep   82 | train 11.701574 | val 11.395515 | best 11.053549 | tf=1  [mm:2.8929  pm:19.8981] | 32.87s
ep   83 | train 11.212661 | val 11.183914 | best 11.053549 | tf=1  [mm:2.7248  pm:19.6431] | 32.89s
ep   84 | train 10.771126 | val 11.270039 | best 11.053549 | tf=1  [mm:2.8206  pm:19.7194] | 32.85s
ep   85 | train 11.692763 | val 11.368863 | best 11.053549 | tf=1  [mm:2.8857  pm:19.8520] | 32.91s
ep   86 | train 10.983388 | val 11.411927 | best 11.053549 | tf=1  [mm:2.8908  pm:19.9331] | 32.88s
ep   87 | train 11.231129 | val 11.400311 | best 11.053549 | tf=1  [mm:3.0218  pm:19.7788] | 32.92s
ep   88 | train 11.403230 | val 11.454179 | best 11.053549 | tf=1  [mm:2.9928  pm:19.9156] | 32.89s
ep   89 | train 10.858222 | val 11.402829 | best 11.053549 | tf=1  [mm:2.9560  pm:19.8497] | 32.88s
ep   90 | train 11.194225 | val 11.465131 | best 11.053549 | tf=1  [mm:3.1577  pm:19.7726] | 32.91s
ep   91 | train 11.146552 | val 11.389244 | best 11.053549 | tf=1  [mm:2.9006  pm:19.8779] | 32.31s
ep   92 | train 10.910676 | val 11.346243 | best 11.053549 | tf=1  [mm:2.7934  pm:19.8990] | 31.97s
ep   93 | train 11.381787 | val 11.363083 | best 11.053549 | tf=1  [mm:2.8611  pm:19.8651] | 32.60s
ep   94 | train 10.889548 | val 11.271781 | best 11.053549 | tf=1  [mm:2.7557  pm:19.7878] | 32.67s
ep   95 | train 11.327978 | val 11.268140 | best 11.053549 | tf=1  [mm:2.7446  pm:19.7917] | 32.64s
ep   96 | train 11.426924 | val 11.259696 | best 11.053549 | tf=1  [mm:2.7599  pm:19.7595] | 32.67s
ep   97 | train 10.752891 | val 11.353139 | best 11.053549 | tf=1  [mm:2.9052  pm:19.8011] | 32.71s
ep   98 | train 11.098183 | val 11.326493 | best 11.053549 | tf=1  [mm:2.8958  pm:19.7572] | 32.57s
ep   99 | train 11.375457 | val 11.271153 | best 11.053549 | tf=1  [mm:2.7169  pm:19.8254] | 32.40s
ep  100 | train 11.370757 | val 11.499801 | best 11.053549 | tf=0  [mm:2.8810  pm:20.1186] | 32.13s

Test loss (best model): 13.184933  [mm:2.6544  pm:23.7155]
Saved best model to experiments/txtl_ladder_old_combined/20260525_100651_M8_K6_s2/model.pt

Training completed in 3301.06s (55.02m)
Peak GPU memory: 8.83 GB
[rebuild] partial-obs lift: dataset_obs_idx=[3, 5] → scaffold_obs_idx=[8, 10] (P=12)
Loading checkpoint: experiments/txtl_ladder_old_combined/20260525_100651_M8_K6_s2/model.pt
[plot_predictions] n_samples=5, plot_ds_len=87
[plot_predictions] y0.shape=(5, 12), u_seq.shape=(5, 1496, 13), y_seq.shape=(5, 1496, 12), dt_seq.shape=(5, 1496)
Saved plots to experiments/txtl_ladder_old_combined/20260525_100651_M8_K6_s2/plots
[rebuild] partial-obs lift: dataset_obs_idx=[3, 5] → scaffold_obs_idx=[8, 10] (P=12)
Loading checkpoint: experiments/txtl_ladder_old_combined/20260525_100651_M8_K6_s2/model.pt
[epoch overlay] saved: experiments/txtl_ladder_old_combined/20260525_100651_M8_K6_s2/plots/pred_overlays_sample000.png

Running endpoint R² analysis...
[rebuild] partial-obs lift: dataset_obs_idx=[3, 5] → scaffold_obs_idx=[8, 10] (P=12)
Loading checkpoint: experiments/txtl_ladder_old_combined/20260525_100651_M8_K6_s2/model.pt
  R²(protein final) = -0.6264
  R²(mRNA max)      = -0.1034
Saved plot -> experiments/txtl_ladder_old_combined/20260525_100651_M8_K6_s2/endpoint_r2.png
