$ python -u last-layer-ode/train.py --config configs/txtl_gru_new_baseline.yaml --set study=txtl_ladder_old_combined --set out_root=experiments --set exp_name=M5_K6_s1 --set epochs=100 --set endpoint_r2=True --set obs_idx='[3, 5]' --set warmup_epochs=5 --set hidden=600 --set dataset_path=datasets/cell-free/txtl_native_old_only.npz --set val_n=87 --set test_n=87 --set stratify_z_expr=False --set test_real_only=False --set stratified_split=True --set stratify_targets='[3, 5]' --set stratify_bins=5 --set stratify_by_source=True --set subtract_channel_min=True --set subtract_channel_min_cols='[3, 5]' --set encoder_use_log_dt=True --set plot_extra_new_samples=0 --set y0_theta_init=False --set scaffold=txtl_resource_and_maturation_dna --set model_class=ode_rnn_sparse_theta_v2 --set anchor_mode=uniform --set n_theta_anchors=6 --set seed=1

Using device: cuda
Experiment: experiments/txtl_ladder_old_combined/20260525_073220_M5_K6_s1
Study: txtl_ladder_old_combined | Run ID: 20260525_073220_M5_K6_s1
Split: stratified | seed=42 | bins=5 | targets=[3, 5] | n_test=87 n_val=87 n_train=517
/home/bob-van-sluijs/anaconda3/envs/oliver_env/lib/python3.13/site-packages/torch/cuda/__init__.py:1007: UserWarning: Can't initialize NVML
  raw_cnt = _raw_device_count_nvml()
The model compiled successfully
LR warmup: 5 epochs (2.00e-03 target)
Data: N=691 | train=517 | val=87 | test=87
Dims: P_obs=7 | scaffold=txtl_resource_and_maturation_dna | U=13
Species: mm, pm
Supervising only species indices: [3, 5]
ep    1 | train 4.138198 | val 3.197162 | best 3.197162 | tf=1  [mm:2.1720  pm:4.2223] | 28.15s
ep    2 | train 5.484912 | val 4.221052 | best 3.197162 | tf=1  [mm:2.7307  pm:5.7114] | 23.96s
ep    3 | train 4.445805 | val 4.317420 | best 3.197162 | tf=1  [mm:2.5326  pm:6.1022] | 23.52s
ep    4 | train 4.651942 | val 3.810772 | best 3.197162 | tf=1  [mm:4.1012  pm:3.5203] | 23.65s
ep    5 | train 3.928413 | val 3.120159 | best 3.120159 | tf=1  [mm:2.6030  pm:3.6374] | 23.64s
ep    6 | train 3.823591 | val 3.167993 | best 3.120159 | tf=1  [mm:2.6605  pm:3.6755] | 23.71s
ep    7 | train 3.740952 | val 3.395837 | best 3.120159 | tf=1  [mm:2.8525  pm:3.9392] | 23.67s
ep    8 | train 3.968708 | val 3.092484 | best 3.092484 | tf=1  [mm:1.9966  pm:4.1883] | 23.67s
ep    9 | train 3.579541 | val 2.924336 | best 2.924336 | tf=1  [mm:2.3328  pm:3.5159] | 23.63s
ep   10 | train 3.539000 | val 3.077792 | best 2.924336 | tf=1  [mm:2.2184  pm:3.9372] | 23.73s
ep   11 | train 3.319824 | val 2.749883 | best 2.749883 | tf=1  [mm:1.9815  pm:3.5183] | 23.70s
ep   12 | train 3.329804 | val 2.791626 | best 2.749883 | tf=1  [mm:2.1145  pm:3.4688] | 23.63s
ep   13 | train 3.361178 | val 2.756332 | best 2.749883 | tf=1  [mm:1.8531  pm:3.6596] | 23.63s
ep   14 | train 3.330239 | val 2.713504 | best 2.713504 | tf=1  [mm:1.8086  pm:3.6184] | 23.76s
ep   15 | train 3.401887 | val 2.794446 | best 2.713504 | tf=1  [mm:2.0939  pm:3.4950] | 23.71s
ep   16 | train 3.304864 | val 3.054948 | best 2.713504 | tf=1  [mm:2.0596  pm:4.0503] | 23.62s
ep   17 | train 3.328738 | val 2.676146 | best 2.676146 | tf=1  [mm:1.8658  pm:3.4865] | 23.61s
ep   18 | train 3.480387 | val 2.774064 | best 2.676146 | tf=1  [mm:1.8296  pm:3.7185] | 23.68s
ep   19 | train 3.292705 | val 2.758639 | best 2.676146 | tf=1  [mm:2.0573  pm:3.4599] | 23.69s
ep   20 | train 3.355133 | val 2.709193 | best 2.676146 | tf=1  [mm:1.7996  pm:3.6188] | 23.74s
ep   21 | train 3.457146 | val 2.733747 | best 2.676146 | tf=1  [mm:1.9308  pm:3.5367] | 23.63s
ep   22 | train 3.197206 | val 2.726462 | best 2.676146 | tf=1  [mm:1.9151  pm:3.5378] | 23.70s
ep   23 | train 3.097457 | val 2.701922 | best 2.676146 | tf=1  [mm:1.8689  pm:3.5350] | 23.66s
ep   24 | train 3.420781 | val 2.820471 | best 2.676146 | tf=1  [mm:2.0649  pm:3.5760] | 23.76s
ep   25 | train 3.185956 | val 2.781234 | best 2.676146 | tf=1  [mm:1.9115  pm:3.6510] | 23.75s
ep   26 | train 2.945546 | val 2.677628 | best 2.676146 | tf=1  [mm:1.8368  pm:3.5185] | 23.63s
ep   27 | train 2.963419 | val 2.815227 | best 2.676146 | tf=1  [mm:2.1998  pm:3.4307] | 23.71s
ep   28 | train 2.915145 | val 2.841686 | best 2.676146 | tf=1  [mm:1.8731  pm:3.8103] | 23.63s
ep   29 | train 2.815002 | val 3.216964 | best 2.676146 | tf=1  [mm:2.0515  pm:4.3825] | 23.75s
ep   30 | train 3.219368 | val 3.150640 | best 2.676146 | tf=1  [mm:2.3976  pm:3.9037] | 23.73s
ep   31 | train 2.802104 | val 3.067768 | best 2.676146 | tf=1  [mm:2.0505  pm:4.0850] | 23.62s
ep   32 | train 3.886641 | val 2.886257 | best 2.676146 | tf=1  [mm:2.1674  pm:3.6051] | 23.66s
ep   33 | train 3.578397 | val 2.950972 | best 2.676146 | tf=1  [mm:2.1325  pm:3.7695] | 23.73s
ep   34 | train 3.562242 | val 3.064477 | best 2.676146 | tf=1  [mm:2.0345  pm:4.0945] | 23.66s
ep   35 | train 3.462973 | val 2.925920 | best 2.676146 | tf=1  [mm:2.0724  pm:3.7795] | 23.71s
ep   36 | train 3.385560 | val 2.957893 | best 2.676146 | tf=1  [mm:2.0505  pm:3.8653] | 23.54s
ep   37 | train 3.375389 | val 2.727892 | best 2.676146 | tf=1  [mm:1.9686  pm:3.4871] | 23.54s
ep   38 | train 3.374529 | val 2.635943 | best 2.635943 | tf=1  [mm:1.9426  pm:3.3293] | 23.47s
ep   39 | train 3.212381 | val 2.717380 | best 2.635943 | tf=1  [mm:1.8119  pm:3.6229] | 23.48s
ep   40 | train 3.279495 | val 2.717710 | best 2.635943 | tf=1  [mm:1.9506  pm:3.4848] | 23.39s
ep   41 | train 3.069411 | val 2.689826 | best 2.635943 | tf=1  [mm:1.7039  pm:3.6757] | 23.37s
ep   42 | train 3.158586 | val 3.024951 | best 2.635943 | tf=1  [mm:2.4308  pm:3.6191] | 23.33s
ep   43 | train 2.981586 | val 2.677611 | best 2.635943 | tf=1  [mm:1.5873  pm:3.7679] | 23.22s
ep   44 | train 2.831939 | val 2.865321 | best 2.635943 | tf=1  [mm:1.9979  pm:3.7328] | 23.29s
ep   45 | train 2.932392 | val 2.423263 | best 2.423263 | tf=1  [mm:1.5589  pm:3.2876] | 23.38s
ep   46 | train 2.577352 | val 2.885410 | best 2.423263 | tf=1  [mm:1.5101  pm:4.2607] | 23.32s
ep   47 | train 2.743337 | val 2.420952 | best 2.420952 | tf=1  [mm:1.4467  pm:3.3952] | 23.43s
ep   48 | train 2.734723 | val 2.538396 | best 2.420952 | tf=1  [mm:1.5475  pm:3.5293] | 23.35s
ep   49 | train 2.807493 | val 2.716815 | best 2.420952 | tf=1  [mm:1.6328  pm:3.8009] | 23.45s
ep   50 | train 2.581130 | val 2.562012 | best 2.420952 | tf=1  [mm:1.7901  pm:3.3339] | 23.36s
ep   51 | train 2.624085 | val 2.401978 | best 2.401978 | tf=1  [mm:1.4362  pm:3.3677] | 23.42s
ep   52 | train 2.572647 | val 2.798404 | best 2.401978 | tf=1  [mm:1.5562  pm:4.0406] | 23.33s
ep   53 | train 2.389637 | val 2.741441 | best 2.401978 | tf=1  [mm:1.6836  pm:3.7993] | 22.81s
ep   54 | train 2.432908 | val 2.376436 | best 2.376436 | tf=1  [mm:1.3194  pm:3.4335] | 22.36s
ep   55 | train 2.443612 | val 2.294054 | best 2.294054 | tf=1  [mm:1.3089  pm:3.2792] | 22.69s
ep   56 | train 2.321755 | val 2.882231 | best 2.294054 | tf=1  [mm:1.8703  pm:3.8941] | 23.18s
ep   57 | train 2.271176 | val 2.629943 | best 2.294054 | tf=1  [mm:1.3492  pm:3.9107] | 23.18s
ep   58 | train 2.281264 | val 2.428270 | best 2.294054 | tf=1  [mm:1.3983  pm:3.4583] | 23.18s
ep   59 | train 2.291597 | val 2.345971 | best 2.294054 | tf=1  [mm:1.3696  pm:3.3223] | 23.17s
ep   60 | train 2.057072 | val 2.284146 | best 2.284146 | tf=1  [mm:1.3503  pm:3.2180] | 23.24s
ep   61 | train 2.097690 | val 2.249499 | best 2.249499 | tf=1  [mm:1.2373  pm:3.2617] | 23.54s
ep   62 | train 2.193651 | val 2.543530 | best 2.249499 | tf=1  [mm:1.4212  pm:3.6659] | 23.40s
ep   63 | train 1.901766 | val 2.433720 | best 2.249499 | tf=1  [mm:1.1901  pm:3.6773] | 23.48s
ep   64 | train 1.921117 | val 2.185156 | best 2.185156 | tf=1  [mm:1.1687  pm:3.2016] | 23.26s
ep   65 | train 1.876312 | val 2.555458 | best 2.185156 | tf=1  [mm:1.4025  pm:3.7084] | 23.18s
ep   66 | train 1.804199 | val 2.207125 | best 2.185156 | tf=1  [mm:1.1088  pm:3.3055] | 23.28s
ep   67 | train 1.709797 | val 2.354296 | best 2.185156 | tf=1  [mm:1.2255  pm:3.4831] | 23.29s
ep   68 | train 1.757765 | val 2.156257 | best 2.156257 | tf=1  [mm:1.2272  pm:3.0854] | 23.24s
ep   69 | train 1.688977 | val 2.240939 | best 2.156257 | tf=1  [mm:1.2277  pm:3.2541] | 23.30s
ep   70 | train 1.569126 | val 2.448850 | best 2.156257 | tf=1  [mm:1.3332  pm:3.5645] | 23.41s
ep   71 | train 1.602841 | val 2.435654 | best 2.156257 | tf=1  [mm:1.4241  pm:3.4472] | 23.33s
ep   72 | train 1.482286 | val 2.170377 | best 2.156257 | tf=1  [mm:1.1941  pm:3.1467] | 23.37s
ep   73 | train 1.390760 | val 2.002411 | best 2.002411 | tf=1  [mm:1.1507  pm:2.8541] | 23.38s
ep   74 | train 1.431145 | val 2.069823 | best 2.002411 | tf=1  [mm:1.2486  pm:2.8911] | 23.39s
ep   75 | train 1.445220 | val 2.139314 | best 2.002411 | tf=1  [mm:1.1789  pm:3.0997] | 23.51s
ep   76 | train 1.326059 | val 2.236398 | best 2.002411 | tf=1  [mm:1.3120  pm:3.1608] | 23.55s
ep   77 | train 1.329322 | val 2.158968 | best 2.002411 | tf=1  [mm:1.2894  pm:3.0286] | 23.62s
ep   78 | train 1.440903 | val 2.225466 | best 2.002411 | tf=1  [mm:1.3654  pm:3.0855] | 23.72s
ep   79 | train 1.220571 | val 2.319589 | best 2.002411 | tf=1  [mm:1.4974  pm:3.1418] | 23.58s
ep   80 | train 1.240414 | val 1.958580 | best 1.958580 | tf=1  [mm:1.1218  pm:2.7954] | 23.64s
ep   81 | train 1.359256 | val 2.157920 | best 1.958580 | tf=1  [mm:1.2629  pm:3.0529] | 23.58s
ep   82 | train 1.208162 | val 2.379933 | best 1.958580 | tf=1  [mm:1.8662  pm:2.8937] | 23.45s
ep   83 | train 1.144766 | val 2.048724 | best 1.958580 | tf=1  [mm:1.1780  pm:2.9195] | 23.46s
ep   84 | train 1.079740 | val 2.230091 | best 1.958580 | tf=1  [mm:1.1943  pm:3.2659] | 23.28s
ep   85 | train 1.144010 | val 2.096254 | best 1.958580 | tf=1  [mm:1.2267  pm:2.9658] | 23.29s
ep   86 | train 1.017083 | val 2.151059 | best 1.958580 | tf=1  [mm:1.1209  pm:3.1812] | 23.34s
ep   87 | train 1.031824 | val 2.201184 | best 1.958580 | tf=1  [mm:1.1802  pm:3.2221] | 23.27s
ep   88 | train 1.053818 | val 2.171254 | best 1.958580 | tf=1  [mm:1.1470  pm:3.1955] | 22.72s
ep   89 | train 1.011975 | val 2.236068 | best 1.958580 | tf=1  [mm:1.1451  pm:3.3271] | 22.26s
ep   90 | train 1.004402 | val 2.093476 | best 1.958580 | tf=1  [mm:1.1410  pm:3.0459] | 22.66s
ep   91 | train 0.967299 | val 2.134749 | best 1.958580 | tf=1  [mm:1.0519  pm:3.2176] | 23.20s
ep   92 | train 1.078268 | val 2.332006 | best 1.958580 | tf=1  [mm:1.1382  pm:3.5259] | 23.22s
ep   93 | train 0.988363 | val 2.202469 | best 1.958580 | tf=1  [mm:1.1294  pm:3.2756] | 23.22s
ep   94 | train 0.971051 | val 2.118203 | best 1.958580 | tf=1  [mm:1.0734  pm:3.1630] | 23.06s
ep   95 | train 0.986411 | val 2.297280 | best 1.958580 | tf=1  [mm:1.3390  pm:3.2555] | 22.91s
ep   96 | train 0.941030 | val 2.186821 | best 1.958580 | tf=1  [mm:1.1713  pm:3.2023] | 22.68s
ep   97 | train 1.005578 | val 2.056448 | best 1.958580 | tf=1  [mm:1.0429  pm:3.0700] | 23.06s
ep   98 | train 0.946228 | val 2.148172 | best 1.958580 | tf=1  [mm:1.0903  pm:3.2061] | 23.08s
ep   99 | train 0.975745 | val 2.079190 | best 1.958580 | tf=1  [mm:1.1211  pm:3.0372] | 23.09s
ep  100 | train 0.973104 | val 2.054243 | best 1.958580 | tf=0  [mm:1.1335  pm:2.9749] | 23.21s

Test loss (best model): 1.859771  [mm:1.3512  pm:2.3683]
Saved best model to experiments/txtl_ladder_old_combined/20260525_073220_M5_K6_s1/model.pt

Training completed in 2352.16s (39.20m)
Peak GPU memory: 8.71 GB
Loading checkpoint: experiments/txtl_ladder_old_combined/20260525_073220_M5_K6_s1/model.pt
[plot_predictions] n_samples=5, plot_ds_len=87
[plot_predictions] y0.shape=(5, 7), u_seq.shape=(5, 1496, 13), y_seq.shape=(5, 1496, 7), dt_seq.shape=(5, 1496)
Saved plots to experiments/txtl_ladder_old_combined/20260525_073220_M5_K6_s1/plots
Loading checkpoint: experiments/txtl_ladder_old_combined/20260525_073220_M5_K6_s1/model.pt
[epoch overlay] saved: experiments/txtl_ladder_old_combined/20260525_073220_M5_K6_s1/plots/pred_overlays_sample000.png

Running endpoint R² analysis...
Loading checkpoint: experiments/txtl_ladder_old_combined/20260525_073220_M5_K6_s1/model.pt
  R²(protein final) = 0.0799
  R²(mRNA max)      = 0.1930
Saved plot -> experiments/txtl_ladder_old_combined/20260525_073220_M5_K6_s1/endpoint_r2.png
