$ python -u last-layer-ode/train.py --config configs/txtl_gru_new_baseline.yaml --set study=txtl_ladder_old_combined --set out_root=experiments --set exp_name=M4_K1_s1 --set epochs=100 --set endpoint_r2=True --set obs_idx='[3, 5]' --set warmup_epochs=5 --set hidden=600 --set dataset_path=datasets/cell-free/txtl_native_old_only.npz --set val_n=87 --set test_n=87 --set stratify_z_expr=False --set test_real_only=False --set stratified_split=True --set stratify_targets='[3, 5]' --set stratify_bins=5 --set stratify_by_source=True --set subtract_channel_min=True --set subtract_channel_min_cols='[3, 5]' --set encoder_use_log_dt=True --set plot_extra_new_samples=0 --set y0_theta_init=False --set scaffold=txtl_model4_three_state --set model_class=ode_rnn_sparse_theta_v2 --set anchor_mode=uniform --set n_theta_anchors=1 --set seed=1

Using device: cuda
Experiment: experiments/txtl_ladder_old_combined/20260525_045332_M4_K1_s1
Study: txtl_ladder_old_combined | Run ID: 20260525_045332_M4_K1_s1
Split: stratified | seed=42 | bins=5 | targets=[3, 5] | n_test=87 n_val=87 n_train=517
/home/bob-van-sluijs/anaconda3/envs/oliver_env/lib/python3.13/site-packages/torch/cuda/__init__.py:1007: UserWarning: Can't initialize NVML
  raw_cnt = _raw_device_count_nvml()
Partial-observability lift: scaffold.P=4, P_obs=7, obs_state_idx=[0, 2], control_state_map={'DNA c': 3}
The model compiled successfully
LR warmup: 5 epochs (2.00e-03 target)
Data: N=691 | train=517 | val=87 | test=87
Dims: P_obs=7 | scaffold=txtl_model4_three_state | U=13
Species: mm, pm
Partial-observability lift active: dataset_obs_idx=[3, 5] → scaffold_obs_idx=[0, 2].
Lift by-name IC copy: DNA→DNA@3
ep    1 | train 5.819444 | val 4.773375 | best 4.773375 | tf=1  [mm:2.9510  pm:6.5958] | 16.39s
ep    2 | train 5.810271 | val 6.561578 | best 4.773375 | tf=1  [mm:2.9278  pm:10.1954] | 13.65s
ep    3 | train 4.470521 | val 3.285133 | best 3.285133 | tf=1  [mm:2.9876  pm:3.5827] | 13.42s
ep    4 | train 3.726035 | val 3.010255 | best 3.010255 | tf=1  [mm:2.3765  pm:3.6440] | 14.13s
ep    5 | train 3.547107 | val 2.901471 | best 2.901471 | tf=1  [mm:2.2089  pm:3.5940] | 14.07s
ep    6 | train 3.707084 | val 3.117826 | best 2.901471 | tf=1  [mm:2.2315  pm:4.0042] | 14.26s
ep    7 | train 3.567509 | val 2.979525 | best 2.901471 | tf=1  [mm:2.3609  pm:3.5981] | 14.24s
ep    8 | train 3.489006 | val 2.897855 | best 2.897855 | tf=1  [mm:2.2373  pm:3.5584] | 14.23s
ep    9 | train 3.561184 | val 3.089874 | best 2.897855 | tf=1  [mm:2.1977  pm:3.9821] | 14.33s
ep   10 | train 3.252795 | val 2.888186 | best 2.888186 | tf=1  [mm:2.1976  pm:3.5788] | 14.31s
ep   11 | train 3.314153 | val 3.049632 | best 2.888186 | tf=1  [mm:2.1313  pm:3.9679] | 14.28s
ep   12 | train 3.335060 | val 2.887488 | best 2.887488 | tf=1  [mm:2.2698  pm:3.5051] | 14.35s
ep   13 | train 3.414804 | val 2.957486 | best 2.887488 | tf=1  [mm:2.1782  pm:3.7367] | 14.32s
ep   14 | train 3.371486 | val 2.932504 | best 2.887488 | tf=1  [mm:2.3361  pm:3.5289] | 14.31s
ep   15 | train 3.369639 | val 2.985880 | best 2.887488 | tf=1  [mm:2.1109  pm:3.8609] | 14.33s
ep   16 | train 3.748009 | val 2.788898 | best 2.788898 | tf=1  [mm:2.1190  pm:3.4588] | 14.24s
ep   17 | train 3.253967 | val 2.982285 | best 2.788898 | tf=1  [mm:2.1122  pm:3.8524] | 14.23s
ep   18 | train 3.221438 | val 2.837075 | best 2.788898 | tf=1  [mm:2.1934  pm:3.4808] | 14.14s
ep   19 | train 3.252467 | val 2.953887 | best 2.788898 | tf=1  [mm:2.0908  pm:3.8169] | 14.21s
ep   20 | train 3.387199 | val 2.821043 | best 2.788898 | tf=1  [mm:2.1383  pm:3.5038] | 14.17s
ep   21 | train 3.338350 | val 2.945477 | best 2.788898 | tf=1  [mm:2.1156  pm:3.7754] | 14.19s
ep   22 | train 3.441563 | val 2.803655 | best 2.788898 | tf=1  [mm:2.1241  pm:3.4832] | 14.24s
ep   23 | train 3.191656 | val 2.823666 | best 2.788898 | tf=1  [mm:2.0798  pm:3.5676] | 14.18s
ep   24 | train 3.496629 | val 2.800246 | best 2.788898 | tf=1  [mm:2.1040  pm:3.4965] | 14.22s
ep   25 | train 3.172485 | val 2.842982 | best 2.788898 | tf=1  [mm:2.0674  pm:3.6186] | 14.32s
ep   26 | train 3.482921 | val 2.825904 | best 2.788898 | tf=1  [mm:2.1766  pm:3.4752] | 14.22s
ep   27 | train 3.338403 | val 2.997524 | best 2.788898 | tf=1  [mm:2.0867  pm:3.9084] | 14.23s
ep   28 | train 3.357930 | val 2.868716 | best 2.788898 | tf=1  [mm:2.1488  pm:3.5886] | 14.26s
ep   29 | train 3.267489 | val 2.873205 | best 2.788898 | tf=1  [mm:2.0622  pm:3.6842] | 14.17s
ep   30 | train 3.429237 | val 2.772363 | best 2.772363 | tf=1  [mm:2.0426  pm:3.5021] | 14.21s
ep   31 | train 3.410117 | val 2.816681 | best 2.772363 | tf=1  [mm:2.0350  pm:3.5984] | 14.22s
ep   32 | train 3.183809 | val 2.853595 | best 2.772363 | tf=1  [mm:2.0826  pm:3.6246] | 14.23s
ep   33 | train 3.290449 | val 2.767127 | best 2.767127 | tf=1  [mm:2.0240  pm:3.5103] | 14.32s
ep   34 | train 3.488033 | val 2.835840 | best 2.767127 | tf=1  [mm:2.0313  pm:3.6404] | 14.35s
ep   35 | train 3.268495 | val 2.832820 | best 2.767127 | tf=1  [mm:2.1689  pm:3.4968] | 14.10s
ep   36 | train 3.267229 | val 2.885441 | best 2.767127 | tf=1  [mm:2.0927  pm:3.6782] | 14.18s
ep   37 | train 3.383400 | val 2.807788 | best 2.767127 | tf=1  [mm:2.0742  pm:3.5414] | 14.14s
ep   38 | train 3.364126 | val 2.901142 | best 2.767127 | tf=1  [mm:2.0600  pm:3.7422] | 14.19s
ep   39 | train 3.427985 | val 2.812104 | best 2.767127 | tf=1  [mm:2.1291  pm:3.4951] | 14.26s
ep   40 | train 3.151558 | val 2.804569 | best 2.767127 | tf=1  [mm:2.0917  pm:3.5174] | 14.17s
ep   41 | train 3.448691 | val 2.821382 | best 2.767127 | tf=1  [mm:2.0651  pm:3.5777] | 14.20s
ep   42 | train 3.362567 | val 2.826207 | best 2.767127 | tf=1  [mm:2.0467  pm:3.6057] | 14.23s
ep   43 | train 3.262518 | val 2.852396 | best 2.767127 | tf=1  [mm:2.1130  pm:3.5918] | 14.24s
ep   44 | train 3.291124 | val 2.799246 | best 2.767127 | tf=1  [mm:2.1127  pm:3.4858] | 14.26s
ep   45 | train 3.523306 | val 2.788871 | best 2.767127 | tf=1  [mm:2.0158  pm:3.5619] | 14.30s
ep   46 | train 3.517585 | val 2.827474 | best 2.767127 | tf=1  [mm:2.0263  pm:3.6286] | 14.21s
ep   47 | train 3.301064 | val 2.807007 | best 2.767127 | tf=1  [mm:2.1357  pm:3.4783] | 14.20s
ep   48 | train 3.216907 | val 2.841272 | best 2.767127 | tf=1  [mm:2.0929  pm:3.5896] | 14.28s
ep   49 | train 3.365239 | val 2.868937 | best 2.767127 | tf=1  [mm:2.1644  pm:3.5735] | 14.17s
ep   50 | train 3.276900 | val 2.828092 | best 2.767127 | tf=1  [mm:2.0572  pm:3.5990] | 14.34s
ep   51 | train 3.248637 | val 2.865050 | best 2.767127 | tf=1  [mm:2.1049  pm:3.6252] | 14.16s
ep   52 | train 3.263006 | val 2.856249 | best 2.767127 | tf=1  [mm:2.1132  pm:3.5993] | 14.28s
ep   53 | train 3.150785 | val 2.822768 | best 2.767127 | tf=1  [mm:2.0780  pm:3.5675] | 14.25s
ep   54 | train 3.226826 | val 2.863267 | best 2.767127 | tf=1  [mm:2.0620  pm:3.6645] | 14.29s
ep   55 | train 3.212192 | val 2.801057 | best 2.767127 | tf=1  [mm:2.0860  pm:3.5161] | 14.24s
ep   56 | train 3.376528 | val 2.812935 | best 2.767127 | tf=1  [mm:2.0730  pm:3.5528] | 14.18s
ep   57 | train 3.229243 | val 2.792082 | best 2.767127 | tf=1  [mm:2.0790  pm:3.5051] | 14.28s
ep   58 | train 3.230050 | val 2.777894 | best 2.767127 | tf=1  [mm:2.0444  pm:3.5114] | 14.33s
ep   59 | train 3.469478 | val 2.846692 | best 2.767127 | tf=1  [mm:2.0727  pm:3.6207] | 14.18s
ep   60 | train 3.396664 | val 2.807189 | best 2.767127 | tf=1  [mm:2.0814  pm:3.5330] | 14.19s
ep   61 | train 3.305500 | val 2.866736 | best 2.767127 | tf=1  [mm:2.0907  pm:3.6428] | 14.25s
ep   62 | train 3.408989 | val 2.809318 | best 2.767127 | tf=1  [mm:2.1099  pm:3.5087] | 14.22s
ep   63 | train 3.393495 | val 2.846544 | best 2.767127 | tf=1  [mm:2.0207  pm:3.6724] | 14.25s
ep   64 | train 3.208746 | val 2.750005 | best 2.750005 | tf=1  [mm:2.0071  pm:3.4929] | 14.34s
ep   65 | train 3.385669 | val 2.786299 | best 2.750005 | tf=1  [mm:2.0449  pm:3.5277] | 14.34s
ep   66 | train 3.290782 | val 2.828332 | best 2.750005 | tf=1  [mm:2.0869  pm:3.5698] | 14.30s
ep   67 | train 3.295423 | val 2.800929 | best 2.750005 | tf=1  [mm:2.1011  pm:3.5007] | 14.25s
ep   68 | train 3.414305 | val 2.883342 | best 2.750005 | tf=1  [mm:2.0295  pm:3.7371] | 14.14s
ep   69 | train 3.313385 | val 2.780499 | best 2.750005 | tf=1  [mm:2.0260  pm:3.5350] | 14.27s
ep   70 | train 3.340724 | val 2.777469 | best 2.750005 | tf=1  [mm:2.0328  pm:3.5222] | 14.25s
ep   71 | train 3.409776 | val 2.911673 | best 2.750005 | tf=1  [mm:2.0733  pm:3.7501] | 14.28s
ep   72 | train 3.318987 | val 2.814680 | best 2.750005 | tf=1  [mm:2.0654  pm:3.5639] | 14.21s
ep   73 | train 3.206248 | val 2.750728 | best 2.750005 | tf=1  [mm:2.0276  pm:3.4739] | 14.20s
ep   74 | train 3.344279 | val 2.769914 | best 2.750005 | tf=1  [mm:2.0710  pm:3.4688] | 14.25s
ep   75 | train 3.192333 | val 2.830700 | best 2.750005 | tf=1  [mm:2.0926  pm:3.5688] | 14.12s
ep   76 | train 3.350061 | val 2.814779 | best 2.750005 | tf=1  [mm:2.0980  pm:3.5316] | 14.28s
ep   77 | train 3.587304 | val 2.848211 | best 2.750005 | tf=1  [mm:2.0242  pm:3.6723] | 14.33s
ep   78 | train 3.452659 | val 2.797906 | best 2.750005 | tf=1  [mm:2.0543  pm:3.5415] | 14.30s
ep   79 | train 3.390920 | val 2.807084 | best 2.750005 | tf=1  [mm:2.1074  pm:3.5068] | 14.29s
ep   80 | train 3.256069 | val 2.906943 | best 2.750005 | tf=1  [mm:2.0300  pm:3.7838] | 14.15s
ep   81 | train 3.287029 | val 2.784598 | best 2.750005 | tf=1  [mm:2.0994  pm:3.4698] | 14.34s
ep   82 | train 3.300613 | val 2.849976 | best 2.750005 | tf=1  [mm:2.0383  pm:3.6616] | 14.27s
ep   83 | train 3.229695 | val 2.767709 | best 2.750005 | tf=1  [mm:2.0444  pm:3.4910] | 14.22s
ep   84 | train 3.416284 | val 2.763030 | best 2.750005 | tf=1  [mm:2.0911  pm:3.4349] | 14.31s
ep   85 | train 3.154675 | val 2.847418 | best 2.750005 | tf=1  [mm:1.9742  pm:3.7206] | 14.20s
ep   86 | train 3.195847 | val 2.758663 | best 2.750005 | tf=1  [mm:2.0596  pm:3.4577] | 14.20s
ep   87 | train 3.439498 | val 2.764798 | best 2.750005 | tf=1  [mm:2.0377  pm:3.4919] | 14.14s
ep   88 | train 3.495627 | val 2.806090 | best 2.750005 | tf=1  [mm:2.0077  pm:3.6045] | 14.17s
ep   89 | train 3.483777 | val 2.764978 | best 2.750005 | tf=1  [mm:1.9889  pm:3.5411] | 14.24s
ep   90 | train 3.256744 | val 2.744798 | best 2.744798 | tf=1  [mm:2.0630  pm:3.4266] | 14.26s
ep   91 | train 3.445432 | val 2.780167 | best 2.744798 | tf=1  [mm:1.9665  pm:3.5938] | 14.24s
ep   92 | train 3.281312 | val 2.737669 | best 2.737669 | tf=1  [mm:2.0183  pm:3.4570] | 14.30s
ep   93 | train 3.142967 | val 2.775861 | best 2.737669 | tf=1  [mm:2.0585  pm:3.4932] | 14.20s
ep   94 | train 3.399720 | val 2.767489 | best 2.737669 | tf=1  [mm:2.0447  pm:3.4903] | 11.85s
ep   95 | train 3.141076 | val 2.746317 | best 2.737669 | tf=1  [mm:2.0620  pm:3.4306] | 11.76s
ep   96 | train 3.338147 | val 2.729649 | best 2.729649 | tf=1  [mm:2.0126  pm:3.4467] | 11.75s
ep   97 | train 3.636113 | val 2.721977 | best 2.721977 | tf=1  [mm:1.9601  pm:3.4839] | 12.05s
ep   98 | train 3.258228 | val 2.745689 | best 2.721977 | tf=1  [mm:2.0290  pm:3.4624] | 12.50s
ep   99 | train 3.232034 | val 2.864582 | best 2.721977 | tf=1  [mm:2.0532  pm:3.6759] | 12.57s
ep  100 | train 3.231380 | val 2.764737 | best 2.721977 | tf=0  [mm:2.0562  pm:3.4733] | 12.57s

Test loss (best model): 2.498215  [mm:2.1457  pm:2.8508]
Saved best model to experiments/txtl_ladder_old_combined/20260525_045332_M4_K1_s1/model.pt

Training completed in 1417.25s (23.62m)
Peak GPU memory: 8.68 GB
[rebuild] partial-obs lift: dataset_obs_idx=[3, 5] → scaffold_obs_idx=[0, 2] (P=4)
Loading checkpoint: experiments/txtl_ladder_old_combined/20260525_045332_M4_K1_s1/model.pt
[plot_predictions] n_samples=5, plot_ds_len=87
[plot_predictions] y0.shape=(5, 4), u_seq.shape=(5, 1496, 13), y_seq.shape=(5, 1496, 4), dt_seq.shape=(5, 1496)
Saved plots to experiments/txtl_ladder_old_combined/20260525_045332_M4_K1_s1/plots
[rebuild] partial-obs lift: dataset_obs_idx=[3, 5] → scaffold_obs_idx=[0, 2] (P=4)
Loading checkpoint: experiments/txtl_ladder_old_combined/20260525_045332_M4_K1_s1/model.pt
[epoch overlay] saved: experiments/txtl_ladder_old_combined/20260525_045332_M4_K1_s1/plots/pred_overlays_sample000.png

Running endpoint R² analysis...
[rebuild] partial-obs lift: dataset_obs_idx=[3, 5] → scaffold_obs_idx=[0, 2] (P=4)
Loading checkpoint: experiments/txtl_ladder_old_combined/20260525_045332_M4_K1_s1/model.pt
  R²(protein final) = -0.1335
  R²(mRNA max)      = -0.4030
Saved plot -> experiments/txtl_ladder_old_combined/20260525_045332_M4_K1_s1/endpoint_r2.png
