$ python -u last-layer-ode/train.py --config configs/txtl_gru_new_baseline.yaml --set study=txtl_ladder_old_combined --set out_root=experiments --set exp_name=M3_drecipe_s0 --set epochs=100 --set endpoint_r2=True --set obs_idx='[3, 5]' --set warmup_epochs=5 --set hidden=600 --set dataset_path=datasets/cell-free/txtl_native_old_only.npz --set val_n=87 --set test_n=87 --set stratify_z_expr=False --set test_real_only=False --set stratified_split=True --set stratify_targets='[3, 5]' --set stratify_bins=5 --set stratify_by_source=True --set subtract_channel_min=True --set subtract_channel_min_cols='[3, 5]' --set encoder_use_log_dt=True --set plot_extra_new_samples=0 --set y0_theta_init=False --set model_class=ode_rnn --set scaffold=txtl_model3_two_state --set seed=0 --set use_ivtt_mse_loss=False --set species_weights='{3: 1.25, 5: 1.0}' --set time_upweight='{5: [0.5, 3.0]}' --set lambda_endpoint=0.1 --set endpoint_channels='[5]' --set loss_normalizer_channels=3 --set loss_clamp_min=1.0

Using device: cuda
Experiment: experiments/txtl_ladder_old_combined/20260524_213234_M3_drecipe_s0
Study: txtl_ladder_old_combined | Run ID: 20260524_213234_M3_drecipe_s0
Split: stratified | seed=42 | bins=5 | targets=[3, 5] | n_test=87 n_val=87 n_train=517
/home/bob-van-sluijs/anaconda3/envs/oliver_env/lib/python3.13/site-packages/torch/cuda/__init__.py:1007: UserWarning: Can't initialize NVML
  raw_cnt = _raw_device_count_nvml()
Partial-observability lift: scaffold.P=3, P_obs=7, obs_state_idx=[0, 1], control_state_map={'DNA c': 2}
The model compiled successfully
LR warmup: 5 epochs (2.00e-03 target)
Data: N=691 | train=517 | val=87 | test=87
Dims: P_obs=7 | scaffold=txtl_model3_two_state | U=13
Species: mm, pm
Partial-observability lift active: dataset_obs_idx=[3, 5] → scaffold_obs_idx=[0, 1].
Lift by-name IC copy: DNA→DNA@2
ep    1 | train 5.491728 | val 5.295241 | best 5.295241 | tf=1  [mm:7.8344  pm:9.9777] | 17.08s
ep    2 | train 5.057381 | val 3.280169 | best 3.280169 | tf=1  [mm:2.7428  pm:6.3948] | 13.99s
ep    3 | train 4.707107 | val 6.366176 | best 3.280169 | tf=1  [mm:12.7562  pm:8.2180] | 13.90s
ep    4 | train 3.739520 | val 2.248374 | best 2.248374 | tf=1  [mm:2.4461  pm:4.8520] | 13.80s
ep    5 | train 2.570783 | val 2.509057 | best 2.248374 | tf=1  [mm:2.7072  pm:4.7135] | 13.79s
ep    6 | train 2.618453 | val 2.270445 | best 2.248374 | tf=1  [mm:2.9222  pm:4.1741] | 13.85s
ep    7 | train 2.503435 | val 2.046639 | best 2.046639 | tf=1  [mm:2.1375  pm:3.9740] | 14.02s
ep    8 | train 2.312222 | val 1.842459 | best 1.842459 | tf=1  [mm:2.4373  pm:3.3767] | 13.90s
ep    9 | train 2.284481 | val 1.980939 | best 1.842459 | tf=1  [mm:2.0647  pm:4.0924] | 13.80s
ep   10 | train 2.540493 | val 2.466459 | best 1.842459 | tf=1  [mm:2.5918  pm:4.6331] | 13.91s
ep   11 | train 2.216121 | val 1.588619 | best 1.588619 | tf=1  [mm:2.2028  pm:3.2431] | 14.18s
ep   12 | train 1.930951 | val 1.578265 | best 1.578265 | tf=1  [mm:2.1820  pm:3.1812] | 14.05s
ep   13 | train 1.877462 | val 2.206720 | best 1.578265 | tf=1  [mm:2.2574  pm:4.3071] | 13.98s
ep   14 | train 1.344598 | val 2.944199 | best 1.578265 | tf=1  [mm:2.0609  pm:6.2010] | 14.04s
ep   15 | train 1.153847 | val 3.322551 | best 1.578265 | tf=1  [mm:2.1602  pm:6.8265] | 13.98s
ep   16 | train 1.062864 | val 4.040730 | best 1.578265 | tf=1  [mm:1.7747  pm:8.5529] | 14.07s
ep   17 | train 0.964095 | val 3.485929 | best 1.578265 | tf=1  [mm:2.5124  pm:6.9431] | 14.06s
ep   18 | train 0.922937 | val 4.892958 | best 1.578265 | tf=1  [mm:1.7150  pm:10.5762] | 13.99s
ep   19 | train 0.819336 | val 6.311700 | best 1.578265 | tf=1  [mm:2.3505  pm:12.7597] | 14.01s
ep   20 | train 0.808216 | val 6.509626 | best 1.578265 | tf=1  [mm:1.7545  pm:13.3594] | 14.06s
ep   21 | train 0.697924 | val 5.957657 | best 1.578265 | tf=1  [mm:2.1762  pm:11.9655] | 14.24s
ep   22 | train 0.622881 | val 6.592225 | best 1.578265 | tf=1  [mm:2.1179  pm:13.3220] | 14.68s
ep   23 | train 0.597243 | val 6.351106 | best 1.578265 | tf=1  [mm:2.5457  pm:12.4190] | 14.86s
ep   24 | train 0.568956 | val 6.000620 | best 1.578265 | tf=1  [mm:1.9783  pm:12.0524] | 13.88s
ep   25 | train 0.509097 | val 7.434706 | best 1.578265 | tf=1  [mm:2.2810  pm:15.0977] | 13.82s
ep   26 | train 0.470988 | val 5.947927 | best 1.578265 | tf=1  [mm:3.3649  pm:11.0368] | 13.77s
ep   27 | train 0.460565 | val 5.724634 | best 1.578265 | tf=1  [mm:1.5663  pm:11.9929] | 13.76s
ep   28 | train 0.414897 | val 6.141781 | best 1.578265 | tf=1  [mm:1.3081  pm:13.1717] | 13.77s
ep   29 | train 0.439630 | val 7.094327 | best 1.578265 | tf=1  [mm:1.4065  pm:15.6986] | 13.82s
ep   30 | train 0.482455 | val 5.503394 | best 1.578265 | tf=1  [mm:2.6108  pm:10.7525] | 13.80s
ep   31 | train 0.381475 | val 6.184287 | best 1.578265 | tf=1  [mm:2.0563  pm:12.9833] | 13.74s
ep   32 | train 0.350615 | val 6.319772 | best 1.578265 | tf=1  [mm:1.9216  pm:13.3486] | 13.84s
ep   33 | train 0.303134 | val 5.471537 | best 1.578265 | tf=1  [mm:1.4230  pm:11.4620] | 14.02s
ep   34 | train 0.284453 | val 5.519172 | best 1.578265 | tf=1  [mm:1.5512  pm:11.7482] | 13.84s
ep   35 | train 0.261269 | val 4.971420 | best 1.578265 | tf=1  [mm:1.3324  pm:10.3797] | 13.78s
ep   36 | train 0.240810 | val 5.423813 | best 1.578265 | tf=1  [mm:1.4461  pm:11.1518] | 13.75s
ep   37 | train 0.213103 | val 4.884466 | best 1.578265 | tf=1  [mm:1.9785  pm:9.3036] | 13.80s
ep   38 | train 0.229866 | val 3.783326 | best 1.578265 | tf=1  [mm:1.2225  pm:7.6149] | 13.79s
ep   39 | train 0.217977 | val 4.144335 | best 1.578265 | tf=1  [mm:1.1934  pm:8.4801] | 13.76s
ep   40 | train 0.207817 | val 3.264509 | best 1.578265 | tf=1  [mm:1.7012  pm:6.1769] | 13.80s
ep   41 | train 0.206878 | val 3.693919 | best 1.578265 | tf=1  [mm:1.8125  pm:7.0820] | 13.79s
ep   42 | train 0.198364 | val 4.724391 | best 1.578265 | tf=1  [mm:1.6010  pm:9.7302] | 13.79s
ep   43 | train 0.187181 | val 3.329651 | best 1.578265 | tf=1  [mm:1.2819  pm:6.6884] | 13.82s
ep   44 | train 0.164655 | val 3.831192 | best 1.578265 | tf=1  [mm:1.3765  pm:7.6876] | 13.78s
ep   45 | train 0.203794 | val 3.645807 | best 1.578265 | tf=1  [mm:1.2531  pm:7.4817] | 13.82s
ep   46 | train 0.196801 | val 3.197606 | best 1.578265 | tf=1  [mm:1.6441  pm:6.1821] | 13.81s
ep   47 | train 0.171622 | val 3.555569 | best 1.578265 | tf=1  [mm:1.3147  pm:7.2724] | 13.78s
ep   48 | train 0.159518 | val 2.901697 | best 1.578265 | tf=1  [mm:1.2788  pm:5.7716] | 13.74s
ep   49 | train 0.151154 | val 2.983552 | best 1.578265 | tf=1  [mm:1.1306  pm:6.3639] | 13.79s
ep   50 | train 0.166755 | val 2.825807 | best 1.578265 | tf=1  [mm:1.1417  pm:6.0997] | 13.84s
ep   51 | train 0.146269 | val 2.390841 | best 1.578265 | tf=1  [mm:1.1507  pm:4.9040] | 13.83s
ep   52 | train 0.157158 | val 3.263439 | best 1.578265 | tf=1  [mm:1.4339  pm:6.5947] | 13.80s
ep   53 | train 0.153944 | val 2.905549 | best 1.578265 | tf=1  [mm:1.0657  pm:6.0443] | 13.81s
ep   54 | train 0.151981 | val 2.378664 | best 1.578265 | tf=1  [mm:1.3284  pm:4.7009] | 13.78s
ep   55 | train 0.138336 | val 2.834402 | best 1.578265 | tf=1  [mm:1.3746  pm:5.7742] | 13.79s
ep   56 | train 0.128793 | val 2.130944 | best 1.578265 | tf=1  [mm:1.1997  pm:4.1658] | 13.85s
ep   57 | train 0.133294 | val 2.367323 | best 1.578265 | tf=1  [mm:1.1007  pm:4.8480] | 13.77s
ep   58 | train 0.124733 | val 2.144542 | best 1.578265 | tf=1  [mm:1.0439  pm:4.1780] | 13.81s
ep   59 | train 0.121347 | val 1.937938 | best 1.578265 | tf=1  [mm:1.0300  pm:3.7683] | 13.77s
ep   60 | train 0.121410 | val 2.393342 | best 1.578265 | tf=1  [mm:1.0830  pm:4.8665] | 13.78s
ep   61 | train 0.119182 | val 1.723257 | best 1.578265 | tf=1  [mm:1.1377  pm:3.4219] | 13.76s
ep   62 | train 0.116232 | val 2.644238 | best 1.578265 | tf=1  [mm:1.0896  pm:5.3905] | 13.74s
ep   63 | train 0.123237 | val 2.628576 | best 1.578265 | tf=1  [mm:1.0738  pm:5.3631] | 13.78s
ep   64 | train 0.118042 | val 2.009212 | best 1.578265 | tf=1  [mm:1.1705  pm:4.0143] | 13.85s
ep   65 | train 0.124133 | val 2.619099 | best 1.578265 | tf=1  [mm:1.2708  pm:5.2673] | 13.80s
ep   66 | train 0.130791 | val 2.184645 | best 1.578265 | tf=1  [mm:1.1941  pm:4.6126] | 13.76s
ep   67 | train 0.128469 | val 2.231171 | best 1.578265 | tf=1  [mm:1.0734  pm:4.6375] | 13.76s
ep   68 | train 0.133070 | val 2.568352 | best 1.578265 | tf=1  [mm:1.0119  pm:5.4783] | 13.84s
ep   69 | train 0.116619 | val 1.749201 | best 1.578265 | tf=1  [mm:1.2047  pm:3.3696] | 13.79s
ep   70 | train 0.113552 | val 2.124275 | best 1.578265 | tf=1  [mm:1.1923  pm:4.0843] | 13.79s
ep   71 | train 0.103769 | val 2.068821 | best 1.578265 | tf=1  [mm:1.0592  pm:4.1210] | 13.81s
ep   72 | train 0.176882 | val 1.817472 | best 1.578265 | tf=1  [mm:1.2260  pm:3.6005] | 13.79s
ep   73 | train 0.159172 | val 2.020519 | best 1.578265 | tf=1  [mm:1.2137  pm:4.0084] | 13.86s
ep   74 | train 0.172146 | val 2.209730 | best 1.578265 | tf=1  [mm:1.3100  pm:4.6551] | 13.79s
ep   75 | train 0.138453 | val 3.541331 | best 1.578265 | tf=1  [mm:1.2256  pm:7.5911] | 13.73s
ep   76 | train 0.120493 | val 2.218308 | best 1.578265 | tf=1  [mm:1.1420  pm:4.4811] | 13.81s
ep   77 | train 0.119259 | val 2.867777 | best 1.578265 | tf=1  [mm:1.2877  pm:5.8317] | 13.85s
ep   78 | train 0.129859 | val 1.644277 | best 1.578265 | tf=1  [mm:1.0705  pm:3.2448] | 13.79s
ep   79 | train 0.125586 | val 2.877721 | best 1.578265 | tf=1  [mm:1.0207  pm:6.3516] | 13.77s
ep   80 | train 0.111210 | val 2.158521 | best 1.578265 | tf=1  [mm:1.1686  pm:4.2802] | 13.82s
ep   81 | train 0.103250 | val 1.607870 | best 1.578265 | tf=1  [mm:1.1508  pm:3.1260] | 13.73s
ep   82 | train 0.109613 | val 2.291425 | best 1.578265 | tf=1  [mm:1.1474  pm:4.5740] | 13.97s
ep   83 | train 0.100999 | val 1.618954 | best 1.578265 | tf=1  [mm:0.9734  pm:3.3539] | 13.76s
ep   84 | train 0.098235 | val 2.118625 | best 1.578265 | tf=1  [mm:1.1334  pm:4.3261] | 13.84s
ep   85 | train 0.098233 | val 2.221615 | best 1.578265 | tf=1  [mm:1.0952  pm:4.8491] | 13.81s
ep   86 | train 0.095309 | val 2.198363 | best 1.578265 | tf=1  [mm:1.1377  pm:4.6506] | 13.76s
ep   87 | train 0.098403 | val 1.562447 | best 1.562447 | tf=1  [mm:0.9902  pm:3.2533] | 13.74s
ep   88 | train 0.098411 | val 1.723947 | best 1.562447 | tf=1  [mm:0.9708  pm:3.7021] | 13.77s
ep   89 | train 0.094063 | val 1.886839 | best 1.562447 | tf=1  [mm:1.1494  pm:3.7341] | 13.75s
ep   90 | train 0.091562 | val 1.434538 | best 1.434538 | tf=1  [mm:1.0650  pm:2.8642] | 13.85s
ep   91 | train 0.091423 | val 2.036989 | best 1.434538 | tf=1  [mm:1.0972  pm:4.3305] | 13.79s
ep   92 | train 0.089773 | val 1.785664 | best 1.434538 | tf=1  [mm:1.2294  pm:3.5384] | 13.85s
ep   93 | train 0.092960 | val 1.771742 | best 1.434538 | tf=1  [mm:1.0239  pm:3.6699] | 13.84s
ep   94 | train 0.089569 | val 1.499145 | best 1.434538 | tf=1  [mm:0.9008  pm:3.2505] | 13.80s
ep   95 | train 0.088286 | val 1.671563 | best 1.434538 | tf=1  [mm:1.0277  pm:3.4212] | 13.75s
ep   96 | train 0.084263 | val 1.922485 | best 1.434538 | tf=1  [mm:1.0966  pm:3.9559] | 13.74s
ep   97 | train 0.082955 | val 1.698940 | best 1.434538 | tf=1  [mm:1.0825  pm:3.5139] | 13.93s
ep   98 | train 0.078287 | val 1.898199 | best 1.434538 | tf=1  [mm:1.0378  pm:3.9379] | 13.88s
ep   99 | train 0.076431 | val 1.725160 | best 1.434538 | tf=1  [mm:1.0874  pm:3.5981] | 13.84s
ep  100 | train 0.392593 | val 1.520046 | best 1.434538 | tf=0  [mm:1.2976  pm:3.1380] | 13.85s

Test loss (best model): 1.473891  [mm:1.0195  pm:1.9282]
Saved best model to experiments/txtl_ladder_old_combined/20260524_213234_M3_drecipe_s0/model.pt

Training completed in 1400.90s (23.35m)
Peak GPU memory: 9.10 GB
[rebuild] partial-obs lift: dataset_obs_idx=[3, 5] → scaffold_obs_idx=[0, 1] (P=3)
Loading checkpoint: experiments/txtl_ladder_old_combined/20260524_213234_M3_drecipe_s0/model.pt
[plot_predictions] n_samples=5, plot_ds_len=87
[plot_predictions] y0.shape=(5, 3), u_seq.shape=(5, 1496, 13), y_seq.shape=(5, 1496, 3), dt_seq.shape=(5, 1496)
Saved plots to experiments/txtl_ladder_old_combined/20260524_213234_M3_drecipe_s0/plots
[rebuild] partial-obs lift: dataset_obs_idx=[3, 5] → scaffold_obs_idx=[0, 1] (P=3)
Loading checkpoint: experiments/txtl_ladder_old_combined/20260524_213234_M3_drecipe_s0/model.pt
[epoch overlay] saved: experiments/txtl_ladder_old_combined/20260524_213234_M3_drecipe_s0/plots/pred_overlays_sample000.png

Running endpoint R² analysis...
[rebuild] partial-obs lift: dataset_obs_idx=[3, 5] → scaffold_obs_idx=[0, 1] (P=3)
Loading checkpoint: experiments/txtl_ladder_old_combined/20260524_213234_M3_drecipe_s0/model.pt
  R²(protein final) = 0.3336
  R²(mRNA max)      = 0.1106
Saved plot -> experiments/txtl_ladder_old_combined/20260524_213234_M3_drecipe_s0/endpoint_r2.png
