$ python -u last-layer-ode/train.py --config configs/txtl_gru_new_baseline.yaml --set study=txtl_ladder_old_combined --set out_root=experiments --set exp_name=M3_plain_s2 --set epochs=100 --set endpoint_r2=True --set obs_idx='[3, 5]' --set warmup_epochs=5 --set hidden=600 --set dataset_path=datasets/cell-free/txtl_native_old_only.npz --set val_n=87 --set test_n=87 --set stratify_z_expr=False --set test_real_only=False --set stratified_split=True --set stratify_targets='[3, 5]' --set stratify_bins=5 --set stratify_by_source=True --set subtract_channel_min=True --set subtract_channel_min_cols='[3, 5]' --set encoder_use_log_dt=True --set plot_extra_new_samples=0 --set y0_theta_init=False --set model_class=ode_rnn --set scaffold=txtl_model3_two_state --set seed=2

Using device: cuda
Experiment: experiments/txtl_ladder_old_combined/20260524_222326_M3_plain_s2
Study: txtl_ladder_old_combined | Run ID: 20260524_222326_M3_plain_s2
Split: stratified | seed=42 | bins=5 | targets=[3, 5] | n_test=87 n_val=87 n_train=517
/home/bob-van-sluijs/anaconda3/envs/oliver_env/lib/python3.13/site-packages/torch/cuda/__init__.py:1007: UserWarning: Can't initialize NVML
  raw_cnt = _raw_device_count_nvml()
Partial-observability lift: scaffold.P=3, P_obs=7, obs_state_idx=[0, 1], control_state_map={'DNA c': 2}
The model compiled successfully
LR warmup: 5 epochs (2.00e-03 target)
Data: N=691 | train=517 | val=87 | test=87
Dims: P_obs=7 | scaffold=txtl_model3_two_state | U=13
Species: mm, pm
Partial-observability lift active: dataset_obs_idx=[3, 5] → scaffold_obs_idx=[0, 1].
Lift by-name IC copy: DNA→DNA@2
ep    1 | train 4.747590 | val 4.358845 | best 4.358845 | tf=1  [mm:2.7649  pm:5.9528] | 16.96s
ep    2 | train 4.692758 | val 3.637543 | best 3.637543 | tf=1  [mm:3.2620  pm:4.0131] | 14.11s
ep    3 | train 4.610084 | val 3.174391 | best 3.174391 | tf=1  [mm:2.4594  pm:3.8894] | 14.05s
ep    4 | train 4.078379 | val 3.410982 | best 3.174391 | tf=1  [mm:2.3007  pm:4.5213] | 14.01s
ep    5 | train 3.690682 | val 2.833913 | best 2.833913 | tf=1  [mm:2.0766  pm:3.5912] | 13.91s
ep    6 | train 3.683021 | val 3.329488 | best 2.833913 | tf=1  [mm:2.4330  pm:4.2260] | 13.96s
ep    7 | train 3.885519 | val 3.411669 | best 2.833913 | tf=1  [mm:1.9814  pm:4.8419] | 13.97s
ep    8 | train 4.146472 | val 3.638299 | best 2.833913 | tf=1  [mm:2.1995  pm:5.0771] | 13.87s
ep    9 | train 3.889047 | val 3.179830 | best 2.833913 | tf=1  [mm:1.9255  pm:4.4341] | 13.87s
ep   10 | train 3.659114 | val 3.207834 | best 2.833913 | tf=1  [mm:2.3999  pm:4.0158] | 13.95s
ep   11 | train 3.626385 | val 2.883462 | best 2.833913 | tf=1  [mm:2.0876  pm:3.6794] | 13.94s
ep   12 | train 3.339327 | val 2.855136 | best 2.833913 | tf=1  [mm:2.3014  pm:3.4089] | 13.97s
ep   13 | train 3.407294 | val 2.691514 | best 2.691514 | tf=1  [mm:1.9092  pm:3.4739] | 13.91s
ep   14 | train 3.534719 | val 3.048038 | best 2.691514 | tf=1  [mm:1.9706  pm:4.1255] | 13.97s
ep   15 | train 3.639823 | val 2.838576 | best 2.691514 | tf=1  [mm:2.0341  pm:3.6430] | 13.90s
ep   16 | train 3.335185 | val 2.744536 | best 2.691514 | tf=1  [mm:1.9853  pm:3.5038] | 13.91s
ep   17 | train 2.939927 | val 2.953331 | best 2.691514 | tf=1  [mm:2.0359  pm:3.8707] | 13.89s
ep   18 | train 2.344572 | val 2.656638 | best 2.656638 | tf=1  [mm:1.7770  pm:3.5363] | 13.88s
ep   19 | train 1.975137 | val 3.340858 | best 2.656638 | tf=1  [mm:2.5395  pm:4.1422] | 13.95s
ep   20 | train 2.425301 | val 2.479315 | best 2.479315 | tf=1  [mm:1.8189  pm:3.1397] | 13.93s
ep   21 | train 1.674814 | val 2.875661 | best 2.479315 | tf=1  [mm:2.3035  pm:3.4478] | 13.90s
ep   22 | train 1.501975 | val 2.584077 | best 2.479315 | tf=1  [mm:1.3600  pm:3.8081] | 14.04s
ep   23 | train 1.438934 | val 3.133225 | best 2.479315 | tf=1  [mm:1.4114  pm:4.8551] | 13.99s
ep   24 | train 1.133081 | val 2.911141 | best 2.479315 | tf=1  [mm:1.7762  pm:4.0461] | 13.87s
ep   25 | train 1.398918 | val 2.461671 | best 2.461671 | tf=1  [mm:1.4564  pm:3.4669] | 13.96s
ep   26 | train 1.047776 | val 3.971099 | best 2.461671 | tf=1  [mm:1.2696  pm:6.6726] | 13.90s
ep   27 | train 1.043477 | val 3.589026 | best 2.461671 | tf=1  [mm:1.4942  pm:5.6838] | 13.93s
ep   28 | train 1.006741 | val 2.339039 | best 2.339039 | tf=1  [mm:1.3930  pm:3.2851] | 14.00s
ep   29 | train 1.009536 | val 2.441790 | best 2.339039 | tf=1  [mm:1.3222  pm:3.5613] | 13.92s
ep   30 | train 0.845992 | val 2.431720 | best 2.339039 | tf=1  [mm:1.3069  pm:3.5566] | 13.99s
ep   31 | train 0.850772 | val 2.145839 | best 2.145839 | tf=1  [mm:1.2520  pm:3.0397] | 13.97s
ep   32 | train 0.791183 | val 2.185019 | best 2.145839 | tf=1  [mm:1.2037  pm:3.1663] | 14.01s
ep   33 | train 0.737645 | val 3.428741 | best 2.145839 | tf=1  [mm:1.4404  pm:5.4171] | 13.97s
ep   34 | train 0.824476 | val 3.093533 | best 2.145839 | tf=1  [mm:1.2957  pm:4.8914] | 13.93s
ep   35 | train 0.658646 | val 2.366318 | best 2.145839 | tf=1  [mm:1.2912  pm:3.4414] | 13.91s
ep   36 | train 0.714024 | val 4.168309 | best 2.145839 | tf=1  [mm:1.5242  pm:6.8124] | 13.89s
ep   37 | train 0.700235 | val 1.885024 | best 1.885024 | tf=1  [mm:1.2055  pm:2.5646] | 13.94s
ep   38 | train 0.660477 | val 4.127557 | best 1.885024 | tf=1  [mm:1.2102  pm:7.0449] | 13.91s
ep   39 | train 0.655661 | val 2.346548 | best 1.885024 | tf=1  [mm:1.3555  pm:3.3376] | 13.91s
ep   40 | train 0.654019 | val 3.013599 | best 1.885024 | tf=1  [mm:1.2732  pm:4.7540] | 13.96s
ep   41 | train 0.562845 | val 1.996830 | best 1.885024 | tf=1  [mm:1.2374  pm:2.7562] | 13.80s
ep   42 | train 0.571064 | val 3.298244 | best 1.885024 | tf=1  [mm:1.1195  pm:5.4770] | 13.88s
ep   43 | train 0.512979 | val 2.501514 | best 1.885024 | tf=1  [mm:1.1893  pm:3.8137] | 14.04s
ep   44 | train 0.541270 | val 2.529307 | best 1.885024 | tf=1  [mm:1.2378  pm:3.8208] | 13.94s
ep   45 | train 0.555600 | val 2.075210 | best 1.885024 | tf=1  [mm:1.5668  pm:2.5837] | 13.95s
ep   46 | train 0.594713 | val 3.511480 | best 1.885024 | tf=1  [mm:1.3345  pm:5.6885] | 13.89s
ep   47 | train 0.540298 | val 2.746258 | best 1.885024 | tf=1  [mm:1.3553  pm:4.1373] | 13.96s
ep   48 | train 0.460255 | val 2.177936 | best 1.885024 | tf=1  [mm:1.3195  pm:3.0364] | 13.97s
ep   49 | train 0.431749 | val 2.404049 | best 1.885024 | tf=1  [mm:1.2419  pm:3.5662] | 14.03s
ep   50 | train 0.393660 | val 2.293719 | best 1.885024 | tf=1  [mm:1.2624  pm:3.3250] | 13.98s
ep   51 | train 0.408782 | val 2.233850 | best 1.885024 | tf=1  [mm:1.1406  pm:3.3271] | 13.93s
ep   52 | train 0.401466 | val 2.830484 | best 1.885024 | tf=1  [mm:1.0650  pm:4.5959] | 13.94s
ep   53 | train 2.735088 | val 10.000218 | best 1.885024 | tf=1  [mm:8.8635  pm:11.1370] | 13.96s
ep   54 | train nan | val nan | best 1.885024 | tf=1  [mm:nan  pm:nan] | 13.95s
NaN detected at epoch 54 — stopping early.

Test loss (best model): 1.835221  [mm:1.4450  pm:2.2255]
Saved best model to experiments/txtl_ladder_old_combined/20260524_222326_M3_plain_s2/model.pt

Training completed in 759.70s (12.66m)
Peak GPU memory: 9.10 GB
[rebuild] partial-obs lift: dataset_obs_idx=[3, 5] → scaffold_obs_idx=[0, 1] (P=3)
Loading checkpoint: experiments/txtl_ladder_old_combined/20260524_222326_M3_plain_s2/model.pt
[plot_predictions] n_samples=5, plot_ds_len=87
[plot_predictions] y0.shape=(5, 3), u_seq.shape=(5, 1496, 13), y_seq.shape=(5, 1496, 3), dt_seq.shape=(5, 1496)
Saved plots to experiments/txtl_ladder_old_combined/20260524_222326_M3_plain_s2/plots
[rebuild] partial-obs lift: dataset_obs_idx=[3, 5] → scaffold_obs_idx=[0, 1] (P=3)
Loading checkpoint: experiments/txtl_ladder_old_combined/20260524_222326_M3_plain_s2/model.pt
[epoch overlay] saved: experiments/txtl_ladder_old_combined/20260524_222326_M3_plain_s2/plots/pred_overlays_sample000.png

Running endpoint R² analysis...
[rebuild] partial-obs lift: dataset_obs_idx=[3, 5] → scaffold_obs_idx=[0, 1] (P=3)
Loading checkpoint: experiments/txtl_ladder_old_combined/20260524_222326_M3_plain_s2/model.pt
  R²(protein final) = -0.1032
  R²(mRNA max)      = 0.1252
Saved plot -> experiments/txtl_ladder_old_combined/20260524_222326_M3_plain_s2/endpoint_r2.png
