$ python -u last-layer-ode/train.py --config configs/txtl_gru_new_baseline.yaml --set study=txtl_ladder_old_combined --set out_root=experiments --set exp_name=M3_plain_s1 --set epochs=100 --set endpoint_r2=True --set obs_idx='[3, 5]' --set warmup_epochs=5 --set hidden=600 --set dataset_path=datasets/cell-free/txtl_native_old_only.npz --set val_n=87 --set test_n=87 --set stratify_z_expr=False --set test_real_only=False --set stratified_split=True --set stratify_targets='[3, 5]' --set stratify_bins=5 --set stratify_by_source=True --set subtract_channel_min=True --set subtract_channel_min_cols='[3, 5]' --set encoder_use_log_dt=True --set plot_extra_new_samples=0 --set y0_theta_init=False --set model_class=ode_rnn --set scaffold=txtl_model3_two_state --set seed=1

Using device: cuda
Experiment: experiments/txtl_ladder_old_combined/20260524_222312_M3_plain_s1
Study: txtl_ladder_old_combined | Run ID: 20260524_222312_M3_plain_s1
Split: stratified | seed=42 | bins=5 | targets=[3, 5] | n_test=87 n_val=87 n_train=517
/home/bob-van-sluijs/anaconda3/envs/oliver_env/lib/python3.13/site-packages/torch/cuda/__init__.py:1007: UserWarning: Can't initialize NVML
  raw_cnt = _raw_device_count_nvml()
Partial-observability lift: scaffold.P=3, P_obs=7, obs_state_idx=[0, 1], control_state_map={'DNA c': 2}
The model compiled successfully
LR warmup: 5 epochs (2.00e-03 target)
Data: N=691 | train=517 | val=87 | test=87
Dims: P_obs=7 | scaffold=txtl_model3_two_state | U=13
Species: mm, pm
Partial-observability lift active: dataset_obs_idx=[3, 5] → scaffold_obs_idx=[0, 1].
Lift by-name IC copy: DNA→DNA@2
ep    1 | train 5.691656 | val 4.858296 | best 4.858296 | tf=1  [mm:3.5832  pm:6.1334] | 16.77s
ep    2 | train 6.668660 | val 5.264662 | best 4.858296 | tf=1  [mm:3.5919  pm:6.9374] | 14.06s
ep    3 | train 5.991693 | val 3.633328 | best 3.633328 | tf=1  [mm:2.7511  pm:4.5155] | 13.98s
ep    4 | train 4.694084 | val 3.843083 | best 3.633328 | tf=1  [mm:2.9308  pm:4.7554] | 13.86s
ep    5 | train 4.705091 | val 4.017160 | best 3.633328 | tf=1  [mm:2.5487  pm:5.4857] | 13.84s
ep    6 | train 3.981136 | val 3.207721 | best 3.207721 | tf=1  [mm:2.2061  pm:4.2093] | 13.80s
ep    7 | train 3.618848 | val 2.843780 | best 2.843780 | tf=1  [mm:2.1649  pm:3.5227] | 13.88s
ep    8 | train 3.751132 | val 2.999227 | best 2.843780 | tf=1  [mm:2.2567  pm:3.7417] | 13.83s
ep    9 | train 3.591542 | val 2.939896 | best 2.843780 | tf=1  [mm:2.4736  pm:3.4062] | 13.85s
ep   10 | train 3.679523 | val 3.209422 | best 2.843780 | tf=1  [mm:2.4288  pm:3.9900] | 13.77s
ep   11 | train 3.883504 | val 2.824633 | best 2.824633 | tf=1  [mm:2.3280  pm:3.3212] | 13.87s
ep   12 | train 3.455485 | val 2.551729 | best 2.551729 | tf=1  [mm:2.1352  pm:2.9682] | 13.87s
ep   13 | train 3.469942 | val 2.829746 | best 2.551729 | tf=1  [mm:2.0480  pm:3.6115] | 13.80s
ep   14 | train 3.322982 | val 2.554394 | best 2.551729 | tf=1  [mm:2.0387  pm:3.0701] | 13.83s
ep   15 | train 2.950080 | val 2.464399 | best 2.464399 | tf=1  [mm:2.0185  pm:2.9103] | 13.83s
ep   16 | train 2.701477 | val 2.427137 | best 2.427137 | tf=1  [mm:2.0011  pm:2.8532] | 13.81s
ep   17 | train 2.700672 | val 2.957160 | best 2.427137 | tf=1  [mm:1.8248  pm:4.0895] | 13.82s
ep   18 | train 2.350606 | val 3.350573 | best 2.427137 | tf=1  [mm:2.5211  pm:4.1800] | 13.77s
ep   19 | train 2.321149 | val 2.401356 | best 2.401356 | tf=1  [mm:1.6585  pm:3.1442] | 13.90s
ep   20 | train 1.948219 | val 4.114358 | best 2.401356 | tf=1  [mm:1.8999  pm:6.3288] | 13.80s
ep   21 | train 1.617712 | val 6.709600 | best 2.401356 | tf=1  [mm:1.7274  pm:11.6918] | 13.90s
ep   22 | train 1.642436 | val 5.256129 | best 2.401356 | tf=1  [mm:2.8444  pm:7.6678] | 13.80s
ep   23 | train 1.371604 | val 5.119486 | best 2.401356 | tf=1  [mm:1.3537  pm:8.8852] | 13.89s
ep   24 | train 1.260773 | val 9.061360 | best 2.401356 | tf=1  [mm:1.6578  pm:16.4649] | 13.89s
ep   25 | train 1.022514 | val 4.488363 | best 2.401356 | tf=1  [mm:1.3358  pm:7.6409] | 13.85s
ep   26 | train 0.922085 | val 6.295692 | best 2.401356 | tf=1  [mm:1.5645  pm:11.0269] | 13.88s
ep   27 | train 0.840017 | val 6.246144 | best 2.401356 | tf=1  [mm:1.2032  pm:11.2891] | 13.82s
ep   28 | train 0.840866 | val 4.189004 | best 2.401356 | tf=1  [mm:1.4185  pm:6.9595] | 13.84s
ep   29 | train 0.929898 | val 4.653833 | best 2.401356 | tf=1  [mm:1.4196  pm:7.8881] | 13.82s
ep   30 | train 0.962574 | val 5.020247 | best 2.401356 | tf=1  [mm:1.1761  pm:8.8644] | 13.79s
ep   31 | train 0.934199 | val 6.076138 | best 2.401356 | tf=1  [mm:1.1128  pm:11.0395] | 13.87s
ep   32 | train 0.831549 | val 4.564302 | best 2.401356 | tf=1  [mm:1.1700  pm:7.9586] | 13.89s
ep   33 | train 0.687776 | val 4.273276 | best 2.401356 | tf=1  [mm:1.1657  pm:7.3808] | 13.85s
ep   34 | train 0.614760 | val 6.326449 | best 2.401356 | tf=1  [mm:1.2429  pm:11.4100] | 13.80s
ep   35 | train 0.573669 | val 5.716055 | best 2.401356 | tf=1  [mm:1.3957  pm:10.0364] | 13.82s
ep   36 | train 0.551479 | val 5.274749 | best 2.401356 | tf=1  [mm:1.6329  pm:8.9166] | 13.84s
ep   37 | train 0.579000 | val 3.429626 | best 2.401356 | tf=1  [mm:1.2496  pm:5.6096] | 13.84s
ep   38 | train 0.497179 | val 5.142341 | best 2.401356 | tf=1  [mm:1.2314  pm:9.0533] | 13.82s
ep   39 | train 0.500918 | val 4.957653 | best 2.401356 | tf=1  [mm:1.3157  pm:8.5996] | 13.74s
ep   40 | train 0.581862 | val 3.735296 | best 2.401356 | tf=1  [mm:1.0862  pm:6.3843] | 13.79s
ep   41 | train 1.923786 | val 5.952220 | best 2.401356 | tf=1  [mm:3.9828  pm:7.9217] | 13.86s
ep   42 | train 1.356647 | val 6.113373 | best 2.401356 | tf=1  [mm:1.3253  pm:10.9015] | 13.79s
ep   43 | train 0.996082 | val 4.443158 | best 2.401356 | tf=1  [mm:1.6555  pm:7.2308] | 13.79s
ep   44 | train 1.432871 | val 6.126675 | best 2.401356 | tf=1  [mm:1.3786  pm:10.8747] | 13.87s
ep   45 | train 1.110059 | val 6.422690 | best 2.401356 | tf=1  [mm:1.4451  pm:11.4003] | 13.88s
ep   46 | train 1.268890 | val 4.751624 | best 2.401356 | tf=1  [mm:1.3587  pm:8.1445] | 13.76s
ep   47 | train 1.083100 | val 5.273763 | best 2.401356 | tf=1  [mm:1.7016  pm:8.8459] | 13.79s
ep   48 | train 1.029940 | val 5.366559 | best 2.401356 | tf=1  [mm:1.2656  pm:9.4676] | 13.79s
ep   49 | train 0.766031 | val 4.290030 | best 2.401356 | tf=1  [mm:1.7258  pm:6.8542] | 13.84s
ep   50 | train 0.697445 | val 5.290677 | best 2.401356 | tf=1  [mm:1.0612  pm:9.5202] | 13.87s
ep   51 | train 0.668026 | val 4.570633 | best 2.401356 | tf=1  [mm:1.1756  pm:7.9657] | 13.81s
ep   52 | train 0.565328 | val 6.216739 | best 2.401356 | tf=1  [mm:1.2148  pm:11.2187] | 13.82s
ep   53 | train 0.531292 | val 3.185753 | best 2.401356 | tf=1  [mm:1.2452  pm:5.1263] | 13.78s
ep   54 | train 0.591540 | val 4.242932 | best 2.401356 | tf=1  [mm:1.4198  pm:7.0661] | 13.82s
ep   55 | train 0.500033 | val 5.998873 | best 2.401356 | tf=1  [mm:1.2394  pm:10.7583] | 13.81s
ep   56 | train 0.496284 | val 3.014624 | best 2.401356 | tf=1  [mm:1.2805  pm:4.7487] | 13.78s
ep   57 | train 0.455779 | val 4.267591 | best 2.401356 | tf=1  [mm:1.4879  pm:7.0473] | 13.81s
ep   58 | train 0.445108 | val 4.257933 | best 2.401356 | tf=1  [mm:1.3667  pm:7.1492] | 13.81s
ep   59 | train 0.448503 | val 4.277415 | best 2.401356 | tf=1  [mm:1.3500  pm:7.2049] | 13.79s
ep   60 | train 0.410476 | val 3.332232 | best 2.401356 | tf=1  [mm:1.1464  pm:5.5181] | 13.63s
ep   61 | train 0.398321 | val 3.389081 | best 2.401356 | tf=1  [mm:1.2855  pm:5.4926] | 13.58s
ep   62 | train 0.388218 | val 2.672502 | best 2.401356 | tf=1  [mm:1.1711  pm:4.1739] | 13.60s
ep   63 | train 0.369962 | val 2.750649 | best 2.401356 | tf=1  [mm:1.2756  pm:4.2257] | 13.62s
ep   64 | train 0.368815 | val 4.297982 | best 2.401356 | tf=1  [mm:1.3929  pm:7.2030] | 13.82s
ep   65 | train 0.430249 | val 3.379620 | best 2.401356 | tf=1  [mm:1.1147  pm:5.6445] | 13.84s
ep   66 | train 0.406259 | val 3.512115 | best 2.401356 | tf=1  [mm:1.4630  pm:5.5612] | 13.76s
ep   67 | train 0.369029 | val 3.743082 | best 2.401356 | tf=1  [mm:1.2922  pm:6.1940] | 13.77s
ep   68 | train 0.349188 | val 2.534252 | best 2.401356 | tf=1  [mm:1.3437  pm:3.7248] | 13.82s
ep   69 | train 0.364348 | val 4.281316 | best 2.401356 | tf=1  [mm:1.4625  pm:7.1001] | 13.86s
ep   70 | train 0.364068 | val 2.963961 | best 2.401356 | tf=1  [mm:1.1968  pm:4.7311] | 13.78s
ep   71 | train 0.314557 | val 3.169089 | best 2.401356 | tf=1  [mm:1.1871  pm:5.1511] | 13.80s
ep   72 | train 0.306860 | val 2.315660 | best 2.315660 | tf=1  [mm:1.0959  pm:3.5354] | 13.89s
ep   73 | train 0.288076 | val 2.997969 | best 2.315660 | tf=1  [mm:1.1737  pm:4.8222] | 13.85s
ep   74 | train 0.493653 | val 3.092375 | best 2.315660 | tf=1  [mm:1.4722  pm:4.7125] | 13.85s
ep   75 | train 0.404298 | val 2.757978 | best 2.315660 | tf=1  [mm:1.4588  pm:4.0571] | 13.94s
ep   76 | train 0.321505 | val 2.488269 | best 2.315660 | tf=1  [mm:1.1608  pm:3.8157] | 13.84s
ep   77 | train 0.294169 | val 2.600973 | best 2.315660 | tf=1  [mm:1.3331  pm:3.8688] | 13.90s
ep   78 | train 0.272647 | val 2.373506 | best 2.315660 | tf=1  [mm:1.1751  pm:3.5719] | 13.78s
ep   79 | train 0.280370 | val 3.026643 | best 2.315660 | tf=1  [mm:1.5854  pm:4.4679] | 13.84s
ep   80 | train 0.278171 | val 2.618569 | best 2.315660 | tf=1  [mm:1.1948  pm:4.0424] | 13.73s
ep   81 | train 0.260242 | val 2.967138 | best 2.315660 | tf=1  [mm:1.1850  pm:4.7492] | 13.76s
ep   82 | train 0.278021 | val 2.481997 | best 2.315660 | tf=1  [mm:1.2324  pm:3.7316] | 13.83s
ep   83 | train 0.273453 | val 2.444457 | best 2.315660 | tf=1  [mm:1.2037  pm:3.6852] | 13.76s
ep   84 | train 0.265766 | val 3.043493 | best 2.315660 | tf=1  [mm:1.1813  pm:4.9057] | 13.78s
ep   85 | train 0.262323 | val 2.826214 | best 2.315660 | tf=1  [mm:1.4077  pm:4.2447] | 13.84s
ep   86 | train 0.249929 | val 2.467813 | best 2.315660 | tf=1  [mm:1.2877  pm:3.6480] | 13.79s
ep   87 | train 0.263967 | val 2.795503 | best 2.315660 | tf=1  [mm:1.3926  pm:4.1984] | 13.79s
ep   88 | train 0.248054 | val 2.904926 | best 2.315660 | tf=1  [mm:1.1278  pm:4.6820] | 13.78s
ep   89 | train 0.255926 | val 2.684745 | best 2.315660 | tf=1  [mm:1.4509  pm:3.9186] | 13.87s
ep   90 | train 0.259839 | val 2.458954 | best 2.315660 | tf=1  [mm:1.4296  pm:3.4884] | 13.80s
ep   91 | train 0.278686 | val 2.689071 | best 2.315660 | tf=1  [mm:1.0352  pm:4.3430] | 13.76s
ep   92 | train 0.262168 | val 2.851685 | best 2.315660 | tf=1  [mm:1.1874  pm:4.5160] | 13.80s
ep   93 | train 0.267885 | val 2.536079 | best 2.315660 | tf=1  [mm:1.2633  pm:3.8089] | 13.83s
ep   94 | train 0.273845 | val 2.999983 | best 2.315660 | tf=1  [mm:1.3624  pm:4.6376] | 13.76s
ep   95 | train 0.234252 | val 2.438951 | best 2.315660 | tf=1  [mm:1.1330  pm:3.7449] | 13.82s
ep   96 | train 0.263179 | val 2.820966 | best 2.315660 | tf=1  [mm:1.1897  pm:4.4522] | 13.88s
ep   97 | train 0.252061 | val 2.877572 | best 2.315660 | tf=1  [mm:1.1810  pm:4.5742] | 13.79s
ep   98 | train 0.227975 | val 2.329162 | best 2.315660 | tf=1  [mm:1.1834  pm:3.4749] | 13.74s
ep   99 | train 0.206779 | val 2.415949 | best 2.315660 | tf=1  [mm:1.0857  pm:3.7462] | 13.84s
ep  100 | train 0.708042 | val 2.088491 | best 2.088491 | tf=0  [mm:1.2158  pm:2.9612] | 13.84s

Test loss (best model): 1.611631  [mm:1.1925  pm:2.0308]
Saved best model to experiments/txtl_ladder_old_combined/20260524_222312_M3_plain_s1/model.pt

Training completed in 1390.55s (23.18m)
Peak GPU memory: 9.10 GB
[rebuild] partial-obs lift: dataset_obs_idx=[3, 5] → scaffold_obs_idx=[0, 1] (P=3)
Loading checkpoint: experiments/txtl_ladder_old_combined/20260524_222312_M3_plain_s1/model.pt
[plot_predictions] n_samples=5, plot_ds_len=87
[plot_predictions] y0.shape=(5, 3), u_seq.shape=(5, 1496, 13), y_seq.shape=(5, 1496, 3), dt_seq.shape=(5, 1496)
Saved plots to experiments/txtl_ladder_old_combined/20260524_222312_M3_plain_s1/plots
[rebuild] partial-obs lift: dataset_obs_idx=[3, 5] → scaffold_obs_idx=[0, 1] (P=3)
Loading checkpoint: experiments/txtl_ladder_old_combined/20260524_222312_M3_plain_s1/model.pt
[epoch overlay] saved: experiments/txtl_ladder_old_combined/20260524_222312_M3_plain_s1/plots/pred_overlays_sample000.png

Running endpoint R² analysis...
[rebuild] partial-obs lift: dataset_obs_idx=[3, 5] → scaffold_obs_idx=[0, 1] (P=3)
Loading checkpoint: experiments/txtl_ladder_old_combined/20260524_222312_M3_plain_s1/model.pt
  R²(protein final) = 0.1696
  R²(mRNA max)      = 0.2681
Saved plot -> experiments/txtl_ladder_old_combined/20260524_222312_M3_plain_s1/endpoint_r2.png
