$ python -u last-layer-ode/train.py --config configs/txtl_gru_new_baseline.yaml --set study=txtl_ladder_old_combined --set out_root=experiments --set exp_name=M5_plain_y0on_s0 --set epochs=100 --set endpoint_r2=True --set obs_idx='[3, 5]' --set warmup_epochs=5 --set hidden=600 --set dataset_path=datasets/cell-free/txtl_native_old_only.npz --set val_n=87 --set test_n=87 --set stratify_z_expr=False --set test_real_only=False --set stratified_split=True --set stratify_targets='[3, 5]' --set stratify_bins=5 --set stratify_by_source=True --set subtract_channel_min=True --set subtract_channel_min_cols='[3, 5]' --set encoder_use_log_dt=True --set plot_extra_new_samples=0 --set model_class=ode_rnn --set scaffold=txtl_resource_and_maturation_dna --set seed=0 --set y0_theta_init=True

Using device: cuda
Experiment: experiments/txtl_ladder_old_combined/20260525_024227_M5_plain_y0on_s0
Study: txtl_ladder_old_combined | Run ID: 20260525_024227_M5_plain_y0on_s0
Split: stratified | seed=42 | bins=5 | targets=[3, 5] | n_test=87 n_val=87 n_train=517
/home/bob-van-sluijs/anaconda3/envs/oliver_env/lib/python3.13/site-packages/torch/cuda/__init__.py:1007: UserWarning: Can't initialize NVML
  raw_cnt = _raw_device_count_nvml()
The model compiled successfully
LR warmup: 5 epochs (2.00e-03 target)
Data: N=691 | train=517 | val=87 | test=87
Dims: P_obs=7 | scaffold=txtl_resource_and_maturation_dna | U=13
Species: mm, pm
Supervising only species indices: [3, 5]
ep    1 | train 4.382138 | val 3.434401 | best 3.434401 | tf=1  [mm:2.3199  pm:4.5489] | 27.33s
ep    2 | train 4.609076 | val 3.917733 | best 3.434401 | tf=1  [mm:3.5228  pm:4.3126] | 22.98s
ep    3 | train 4.120921 | val 3.012277 | best 3.012277 | tf=1  [mm:2.2080  pm:3.8166] | 22.70s
ep    4 | train 3.413603 | val 3.068524 | best 3.012277 | tf=1  [mm:2.3289  pm:3.8081] | 22.65s
ep    5 | train 4.001870 | val 2.915670 | best 2.915670 | tf=1  [mm:2.2299  pm:3.6014] | 22.57s
ep    6 | train 3.601501 | val 3.034590 | best 2.915670 | tf=1  [mm:2.1426  pm:3.9265] | 22.57s
ep    7 | train 3.379239 | val 3.022845 | best 2.915670 | tf=1  [mm:2.2450  pm:3.8007] | 22.61s
ep    8 | train 3.219157 | val 3.001753 | best 2.915670 | tf=1  [mm:2.1492  pm:3.8543] | 22.54s
ep    9 | train 3.397057 | val 4.133165 | best 2.915670 | tf=1  [mm:1.9323  pm:6.3340] | 22.59s
ep   10 | train 3.375227 | val 2.789557 | best 2.789557 | tf=1  [mm:1.8916  pm:3.6875] | 22.64s
ep   11 | train 2.946727 | val 3.283723 | best 2.789557 | tf=1  [mm:2.2669  pm:4.3006] | 22.63s
ep   12 | train 3.202503 | val 2.551162 | best 2.551162 | tf=1  [mm:1.7782  pm:3.3242] | 22.70s
ep   13 | train 2.649790 | val 2.284450 | best 2.284450 | tf=1  [mm:1.4767  pm:3.0922] | 22.71s
ep   14 | train 2.326229 | val 2.285161 | best 2.284450 | tf=1  [mm:1.3645  pm:3.2058] | 22.60s
ep   15 | train 2.309327 | val 2.447369 | best 2.284450 | tf=1  [mm:1.3378  pm:3.5570] | 22.62s
ep   16 | train 2.229897 | val 2.585663 | best 2.284450 | tf=1  [mm:1.3913  pm:3.7800] | 22.66s
ep   17 | train 2.132213 | val 3.494868 | best 2.284450 | tf=1  [mm:1.3683  pm:5.6215] | 22.69s
ep   18 | train 2.428967 | val 2.112945 | best 2.112945 | tf=1  [mm:1.1725  pm:3.0534] | 22.55s
ep   19 | train 2.091255 | val 1.915927 | best 1.915927 | tf=1  [mm:1.2066  pm:2.6253] | 22.56s
ep   20 | train 1.744531 | val 2.028002 | best 1.915927 | tf=1  [mm:1.1594  pm:2.8967] | 22.65s
ep   21 | train 1.548018 | val 2.132456 | best 1.915927 | tf=1  [mm:1.1814  pm:3.0835] | 22.61s
ep   22 | train 1.476739 | val 2.501393 | best 1.915927 | tf=1  [mm:1.4797  pm:3.5231] | 22.61s
ep   23 | train 1.395101 | val 2.280969 | best 1.915927 | tf=1  [mm:1.1286  pm:3.4334] | 22.55s
ep   24 | train 1.326402 | val 2.455907 | best 1.915927 | tf=1  [mm:1.1739  pm:3.7379] | 22.60s
ep   25 | train 1.179224 | val 2.508468 | best 1.915927 | tf=1  [mm:1.3438  pm:3.6731] | 22.61s
ep   26 | train 1.221448 | val 2.171006 | best 1.915927 | tf=1  [mm:1.1074  pm:3.2346] | 22.61s
ep   27 | train 1.121989 | val 1.946676 | best 1.915927 | tf=1  [mm:1.1058  pm:2.7876] | 22.60s
ep   28 | train 1.176708 | val 2.303099 | best 1.915927 | tf=1  [mm:1.0934  pm:3.5128] | 22.68s
ep   29 | train 0.947727 | val 2.370732 | best 1.915927 | tf=1  [mm:1.1485  pm:3.5929] | 22.61s
ep   30 | train 1.185187 | val 2.610346 | best 1.915927 | tf=1  [mm:1.2639  pm:3.9568] | 22.61s
ep   31 | train 1.045041 | val 2.444580 | best 1.915927 | tf=1  [mm:1.3541  pm:3.5351] | 22.60s
ep   32 | train 0.956730 | val 2.134287 | best 1.915927 | tf=1  [mm:1.0666  pm:3.2020] | 22.64s
ep   33 | train 0.879606 | val 2.404506 | best 1.915927 | tf=1  [mm:1.0875  pm:3.7215] | 22.61s
ep   34 | train 0.886152 | val 2.216065 | best 1.915927 | tf=1  [mm:1.4123  pm:3.0198] | 22.70s
ep   35 | train 0.815729 | val 2.539337 | best 1.915927 | tf=1  [mm:1.0779  pm:4.0007] | 22.58s
ep   36 | train 0.774954 | val 1.923899 | best 1.915927 | tf=1  [mm:0.9662  pm:2.8816] | 22.54s
ep   37 | train 0.751194 | val 2.428402 | best 1.915927 | tf=1  [mm:1.1752  pm:3.6816] | 22.64s
ep   38 | train 0.773289 | val 2.183148 | best 1.915927 | tf=1  [mm:1.1297  pm:3.2366] | 22.55s
ep   39 | train 0.728081 | val 2.111269 | best 1.915927 | tf=1  [mm:1.1624  pm:3.0602] | 22.72s
ep   40 | train 0.720479 | val 2.249197 | best 1.915927 | tf=1  [mm:1.1623  pm:3.3361] | 22.59s
ep   41 | train 0.674893 | val 2.391102 | best 1.915927 | tf=1  [mm:1.2138  pm:3.5685] | 22.71s
ep   42 | train 0.626026 | val 2.060203 | best 1.915927 | tf=1  [mm:1.1437  pm:2.9767] | 22.65s
ep   43 | train 0.569888 | val 2.380981 | best 1.915927 | tf=1  [mm:0.9945  pm:3.7674] | 22.63s
ep   44 | train 0.635063 | val 2.406938 | best 1.915927 | tf=1  [mm:1.1315  pm:3.6824] | 22.60s
ep   45 | train 0.628777 | val 2.145381 | best 1.915927 | tf=1  [mm:1.2644  pm:3.0264] | 22.51s
ep   46 | train 0.596477 | val 2.561449 | best 1.915927 | tf=1  [mm:1.3786  pm:3.7443] | 22.58s
ep   47 | train 0.545806 | val 2.034606 | best 1.915927 | tf=1  [mm:1.0921  pm:2.9772] | 22.63s
ep   48 | train 0.664376 | val 2.144863 | best 1.915927 | tf=1  [mm:1.2597  pm:3.0300] | 22.52s
ep   49 | train 0.552862 | val 2.201302 | best 1.915927 | tf=1  [mm:0.9762  pm:3.4264] | 22.67s
ep   50 | train 0.512123 | val 2.325778 | best 1.915927 | tf=1  [mm:1.1164  pm:3.5351] | 22.62s
ep   51 | train 0.542265 | val 2.299056 | best 1.915927 | tf=1  [mm:1.1742  pm:3.4239] | 22.55s
ep   52 | train 0.528833 | val 2.427698 | best 1.915927 | tf=1  [mm:1.2961  pm:3.5593] | 22.63s
ep   53 | train 0.478951 | val 2.260765 | best 1.915927 | tf=1  [mm:1.4187  pm:3.1029] | 22.66s
ep   54 | train 0.495767 | val 2.591213 | best 1.915927 | tf=1  [mm:1.2290  pm:3.9534] | 22.67s
ep   55 | train 0.584156 | val 2.135522 | best 1.915927 | tf=1  [mm:1.1259  pm:3.1451] | 22.63s
ep   56 | train 0.526062 | val 2.776253 | best 1.915927 | tf=1  [mm:1.2336  pm:4.3189] | 22.59s
ep   57 | train 0.479103 | val 2.055206 | best 1.915927 | tf=1  [mm:1.1584  pm:2.9520] | 22.56s
ep   58 | train 0.509617 | val 2.948254 | best 1.915927 | tf=1  [mm:1.1476  pm:4.7489] | 22.62s
ep   59 | train 0.523787 | val 1.856540 | best 1.856540 | tf=1  [mm:1.0411  pm:2.6719] | 22.57s
ep   60 | train 0.485051 | val 2.984260 | best 1.856540 | tf=1  [mm:1.1892  pm:4.7793] | 22.59s
ep   61 | train 0.479525 | val 2.151932 | best 1.856540 | tf=1  [mm:1.2748  pm:3.0290] | 22.57s
ep   62 | train 0.532451 | val 2.422472 | best 1.856540 | tf=1  [mm:1.1253  pm:3.7197] | 22.52s
ep   63 | train 0.469488 | val 2.568513 | best 1.856540 | tf=1  [mm:1.3063  pm:3.8307] | 22.61s
ep   64 | train 0.439585 | val 2.343263 | best 1.856540 | tf=1  [mm:1.0864  pm:3.6002] | 22.42s
ep   65 | train 0.434321 | val 2.422822 | best 1.856540 | tf=1  [mm:1.1445  pm:3.7011] | 22.57s
ep   66 | train 0.384397 | val 2.218166 | best 1.856540 | tf=1  [mm:1.1993  pm:3.2370] | 22.59s
ep   67 | train 0.402222 | val 2.382220 | best 1.856540 | tf=1  [mm:1.1163  pm:3.6481] | 22.63s
ep   68 | train 0.371468 | val 2.126018 | best 1.856540 | tf=1  [mm:1.0821  pm:3.1699] | 22.64s
ep   69 | train 0.451693 | val 2.334033 | best 1.856540 | tf=1  [mm:1.1088  pm:3.5592] | 22.59s
ep   70 | train 0.402214 | val 2.482829 | best 1.856540 | tf=1  [mm:1.3914  pm:3.5742] | 22.58s
ep   71 | train 0.438356 | val 2.184355 | best 1.856540 | tf=1  [mm:1.0741  pm:3.2946] | 22.52s
ep   72 | train 0.369727 | val 2.334061 | best 1.856540 | tf=1  [mm:1.0999  pm:3.5682] | 22.61s
ep   73 | train 0.379804 | val 2.471274 | best 1.856540 | tf=1  [mm:1.1283  pm:3.8143] | 22.54s
ep   74 | train 0.331142 | val 2.278695 | best 1.856540 | tf=1  [mm:1.2055  pm:3.3519] | 22.58s
ep   75 | train 0.327718 | val 2.307038 | best 1.856540 | tf=1  [mm:1.0524  pm:3.5617] | 22.49s
ep   76 | train 0.424492 | val 2.348018 | best 1.856540 | tf=1  [mm:1.1102  pm:3.5858] | 22.68s
ep   77 | train 0.346630 | val 2.371256 | best 1.856540 | tf=1  [mm:1.0102  pm:3.7323] | 22.70s
ep   78 | train 0.361470 | val 2.200335 | best 1.856540 | tf=1  [mm:1.0787  pm:3.3220] | 22.72s
ep   79 | train 0.396387 | val 2.347231 | best 1.856540 | tf=1  [mm:0.9813  pm:3.7132] | 22.64s
ep   80 | train 0.341815 | val 2.848863 | best 1.856540 | tf=1  [mm:1.0836  pm:4.6142] | 22.56s
ep   81 | train 0.324274 | val 2.721835 | best 1.856540 | tf=1  [mm:1.1113  pm:4.3324] | 22.63s
ep   82 | train 0.308210 | val 2.731237 | best 1.856540 | tf=1  [mm:1.0382  pm:4.4243] | 22.50s
ep   83 | train 0.353898 | val 2.546005 | best 1.856540 | tf=1  [mm:1.1004  pm:3.9916] | 22.65s
ep   84 | train 0.339438 | val 2.535077 | best 1.856540 | tf=1  [mm:1.3779  pm:3.6922] | 22.67s
ep   85 | train 0.311112 | val 2.285949 | best 1.856540 | tf=1  [mm:1.0806  pm:3.4913] | 22.42s
ep   86 | train 0.317746 | val 2.350055 | best 1.856540 | tf=1  [mm:1.2933  pm:3.4068] | 22.25s
ep   87 | train 0.325561 | val 2.368525 | best 1.856540 | tf=1  [mm:1.0100  pm:3.7271] | 22.30s
ep   88 | train 0.316281 | val 2.268457 | best 1.856540 | tf=1  [mm:1.2085  pm:3.3284] | 22.29s
ep   89 | train 0.312294 | val 2.264062 | best 1.856540 | tf=1  [mm:1.0306  pm:3.4975] | 22.62s
ep   90 | train 0.293747 | val 2.342603 | best 1.856540 | tf=1  [mm:1.1868  pm:3.4984] | 22.68s
ep   91 | train 0.302104 | val 2.300580 | best 1.856540 | tf=1  [mm:1.0533  pm:3.5479] | 22.55s
ep   92 | train 0.322958 | val 2.475090 | best 1.856540 | tf=1  [mm:1.0938  pm:3.8564] | 22.65s
ep   93 | train 0.300743 | val 2.263643 | best 1.856540 | tf=1  [mm:1.0522  pm:3.4751] | 22.63s
ep   94 | train 0.327107 | val 2.427130 | best 1.856540 | tf=1  [mm:0.9976  pm:3.8566] | 22.67s
ep   95 | train 0.338580 | val 2.541446 | best 1.856540 | tf=1  [mm:1.0988  pm:3.9841] | 22.59s
ep   96 | train 0.310557 | val 2.450078 | best 1.856540 | tf=1  [mm:1.0953  pm:3.8049] | 22.57s
ep   97 | train 0.299458 | val 2.303862 | best 1.856540 | tf=1  [mm:1.1518  pm:3.4559] | 22.65s
ep   98 | train 0.293691 | val 2.371747 | best 1.856540 | tf=1  [mm:1.2956  pm:3.4478] | 22.64s
ep   99 | train 0.301122 | val 2.414212 | best 1.856540 | tf=1  [mm:1.4260  pm:3.4024] | 22.55s
ep  100 | train 0.343249 | val 2.385648 | best 1.856540 | tf=0  [mm:1.1474  pm:3.6239] | 22.69s

Test loss (best model): 1.441625  [mm:1.0482  pm:1.8350]
Saved best model to experiments/txtl_ladder_old_combined/20260525_024227_M5_plain_y0on_s0/model.pt

Training completed in 2271.75s (37.86m)
Peak GPU memory: 9.15 GB
Loading checkpoint: experiments/txtl_ladder_old_combined/20260525_024227_M5_plain_y0on_s0/model.pt
[plot_predictions] n_samples=5, plot_ds_len=87
[plot_predictions] y0.shape=(5, 7), u_seq.shape=(5, 1496, 13), y_seq.shape=(5, 1496, 7), dt_seq.shape=(5, 1496)
Saved plots to experiments/txtl_ladder_old_combined/20260525_024227_M5_plain_y0on_s0/plots
Loading checkpoint: experiments/txtl_ladder_old_combined/20260525_024227_M5_plain_y0on_s0/model.pt
[epoch overlay] saved: experiments/txtl_ladder_old_combined/20260525_024227_M5_plain_y0on_s0/plots/pred_overlays_sample000.png

Running endpoint R² analysis...
Loading checkpoint: experiments/txtl_ladder_old_combined/20260525_024227_M5_plain_y0on_s0/model.pt
  R²(protein final) = 0.3688
  R²(mRNA max)      = 0.3961
Saved plot -> experiments/txtl_ladder_old_combined/20260525_024227_M5_plain_y0on_s0/endpoint_r2.png
