$ python -u last-layer-ode/train.py --config configs/txtl_gru_new_baseline.yaml --set study=txtl_ladder_old_combined --set out_root=experiments --set exp_name=M3_K3_s1 --set epochs=100 --set endpoint_r2=True --set obs_idx='[3, 5]' --set warmup_epochs=5 --set hidden=600 --set dataset_path=datasets/cell-free/txtl_native_old_only.npz --set val_n=87 --set test_n=87 --set stratify_z_expr=False --set test_real_only=False --set stratified_split=True --set stratify_targets='[3, 5]' --set stratify_bins=5 --set stratify_by_source=True --set subtract_channel_min=True --set subtract_channel_min_cols='[3, 5]' --set encoder_use_log_dt=True --set plot_extra_new_samples=0 --set y0_theta_init=False --set scaffold=txtl_model3_two_state --set model_class=ode_rnn_sparse_theta_v2 --set anchor_mode=uniform --set n_theta_anchors=3 --set seed=1

Using device: cuda
Experiment: experiments/txtl_ladder_old_combined/20260525_041808_M3_K3_s1
Study: txtl_ladder_old_combined | Run ID: 20260525_041808_M3_K3_s1
Split: stratified | seed=42 | bins=5 | targets=[3, 5] | n_test=87 n_val=87 n_train=517
/home/bob-van-sluijs/anaconda3/envs/oliver_env/lib/python3.13/site-packages/torch/cuda/__init__.py:1007: UserWarning: Can't initialize NVML
  raw_cnt = _raw_device_count_nvml()
Partial-observability lift: scaffold.P=3, P_obs=7, obs_state_idx=[0, 1], control_state_map={'DNA c': 2}
The model compiled successfully
LR warmup: 5 epochs (2.00e-03 target)
Data: N=691 | train=517 | val=87 | test=87
Dims: P_obs=7 | scaffold=txtl_model3_two_state | U=13
Species: mm, pm
Partial-observability lift active: dataset_obs_idx=[3, 5] → scaffold_obs_idx=[0, 1].
Lift by-name IC copy: DNA→DNA@2
ep    1 | train 4.929830 | val 4.230206 | best 4.230206 | tf=1  [mm:3.3317  pm:5.1287] | 17.20s
ep    2 | train 5.674860 | val 4.603870 | best 4.230206 | tf=1  [mm:2.4527  pm:6.7550] | 14.31s
ep    3 | train 4.623123 | val 3.384869 | best 3.384869 | tf=1  [mm:2.7919  pm:3.9778] | 14.19s
ep    4 | train 4.294836 | val 3.344339 | best 3.344339 | tf=1  [mm:2.7940  pm:3.8947] | 14.17s
ep    5 | train 4.360873 | val 3.261181 | best 3.261181 | tf=1  [mm:2.3886  pm:4.1338] | 14.16s
ep    6 | train 3.755271 | val 3.213317 | best 3.213317 | tf=1  [mm:2.3912  pm:4.0354] | 14.16s
ep    7 | train 3.608114 | val 3.087843 | best 3.087843 | tf=1  [mm:2.2815  pm:3.8942] | 14.13s
ep    8 | train 3.572199 | val 3.083594 | best 3.083594 | tf=1  [mm:2.2061  pm:3.9611] | 14.07s
ep    9 | train 3.462190 | val 3.064488 | best 3.064488 | tf=1  [mm:2.4283  pm:3.7007] | 14.27s
ep   10 | train 3.701938 | val 3.390320 | best 3.064488 | tf=1  [mm:2.6106  pm:4.1701] | 14.23s
ep   11 | train 3.949277 | val 3.125427 | best 3.064488 | tf=1  [mm:2.3029  pm:3.9479] | 14.11s
ep   12 | train 3.763351 | val 3.221192 | best 3.064488 | tf=1  [mm:2.5513  pm:3.8911] | 14.13s
ep   13 | train 3.849858 | val 2.929720 | best 2.929720 | tf=1  [mm:2.1818  pm:3.6776] | 14.03s
ep   14 | train 3.544750 | val 3.653380 | best 2.929720 | tf=1  [mm:2.1643  pm:5.1424] | 14.01s
ep   15 | train 3.669332 | val 3.042973 | best 2.929720 | tf=1  [mm:2.3069  pm:3.7790] | 14.08s
ep   16 | train 3.470225 | val 3.049332 | best 2.929720 | tf=1  [mm:2.3654  pm:3.7333] | 14.26s
ep   17 | train 3.539295 | val 2.935021 | best 2.929720 | tf=1  [mm:2.1846  pm:3.6854] | 14.20s
ep   18 | train 3.429537 | val 2.958317 | best 2.929720 | tf=1  [mm:2.2547  pm:3.6619] | 14.05s
ep   19 | train 3.406816 | val 3.025027 | best 2.929720 | tf=1  [mm:2.2228  pm:3.8273] | 14.00s
ep   20 | train 3.453544 | val 3.090112 | best 2.929720 | tf=1  [mm:2.2621  pm:3.9181] | 13.22s
ep   21 | train 2.997303 | val 2.990576 | best 2.929720 | tf=1  [mm:2.1978  pm:3.7834] | 13.17s
ep   22 | train 2.903824 | val 3.274956 | best 2.929720 | tf=1  [mm:2.2140  pm:4.3359] | 13.16s
ep   23 | train 2.860768 | val 3.208931 | best 2.929720 | tf=1  [mm:2.5394  pm:3.8785] | 13.97s
ep   24 | train 2.804833 | val 3.115485 | best 2.929720 | tf=1  [mm:2.0294  pm:4.2016] | 14.19s
ep   25 | train 2.691343 | val 3.151656 | best 2.929720 | tf=1  [mm:2.4777  pm:3.8256] | 14.12s
ep   26 | train 2.886480 | val 3.082273 | best 2.929720 | tf=1  [mm:2.3250  pm:3.8395] | 14.14s
ep   27 | train 2.970940 | val 3.310096 | best 2.929720 | tf=1  [mm:2.0943  pm:4.5259] | 14.11s
ep   28 | train 3.013348 | val 3.246518 | best 2.929720 | tf=1  [mm:2.3390  pm:4.1540] | 14.39s
ep   29 | train 2.929509 | val 3.078916 | best 2.929720 | tf=1  [mm:2.0321  pm:4.1257] | 15.21s
ep   30 | train 2.636072 | val 2.993963 | best 2.929720 | tf=1  [mm:2.0787  pm:3.9092] | 14.44s
ep   31 | train 2.431516 | val 3.226004 | best 2.929720 | tf=1  [mm:2.4489  pm:4.0031] | 14.44s
ep   32 | train 2.354453 | val 3.456303 | best 2.929720 | tf=1  [mm:2.0602  pm:4.8524] | 14.56s
ep   33 | train 2.476096 | val 3.363244 | best 2.929720 | tf=1  [mm:2.0351  pm:4.6914] | 14.66s
ep   34 | train 2.372861 | val 3.188287 | best 2.929720 | tf=1  [mm:2.2674  pm:4.1092] | 14.74s
ep   35 | train 2.292016 | val 3.391915 | best 2.929720 | tf=1  [mm:2.1461  pm:4.6377] | 14.74s
ep   36 | train 2.273401 | val 2.982951 | best 2.929720 | tf=1  [mm:2.0947  pm:3.8712] | 14.93s
ep   37 | train 2.266035 | val 3.083464 | best 2.929720 | tf=1  [mm:2.1420  pm:4.0250] | 15.01s
ep   38 | train 2.268660 | val 3.085398 | best 2.929720 | tf=1  [mm:1.9802  pm:4.1906] | 15.21s
ep   39 | train 2.189250 | val 2.860774 | best 2.860774 | tf=1  [mm:1.9854  pm:3.7362] | 15.32s
ep   40 | train 2.196390 | val 2.915258 | best 2.860774 | tf=1  [mm:2.1001  pm:3.7304] | 15.18s
ep   41 | train 2.242423 | val 2.898563 | best 2.860774 | tf=1  [mm:1.9637  pm:3.8335] | 15.24s
ep   42 | train 2.232178 | val 2.863536 | best 2.860774 | tf=1  [mm:1.8845  pm:3.8426] | 15.19s
ep   43 | train 2.239447 | val 3.043355 | best 2.860774 | tf=1  [mm:2.0064  pm:4.0803] | 15.18s
ep   44 | train 2.226908 | val 2.815831 | best 2.815831 | tf=1  [mm:2.0065  pm:3.6251] | 15.08s
ep   45 | train 2.371464 | val 2.963718 | best 2.815831 | tf=1  [mm:2.0523  pm:3.8752] | 15.09s
ep   46 | train 2.200955 | val 2.854971 | best 2.815831 | tf=1  [mm:2.0282  pm:3.6818] | 15.07s
ep   47 | train 2.226435 | val 2.855870 | best 2.815831 | tf=1  [mm:2.0003  pm:3.7115] | 15.19s
ep   48 | train 2.056569 | val 2.835867 | best 2.815831 | tf=1  [mm:1.9553  pm:3.7164] | 15.24s
ep   49 | train 2.134549 | val 2.820976 | best 2.815831 | tf=1  [mm:1.9695  pm:3.6725] | 15.08s
ep   50 | train 2.093048 | val 2.847827 | best 2.815831 | tf=1  [mm:2.0667  pm:3.6290] | 15.08s
ep   51 | train 1.997286 | val 2.876811 | best 2.815831 | tf=1  [mm:2.1664  pm:3.5872] | 15.16s
ep   52 | train 2.024299 | val 2.804865 | best 2.804865 | tf=1  [mm:1.9346  pm:3.6752] | 15.14s
ep   53 | train 2.048088 | val 2.757426 | best 2.757426 | tf=1  [mm:1.8949  pm:3.6199] | 15.21s
ep   54 | train 2.063722 | val 2.862070 | best 2.757426 | tf=1  [mm:2.0165  pm:3.7076] | 15.21s
ep   55 | train 1.994907 | val 2.802354 | best 2.757426 | tf=1  [mm:2.0153  pm:3.5894] | 15.24s
ep   56 | train 1.997167 | val 2.816830 | best 2.757426 | tf=1  [mm:1.8483  pm:3.7854] | 15.07s
ep   57 | train 1.947982 | val 2.893076 | best 2.757426 | tf=1  [mm:1.8139  pm:3.9723] | 15.17s
ep   58 | train 1.962698 | val 2.818011 | best 2.757426 | tf=1  [mm:1.8975  pm:3.7385] | 15.24s
ep   59 | train 2.006246 | val 2.821922 | best 2.757426 | tf=1  [mm:1.9794  pm:3.6645] | 15.19s
ep   60 | train 1.888849 | val 2.787478 | best 2.757426 | tf=1  [mm:1.9324  pm:3.6426] | 15.23s
ep   61 | train 1.942254 | val 2.774123 | best 2.757426 | tf=1  [mm:1.9285  pm:3.6197] | 15.30s
ep   62 | train 1.920891 | val 2.817427 | best 2.757426 | tf=1  [mm:1.9448  pm:3.6901] | 15.36s
ep   63 | train 1.912620 | val 2.771502 | best 2.757426 | tf=1  [mm:1.9014  pm:3.6416] | 15.30s
ep   64 | train 1.904315 | val 2.718996 | best 2.718996 | tf=1  [mm:1.8382  pm:3.5998] | 15.38s
ep   65 | train 1.917349 | val 2.714538 | best 2.714538 | tf=1  [mm:1.8615  pm:3.5676] | 15.37s
ep   66 | train 1.951453 | val 2.755080 | best 2.714538 | tf=1  [mm:1.8388  pm:3.6714] | 15.37s
ep   67 | train 1.857168 | val 2.766213 | best 2.714538 | tf=1  [mm:1.8212  pm:3.7112] | 15.28s
ep   68 | train 1.871024 | val 2.849583 | best 2.714538 | tf=1  [mm:1.9225  pm:3.7766] | 15.42s
ep   69 | train 1.837491 | val 2.729914 | best 2.714538 | tf=1  [mm:1.8632  pm:3.5967] | 15.42s
ep   70 | train 1.971859 | val 2.888748 | best 2.714538 | tf=1  [mm:1.9406  pm:3.8369] | 15.39s
ep   71 | train 1.880140 | val 2.801928 | best 2.714538 | tf=1  [mm:1.9834  pm:3.6204] | 15.24s
ep   72 | train 1.839074 | val 2.754396 | best 2.714538 | tf=1  [mm:1.9037  pm:3.6051] | 15.26s
ep   73 | train 1.884338 | val 2.699790 | best 2.699790 | tf=1  [mm:1.8512  pm:3.5484] | 15.25s
ep   74 | train 1.909968 | val 2.757977 | best 2.699790 | tf=1  [mm:2.0130  pm:3.5029] | 15.16s
ep   75 | train 1.888498 | val 2.755690 | best 2.699790 | tf=1  [mm:1.8027  pm:3.7087] | 15.25s
ep   76 | train 1.945305 | val 2.855464 | best 2.699790 | tf=1  [mm:2.1981  pm:3.5129] | 15.42s
ep   77 | train 1.891236 | val 2.772305 | best 2.699790 | tf=1  [mm:1.8410  pm:3.7036] | 15.36s
ep   78 | train 1.925678 | val 2.881234 | best 2.699790 | tf=1  [mm:2.1394  pm:3.6230] | 15.30s
ep   79 | train 1.933054 | val 2.751878 | best 2.699790 | tf=1  [mm:1.8365  pm:3.6672] | 15.27s
ep   80 | train 1.963270 | val 2.774939 | best 2.699790 | tf=1  [mm:1.9930  pm:3.5569] | 15.24s
ep   81 | train 1.810686 | val 2.756751 | best 2.699790 | tf=1  [mm:1.9537  pm:3.5598] | 15.32s
ep   82 | train 1.792776 | val 2.660813 | best 2.660813 | tf=1  [mm:1.8451  pm:3.4766] | 15.23s
ep   83 | train 1.867510 | val 2.648879 | best 2.648879 | tf=1  [mm:1.8118  pm:3.4859] | 15.25s
ep   84 | train 1.809871 | val 2.626245 | best 2.626245 | tf=1  [mm:1.8370  pm:3.4155] | 15.15s
ep   85 | train 1.810653 | val 2.720172 | best 2.626245 | tf=1  [mm:1.8434  pm:3.5969] | 15.19s
ep   86 | train 1.798263 | val 2.639855 | best 2.626245 | tf=1  [mm:1.8101  pm:3.4696] | 15.26s
ep   87 | train 1.828335 | val 2.648018 | best 2.626245 | tf=1  [mm:1.8029  pm:3.4931] | 15.28s
ep   88 | train 1.824305 | val 2.672529 | best 2.626245 | tf=1  [mm:1.8275  pm:3.5175] | 15.37s
ep   89 | train 1.861914 | val 2.660376 | best 2.626245 | tf=1  [mm:1.8272  pm:3.4936] | 15.38s
ep   90 | train 1.887530 | val 2.812068 | best 2.626245 | tf=1  [mm:1.9111  pm:3.7130] | 15.32s
ep   91 | train 1.807553 | val 2.636063 | best 2.626245 | tf=1  [mm:1.9213  pm:3.3508] | 15.29s
ep   92 | train 1.827245 | val 2.745584 | best 2.626245 | tf=1  [mm:1.8682  pm:3.6230] | 15.27s
ep   93 | train 1.788714 | val 2.650230 | best 2.626245 | tf=1  [mm:1.9046  pm:3.3959] | 15.26s
ep   94 | train 1.801244 | val 2.623940 | best 2.623940 | tf=1  [mm:1.8108  pm:3.4371] | 15.32s
ep   95 | train 1.849804 | val 2.643988 | best 2.623940 | tf=1  [mm:1.8534  pm:3.4345] | 15.44s
ep   96 | train 1.833380 | val 2.710377 | best 2.623940 | tf=1  [mm:1.8582  pm:3.5625] | 15.49s
ep   97 | train 1.801275 | val 2.669390 | best 2.623940 | tf=1  [mm:1.9329  pm:3.4059] | 15.32s
ep   98 | train 1.794302 | val 2.671995 | best 2.623940 | tf=1  [mm:1.8945  pm:3.4495] | 15.12s
ep   99 | train 1.842268 | val 2.662745 | best 2.623940 | tf=1  [mm:1.9319  pm:3.3936] | 15.12s
ep  100 | train 2.956152 | val 2.654991 | best 2.623940 | tf=0  [mm:2.1007  pm:3.2093] | 15.19s

Test loss (best model): 2.490521  [mm:1.8657  pm:3.1153]
Saved best model to experiments/txtl_ladder_old_combined/20260525_041808_M3_K3_s1/model.pt

Training completed in 1496.09s (24.93m)
Peak GPU memory: 8.67 GB
[rebuild] partial-obs lift: dataset_obs_idx=[3, 5] → scaffold_obs_idx=[0, 1] (P=3)
Loading checkpoint: experiments/txtl_ladder_old_combined/20260525_041808_M3_K3_s1/model.pt
[plot_predictions] n_samples=5, plot_ds_len=87
[plot_predictions] y0.shape=(5, 3), u_seq.shape=(5, 1496, 13), y_seq.shape=(5, 1496, 3), dt_seq.shape=(5, 1496)
Saved plots to experiments/txtl_ladder_old_combined/20260525_041808_M3_K3_s1/plots
[rebuild] partial-obs lift: dataset_obs_idx=[3, 5] → scaffold_obs_idx=[0, 1] (P=3)
Loading checkpoint: experiments/txtl_ladder_old_combined/20260525_041808_M3_K3_s1/model.pt
[epoch overlay] saved: experiments/txtl_ladder_old_combined/20260525_041808_M3_K3_s1/plots/pred_overlays_sample000.png

Running endpoint R² analysis...
[rebuild] partial-obs lift: dataset_obs_idx=[3, 5] → scaffold_obs_idx=[0, 1] (P=3)
Loading checkpoint: experiments/txtl_ladder_old_combined/20260525_041808_M3_K3_s1/model.pt
  R²(protein final) = -0.1233
  R²(mRNA max)      = -0.1853
Saved plot -> experiments/txtl_ladder_old_combined/20260525_041808_M3_K3_s1/endpoint_r2.png
