$ python -u last-layer-ode/train.py --config configs/txtl_gru_new_baseline.yaml --set study=txtl_ladder_old_combined --set out_root=experiments --set exp_name=M5_drecipe_y0on_s2 --set epochs=100 --set endpoint_r2=True --set obs_idx='[3, 5]' --set warmup_epochs=5 --set hidden=600 --set dataset_path=datasets/cell-free/txtl_native_old_only.npz --set val_n=87 --set test_n=87 --set stratify_z_expr=False --set test_real_only=False --set stratified_split=True --set stratify_targets='[3, 5]' --set stratify_bins=5 --set stratify_by_source=True --set subtract_channel_min=True --set subtract_channel_min_cols='[3, 5]' --set encoder_use_log_dt=True --set plot_extra_new_samples=0 --set model_class=ode_rnn --set scaffold=txtl_resource_and_maturation_dna --set seed=2 --set y0_theta_init=True --set use_ivtt_mse_loss=False --set species_weights='{3: 1.25, 5: 1.0}' --set time_upweight='{5: [0.5, 3.0]}' --set lambda_endpoint=0.1 --set endpoint_channels='[5]' --set loss_normalizer_channels=3 --set loss_clamp_min=1.0

Using device: cuda
Experiment: experiments/txtl_ladder_old_combined/20260525_023535_M5_drecipe_y0on_s2
Study: txtl_ladder_old_combined | Run ID: 20260525_023535_M5_drecipe_y0on_s2
Split: stratified | seed=42 | bins=5 | targets=[3, 5] | n_test=87 n_val=87 n_train=517
/home/bob-van-sluijs/anaconda3/envs/oliver_env/lib/python3.13/site-packages/torch/cuda/__init__.py:1007: UserWarning: Can't initialize NVML
  raw_cnt = _raw_device_count_nvml()
The model compiled successfully
LR warmup: 5 epochs (2.00e-03 target)
Data: N=691 | train=517 | val=87 | test=87
Dims: P_obs=7 | scaffold=txtl_resource_and_maturation_dna | U=13
Species: mm, pm
Supervising only species indices: [3, 5]
ep    1 | train 2.827915 | val 1.961553 | best 1.961553 | tf=1  [mm:2.0273  pm:4.3625] | 27.53s
ep    2 | train 3.623091 | val 2.732526 | best 1.961553 | tf=1  [mm:3.6341  pm:4.5285] | 23.08s
ep    3 | train 2.800973 | val 2.183424 | best 1.961553 | tf=1  [mm:2.1964  pm:4.2226] | 22.72s
ep    4 | train 2.614375 | val 2.079912 | best 1.961553 | tf=1  [mm:2.5845  pm:3.9937] | 22.74s
ep    5 | train 2.559046 | val 1.885637 | best 1.885637 | tf=1  [mm:2.3519  pm:3.4365] | 22.76s
ep    6 | train 2.310647 | val 1.926440 | best 1.885637 | tf=1  [mm:2.4510  pm:3.7363] | 22.67s
ep    7 | train 2.335942 | val 1.825875 | best 1.825875 | tf=1  [mm:2.1969  pm:3.6308] | 22.76s
ep    8 | train 2.288200 | val 1.927366 | best 1.825875 | tf=1  [mm:2.3986  pm:3.4511] | 22.68s
ep    9 | train 2.318853 | val 1.816679 | best 1.816679 | tf=1  [mm:2.1515  pm:3.3533] | 22.73s
ep   10 | train 2.169705 | val 1.631120 | best 1.631120 | tf=1  [mm:2.2651  pm:2.9765] | 22.77s
ep   11 | train 2.150636 | val 1.642435 | best 1.631120 | tf=1  [mm:2.3281  pm:3.0344] | 22.72s
ep   12 | train 2.158447 | val 1.581460 | best 1.581460 | tf=1  [mm:1.7786  pm:3.4717] | 22.78s
ep   13 | train 1.901288 | val 1.675381 | best 1.581460 | tf=1  [mm:2.0104  pm:3.3173] | 22.82s
ep   14 | train 1.854002 | val 1.545295 | best 1.545295 | tf=1  [mm:1.6707  pm:3.1907] | 22.65s
ep   15 | train 1.638296 | val 1.632734 | best 1.545295 | tf=1  [mm:2.1462  pm:3.1926] | 22.42s
ep   16 | train 1.762212 | val 1.850924 | best 1.545295 | tf=1  [mm:1.6507  pm:3.8579] | 22.38s
ep   17 | train 1.687905 | val 1.546355 | best 1.545295 | tf=1  [mm:1.5525  pm:3.4321] | 22.32s
ep   18 | train 1.442294 | val 1.548112 | best 1.545295 | tf=1  [mm:1.8264  pm:3.3922] | 22.68s
ep   19 | train 1.399400 | val 1.301222 | best 1.301222 | tf=1  [mm:1.4059  pm:2.8068] | 22.77s
ep   20 | train 1.249182 | val 1.450356 | best 1.301222 | tf=1  [mm:1.4469  pm:3.1625] | 22.71s
ep   21 | train 1.114721 | val 1.493268 | best 1.301222 | tf=1  [mm:1.3688  pm:3.3092] | 22.70s
ep   22 | train 1.021148 | val 1.692729 | best 1.301222 | tf=1  [mm:1.3818  pm:3.7168] | 22.66s
ep   23 | train 0.995635 | val 1.369831 | best 1.301222 | tf=1  [mm:1.4363  pm:2.9890] | 22.67s
ep   24 | train 0.973792 | val 1.425272 | best 1.301222 | tf=1  [mm:1.5119  pm:3.0674] | 22.68s
ep   25 | train 0.906272 | val 1.627253 | best 1.301222 | tf=1  [mm:1.3152  pm:3.4675] | 22.79s
ep   26 | train 0.820168 | val 1.383314 | best 1.301222 | tf=1  [mm:1.3210  pm:3.0807] | 22.63s
ep   27 | train 0.755292 | val 1.481385 | best 1.301222 | tf=1  [mm:1.2071  pm:3.2138] | 22.79s
ep   28 | train 0.654732 | val 1.555701 | best 1.301222 | tf=1  [mm:1.1360  pm:3.4313] | 22.70s
ep   29 | train 0.674021 | val 1.697479 | best 1.301222 | tf=1  [mm:1.3246  pm:3.6356] | 22.67s
ep   30 | train 0.674567 | val 1.378505 | best 1.301222 | tf=1  [mm:1.1153  pm:3.1129] | 22.76s
ep   31 | train 0.572174 | val 1.352695 | best 1.301222 | tf=1  [mm:1.1198  pm:2.9999] | 22.70s
ep   32 | train 0.492192 | val 1.357432 | best 1.301222 | tf=1  [mm:1.1332  pm:3.0056] | 22.65s
ep   33 | train 0.488599 | val 1.592929 | best 1.301222 | tf=1  [mm:1.5072  pm:3.1986] | 22.75s
ep   34 | train 0.480809 | val 1.255177 | best 1.255177 | tf=1  [mm:1.1735  pm:2.7232] | 22.77s
ep   35 | train 0.416398 | val 1.607492 | best 1.255177 | tf=1  [mm:1.3999  pm:3.2880] | 22.60s
ep   36 | train 0.411383 | val 1.264888 | best 1.255177 | tf=1  [mm:1.1952  pm:2.6801] | 22.73s
ep   37 | train 0.501672 | val 1.530530 | best 1.255177 | tf=1  [mm:1.1043  pm:3.2909] | 22.76s
ep   38 | train 0.396335 | val 1.645902 | best 1.255177 | tf=1  [mm:1.3001  pm:3.4892] | 22.70s
ep   39 | train 0.438042 | val 1.530042 | best 1.255177 | tf=1  [mm:1.2447  pm:3.1898] | 22.63s
ep   40 | train 0.406236 | val 1.421571 | best 1.255177 | tf=1  [mm:1.0630  pm:3.0882] | 22.69s
ep   41 | train 0.370737 | val 1.551650 | best 1.255177 | tf=1  [mm:1.0067  pm:3.3810] | 22.67s
ep   42 | train 0.362297 | val 1.311112 | best 1.255177 | tf=1  [mm:0.9990  pm:2.8672] | 22.72s
ep   43 | train 0.337479 | val 1.308102 | best 1.255177 | tf=1  [mm:1.0603  pm:2.8250] | 22.67s
ep   44 | train 0.326691 | val 1.352857 | best 1.255177 | tf=1  [mm:1.1174  pm:2.9205] | 22.68s
ep   45 | train 0.300721 | val 1.394016 | best 1.255177 | tf=1  [mm:1.2473  pm:2.9073] | 22.73s
ep   46 | train 0.292349 | val 1.363430 | best 1.255177 | tf=1  [mm:1.1005  pm:2.9506] | 22.72s
ep   47 | train 0.321949 | val 1.222333 | best 1.222333 | tf=1  [mm:1.3543  pm:2.4834] | 22.77s
ep   48 | train 0.297816 | val 1.301804 | best 1.222333 | tf=1  [mm:1.0751  pm:2.8030] | 22.73s
ep   49 | train 0.302471 | val 1.256750 | best 1.222333 | tf=1  [mm:1.1927  pm:2.6708] | 22.73s
ep   50 | train 0.330412 | val 1.514036 | best 1.222333 | tf=1  [mm:1.4051  pm:3.0239] | 22.76s
ep   51 | train 0.302673 | val 1.781036 | best 1.222333 | tf=1  [mm:1.6666  pm:3.5015] | 22.71s
ep   52 | train 0.314800 | val 1.465309 | best 1.222333 | tf=1  [mm:1.2651  pm:2.9965] | 22.76s
ep   53 | train 0.286861 | val 1.295149 | best 1.222333 | tf=1  [mm:1.1559  pm:2.7622] | 22.75s
ep   54 | train 0.249716 | val 1.303673 | best 1.222333 | tf=1  [mm:1.1189  pm:2.7642] | 22.67s
ep   55 | train 0.260929 | val 1.280720 | best 1.222333 | tf=1  [mm:1.1856  pm:2.6485] | 22.74s
ep   56 | train 0.228116 | val 1.406006 | best 1.222333 | tf=1  [mm:1.1020  pm:2.9786] | 22.73s
ep   57 | train 0.244665 | val 1.346466 | best 1.222333 | tf=1  [mm:1.2377  pm:2.7578] | 22.84s
ep   58 | train 0.246714 | val 1.393254 | best 1.222333 | tf=1  [mm:1.3106  pm:2.8175] | 22.73s
ep   59 | train 0.252395 | val 1.305041 | best 1.222333 | tf=1  [mm:1.2375  pm:2.6377] | 22.73s
ep   60 | train 0.224725 | val 1.256930 | best 1.222333 | tf=1  [mm:1.2151  pm:2.5599] | 22.72s
ep   61 | train 0.230146 | val 1.424366 | best 1.222333 | tf=1  [mm:1.0487  pm:2.9770] | 22.78s
ep   62 | train 0.225631 | val 1.193895 | best 1.193895 | tf=1  [mm:1.0239  pm:2.5196] | 22.70s
ep   63 | train 0.230025 | val 1.540451 | best 1.193895 | tf=1  [mm:1.1335  pm:3.2011] | 22.64s
ep   64 | train 0.262929 | val 1.212892 | best 1.193895 | tf=1  [mm:0.9941  pm:2.5994] | 22.65s
ep   65 | train 0.236319 | val 1.472038 | best 1.193895 | tf=1  [mm:1.1080  pm:3.1172] | 22.64s
ep   66 | train 0.210076 | val 1.484581 | best 1.193895 | tf=1  [mm:1.0950  pm:3.1584] | 22.69s
ep   67 | train 0.209175 | val 1.477182 | best 1.193895 | tf=1  [mm:1.2780  pm:2.9818] | 22.69s
ep   68 | train 0.215602 | val 1.436551 | best 1.193895 | tf=1  [mm:1.0280  pm:3.0306] | 22.68s
ep   69 | train 0.218814 | val 1.300301 | best 1.193895 | tf=1  [mm:1.1600  pm:2.5920] | 22.70s
ep   70 | train 0.235563 | val 1.466274 | best 1.193895 | tf=1  [mm:1.1832  pm:3.0041] | 22.70s
ep   71 | train 0.199614 | val 1.687809 | best 1.193895 | tf=1  [mm:1.1136  pm:3.5306] | 22.74s
ep   72 | train 0.218135 | val 1.412529 | best 1.193895 | tf=1  [mm:1.0212  pm:2.9908] | 22.75s
ep   73 | train 0.206130 | val 1.289468 | best 1.193895 | tf=1  [mm:1.1443  pm:2.6888] | 22.69s
ep   74 | train 0.208452 | val 1.282391 | best 1.193895 | tf=1  [mm:1.1364  pm:2.6061] | 22.65s
ep   75 | train 0.204050 | val 1.374698 | best 1.193895 | tf=1  [mm:1.2259  pm:2.8159] | 22.69s
ep   76 | train 0.206028 | val 1.318632 | best 1.193895 | tf=1  [mm:1.0310  pm:2.7576] | 22.67s
ep   77 | train 0.194146 | val 1.652338 | best 1.193895 | tf=1  [mm:1.0155  pm:3.4899] | 22.68s
ep   78 | train 0.194724 | val 1.708219 | best 1.193895 | tf=1  [mm:1.2818  pm:3.5090] | 22.67s
ep   79 | train 0.196700 | val 1.609167 | best 1.193895 | tf=1  [mm:1.1197  pm:3.3686] | 22.70s
ep   80 | train 0.198170 | val 1.723050 | best 1.193895 | tf=1  [mm:1.3422  pm:3.5605] | 22.62s
ep   81 | train 0.202335 | val 1.545447 | best 1.193895 | tf=1  [mm:1.1582  pm:3.2128] | 22.70s
ep   82 | train 0.199078 | val 1.564637 | best 1.193895 | tf=1  [mm:1.0664  pm:3.2577] | 22.66s
ep   83 | train 0.174373 | val 1.594384 | best 1.193895 | tf=1  [mm:1.1617  pm:3.2799] | 22.67s
ep   84 | train 0.171159 | val 1.524574 | best 1.193895 | tf=1  [mm:1.1090  pm:3.1804] | 22.68s
ep   85 | train 0.163297 | val 1.448090 | best 1.193895 | tf=1  [mm:1.0826  pm:2.9831] | 22.71s
ep   86 | train 0.160051 | val 1.442934 | best 1.193895 | tf=1  [mm:1.1880  pm:2.9226] | 22.73s
ep   87 | train 0.173925 | val 1.516995 | best 1.193895 | tf=1  [mm:1.2211  pm:3.0920] | 22.72s
ep   88 | train 0.160565 | val 1.484094 | best 1.193895 | tf=1  [mm:1.1911  pm:3.0248] | 22.71s
ep   89 | train 0.153586 | val 1.474247 | best 1.193895 | tf=1  [mm:1.1187  pm:3.0904] | 22.65s
ep   90 | train 0.151414 | val 1.556274 | best 1.193895 | tf=1  [mm:1.3152  pm:3.0880] | 22.60s
ep   91 | train 0.166398 | val 1.664455 | best 1.193895 | tf=1  [mm:1.3302  pm:3.3037] | 22.70s
ep   92 | train 0.155377 | val 1.477920 | best 1.193895 | tf=1  [mm:1.3072  pm:2.9296] | 22.71s
ep   93 | train 0.160402 | val 1.460546 | best 1.193895 | tf=1  [mm:1.0678  pm:3.0189] | 22.71s
ep   94 | train 0.158881 | val 1.490552 | best 1.193895 | tf=1  [mm:1.1955  pm:3.0283] | 22.79s
ep   95 | train 0.171949 | val 1.570752 | best 1.193895 | tf=1  [mm:1.1552  pm:3.1977] | 22.75s
ep   96 | train 0.169388 | val 1.652790 | best 1.193895 | tf=1  [mm:1.6214  pm:3.0808] | 22.75s
ep   97 | train 0.167214 | val 1.366992 | best 1.193895 | tf=1  [mm:1.1231  pm:2.7996] | 22.73s
ep   98 | train 0.166199 | val 1.353872 | best 1.193895 | tf=1  [mm:1.2259  pm:2.7816] | 22.67s
ep   99 | train 0.172276 | val 1.517330 | best 1.193895 | tf=1  [mm:1.1465  pm:3.0701] | 22.62s
ep  100 | train 0.149453 | val 1.529718 | best 1.193895 | tf=0  [mm:1.2203  pm:3.0704] | 22.71s

Test loss (best model): 1.410298  [mm:1.1761  pm:1.6445]
Saved best model to experiments/txtl_ladder_old_combined/20260525_023535_M5_drecipe_y0on_s2/model.pt

Training completed in 2280.93s (38.02m)
Peak GPU memory: 9.15 GB
Loading checkpoint: experiments/txtl_ladder_old_combined/20260525_023535_M5_drecipe_y0on_s2/model.pt
[plot_predictions] n_samples=5, plot_ds_len=87
[plot_predictions] y0.shape=(5, 7), u_seq.shape=(5, 1496, 13), y_seq.shape=(5, 1496, 7), dt_seq.shape=(5, 1496)
Saved plots to experiments/txtl_ladder_old_combined/20260525_023535_M5_drecipe_y0on_s2/plots
Loading checkpoint: experiments/txtl_ladder_old_combined/20260525_023535_M5_drecipe_y0on_s2/model.pt
[epoch overlay] saved: experiments/txtl_ladder_old_combined/20260525_023535_M5_drecipe_y0on_s2/plots/pred_overlays_sample000.png

Running endpoint R² analysis...
Loading checkpoint: experiments/txtl_ladder_old_combined/20260525_023535_M5_drecipe_y0on_s2/model.pt
  R²(protein final) = 0.4870
  R²(mRNA max)      = 0.4266
Saved plot -> experiments/txtl_ladder_old_combined/20260525_023535_M5_drecipe_y0on_s2/endpoint_r2.png
