$ python -u last-layer-ode/train.py --config configs/txtl_gru_new_baseline.yaml --set study=txtl_ladder_old_combined --set out_root=experiments --set exp_name=M3_drecipe_s1 --set epochs=100 --set endpoint_r2=True --set obs_idx='[3, 5]' --set warmup_epochs=5 --set hidden=600 --set dataset_path=datasets/cell-free/txtl_native_old_only.npz --set val_n=87 --set test_n=87 --set stratify_z_expr=False --set test_real_only=False --set stratified_split=True --set stratify_targets='[3, 5]' --set stratify_bins=5 --set stratify_by_source=True --set subtract_channel_min=True --set subtract_channel_min_cols='[3, 5]' --set encoder_use_log_dt=True --set plot_extra_new_samples=0 --set y0_theta_init=False --set model_class=ode_rnn --set scaffold=txtl_model3_two_state --set seed=1 --set use_ivtt_mse_loss=False --set species_weights='{3: 1.25, 5: 1.0}' --set time_upweight='{5: [0.5, 3.0]}' --set lambda_endpoint=0.1 --set endpoint_channels='[5]' --set loss_normalizer_channels=3 --set loss_clamp_min=1.0

Using device: cuda
Experiment: experiments/txtl_ladder_old_combined/20260524_213234_M3_drecipe_s1
Study: txtl_ladder_old_combined | Run ID: 20260524_213234_M3_drecipe_s1
Split: stratified | seed=42 | bins=5 | targets=[3, 5] | n_test=87 n_val=87 n_train=517
/home/bob-van-sluijs/anaconda3/envs/oliver_env/lib/python3.13/site-packages/torch/cuda/__init__.py:1007: UserWarning: Can't initialize NVML
  raw_cnt = _raw_device_count_nvml()
Partial-observability lift: scaffold.P=3, P_obs=7, obs_state_idx=[0, 1], control_state_map={'DNA c': 2}
The model compiled successfully
LR warmup: 5 epochs (2.00e-03 target)
Data: N=691 | train=517 | val=87 | test=87
Dims: P_obs=7 | scaffold=txtl_model3_two_state | U=13
Species: mm, pm
Partial-observability lift active: dataset_obs_idx=[3, 5] → scaffold_obs_idx=[0, 1].
Lift by-name IC copy: DNA→DNA@2
ep    1 | train 3.068450 | val 2.576710 | best 2.576710 | tf=1  [mm:3.5832  pm:6.1334] | 17.18s
ep    2 | train 5.005582 | val 3.573264 | best 2.576710 | tf=1  [mm:4.5145  pm:6.3379] | 14.10s
ep    3 | train 4.018310 | val 2.851264 | best 2.576710 | tf=1  [mm:4.9683  pm:6.0869] | 13.99s
ep    4 | train 3.561129 | val 2.767075 | best 2.576710 | tf=1  [mm:5.0186  pm:5.2277] | 13.95s
ep    5 | train 3.824979 | val 3.457458 | best 2.576710 | tf=1  [mm:5.0862  pm:5.6029] | 13.93s
ep    6 | train 3.554705 | val 2.677009 | best 2.576710 | tf=1  [mm:4.8953  pm:4.8883] | 14.03s
ep    7 | train 3.293663 | val 2.506475 | best 2.506475 | tf=1  [mm:4.9724  pm:3.7065] | 14.18s
ep    8 | train 3.164193 | val 2.527677 | best 2.506475 | tf=1  [mm:5.0234  pm:3.6933] | 13.99s
ep    9 | train 3.106428 | val 2.484635 | best 2.484635 | tf=1  [mm:4.9626  pm:3.6749] | 14.02s
ep   10 | train 3.253515 | val 2.856319 | best 2.484635 | tf=1  [mm:5.0997  pm:4.3092] | 13.96s
ep   11 | train 3.484561 | val 2.457497 | best 2.457497 | tf=1  [mm:4.9584  pm:3.6479] | 14.34s
ep   12 | train 3.041202 | val 2.509284 | best 2.457497 | tf=1  [mm:5.0502  pm:3.5767] | 14.23s
ep   13 | train 3.116217 | val 3.270951 | best 2.457497 | tf=1  [mm:5.1196  pm:5.3160] | 14.03s
ep   14 | train 3.406723 | val 2.471486 | best 2.457497 | tf=1  [mm:4.8334  pm:3.5645] | 14.17s
ep   15 | train 2.999375 | val 2.425115 | best 2.425115 | tf=1  [mm:5.0421  pm:3.2821] | 14.20s
ep   16 | train 2.703226 | val 2.407502 | best 2.407502 | tf=1  [mm:4.9685  pm:3.2351] | 14.12s
ep   17 | train 2.852394 | val 2.239909 | best 2.239909 | tf=1  [mm:4.9881  pm:2.7811] | 14.18s
ep   18 | train 2.703315 | val 2.194964 | best 2.194964 | tf=1  [mm:4.9494  pm:2.6596] | 14.04s
ep   19 | train 2.456483 | val 2.208702 | best 2.194964 | tf=1  [mm:4.7264  pm:2.6710] | 14.29s
ep   20 | train 2.457039 | val 2.244662 | best 2.194964 | tf=1  [mm:4.6128  pm:2.6729] | 14.16s
ep   21 | train 2.331524 | val 2.495761 | best 2.194964 | tf=1  [mm:4.2323  pm:3.6879] | 14.50s
ep   22 | train 2.323889 | val 3.043224 | best 2.194964 | tf=1  [mm:4.9186  pm:4.7623] | 14.79s
ep   23 | train 2.241311 | val 3.075780 | best 2.194964 | tf=1  [mm:3.9536  pm:5.2603] | 15.03s
ep   24 | train 2.334172 | val 2.543766 | best 2.194964 | tf=1  [mm:4.8763  pm:3.5289] | 13.96s
ep   25 | train 2.220336 | val 3.955426 | best 2.194964 | tf=1  [mm:3.4653  pm:8.2401] | 13.92s
ep   26 | train 2.262215 | val 2.773666 | best 2.194964 | tf=1  [mm:4.4753  pm:4.3906] | 13.93s
ep   27 | train 1.827083 | val 2.320233 | best 2.194964 | tf=1  [mm:4.3477  pm:3.4008] | 13.97s
ep   28 | train 1.845723 | val 2.389166 | best 2.194964 | tf=1  [mm:3.4515  pm:3.8256] | 13.95s
ep   29 | train 1.802514 | val 2.452853 | best 2.194964 | tf=1  [mm:3.0963  pm:4.3865] | 13.92s
ep   30 | train 1.559116 | val 2.025864 | best 2.025864 | tf=1  [mm:2.9559  pm:3.1593] | 13.93s
ep   31 | train 1.471325 | val 1.894162 | best 1.894162 | tf=1  [mm:2.5456  pm:3.2665] | 13.95s
ep   32 | train 1.074902 | val 1.839733 | best 1.839733 | tf=1  [mm:2.1223  pm:3.0100] | 13.98s
ep   33 | train 0.986942 | val 2.139043 | best 1.839733 | tf=1  [mm:2.2714  pm:4.2363] | 14.06s
ep   34 | train 1.513964 | val 1.956096 | best 1.839733 | tf=1  [mm:2.2593  pm:3.7657] | 14.01s
ep   35 | train 0.926138 | val 1.919752 | best 1.839733 | tf=1  [mm:1.8188  pm:3.6864] | 13.97s
ep   36 | train 0.658043 | val 2.195781 | best 1.839733 | tf=1  [mm:2.2163  pm:4.1583] | 13.99s
ep   37 | train 0.795838 | val 1.816180 | best 1.816180 | tf=1  [mm:1.7817  pm:3.5112] | 13.93s
ep   38 | train 0.573404 | val 1.866748 | best 1.816180 | tf=1  [mm:1.5406  pm:3.8768] | 14.02s
ep   39 | train 0.475654 | val 1.920626 | best 1.816180 | tf=1  [mm:1.5552  pm:3.9890] | 13.97s
ep   40 | train 0.427336 | val 1.510105 | best 1.510105 | tf=1  [mm:1.5015  pm:3.0650] | 13.91s
ep   41 | train 0.401005 | val 2.189348 | best 1.510105 | tf=1  [mm:1.4738  pm:4.6401] | 13.96s
ep   42 | train 0.372931 | val 1.790608 | best 1.510105 | tf=1  [mm:1.4014  pm:3.9112] | 13.95s
ep   43 | train 0.386897 | val 2.373418 | best 1.510105 | tf=1  [mm:1.2413  pm:5.2030] | 13.93s
ep   44 | train 0.376923 | val 2.175986 | best 1.510105 | tf=1  [mm:1.6558  pm:4.4366] | 13.92s
ep   45 | train 0.324310 | val 1.681363 | best 1.510105 | tf=1  [mm:1.1935  pm:3.7369] | 13.96s
ep   46 | train 0.302047 | val 1.985315 | best 1.510105 | tf=1  [mm:1.4048  pm:4.2836] | 13.98s
ep   47 | train 0.266809 | val 1.632971 | best 1.510105 | tf=1  [mm:1.2318  pm:3.6142] | 13.96s
ep   48 | train 0.510329 | val 1.698053 | best 1.510105 | tf=1  [mm:1.3559  pm:3.6715] | 13.94s
ep   49 | train 0.506898 | val 2.048543 | best 1.510105 | tf=1  [mm:1.3501  pm:4.3961] | 14.03s
ep   50 | train 0.482134 | val 2.571096 | best 1.510105 | tf=1  [mm:2.0442  pm:5.0757] | 13.97s
ep   51 | train 0.801855 | val 1.470783 | best 1.470783 | tf=1  [mm:1.1417  pm:3.3078] | 13.95s
ep   52 | train 0.363598 | val 1.698137 | best 1.470783 | tf=1  [mm:1.3955  pm:3.5905] | 13.91s
ep   53 | train 0.399359 | val 1.540215 | best 1.470783 | tf=1  [mm:1.1999  pm:3.3451] | 13.91s
ep   54 | train 0.291790 | val 1.938787 | best 1.470783 | tf=1  [mm:1.3326  pm:4.1098] | 13.87s
ep   55 | train 0.287313 | val 1.566446 | best 1.470783 | tf=1  [mm:1.1068  pm:3.4801] | 13.90s
ep   56 | train 0.243613 | val 1.804997 | best 1.470783 | tf=1  [mm:1.1858  pm:3.9910] | 13.94s
ep   57 | train 0.273723 | val 2.257205 | best 1.470783 | tf=1  [mm:1.3808  pm:4.9822] | 13.95s
ep   58 | train 0.261163 | val 1.741262 | best 1.470783 | tf=1  [mm:1.3476  pm:3.8432] | 13.91s
ep   59 | train 0.239381 | val 1.859166 | best 1.470783 | tf=1  [mm:1.1252  pm:4.1497] | 13.86s
ep   60 | train 0.243497 | val 1.425232 | best 1.425232 | tf=1  [mm:1.1567  pm:3.1653] | 14.00s
ep   61 | train 0.221863 | val 1.749679 | best 1.425232 | tf=1  [mm:1.1751  pm:3.8096] | 13.94s
ep   62 | train 0.206127 | val 1.469991 | best 1.425232 | tf=1  [mm:1.1987  pm:3.2527] | 13.93s
ep   63 | train 0.224186 | val 1.828429 | best 1.425232 | tf=1  [mm:1.6408  pm:3.7760] | 13.94s
ep   64 | train 0.195687 | val 1.462256 | best 1.425232 | tf=1  [mm:1.3280  pm:3.1582] | 13.90s
ep   65 | train 0.181615 | val 1.662207 | best 1.425232 | tf=1  [mm:1.2178  pm:3.6259] | 13.95s
ep   66 | train 0.184028 | val 1.853739 | best 1.425232 | tf=1  [mm:1.3542  pm:4.0642] | 13.88s
ep   67 | train 0.197393 | val 1.609438 | best 1.425232 | tf=1  [mm:1.3872  pm:3.3151] | 13.91s
ep   68 | train 0.169358 | val 1.977534 | best 1.425232 | tf=1  [mm:1.2735  pm:4.3925] | 13.88s
ep   69 | train 0.170894 | val 1.585601 | best 1.425232 | tf=1  [mm:1.3595  pm:3.3239] | 13.92s
ep   70 | train 0.195067 | val 1.535152 | best 1.425232 | tf=1  [mm:1.1289  pm:3.4774] | 13.92s
ep   71 | train 0.198556 | val 1.816639 | best 1.425232 | tf=1  [mm:1.4680  pm:3.7354] | 13.89s
ep   72 | train 0.179859 | val 1.431070 | best 1.425232 | tf=1  [mm:1.2783  pm:2.9391] | 14.05s
ep   73 | train 0.176538 | val 1.778839 | best 1.425232 | tf=1  [mm:1.7967  pm:3.3562] | 13.97s
ep   74 | train 0.188088 | val 2.080353 | best 1.425232 | tf=1  [mm:1.4191  pm:4.5337] | 13.97s
ep   75 | train 0.193944 | val 1.578997 | best 1.425232 | tf=1  [mm:1.3037  pm:3.3135] | 13.92s
ep   76 | train 0.241960 | val 2.467237 | best 1.425232 | tf=1  [mm:1.6962  pm:5.0771] | 14.00s
ep   77 | train 0.212069 | val 1.565899 | best 1.425232 | tf=1  [mm:1.3729  pm:3.3691] | 13.99s
ep   78 | train 0.181635 | val 1.619248 | best 1.425232 | tf=1  [mm:1.2518  pm:3.4991] | 13.88s
ep   79 | train 0.161589 | val 1.644736 | best 1.425232 | tf=1  [mm:1.2136  pm:3.4955] | 13.88s
ep   80 | train 0.160252 | val 1.399218 | best 1.399218 | tf=1  [mm:1.1460  pm:2.8892] | 13.94s
ep   81 | train 0.160701 | val 1.598112 | best 1.399218 | tf=1  [mm:1.5026  pm:3.1194] | 14.06s
ep   82 | train 0.162205 | val 1.555016 | best 1.399218 | tf=1  [mm:1.2497  pm:3.3602] | 13.97s
ep   83 | train 0.166229 | val 1.494339 | best 1.399218 | tf=1  [mm:1.3087  pm:3.1205] | 13.87s
ep   84 | train 0.178624 | val 1.806760 | best 1.399218 | tf=1  [mm:1.2646  pm:3.9786] | 13.91s
ep   85 | train 0.162844 | val 1.620049 | best 1.399218 | tf=1  [mm:1.3094  pm:3.3684] | 13.94s
ep   86 | train 0.156481 | val 1.372506 | best 1.372506 | tf=1  [mm:1.4086  pm:2.7317] | 13.95s
ep   87 | train 0.171816 | val 1.460845 | best 1.372506 | tf=1  [mm:1.2355  pm:3.1238] | 13.92s
ep   88 | train 0.153426 | val 1.511629 | best 1.372506 | tf=1  [mm:1.4858  pm:3.0785] | 13.91s
ep   89 | train 0.165167 | val 1.621492 | best 1.372506 | tf=1  [mm:1.4425  pm:3.2524] | 13.94s
ep   90 | train 0.146652 | val 1.627237 | best 1.372506 | tf=1  [mm:1.2708  pm:3.3351] | 13.92s
ep   91 | train 0.140912 | val 1.343861 | best 1.343861 | tf=1  [mm:1.1546  pm:2.8588] | 14.02s
ep   92 | train 0.138410 | val 2.139171 | best 1.343861 | tf=1  [mm:1.2246  pm:4.7581] | 13.92s
ep   93 | train 0.174302 | val 1.466873 | best 1.343861 | tf=1  [mm:1.4565  pm:2.9333] | 13.95s
ep   94 | train 0.180901 | val 1.600181 | best 1.343861 | tf=1  [mm:1.4100  pm:3.2301] | 14.00s
ep   95 | train 0.188615 | val 2.277472 | best 1.343861 | tf=1  [mm:1.3788  pm:4.9051] | 13.90s
ep   96 | train 0.183196 | val 1.384794 | best 1.343861 | tf=1  [mm:1.3294  pm:2.7565] | 14.07s
ep   97 | train 0.165430 | val 1.517280 | best 1.343861 | tf=1  [mm:1.3296  pm:3.0931] | 13.96s
ep   98 | train 0.190811 | val 1.441775 | best 1.343861 | tf=1  [mm:1.2965  pm:2.8952] | 13.87s
ep   99 | train 0.161271 | val 1.954997 | best 1.343861 | tf=1  [mm:1.3616  pm:4.2110] | 13.96s
ep  100 | train 0.824887 | val 1.426280 | best 1.343861 | tf=0  [mm:1.3310  pm:3.1444] | 14.05s

Test loss (best model): 1.468158  [mm:1.1249  pm:1.8114]
Saved best model to experiments/txtl_ladder_old_combined/20260524_213234_M3_drecipe_s1/model.pt

Training completed in 1415.23s (23.59m)
Peak GPU memory: 9.10 GB
[rebuild] partial-obs lift: dataset_obs_idx=[3, 5] → scaffold_obs_idx=[0, 1] (P=3)
Loading checkpoint: experiments/txtl_ladder_old_combined/20260524_213234_M3_drecipe_s1/model.pt
[plot_predictions] n_samples=5, plot_ds_len=87
[plot_predictions] y0.shape=(5, 3), u_seq.shape=(5, 1496, 13), y_seq.shape=(5, 1496, 3), dt_seq.shape=(5, 1496)
Saved plots to experiments/txtl_ladder_old_combined/20260524_213234_M3_drecipe_s1/plots
[rebuild] partial-obs lift: dataset_obs_idx=[3, 5] → scaffold_obs_idx=[0, 1] (P=3)
Loading checkpoint: experiments/txtl_ladder_old_combined/20260524_213234_M3_drecipe_s1/model.pt
[epoch overlay] saved: experiments/txtl_ladder_old_combined/20260524_213234_M3_drecipe_s1/plots/pred_overlays_sample000.png

Running endpoint R² analysis...
[rebuild] partial-obs lift: dataset_obs_idx=[3, 5] → scaffold_obs_idx=[0, 1] (P=3)
Loading checkpoint: experiments/txtl_ladder_old_combined/20260524_213234_M3_drecipe_s1/model.pt
  R²(protein final) = 0.1851
  R²(mRNA max)      = 0.3641
Saved plot -> experiments/txtl_ladder_old_combined/20260524_213234_M3_drecipe_s1/endpoint_r2.png
