$ python -u last-layer-ode/train.py --config configs/txtl_gru_new_baseline.yaml --set study=txtl_ladder_old_combined --set out_root=experiments --set exp_name=M5_K3_s2 --set epochs=100 --set endpoint_r2=True --set obs_idx='[3, 5]' --set warmup_epochs=5 --set hidden=600 --set dataset_path=datasets/cell-free/txtl_native_old_only.npz --set val_n=87 --set test_n=87 --set stratify_z_expr=False --set test_real_only=False --set stratified_split=True --set stratify_targets='[3, 5]' --set stratify_bins=5 --set stratify_by_source=True --set subtract_channel_min=True --set subtract_channel_min_cols='[3, 5]' --set encoder_use_log_dt=True --set plot_extra_new_samples=0 --set y0_theta_init=False --set scaffold=txtl_resource_and_maturation_dna --set model_class=ode_rnn_sparse_theta_v2 --set anchor_mode=uniform --set n_theta_anchors=3 --set seed=2

Using device: cuda
Experiment: experiments/txtl_ladder_old_combined/20260525_071340_M5_K3_s2
Study: txtl_ladder_old_combined | Run ID: 20260525_071340_M5_K3_s2
Split: stratified | seed=42 | bins=5 | targets=[3, 5] | n_test=87 n_val=87 n_train=517
/home/bob-van-sluijs/anaconda3/envs/oliver_env/lib/python3.13/site-packages/torch/cuda/__init__.py:1007: UserWarning: Can't initialize NVML
  raw_cnt = _raw_device_count_nvml()
The model compiled successfully
LR warmup: 5 epochs (2.00e-03 target)
Data: N=691 | train=517 | val=87 | test=87
Dims: P_obs=7 | scaffold=txtl_resource_and_maturation_dna | U=13
Species: mm, pm
Supervising only species indices: [3, 5]
ep    1 | train 4.214170 | val 3.283462 | best 3.283462 | tf=1  [mm:1.9867  pm:4.5802] | 28.22s
ep    2 | train 5.704044 | val 5.053255 | best 3.283462 | tf=1  [mm:3.2413  pm:6.8652] | 24.21s
ep    3 | train 4.517332 | val 3.404591 | best 3.283462 | tf=1  [mm:2.5029  pm:4.3063] | 23.47s
ep    4 | train 3.615865 | val 2.969831 | best 2.969831 | tf=1  [mm:2.2700  pm:3.6696] | 23.40s
ep    5 | train 3.563077 | val 3.159225 | best 2.969831 | tf=1  [mm:2.2972  pm:4.0212] | 23.32s
ep    6 | train 3.646358 | val 3.004145 | best 2.969831 | tf=1  [mm:2.0914  pm:3.9169] | 23.33s
ep    7 | train 3.579655 | val 3.023749 | best 2.969831 | tf=1  [mm:2.0818  pm:3.9657] | 23.60s
ep    8 | train 3.597482 | val 2.807530 | best 2.807530 | tf=1  [mm:1.9321  pm:3.6830] | 23.85s
ep    9 | train 3.654170 | val 3.316353 | best 2.807530 | tf=1  [mm:2.1034  pm:4.5293] | 23.72s
ep   10 | train 3.690153 | val 3.030490 | best 2.807530 | tf=1  [mm:2.4146  pm:3.6464] | 23.45s
ep   11 | train 3.658064 | val 3.149530 | best 2.807530 | tf=1  [mm:2.1443  pm:4.1548] | 23.33s
ep   12 | train 3.300254 | val 2.774211 | best 2.774211 | tf=1  [mm:1.9928  pm:3.5556] | 23.33s
ep   13 | train 3.461742 | val 3.056038 | best 2.774211 | tf=1  [mm:1.9460  pm:4.1661] | 23.26s
ep   14 | train 3.578926 | val 2.818858 | best 2.774211 | tf=1  [mm:2.0903  pm:3.5474] | 23.55s
ep   15 | train 3.482183 | val 2.967213 | best 2.774211 | tf=1  [mm:1.8916  pm:4.0428] | 23.74s
ep   16 | train 3.418173 | val 2.783061 | best 2.774211 | tf=1  [mm:2.0854  pm:3.4807] | 23.75s
ep   17 | train 3.294051 | val 2.858534 | best 2.774211 | tf=1  [mm:1.8734  pm:3.8437] | 23.56s
ep   18 | train 3.073978 | val 2.710540 | best 2.710540 | tf=1  [mm:1.9265  pm:3.4946] | 23.39s
ep   19 | train 3.332138 | val 2.733872 | best 2.710540 | tf=1  [mm:1.9277  pm:3.5400] | 23.24s
ep   20 | train 3.128479 | val 2.715757 | best 2.710540 | tf=1  [mm:1.9603  pm:3.4712] | 23.03s
ep   21 | train 3.154552 | val 2.653041 | best 2.653041 | tf=1  [mm:1.8411  pm:3.4650] | 23.18s
ep   22 | train 3.287450 | val 2.731979 | best 2.653041 | tf=1  [mm:1.8095  pm:3.6544] | 23.47s
ep   23 | train 3.082838 | val 2.645127 | best 2.645127 | tf=1  [mm:1.8525  pm:3.4378] | 23.75s
ep   24 | train 3.209497 | val 2.651076 | best 2.645127 | tf=1  [mm:1.8098  pm:3.4924] | 23.84s
ep   25 | train 3.103539 | val 2.570877 | best 2.570877 | tf=1  [mm:1.7123  pm:3.4295] | 23.70s
ep   26 | train 3.169946 | val 2.719968 | best 2.570877 | tf=1  [mm:1.9796  pm:3.4604] | 23.33s
ep   27 | train 3.294702 | val 2.842447 | best 2.570877 | tf=1  [mm:1.7800  pm:3.9049] | 23.08s
ep   28 | train 3.138091 | val 2.577383 | best 2.570877 | tf=1  [mm:1.7784  pm:3.3763] | 23.09s
ep   29 | train 3.100291 | val 2.612283 | best 2.570877 | tf=1  [mm:1.7481  pm:3.4765] | 23.32s
ep   30 | train 3.222740 | val 2.661964 | best 2.570877 | tf=1  [mm:1.8759  pm:3.4481] | 23.82s
ep   31 | train 3.049966 | val 2.657199 | best 2.570877 | tf=1  [mm:1.8702  pm:3.4442] | 23.89s
ep   32 | train 3.343311 | val 2.791975 | best 2.570877 | tf=1  [mm:2.0130  pm:3.5710] | 23.71s
ep   33 | train 3.219043 | val 2.715364 | best 2.570877 | tf=1  [mm:1.8800  pm:3.5507] | 23.38s
ep   34 | train 3.265415 | val 2.848684 | best 2.570877 | tf=1  [mm:1.9600  pm:3.7374] | 23.09s
ep   35 | train 3.213080 | val 2.688887 | best 2.570877 | tf=1  [mm:1.9249  pm:3.4529] | 23.37s
ep   36 | train 3.142312 | val 2.685977 | best 2.570877 | tf=1  [mm:1.8650  pm:3.5070] | 23.69s
ep   37 | train 3.177847 | val 2.689156 | best 2.570877 | tf=1  [mm:1.8005  pm:3.5778] | 23.78s
ep   38 | train 3.256783 | val 2.701740 | best 2.570877 | tf=1  [mm:1.8700  pm:3.5334] | 23.68s
ep   39 | train 3.321805 | val 2.632860 | best 2.570877 | tf=1  [mm:1.7029  pm:3.5629] | 23.44s
ep   40 | train 3.189905 | val 2.764756 | best 2.570877 | tf=1  [mm:1.6985  pm:3.8310] | 23.35s
ep   41 | train 3.166552 | val 2.652860 | best 2.570877 | tf=1  [mm:1.7385  pm:3.5673] | 22.97s
ep   42 | train 3.022601 | val 2.672204 | best 2.570877 | tf=1  [mm:1.7876  pm:3.5569] | 22.28s
ep   43 | train 3.127796 | val 2.719355 | best 2.570877 | tf=1  [mm:1.7777  pm:3.6610] | 22.56s
ep   44 | train 3.225379 | val 2.654844 | best 2.570877 | tf=1  [mm:1.7890  pm:3.5207] | 23.17s
ep   45 | train 3.032941 | val 2.567771 | best 2.567771 | tf=1  [mm:1.6093  pm:3.5263] | 23.20s
ep   46 | train 3.087475 | val 2.624313 | best 2.567771 | tf=1  [mm:1.7406  pm:3.5080] | 23.17s
ep   47 | train 3.116441 | val 2.825733 | best 2.567771 | tf=1  [mm:2.0505  pm:3.6010] | 23.16s
ep   48 | train 3.150211 | val 2.581682 | best 2.567771 | tf=1  [mm:1.7473  pm:3.4161] | 23.34s
ep   49 | train 3.127347 | val 2.743115 | best 2.567771 | tf=1  [mm:1.8819  pm:3.6044] | 23.15s
ep   50 | train 2.995568 | val 2.584945 | best 2.567771 | tf=1  [mm:1.6331  pm:3.5368] | 23.70s
ep   51 | train 2.973901 | val 2.685736 | best 2.567771 | tf=1  [mm:2.0319  pm:3.3396] | 23.75s
ep   52 | train 2.885959 | val 2.582894 | best 2.567771 | tf=1  [mm:1.7481  pm:3.4177] | 23.74s
ep   53 | train 2.873075 | val 2.525668 | best 2.525668 | tf=1  [mm:1.6734  pm:3.3779] | 23.72s
ep   54 | train 3.047325 | val 2.742484 | best 2.525668 | tf=1  [mm:1.7235  pm:3.7615] | 23.66s
ep   55 | train 2.974311 | val 2.534849 | best 2.525668 | tf=1  [mm:1.6644  pm:3.4053] | 23.67s
ep   56 | train 2.848119 | val 2.730409 | best 2.525668 | tf=1  [mm:1.8688  pm:3.5920] | 23.68s
ep   57 | train 3.073552 | val 2.595988 | best 2.525668 | tf=1  [mm:1.6945  pm:3.4975] | 23.71s
ep   58 | train 3.056253 | val 2.488791 | best 2.488791 | tf=1  [mm:1.6456  pm:3.3320] | 23.71s
ep   59 | train 3.108529 | val 2.535180 | best 2.488791 | tf=1  [mm:1.6698  pm:3.4006] | 23.66s
ep   60 | train 2.748845 | val 2.606150 | best 2.488791 | tf=1  [mm:1.7327  pm:3.4796] | 23.68s
ep   61 | train 2.948155 | val 2.596560 | best 2.488791 | tf=1  [mm:1.9269  pm:3.2662] | 23.72s
ep   62 | train 2.754990 | val 2.485294 | best 2.485294 | tf=1  [mm:1.6602  pm:3.3104] | 23.66s
ep   63 | train 2.855893 | val 2.653319 | best 2.485294 | tf=1  [mm:1.7921  pm:3.5146] | 23.72s
ep   64 | train 2.771727 | val 2.499106 | best 2.485294 | tf=1  [mm:1.6387  pm:3.3595] | 23.66s
ep   65 | train 2.655959 | val 2.526585 | best 2.485294 | tf=1  [mm:1.6628  pm:3.3903] | 23.65s
ep   66 | train 2.686981 | val 2.758647 | best 2.485294 | tf=1  [mm:2.0779  pm:3.4394] | 23.63s
ep   67 | train 2.742343 | val 2.429720 | best 2.429720 | tf=1  [mm:1.5908  pm:3.2687] | 23.75s
ep   68 | train 2.603555 | val 2.417094 | best 2.417094 | tf=1  [mm:1.7499  pm:3.0843] | 23.70s
ep   69 | train 2.684415 | val 2.430195 | best 2.417094 | tf=1  [mm:1.6252  pm:3.2352] | 23.65s
ep   70 | train 2.727341 | val 2.458943 | best 2.417094 | tf=1  [mm:1.7560  pm:3.1619] | 23.70s
ep   71 | train 2.456317 | val 2.346039 | best 2.346039 | tf=1  [mm:1.6052  pm:3.0869] | 23.77s
ep   72 | train 2.530516 | val 2.515578 | best 2.346039 | tf=1  [mm:1.7909  pm:3.2402] | 23.75s
ep   73 | train 2.599163 | val 2.534008 | best 2.346039 | tf=1  [mm:1.8203  pm:3.2477] | 23.65s
ep   74 | train 2.732796 | val 2.461732 | best 2.346039 | tf=1  [mm:1.6288  pm:3.2946] | 23.68s
ep   75 | train 2.790737 | val 2.406328 | best 2.346039 | tf=1  [mm:1.6078  pm:3.2049] | 23.73s
ep   76 | train 2.609055 | val 2.557879 | best 2.346039 | tf=1  [mm:1.6919  pm:3.4239] | 23.72s
ep   77 | train 2.649446 | val 2.477928 | best 2.346039 | tf=1  [mm:1.7189  pm:3.2370] | 23.68s
ep   78 | train 2.494528 | val 2.571213 | best 2.346039 | tf=1  [mm:1.6451  pm:3.4973] | 23.73s
ep   79 | train 2.601685 | val 2.515664 | best 2.346039 | tf=1  [mm:1.7712  pm:3.2602] | 23.63s
ep   80 | train 2.505290 | val 2.554291 | best 2.346039 | tf=1  [mm:1.5576  pm:3.5510] | 23.70s
ep   81 | train 2.678673 | val 2.630440 | best 2.346039 | tf=1  [mm:1.8522  pm:3.4087] | 23.78s
ep   82 | train 2.543190 | val 2.492625 | best 2.346039 | tf=1  [mm:1.6358  pm:3.3495] | 23.71s
ep   83 | train 2.675367 | val 2.527731 | best 2.346039 | tf=1  [mm:1.6476  pm:3.4079] | 23.78s
ep   84 | train 2.541966 | val 2.535268 | best 2.346039 | tf=1  [mm:1.6889  pm:3.3816] | 23.74s
ep   85 | train 2.539326 | val 2.409767 | best 2.346039 | tf=1  [mm:1.5431  pm:3.2765] | 23.62s
ep   86 | train 2.619057 | val 2.499706 | best 2.346039 | tf=1  [mm:1.8247  pm:3.1747] | 23.69s
ep   87 | train 2.356404 | val 2.400598 | best 2.346039 | tf=1  [mm:1.5997  pm:3.2015] | 23.62s
ep   88 | train 2.438450 | val 2.409834 | best 2.346039 | tf=1  [mm:1.5926  pm:3.2270] | 23.48s
ep   89 | train 2.404893 | val 2.404353 | best 2.346039 | tf=1  [mm:1.6268  pm:3.1819] | 23.53s
ep   90 | train 2.448659 | val 2.407762 | best 2.346039 | tf=1  [mm:1.6166  pm:3.1989] | 23.53s
ep   91 | train 2.574492 | val 2.391493 | best 2.346039 | tf=1  [mm:1.6033  pm:3.1797] | 23.43s
ep   92 | train 2.419961 | val 2.427070 | best 2.346039 | tf=1  [mm:1.5421  pm:3.3120] | 23.42s
ep   93 | train 2.501543 | val 2.396825 | best 2.346039 | tf=1  [mm:1.5447  pm:3.2489] | 23.42s
ep   94 | train 2.472767 | val 2.539110 | best 2.346039 | tf=1  [mm:1.7314  pm:3.3468] | 23.37s
ep   95 | train 2.433068 | val 2.551071 | best 2.346039 | tf=1  [mm:1.6075  pm:3.4946] | 23.35s
ep   96 | train 2.432644 | val 2.484745 | best 2.346039 | tf=1  [mm:1.6589  pm:3.3106] | 23.35s
ep   97 | train 2.554726 | val 2.436975 | best 2.346039 | tf=1  [mm:1.5426  pm:3.3314] | 23.46s
ep   98 | train 2.492681 | val 2.571436 | best 2.346039 | tf=1  [mm:1.9388  pm:3.2040] | 23.37s
ep   99 | train 2.444801 | val 2.522562 | best 2.346039 | tf=1  [mm:1.6091  pm:3.4360] | 23.41s
ep  100 | train 2.386429 | val 2.625943 | best 2.346039 | tf=0  [mm:1.9187  pm:3.3332] | 23.33s

Test loss (best model): 2.194090  [mm:1.5568  pm:2.8314]
Saved best model to experiments/txtl_ladder_old_combined/20260525_071340_M5_K3_s2/model.pt

Training completed in 2363.18s (39.39m)
Peak GPU memory: 8.72 GB
Loading checkpoint: experiments/txtl_ladder_old_combined/20260525_071340_M5_K3_s2/model.pt
[plot_predictions] n_samples=5, plot_ds_len=87
[plot_predictions] y0.shape=(5, 7), u_seq.shape=(5, 1496, 13), y_seq.shape=(5, 1496, 7), dt_seq.shape=(5, 1496)
Saved plots to experiments/txtl_ladder_old_combined/20260525_071340_M5_K3_s2/plots
Loading checkpoint: experiments/txtl_ladder_old_combined/20260525_071340_M5_K3_s2/model.pt
[epoch overlay] saved: experiments/txtl_ladder_old_combined/20260525_071340_M5_K3_s2/plots/pred_overlays_sample000.png

Running endpoint R² analysis...
Loading checkpoint: experiments/txtl_ladder_old_combined/20260525_071340_M5_K3_s2/model.pt
  R²(protein final) = 0.0421
  R²(mRNA max)      = 0.2143
Saved plot -> experiments/txtl_ladder_old_combined/20260525_071340_M5_K3_s2/endpoint_r2.png
