$ python -u last-layer-ode/train.py --config configs/txtl_gru_new_baseline.yaml --set study=txtl_ladder_old_combined --set out_root=experiments --set exp_name=M5_K1_s1 --set epochs=100 --set endpoint_r2=True --set obs_idx='[3, 5]' --set warmup_epochs=5 --set hidden=600 --set dataset_path=datasets/cell-free/txtl_native_old_only.npz --set val_n=87 --set test_n=87 --set stratify_z_expr=False --set test_real_only=False --set stratified_split=True --set stratify_targets='[3, 5]' --set stratify_bins=5 --set stratify_by_source=True --set subtract_channel_min=True --set subtract_channel_min_cols='[3, 5]' --set encoder_use_log_dt=True --set plot_extra_new_samples=0 --set y0_theta_init=False --set scaffold=txtl_resource_and_maturation_dna --set model_class=ode_rnn_sparse_theta_v2 --set anchor_mode=uniform --set n_theta_anchors=1 --set seed=1

Using device: cuda
Experiment: experiments/txtl_ladder_old_combined/20260525_061532_M5_K1_s1
Study: txtl_ladder_old_combined | Run ID: 20260525_061532_M5_K1_s1
Split: stratified | seed=42 | bins=5 | targets=[3, 5] | n_test=87 n_val=87 n_train=517
/home/bob-van-sluijs/anaconda3/envs/oliver_env/lib/python3.13/site-packages/torch/cuda/__init__.py:1007: UserWarning: Can't initialize NVML
  raw_cnt = _raw_device_count_nvml()
The model compiled successfully
LR warmup: 5 epochs (2.00e-03 target)
Data: N=691 | train=517 | val=87 | test=87
Dims: P_obs=7 | scaffold=txtl_resource_and_maturation_dna | U=13
Species: mm, pm
Supervising only species indices: [3, 5]
ep    1 | train 4.101573 | val 3.134913 | best 3.134913 | tf=1  [mm:2.1064  pm:4.1634] | 25.79s
ep    2 | train 3.785841 | val 3.890156 | best 3.134913 | tf=1  [mm:2.8013  pm:4.9790] | 20.72s
ep    3 | train 4.037088 | val 3.290982 | best 3.134913 | tf=1  [mm:2.5048  pm:4.0772] | 20.26s
ep    4 | train 3.874577 | val 3.105607 | best 3.105607 | tf=1  [mm:2.6203  pm:3.5909] | 20.27s
ep    5 | train 3.831981 | val 3.017193 | best 3.017193 | tf=1  [mm:2.4292  pm:3.6052] | 20.38s
ep    6 | train 3.570721 | val 2.854831 | best 2.854831 | tf=1  [mm:2.0719  pm:3.6377] | 20.28s
ep    7 | train 3.606489 | val 2.903845 | best 2.854831 | tf=1  [mm:2.1775  pm:3.6302] | 20.13s
ep    8 | train 3.547645 | val 2.899323 | best 2.854831 | tf=1  [mm:2.1660  pm:3.6326] | 20.29s
ep    9 | train 3.487656 | val 2.835698 | best 2.835698 | tf=1  [mm:2.0815  pm:3.5899] | 20.44s
ep   10 | train 3.548228 | val 2.791011 | best 2.791011 | tf=1  [mm:1.9511  pm:3.6309] | 20.16s
ep   11 | train 3.283474 | val 3.051110 | best 2.791011 | tf=1  [mm:2.0095  pm:4.0928] | 20.01s
ep   12 | train 3.262437 | val 2.772544 | best 2.772544 | tf=1  [mm:1.9515  pm:3.5936] | 20.52s
ep   13 | train 3.387752 | val 2.831530 | best 2.772544 | tf=1  [mm:2.1123  pm:3.5508] | 20.10s
ep   14 | train 3.341133 | val 2.952106 | best 2.772544 | tf=1  [mm:1.9415  pm:3.9627] | 20.01s
ep   15 | train 3.381476 | val 2.776173 | best 2.772544 | tf=1  [mm:1.9856  pm:3.5668] | 20.50s
ep   16 | train 3.258681 | val 3.205894 | best 2.772544 | tf=1  [mm:1.8776  pm:4.5342] | 20.13s
ep   17 | train 3.385002 | val 2.886832 | best 2.772544 | tf=1  [mm:2.2174  pm:3.5562] | 19.99s
ep   18 | train 3.489050 | val 3.110352 | best 2.772544 | tf=1  [mm:1.9508  pm:4.2699] | 20.40s
ep   19 | train 3.475298 | val 2.788714 | best 2.772544 | tf=1  [mm:2.0258  pm:3.5516] | 20.07s
ep   20 | train 3.358642 | val 2.791590 | best 2.772544 | tf=1  [mm:1.9423  pm:3.6409] | 20.12s
ep   21 | train 3.395468 | val 2.754323 | best 2.754323 | tf=1  [mm:1.9178  pm:3.5909] | 20.39s
ep   22 | train 3.213369 | val 2.762063 | best 2.754323 | tf=1  [mm:1.9006  pm:3.6235] | 20.10s
ep   23 | train 3.071258 | val 2.835427 | best 2.754323 | tf=1  [mm:2.0176  pm:3.6533] | 20.06s
ep   24 | train 3.406872 | val 2.765644 | best 2.754323 | tf=1  [mm:1.8596  pm:3.6717] | 20.42s
ep   25 | train 3.247069 | val 2.787890 | best 2.754323 | tf=1  [mm:1.9474  pm:3.6284] | 20.18s
ep   26 | train 3.072458 | val 2.753974 | best 2.753974 | tf=1  [mm:1.9708  pm:3.5372] | 20.12s
ep   27 | train 3.243600 | val 2.796956 | best 2.753974 | tf=1  [mm:1.9224  pm:3.6715] | 20.31s
ep   28 | train 3.359248 | val 2.746125 | best 2.746125 | tf=1  [mm:1.9261  pm:3.5661] | 20.23s
ep   29 | train 3.341748 | val 2.716714 | best 2.716714 | tf=1  [mm:1.8418  pm:3.5917] | 20.17s
ep   30 | train 3.640164 | val 2.729316 | best 2.716714 | tf=1  [mm:1.8898  pm:3.5688] | 20.55s
ep   31 | train 3.305363 | val 2.764476 | best 2.716714 | tf=1  [mm:1.8456  pm:3.6834] | 20.19s
ep   32 | train 3.330378 | val 2.705343 | best 2.705343 | tf=1  [mm:1.9072  pm:3.5035] | 20.35s
ep   33 | train 3.198370 | val 2.802960 | best 2.705343 | tf=1  [mm:1.8153  pm:3.7906] | 20.27s
ep   34 | train 3.306167 | val 2.693938 | best 2.693938 | tf=1  [mm:1.8719  pm:3.5160] | 20.45s
ep   35 | train 3.186006 | val 2.782319 | best 2.693938 | tf=1  [mm:1.8273  pm:3.7373] | 20.42s
ep   36 | train 3.135805 | val 2.698312 | best 2.693938 | tf=1  [mm:1.9048  pm:3.4919] | 20.10s
ep   37 | train 3.259683 | val 2.751321 | best 2.693938 | tf=1  [mm:1.8307  pm:3.6719] | 20.36s
ep   38 | train 3.325477 | val 2.700850 | best 2.693938 | tf=1  [mm:1.8633  pm:3.5384] | 20.21s
ep   39 | train 3.290282 | val 2.735452 | best 2.693938 | tf=1  [mm:1.8349  pm:3.6360] | 20.10s
ep   40 | train 3.242717 | val 2.707114 | best 2.693938 | tf=1  [mm:1.8320  pm:3.5822] | 20.37s
ep   41 | train 3.257112 | val 2.719170 | best 2.693938 | tf=1  [mm:1.9320  pm:3.5064] | 20.22s
ep   42 | train 3.354065 | val 2.787355 | best 2.693938 | tf=1  [mm:1.7953  pm:3.7794] | 20.24s
ep   43 | train 3.238727 | val 2.682297 | best 2.682297 | tf=1  [mm:1.8217  pm:3.5429] | 20.14s
ep   44 | train 3.149626 | val 2.762751 | best 2.682297 | tf=1  [mm:1.8301  pm:3.6954] | 20.20s
ep   45 | train 3.314561 | val 2.688681 | best 2.682297 | tf=1  [mm:1.8783  pm:3.4991] | 20.40s
ep   46 | train 3.122727 | val 2.744207 | best 2.682297 | tf=1  [mm:1.7647  pm:3.7237] | 19.95s
ep   47 | train 3.267180 | val 2.699900 | best 2.682297 | tf=1  [mm:1.8763  pm:3.5235] | 20.22s
ep   48 | train 3.077587 | val 2.784239 | best 2.682297 | tf=1  [mm:1.7747  pm:3.7938] | 20.33s
ep   49 | train 3.234466 | val 2.682051 | best 2.682051 | tf=1  [mm:1.8407  pm:3.5234] | 20.00s
ep   50 | train 3.111451 | val 2.739970 | best 2.682051 | tf=1  [mm:1.8315  pm:3.6484] | 20.15s
ep   51 | train 3.142443 | val 2.655922 | best 2.655922 | tf=1  [mm:1.8525  pm:3.4594] | 20.31s
ep   52 | train 3.171196 | val 2.755675 | best 2.655922 | tf=1  [mm:1.8019  pm:3.7095] | 20.09s
ep   53 | train 3.238780 | val 2.738496 | best 2.655922 | tf=1  [mm:1.8368  pm:3.6402] | 20.22s
ep   54 | train 3.227371 | val 2.718866 | best 2.655922 | tf=1  [mm:1.9163  pm:3.5214] | 20.31s
ep   55 | train 3.187343 | val 2.702876 | best 2.655922 | tf=1  [mm:1.7925  pm:3.6132] | 20.10s
ep   56 | train 3.109483 | val 2.655057 | best 2.655057 | tf=1  [mm:1.8083  pm:3.5018] | 20.20s
ep   57 | train 3.217359 | val 2.700717 | best 2.655057 | tf=1  [mm:1.8922  pm:3.5092] | 20.21s
ep   58 | train 3.239945 | val 2.730335 | best 2.655057 | tf=1  [mm:1.8021  pm:3.6586] | 20.15s
ep   59 | train 3.390889 | val 2.726134 | best 2.655057 | tf=1  [mm:1.8889  pm:3.5634] | 18.86s
ep   60 | train 3.142794 | val 2.770982 | best 2.655057 | tf=1  [mm:1.9563  pm:3.5856] | 18.76s
ep   61 | train 3.242987 | val 2.700638 | best 2.655057 | tf=1  [mm:1.7931  pm:3.6082] | 19.20s
ep   62 | train 3.368009 | val 2.682889 | best 2.655057 | tf=1  [mm:1.8055  pm:3.5603] | 19.69s
ep   63 | train 3.120924 | val 2.737273 | best 2.655057 | tf=1  [mm:1.9024  pm:3.5722] | 19.68s
ep   64 | train 3.091325 | val 2.721936 | best 2.655057 | tf=1  [mm:1.8412  pm:3.6027] | 19.74s
ep   65 | train 3.273977 | val 2.687918 | best 2.655057 | tf=1  [mm:1.8439  pm:3.5320] | 19.51s
ep   66 | train 3.242093 | val 2.722283 | best 2.655057 | tf=1  [mm:1.8613  pm:3.5833] | 19.75s
ep   67 | train 3.008080 | val 2.712294 | best 2.655057 | tf=1  [mm:1.8479  pm:3.5767] | 19.75s
ep   68 | train 3.070482 | val 2.696627 | best 2.655057 | tf=1  [mm:1.8179  pm:3.5754] | 19.60s
ep   69 | train 3.273315 | val 2.727108 | best 2.655057 | tf=1  [mm:1.7613  pm:3.6929] | 19.75s
ep   70 | train 3.123040 | val 2.684831 | best 2.655057 | tf=1  [mm:1.8264  pm:3.5433] | 19.78s
ep   71 | train 3.305175 | val 2.715483 | best 2.655057 | tf=1  [mm:1.7788  pm:3.6521] | 19.68s
ep   72 | train 3.202830 | val 2.752716 | best 2.655057 | tf=1  [mm:1.9197  pm:3.5857] | 19.63s
ep   73 | train 3.035012 | val 2.718439 | best 2.655057 | tf=1  [mm:1.8399  pm:3.5970] | 19.45s
ep   74 | train 3.049504 | val 2.680298 | best 2.655057 | tf=1  [mm:1.8305  pm:3.5301] | 19.60s
ep   75 | train 3.193462 | val 2.709654 | best 2.655057 | tf=1  [mm:1.8018  pm:3.6175] | 19.70s
ep   76 | train 3.300568 | val 2.710540 | best 2.655057 | tf=1  [mm:1.8709  pm:3.5502] | 19.74s
ep   77 | train 3.359048 | val 2.752498 | best 2.655057 | tf=1  [mm:1.8996  pm:3.6054] | 19.75s
ep   78 | train 3.232423 | val 2.711472 | best 2.655057 | tf=1  [mm:1.8387  pm:3.5842] | 19.69s
ep   79 | train 3.094832 | val 2.673225 | best 2.655057 | tf=1  [mm:1.7940  pm:3.5525] | 19.64s
ep   80 | train 3.004285 | val 2.646506 | best 2.646506 | tf=1  [mm:1.7532  pm:3.5398] | 19.67s
ep   81 | train 3.391345 | val 2.688285 | best 2.646506 | tf=1  [mm:1.7973  pm:3.5793] | 19.64s
ep   82 | train 3.088517 | val 2.751449 | best 2.646506 | tf=1  [mm:1.8189  pm:3.6840] | 19.80s
ep   83 | train 3.302318 | val 2.738595 | best 2.646506 | tf=1  [mm:1.8340  pm:3.6432] | 19.76s
ep   84 | train 3.334494 | val 2.735790 | best 2.646506 | tf=1  [mm:1.8202  pm:3.6514] | 19.73s
ep   85 | train 3.362053 | val 2.686347 | best 2.646506 | tf=1  [mm:1.8355  pm:3.5372] | 19.67s
ep   86 | train 3.058356 | val 2.637365 | best 2.637365 | tf=1  [mm:1.7674  pm:3.5073] | 19.63s
ep   87 | train 3.331144 | val 2.659943 | best 2.637365 | tf=1  [mm:1.7245  pm:3.5954] | 19.51s
ep   88 | train 3.202918 | val 2.658611 | best 2.637365 | tf=1  [mm:1.7923  pm:3.5250] | 19.69s
ep   89 | train 3.144683 | val 2.716703 | best 2.637365 | tf=1  [mm:1.8271  pm:3.6063] | 19.65s
ep   90 | train 3.262721 | val 2.689783 | best 2.637365 | tf=1  [mm:1.7973  pm:3.5823] | 19.78s
ep   91 | train 3.248730 | val 2.680266 | best 2.637365 | tf=1  [mm:1.7584  pm:3.6021] | 19.63s
ep   92 | train 3.442416 | val 2.660093 | best 2.637365 | tf=1  [mm:1.7886  pm:3.5315] | 19.55s
ep   93 | train 2.975829 | val 2.649029 | best 2.637365 | tf=1  [mm:1.8122  pm:3.4859] | 19.60s
ep   94 | train 3.287370 | val 2.692398 | best 2.637365 | tf=1  [mm:1.7963  pm:3.5885] | 19.77s
ep   95 | train 3.104830 | val 2.672911 | best 2.637365 | tf=1  [mm:1.7986  pm:3.5473] | 19.75s
ep   96 | train 3.128149 | val 2.665233 | best 2.637365 | tf=1  [mm:1.7656  pm:3.5648] | 19.84s
ep   97 | train 3.253699 | val 2.646223 | best 2.637365 | tf=1  [mm:1.7792  pm:3.5133] | 19.82s
ep   98 | train 3.095623 | val 2.707838 | best 2.637365 | tf=1  [mm:1.7671  pm:3.6486] | 19.87s
ep   99 | train 3.047094 | val 2.691239 | best 2.637365 | tf=1  [mm:1.8516  pm:3.5309] | 19.80s
ep  100 | train 3.323427 | val 2.655906 | best 2.637365 | tf=0  [mm:1.8669  pm:3.4449] | 19.81s

Test loss (best model): 2.453600  [mm:1.9895  pm:2.9177]
Saved best model to experiments/txtl_ladder_old_combined/20260525_061532_M5_K1_s1/model.pt

Training completed in 2013.80s (33.56m)
Peak GPU memory: 8.71 GB
Loading checkpoint: experiments/txtl_ladder_old_combined/20260525_061532_M5_K1_s1/model.pt
[plot_predictions] n_samples=5, plot_ds_len=87
[plot_predictions] y0.shape=(5, 7), u_seq.shape=(5, 1496, 13), y_seq.shape=(5, 1496, 7), dt_seq.shape=(5, 1496)
Saved plots to experiments/txtl_ladder_old_combined/20260525_061532_M5_K1_s1/plots
Loading checkpoint: experiments/txtl_ladder_old_combined/20260525_061532_M5_K1_s1/model.pt
[epoch overlay] saved: experiments/txtl_ladder_old_combined/20260525_061532_M5_K1_s1/plots/pred_overlays_sample000.png

Running endpoint R² analysis...
Loading checkpoint: experiments/txtl_ladder_old_combined/20260525_061532_M5_K1_s1/model.pt
  R²(protein final) = -0.1756
  R²(mRNA max)      = -0.2482
Saved plot -> experiments/txtl_ladder_old_combined/20260525_061532_M5_K1_s1/endpoint_r2.png
