$ python -u last-layer-ode/train.py --config configs/txtl_gru_new_baseline.yaml --set study=txtl_ladder_old_combined --set out_root=experiments --set exp_name=M8_K1_s1 --set epochs=100 --set endpoint_r2=True --set obs_idx='[3, 5]' --set warmup_epochs=5 --set hidden=600 --set dataset_path=datasets/cell-free/txtl_native_old_only.npz --set val_n=87 --set test_n=87 --set stratify_z_expr=False --set test_real_only=False --set stratified_split=True --set stratify_targets='[3, 5]' --set stratify_bins=5 --set stratify_by_source=True --set subtract_channel_min=True --set subtract_channel_min_cols='[3, 5]' --set encoder_use_log_dt=True --set plot_extra_new_samples=0 --set y0_theta_init=False --set scaffold=txtl_model8_reagent_resource --set model_class=ode_rnn_sparse_theta_v2 --set anchor_mode=uniform --set n_theta_anchors=1 --set seed=1

Using device: cuda
Experiment: experiments/txtl_ladder_old_combined/20260525_080914_M8_K1_s1
Study: txtl_ladder_old_combined | Run ID: 20260525_080914_M8_K1_s1
Split: stratified | seed=42 | bins=5 | targets=[3, 5] | n_test=87 n_val=87 n_train=517
/home/bob-van-sluijs/anaconda3/envs/oliver_env/lib/python3.13/site-packages/torch/cuda/__init__.py:1007: UserWarning: Can't initialize NVML
  raw_cnt = _raw_device_count_nvml()
Partial-observability lift: scaffold.P=12, P_obs=7, obs_state_idx=[8, 10], control_state_map={'DNA c': 11, 'NTPs': 0, 'FB': 0, 'Maltose': 0, 'AA': 1, 'T7RNAP': 2, 'Mg-Glut': 3, 'K-Glut': 4, 'PEG8000': 5}
The model compiled successfully
LR warmup: 5 epochs (2.00e-03 target)
Data: N=691 | train=517 | val=87 | test=87
Dims: P_obs=7 | scaffold=txtl_model8_reagent_resource | U=13
Species: mm, pm
Partial-observability lift active: dataset_obs_idx=[3, 5] → scaffold_obs_idx=[8, 10].
Lift by-name IC copy: m→m@7, p→p@9, DNA→DNA@11
ep    1 | train 19.322785 | val 19.364767 | best 19.364767 | tf=1  [mm:15.4299  pm:23.2996] | 41.30s
ep    2 | train 14.189774 | val 13.483152 | best 13.483152 | tf=1  [mm:4.8769  pm:22.0894] | 30.58s
ep    3 | train 13.286954 | val 12.131570 | best 12.131570 | tf=1  [mm:3.2802  pm:20.9829] | 30.10s
ep    4 | train 13.577843 | val 12.325727 | best 12.131570 | tf=1  [mm:4.4274  pm:20.2241] | 30.14s
ep    5 | train 12.667733 | val 11.798277 | best 11.798277 | tf=1  [mm:3.3438  pm:20.2528] | 28.81s
ep    6 | train 12.199426 | val 11.715150 | best 11.715150 | tf=1  [mm:3.4507  pm:19.9796] | 28.64s
ep    7 | train 12.302217 | val 11.582976 | best 11.582976 | tf=1  [mm:3.2379  pm:19.9280] | 29.06s
ep    8 | train 12.167630 | val 11.688965 | best 11.582976 | tf=1  [mm:3.2666  pm:20.1114] | 29.02s
ep    9 | train 12.043794 | val 11.584516 | best 11.582976 | tf=1  [mm:3.2389  pm:19.9301] | 29.06s
ep   10 | train 12.379184 | val 11.603480 | best 11.582976 | tf=1  [mm:3.2307  pm:19.9762] | 29.30s
ep   11 | train 12.210567 | val 11.628257 | best 11.582976 | tf=1  [mm:3.2639  pm:19.9926] | 29.22s
ep   12 | train 11.739593 | val 11.601254 | best 11.582976 | tf=1  [mm:3.1793  pm:20.0232] | 29.14s
ep   13 | train 11.594028 | val 11.568286 | best 11.568286 | tf=1  [mm:3.1746  pm:19.9620] | 29.23s
ep   14 | train 11.808074 | val 11.546064 | best 11.546064 | tf=1  [mm:3.1227  pm:19.9694] | 29.21s
ep   15 | train 12.092393 | val 11.513879 | best 11.513879 | tf=1  [mm:3.0506  pm:19.9772] | 29.21s
ep   16 | train 12.480434 | val 11.560961 | best 11.513879 | tf=1  [mm:3.1479  pm:19.9740] | 29.23s
ep   17 | train 11.714579 | val 11.502652 | best 11.502652 | tf=1  [mm:3.0607  pm:19.9446] | 29.21s
ep   18 | train 12.034630 | val 11.560559 | best 11.502652 | tf=1  [mm:2.9946  pm:20.1265] | 29.17s
ep   19 | train 12.346424 | val 11.715302 | best 11.502652 | tf=1  [mm:3.4469  pm:19.9837] | 29.19s
ep   20 | train 11.826832 | val 11.509984 | best 11.502652 | tf=1  [mm:3.0443  pm:19.9756] | 29.10s
ep   21 | train 12.590796 | val 11.434761 | best 11.434761 | tf=1  [mm:2.9225  pm:19.9470] | 29.32s
ep   22 | train 12.164257 | val 11.470181 | best 11.434761 | tf=1  [mm:2.9051  pm:20.0353] | 29.25s
ep   23 | train 12.073781 | val 11.464070 | best 11.434761 | tf=1  [mm:3.0232  pm:19.9049] | 29.23s
ep   24 | train 12.315214 | val 11.413734 | best 11.413734 | tf=1  [mm:2.8248  pm:20.0026] | 29.24s
ep   25 | train 12.203080 | val 11.445432 | best 11.413734 | tf=1  [mm:2.8375  pm:20.0533] | 29.21s
ep   26 | train 12.189283 | val 11.377671 | best 11.377671 | tf=1  [mm:2.8416  pm:19.9137] | 29.25s
ep   27 | train 12.346151 | val 11.528468 | best 11.377671 | tf=1  [mm:3.0109  pm:20.0460] | 29.33s
ep   28 | train 11.866754 | val 11.486176 | best 11.377671 | tf=1  [mm:3.0785  pm:19.8939] | 29.40s
ep   29 | train 12.326127 | val 11.423573 | best 11.377671 | tf=1  [mm:2.9596  pm:19.8876] | 29.43s
ep   30 | train 11.839002 | val 11.470109 | best 11.377671 | tf=1  [mm:3.0770  pm:19.8632] | 29.22s
ep   31 | train 11.584029 | val 11.380917 | best 11.377671 | tf=1  [mm:2.8654  pm:19.8964] | 29.24s
ep   32 | train 11.706978 | val 11.473780 | best 11.377671 | tf=1  [mm:3.0257  pm:19.9218] | 29.18s
ep   33 | train 12.112315 | val 11.427255 | best 11.377671 | tf=1  [mm:2.9750  pm:19.8795] | 29.30s
ep   34 | train 12.052321 | val 11.391401 | best 11.377671 | tf=1  [mm:2.8489  pm:19.9339] | 29.23s
ep   35 | train 11.902602 | val 11.358480 | best 11.358480 | tf=1  [mm:2.8112  pm:19.9058] | 29.21s
ep   36 | train 11.858083 | val 11.384846 | best 11.358480 | tf=1  [mm:2.9179  pm:19.8518] | 29.22s
ep   37 | train 12.002095 | val 11.482094 | best 11.358480 | tf=1  [mm:2.9033  pm:20.0609] | 29.23s
ep   38 | train 11.846011 | val 11.368537 | best 11.358480 | tf=1  [mm:2.8071  pm:19.9300] | 29.14s
ep   39 | train 12.173893 | val 11.334638 | best 11.334638 | tf=1  [mm:2.8168  pm:19.8525] | 29.31s
ep   40 | train 11.582884 | val 11.363392 | best 11.334638 | tf=1  [mm:2.8157  pm:19.9111] | 29.31s
ep   41 | train 11.838859 | val 11.330247 | best 11.330247 | tf=1  [mm:2.8104  pm:19.8501] | 29.26s
ep   42 | train 11.778271 | val 11.344250 | best 11.330247 | tf=1  [mm:2.8524  pm:19.8361] | 29.22s
ep   43 | train 11.824784 | val 11.330470 | best 11.330247 | tf=1  [mm:2.7747  pm:19.8862] | 29.27s
ep   44 | train 11.970673 | val 11.323777 | best 11.323777 | tf=1  [mm:2.7752  pm:19.8724] | 29.25s
ep   45 | train 11.549773 | val 11.410141 | best 11.323777 | tf=1  [mm:2.9033  pm:19.9170] | 29.27s
ep   46 | train 12.103411 | val 11.397019 | best 11.323777 | tf=1  [mm:2.8796  pm:19.9145] | 29.35s
ep   47 | train 12.063402 | val 11.543092 | best 11.323777 | tf=1  [mm:3.2631  pm:19.8231] | 29.34s
ep   48 | train 11.912361 | val 11.428655 | best 11.323777 | tf=1  [mm:2.9115  pm:19.9459] | 29.41s
ep   49 | train 11.925478 | val 11.395928 | best 11.323777 | tf=1  [mm:2.8382  pm:19.9537] | 29.34s
ep   50 | train 11.815241 | val 11.336247 | best 11.323777 | tf=1  [mm:2.8032  pm:19.8693] | 29.30s
ep   51 | train 12.032705 | val 11.375141 | best 11.323777 | tf=1  [mm:2.8224  pm:19.9279] | 29.35s
ep   52 | train 12.108711 | val 11.358191 | best 11.323777 | tf=1  [mm:2.8839  pm:19.8324] | 29.26s
ep   53 | train 12.189260 | val 11.352490 | best 11.323777 | tf=1  [mm:2.8055  pm:19.8994] | 29.10s
ep   54 | train 11.821343 | val 11.306907 | best 11.306907 | tf=1  [mm:2.7443  pm:19.8695] | 29.29s
ep   55 | train 11.743455 | val 11.308285 | best 11.306907 | tf=1  [mm:2.7711  pm:19.8454] | 29.17s
ep   56 | train 11.784834 | val 11.324102 | best 11.306907 | tf=1  [mm:2.7271  pm:19.9211] | 29.31s
ep   57 | train 11.689893 | val 11.350231 | best 11.306907 | tf=1  [mm:2.8283  pm:19.8722] | 29.24s
ep   58 | train 11.879830 | val 11.321757 | best 11.306907 | tf=1  [mm:2.7667  pm:19.8768] | 29.16s
ep   59 | train 12.119615 | val 11.328445 | best 11.306907 | tf=1  [mm:2.8203  pm:19.8366] | 29.23s
ep   60 | train 11.423198 | val 11.346730 | best 11.306907 | tf=1  [mm:2.8481  pm:19.8454] | 29.26s
ep   61 | train 12.060854 | val 11.318348 | best 11.306907 | tf=1  [mm:2.7250  pm:19.9117] | 29.17s
ep   62 | train 12.000064 | val 11.334636 | best 11.306907 | tf=1  [mm:2.8292  pm:19.8401] | 29.23s
ep   63 | train 11.700435 | val 11.316010 | best 11.306907 | tf=1  [mm:2.8013  pm:19.8307] | 29.30s
ep   64 | train 11.960109 | val 11.346553 | best 11.306907 | tf=1  [mm:2.7824  pm:19.9107] | 29.29s
ep   65 | train 11.873936 | val 11.318347 | best 11.306907 | tf=1  [mm:2.7473  pm:19.8893] | 29.33s
ep   66 | train 11.968983 | val 11.329331 | best 11.306907 | tf=1  [mm:2.7859  pm:19.8727] | 29.29s
ep   67 | train 11.869148 | val 11.302961 | best 11.302961 | tf=1  [mm:2.7237  pm:19.8822] | 29.34s
ep   68 | train 12.129252 | val 11.305923 | best 11.302961 | tf=1  [mm:2.7757  pm:19.8361] | 29.30s
ep   69 | train 11.504449 | val 11.350181 | best 11.302961 | tf=1  [mm:2.8114  pm:19.8889] | 29.01s
ep   70 | train 12.003963 | val 11.302682 | best 11.302682 | tf=1  [mm:2.7753  pm:19.8300] | 29.27s
ep   71 | train 11.620322 | val 11.307121 | best 11.302682 | tf=1  [mm:2.7800  pm:19.8342] | 29.27s
ep   72 | train 12.032179 | val 11.353391 | best 11.302682 | tf=1  [mm:2.7813  pm:19.9255] | 29.31s
ep   73 | train 12.147872 | val 11.359231 | best 11.302682 | tf=1  [mm:2.8825  pm:19.8360] | 29.23s
ep   74 | train 11.859229 | val 11.334592 | best 11.302682 | tf=1  [mm:2.8432  pm:19.8259] | 29.23s
ep   75 | train 12.180987 | val 11.402037 | best 11.302682 | tf=1  [mm:2.8632  pm:19.9409] | 29.15s
ep   76 | train 12.219124 | val 11.308241 | best 11.302682 | tf=1  [mm:2.7218  pm:19.8947] | 29.20s
ep   77 | train 12.024057 | val 11.316529 | best 11.302682 | tf=1  [mm:2.7989  pm:19.8341] | 29.21s
ep   78 | train 11.531327 | val 11.312180 | best 11.302682 | tf=1  [mm:2.7822  pm:19.8421] | 29.20s
ep   79 | train 12.583380 | val 11.369386 | best 11.302682 | tf=1  [mm:2.8308  pm:19.9080] | 29.18s
ep   80 | train 12.158875 | val 11.332901 | best 11.302682 | tf=1  [mm:2.8019  pm:19.8639] | 29.10s
ep   81 | train 12.123556 | val 11.343500 | best 11.302682 | tf=1  [mm:2.8275  pm:19.8595] | 29.19s
ep   82 | train 12.119580 | val 11.322572 | best 11.302682 | tf=1  [mm:2.7995  pm:19.8457] | 29.20s
ep   83 | train 11.928497 | val 11.297438 | best 11.297438 | tf=1  [mm:2.7122  pm:19.8827] | 29.12s
ep   84 | train 12.224420 | val 11.285736 | best 11.285736 | tf=1  [mm:2.7124  pm:19.8590] | 29.23s
ep   85 | train 11.859633 | val 11.306281 | best 11.285736 | tf=1  [mm:2.8052  pm:19.8073] | 29.24s
ep   86 | train 11.896782 | val 11.378333 | best 11.285736 | tf=1  [mm:2.8526  pm:19.9040] | 29.30s
ep   87 | train 12.504516 | val 11.319283 | best 11.285736 | tf=1  [mm:2.7783  pm:19.8603] | 29.25s
ep   88 | train 11.775292 | val 11.383040 | best 11.285736 | tf=1  [mm:2.9167  pm:19.8494] | 29.42s
ep   89 | train 11.920333 | val 11.330503 | best 11.285736 | tf=1  [mm:2.8327  pm:19.8283] | 29.27s
ep   90 | train 12.174742 | val 11.310666 | best 11.285736 | tf=1  [mm:2.7927  pm:19.8287] | 29.27s
ep   91 | train 11.868863 | val 11.352654 | best 11.285736 | tf=1  [mm:2.8381  pm:19.8672] | 29.37s
ep   92 | train 12.308142 | val 11.287441 | best 11.285736 | tf=1  [mm:2.7275  pm:19.8474] | 29.39s
ep   93 | train 12.148270 | val 11.316343 | best 11.285736 | tf=1  [mm:2.7660  pm:19.8666] | 29.27s
ep   94 | train 11.986783 | val 11.304091 | best 11.285736 | tf=1  [mm:2.7763  pm:19.8319] | 29.17s
ep   95 | train 12.355223 | val 11.321143 | best 11.285736 | tf=1  [mm:2.8019  pm:19.8404] | 29.21s
ep   96 | train 11.577344 | val 11.308887 | best 11.285736 | tf=1  [mm:2.7485  pm:19.8692] | 29.09s
ep   97 | train 12.069384 | val 11.347030 | best 11.285736 | tf=1  [mm:2.8390  pm:19.8551] | 29.19s
ep   98 | train 11.670324 | val 11.315264 | best 11.285736 | tf=1  [mm:2.7473  pm:19.8832] | 29.22s
ep   99 | train 12.330778 | val 11.330247 | best 11.285736 | tf=1  [mm:2.7595  pm:19.9010] | 29.12s
ep  100 | train 12.039640 | val 11.331557 | best 11.285736 | tf=0  [mm:2.8174  pm:19.8457] | 29.12s

Test loss (best model): 13.295854  [mm:2.9055  pm:23.6862]
Saved best model to experiments/txtl_ladder_old_combined/20260525_080914_M8_K1_s1/model.pt

Training completed in 2947.04s (49.12m)
Peak GPU memory: 8.83 GB
[rebuild] partial-obs lift: dataset_obs_idx=[3, 5] → scaffold_obs_idx=[8, 10] (P=12)
Loading checkpoint: experiments/txtl_ladder_old_combined/20260525_080914_M8_K1_s1/model.pt
[plot_predictions] n_samples=5, plot_ds_len=87
[plot_predictions] y0.shape=(5, 12), u_seq.shape=(5, 1496, 13), y_seq.shape=(5, 1496, 12), dt_seq.shape=(5, 1496)
Saved plots to experiments/txtl_ladder_old_combined/20260525_080914_M8_K1_s1/plots
[rebuild] partial-obs lift: dataset_obs_idx=[3, 5] → scaffold_obs_idx=[8, 10] (P=12)
Loading checkpoint: experiments/txtl_ladder_old_combined/20260525_080914_M8_K1_s1/model.pt
[epoch overlay] saved: experiments/txtl_ladder_old_combined/20260525_080914_M8_K1_s1/plots/pred_overlays_sample000.png

Running endpoint R² analysis...
[rebuild] partial-obs lift: dataset_obs_idx=[3, 5] → scaffold_obs_idx=[8, 10] (P=12)
Loading checkpoint: experiments/txtl_ladder_old_combined/20260525_080914_M8_K1_s1/model.pt
  R²(protein final) = -0.6265
  R²(mRNA max)      = -0.4080
Saved plot -> experiments/txtl_ladder_old_combined/20260525_080914_M8_K1_s1/endpoint_r2.png
