$ python -u last-layer-ode/train.py --config configs/txtl_gru_new_baseline.yaml --set study=txtl_ladder_old_combined --set out_root=experiments --set exp_name=M5_plain_s2 --set epochs=100 --set endpoint_r2=True --set obs_idx='[3, 5]' --set warmup_epochs=5 --set hidden=600 --set dataset_path=datasets/cell-free/txtl_native_old_only.npz --set val_n=87 --set test_n=87 --set stratify_z_expr=False --set test_real_only=False --set stratified_split=True --set stratify_targets='[3, 5]' --set stratify_bins=5 --set stratify_by_source=True --set subtract_channel_min=True --set subtract_channel_min_cols='[3, 5]' --set encoder_use_log_dt=True --set plot_extra_new_samples=0 --set y0_theta_init=False --set model_class=ode_rnn --set scaffold=txtl_resource_and_maturation_dna --set seed=2

Using device: cuda
Experiment: experiments/txtl_ladder_old_combined/20260525_012045_M5_plain_s2
Study: txtl_ladder_old_combined | Run ID: 20260525_012045_M5_plain_s2
Split: stratified | seed=42 | bins=5 | targets=[3, 5] | n_test=87 n_val=87 n_train=517
/home/bob-van-sluijs/anaconda3/envs/oliver_env/lib/python3.13/site-packages/torch/cuda/__init__.py:1007: UserWarning: Can't initialize NVML
  raw_cnt = _raw_device_count_nvml()
The model compiled successfully
LR warmup: 5 epochs (2.00e-03 target)
Data: N=691 | train=517 | val=87 | test=87
Dims: P_obs=7 | scaffold=txtl_resource_and_maturation_dna | U=13
Species: mm, pm
Supervising only species indices: [3, 5]
ep    1 | train 4.040161 | val 3.194911 | best 3.194911 | tf=1  [mm:2.0273  pm:4.3625] | 27.55s
ep    2 | train 5.161777 | val 5.395880 | best 3.194911 | tf=1  [mm:5.7379  pm:5.0539] | 23.22s
ep    3 | train 4.116752 | val 3.062485 | best 3.062485 | tf=1  [mm:2.1987  pm:3.9262] | 22.86s
ep    4 | train 3.677038 | val 3.081925 | best 3.062485 | tf=1  [mm:2.5738  pm:3.5900] | 22.84s
ep    5 | train 3.535478 | val 3.001717 | best 3.001717 | tf=1  [mm:2.4005  pm:3.6029] | 22.84s
ep    6 | train 3.710020 | val 3.156736 | best 3.001717 | tf=1  [mm:2.2412  pm:4.0722] | 22.84s
ep    7 | train 3.693282 | val 2.797180 | best 2.797180 | tf=1  [mm:2.2614  pm:3.3330] | 22.82s
ep    8 | train 3.502825 | val 2.890328 | best 2.797180 | tf=1  [mm:2.3687  pm:3.4120] | 22.85s
ep    9 | train 3.368987 | val 4.073817 | best 2.797180 | tf=1  [mm:2.1299  pm:6.0178] | 22.86s
ep   10 | train 3.766204 | val 2.619355 | best 2.619355 | tf=1  [mm:1.9395  pm:3.2992] | 22.84s
ep   11 | train 2.938646 | val 2.408174 | best 2.408174 | tf=1  [mm:1.6084  pm:3.2079] | 22.78s
ep   12 | train 2.896832 | val 2.499856 | best 2.408174 | tf=1  [mm:1.6895  pm:3.3102] | 22.84s
ep   13 | train 2.814184 | val 2.350791 | best 2.350791 | tf=1  [mm:1.6672  pm:3.0344] | 22.82s
ep   14 | train 2.608594 | val 2.688261 | best 2.350791 | tf=1  [mm:1.5385  pm:3.8381] | 22.83s
ep   15 | train 2.305969 | val 2.304095 | best 2.304095 | tf=1  [mm:1.4737  pm:3.1345] | 22.83s
ep   16 | train 2.219750 | val 2.643928 | best 2.304095 | tf=1  [mm:1.6771  pm:3.6108] | 22.80s
ep   17 | train 2.041822 | val 2.537232 | best 2.304095 | tf=1  [mm:1.4224  pm:3.6521] | 22.76s
ep   18 | train 2.583190 | val 3.518284 | best 2.304095 | tf=1  [mm:1.5550  pm:5.4816] | 22.75s
ep   19 | train 2.371101 | val 2.374757 | best 2.304095 | tf=1  [mm:1.5115  pm:3.2380] | 22.77s
ep   20 | train 1.888883 | val 1.947933 | best 1.947933 | tf=1  [mm:1.2311  pm:2.6648] | 22.81s
ep   21 | train 1.838849 | val 2.011532 | best 1.947933 | tf=1  [mm:1.3289  pm:2.6942] | 22.82s
ep   22 | train 1.764311 | val 2.325494 | best 1.947933 | tf=1  [mm:1.5291  pm:3.1218] | 22.83s
ep   23 | train 1.672808 | val 2.108286 | best 1.947933 | tf=1  [mm:1.3185  pm:2.8981] | 22.83s
ep   24 | train 1.553245 | val 2.018542 | best 1.947933 | tf=1  [mm:1.1976  pm:2.8395] | 22.82s
ep   25 | train 1.390890 | val 2.292529 | best 1.947933 | tf=1  [mm:1.3453  pm:3.2397] | 22.79s
ep   26 | train 1.331001 | val 2.039551 | best 1.947933 | tf=1  [mm:1.2144  pm:2.8647] | 22.83s
ep   27 | train 1.309311 | val 2.115555 | best 1.947933 | tf=1  [mm:1.1895  pm:3.0416] | 22.80s
ep   28 | train 1.174065 | val 2.104286 | best 1.947933 | tf=1  [mm:1.2336  pm:2.9750] | 22.89s
ep   29 | train 1.107914 | val 2.001623 | best 1.947933 | tf=1  [mm:1.2847  pm:2.7186] | 22.90s
ep   30 | train 1.068564 | val 2.148569 | best 1.947933 | tf=1  [mm:1.3125  pm:2.9846] | 22.90s
ep   31 | train 1.114505 | val 2.052310 | best 1.947933 | tf=1  [mm:1.1766  pm:2.9281] | 22.90s
ep   32 | train 0.915848 | val 2.110806 | best 1.947933 | tf=1  [mm:1.1969  pm:3.0247] | 22.77s
ep   33 | train 0.824666 | val 1.945740 | best 1.945740 | tf=1  [mm:1.1694  pm:2.7220] | 22.85s
ep   34 | train 0.750975 | val 2.195848 | best 1.945740 | tf=1  [mm:1.1528  pm:3.2389] | 22.80s
ep   35 | train 0.814629 | val 2.219985 | best 1.945740 | tf=1  [mm:1.5528  pm:2.8871] | 22.90s
ep   36 | train 0.795468 | val 2.064120 | best 1.945740 | tf=1  [mm:1.2895  pm:2.8388] | 22.84s
ep   37 | train 0.759639 | val 2.310332 | best 1.945740 | tf=1  [mm:1.3746  pm:3.2461] | 22.83s
ep   38 | train 0.652464 | val 2.072212 | best 1.945740 | tf=1  [mm:1.2852  pm:2.8593] | 22.82s
ep   39 | train 0.672987 | val 2.161796 | best 1.945740 | tf=1  [mm:1.3316  pm:2.9920] | 22.85s
ep   40 | train 0.645765 | val 2.119524 | best 1.945740 | tf=1  [mm:1.2513  pm:2.9878] | 22.81s
ep   41 | train 0.612624 | val 2.423299 | best 1.945740 | tf=1  [mm:1.3215  pm:3.5251] | 22.87s
ep   42 | train 0.623549 | val 2.032252 | best 1.945740 | tf=1  [mm:1.2102  pm:2.8543] | 22.79s
ep   43 | train 0.595634 | val 2.301494 | best 1.945740 | tf=1  [mm:1.3996  pm:3.2034] | 22.82s
ep   44 | train 0.647696 | val 2.252402 | best 1.945740 | tf=1  [mm:1.5293  pm:2.9755] | 22.85s
ep   45 | train 0.717816 | val 2.378891 | best 1.945740 | tf=1  [mm:1.3544  pm:3.4034] | 22.91s
ep   46 | train 0.705940 | val 1.978021 | best 1.945740 | tf=1  [mm:1.2304  pm:2.7256] | 22.75s
ep   47 | train 0.639297 | val 2.283484 | best 1.945740 | tf=1  [mm:1.4961  pm:3.0709] | 22.85s
ep   48 | train 0.536634 | val 2.190503 | best 1.945740 | tf=1  [mm:1.3694  pm:3.0116] | 22.87s
ep   49 | train 0.574598 | val 2.011186 | best 1.945740 | tf=1  [mm:1.1831  pm:2.8393] | 22.85s
ep   50 | train 0.544588 | val 2.223784 | best 1.945740 | tf=1  [mm:1.2798  pm:3.1678] | 22.88s
ep   51 | train 0.521617 | val 1.888707 | best 1.888707 | tf=1  [mm:1.1424  pm:2.6350] | 22.91s
ep   52 | train 0.500089 | val 2.135009 | best 1.888707 | tf=1  [mm:1.3298  pm:2.9402] | 22.82s
ep   53 | train 0.469263 | val 2.186570 | best 1.888707 | tf=1  [mm:1.4173  pm:2.9558] | 22.84s
ep   54 | train 0.443946 | val 2.129455 | best 1.888707 | tf=1  [mm:1.2603  pm:2.9986] | 22.87s
ep   55 | train 0.451440 | val 2.229759 | best 1.888707 | tf=1  [mm:1.5429  pm:2.9167] | 22.93s
ep   56 | train 0.431775 | val 2.003340 | best 1.888707 | tf=1  [mm:1.1830  pm:2.8237] | 22.87s
ep   57 | train 0.590853 | val 2.160632 | best 1.888707 | tf=1  [mm:1.3820  pm:2.9393] | 22.83s
ep   58 | train 0.446290 | val 2.139880 | best 1.888707 | tf=1  [mm:1.3963  pm:2.8835] | 22.91s
ep   59 | train 0.447727 | val 2.044005 | best 1.888707 | tf=1  [mm:1.3113  pm:2.7767] | 22.87s
ep   60 | train 0.449795 | val 2.410968 | best 1.888707 | tf=1  [mm:1.2755  pm:3.5465] | 22.81s
ep   61 | train 0.402734 | val 2.490878 | best 1.888707 | tf=1  [mm:1.2033  pm:3.7784] | 22.87s
ep   62 | train 0.391667 | val 2.522892 | best 1.888707 | tf=1  [mm:1.3374  pm:3.7084] | 22.82s
ep   63 | train 0.397725 | val 2.447459 | best 1.888707 | tf=1  [mm:1.3084  pm:3.5865] | 22.86s
ep   64 | train 0.375514 | val 2.321502 | best 1.888707 | tf=1  [mm:1.3152  pm:3.3278] | 22.77s
ep   65 | train 0.412299 | val 2.527714 | best 1.888707 | tf=1  [mm:1.3306  pm:3.7249] | 22.87s
ep   66 | train 0.394268 | val 2.577394 | best 1.888707 | tf=1  [mm:1.2656  pm:3.8892] | 22.87s
ep   67 | train 0.373112 | val 2.520132 | best 1.888707 | tf=1  [mm:1.3962  pm:3.6440] | 22.83s
ep   68 | train 0.390101 | val 2.494462 | best 1.888707 | tf=1  [mm:1.2723  pm:3.7166] | 22.83s
ep   69 | train 0.382142 | val 2.364753 | best 1.888707 | tf=1  [mm:1.2892  pm:3.4403] | 22.80s
ep   70 | train 0.341539 | val 2.266165 | best 1.888707 | tf=1  [mm:1.3535  pm:3.1788] | 22.86s
ep   71 | train 0.340021 | val 2.152180 | best 1.888707 | tf=1  [mm:1.2017  pm:3.1027] | 22.83s
ep   72 | train 0.327401 | val 2.245743 | best 1.888707 | tf=1  [mm:1.5161  pm:2.9754] | 22.80s
ep   73 | train 0.338659 | val 2.103669 | best 1.888707 | tf=1  [mm:1.2770  pm:2.9304] | 22.80s
ep   74 | train 0.343363 | val 2.264918 | best 1.888707 | tf=1  [mm:1.2317  pm:3.2982] | 22.75s
ep   75 | train 0.328631 | val 2.293971 | best 1.888707 | tf=1  [mm:1.3307  pm:3.2572] | 22.82s
ep   76 | train 0.365039 | val 2.313924 | best 1.888707 | tf=1  [mm:1.1708  pm:3.4570] | 22.83s
ep   77 | train 0.362391 | val 2.306185 | best 1.888707 | tf=1  [mm:1.4144  pm:3.1980] | 22.76s
ep   78 | train 0.342627 | val 2.241743 | best 1.888707 | tf=1  [mm:1.3141  pm:3.1693] | 22.81s
ep   79 | train 0.342523 | val 2.074831 | best 1.888707 | tf=1  [mm:1.1149  pm:3.0348] | 22.80s
ep   80 | train 0.339319 | val 2.077998 | best 1.888707 | tf=1  [mm:1.2562  pm:2.8998] | 22.82s
ep   81 | train 0.315944 | val 2.143795 | best 1.888707 | tf=1  [mm:1.1793  pm:3.1083] | 22.77s
ep   82 | train 0.320517 | val 2.186661 | best 1.888707 | tf=1  [mm:1.3163  pm:3.0571] | 22.88s
ep   83 | train 0.315446 | val 2.029157 | best 1.888707 | tf=1  [mm:1.1977  pm:2.8606] | 22.88s
ep   84 | train 0.308788 | val 2.239033 | best 1.888707 | tf=1  [mm:1.4004  pm:3.0776] | 22.77s
ep   85 | train 0.318876 | val 2.090886 | best 1.888707 | tf=1  [mm:1.1985  pm:2.9833] | 22.52s
ep   86 | train 0.325105 | val 2.115962 | best 1.888707 | tf=1  [mm:1.2794  pm:2.9525] | 22.53s
ep   87 | train 0.312217 | val 2.106664 | best 1.888707 | tf=1  [mm:1.2111  pm:3.0022] | 22.47s
ep   88 | train 0.323910 | val 2.056833 | best 1.888707 | tf=1  [mm:1.3087  pm:2.8050] | 22.71s
ep   89 | train 0.302625 | val 1.999912 | best 1.888707 | tf=1  [mm:1.1893  pm:2.8106] | 22.90s
ep   90 | train 0.341527 | val 2.006677 | best 1.888707 | tf=1  [mm:1.3187  pm:2.6947] | 22.83s
ep   91 | train 0.291349 | val 2.073466 | best 1.888707 | tf=1  [mm:1.3515  pm:2.7954] | 22.81s
ep   92 | train 0.285835 | val 1.900052 | best 1.888707 | tf=1  [mm:1.2381  pm:2.5620] | 22.84s
ep   93 | train 0.409982 | val 2.162069 | best 1.888707 | tf=1  [mm:1.2387  pm:3.0854] | 22.83s
ep   94 | train 0.327002 | val 2.009138 | best 1.888707 | tf=1  [mm:1.2422  pm:2.7760] | 22.82s
ep   95 | train 0.290669 | val 1.930305 | best 1.888707 | tf=1  [mm:1.2765  pm:2.5841] | 22.80s
ep   96 | train 0.304357 | val 1.950395 | best 1.888707 | tf=1  [mm:1.2020  pm:2.6988] | 22.83s
ep   97 | train 0.296695 | val 1.941757 | best 1.888707 | tf=1  [mm:1.3033  pm:2.5802] | 22.82s
ep   98 | train 0.295418 | val 1.907653 | best 1.888707 | tf=1  [mm:1.2448  pm:2.5705] | 22.83s
ep   99 | train 0.293557 | val 2.021446 | best 1.888707 | tf=1  [mm:1.2326  pm:2.8103] | 22.88s
ep  100 | train 0.291718 | val 1.915912 | best 1.888707 | tf=0  [mm:1.3516  pm:2.4802] | 22.85s

Test loss (best model): 1.279777  [mm:1.1287  pm:1.4308]
Saved best model to experiments/txtl_ladder_old_combined/20260525_012045_M5_plain_s2/model.pt

Training completed in 2293.75s (38.23m)
Peak GPU memory: 9.15 GB
Loading checkpoint: experiments/txtl_ladder_old_combined/20260525_012045_M5_plain_s2/model.pt
[plot_predictions] n_samples=5, plot_ds_len=87
[plot_predictions] y0.shape=(5, 7), u_seq.shape=(5, 1496, 13), y_seq.shape=(5, 1496, 7), dt_seq.shape=(5, 1496)
Saved plots to experiments/txtl_ladder_old_combined/20260525_012045_M5_plain_s2/plots
Loading checkpoint: experiments/txtl_ladder_old_combined/20260525_012045_M5_plain_s2/model.pt
[epoch overlay] saved: experiments/txtl_ladder_old_combined/20260525_012045_M5_plain_s2/plots/pred_overlays_sample000.png

Running endpoint R² analysis...
Loading checkpoint: experiments/txtl_ladder_old_combined/20260525_012045_M5_plain_s2/model.pt
  R²(protein final) = 0.5486
  R²(mRNA max)      = 0.4709
Saved plot -> experiments/txtl_ladder_old_combined/20260525_012045_M5_plain_s2/endpoint_r2.png
