$ python -u last-layer-ode/train.py --config configs/txtl_gru_new_baseline.yaml --set study=txtl_ladder_old_combined --set out_root=experiments --set exp_name=M3_K6_s1 --set epochs=100 --set endpoint_r2=True --set obs_idx='[3, 5]' --set warmup_epochs=5 --set hidden=600 --set dataset_path=datasets/cell-free/txtl_native_old_only.npz --set val_n=87 --set test_n=87 --set stratify_z_expr=False --set test_real_only=False --set stratified_split=True --set stratify_targets='[3, 5]' --set stratify_bins=5 --set stratify_by_source=True --set subtract_channel_min=True --set subtract_channel_min_cols='[3, 5]' --set encoder_use_log_dt=True --set plot_extra_new_samples=0 --set y0_theta_init=False --set scaffold=txtl_model3_two_state --set model_class=ode_rnn_sparse_theta_v2 --set anchor_mode=uniform --set n_theta_anchors=6 --set seed=1

Using device: cuda
Experiment: experiments/txtl_ladder_old_combined/20260525_044506_M3_K6_s1
Study: txtl_ladder_old_combined | Run ID: 20260525_044506_M3_K6_s1
Split: stratified | seed=42 | bins=5 | targets=[3, 5] | n_test=87 n_val=87 n_train=517
/home/bob-van-sluijs/anaconda3/envs/oliver_env/lib/python3.13/site-packages/torch/cuda/__init__.py:1007: UserWarning: Can't initialize NVML
  raw_cnt = _raw_device_count_nvml()
Partial-observability lift: scaffold.P=3, P_obs=7, obs_state_idx=[0, 1], control_state_map={'DNA c': 2}
The model compiled successfully
LR warmup: 5 epochs (2.00e-03 target)
Data: N=691 | train=517 | val=87 | test=87
Dims: P_obs=7 | scaffold=txtl_model3_two_state | U=13
Species: mm, pm
Partial-observability lift active: dataset_obs_idx=[3, 5] → scaffold_obs_idx=[0, 1].
Lift by-name IC copy: DNA→DNA@2
ep    1 | train 5.085328 | val 4.233335 | best 4.233335 | tf=1  [mm:3.5336  pm:4.9330] | 18.50s
ep    2 | train 5.506779 | val 3.951726 | best 3.951726 | tf=1  [mm:3.5407  pm:4.3627] | 15.05s
ep    3 | train 4.469953 | val 3.586739 | best 3.586739 | tf=1  [mm:3.1450  pm:4.0285] | 14.99s
ep    4 | train 4.045833 | val 3.252854 | best 3.252854 | tf=1  [mm:2.3997  pm:4.1060] | 14.98s
ep    5 | train 4.130398 | val 3.597650 | best 3.252854 | tf=1  [mm:2.4245  pm:4.7708] | 15.04s
ep    6 | train 3.779451 | val 3.016883 | best 3.016883 | tf=1  [mm:2.4642  pm:3.5696] | 15.01s
ep    7 | train 3.539808 | val 2.946536 | best 2.946536 | tf=1  [mm:2.2007  pm:3.6924] | 15.17s
ep    8 | train 3.690387 | val 2.855644 | best 2.855644 | tf=1  [mm:2.1201  pm:3.5911] | 14.93s
ep    9 | train 3.402131 | val 2.925131 | best 2.855644 | tf=1  [mm:2.2560  pm:3.5943] | 15.01s
ep   10 | train 3.678010 | val 2.896431 | best 2.855644 | tf=1  [mm:2.0955  pm:3.6974] | 15.08s
ep   11 | train 3.828463 | val 2.764724 | best 2.764724 | tf=1  [mm:1.9621  pm:3.5673] | 15.13s
ep   12 | train 3.474801 | val 2.802734 | best 2.764724 | tf=1  [mm:1.9813  pm:3.6242] | 15.10s
ep   13 | train 3.679827 | val 2.739636 | best 2.739636 | tf=1  [mm:1.9364  pm:3.5429] | 15.12s
ep   14 | train 3.218374 | val 2.751159 | best 2.739636 | tf=1  [mm:1.8619  pm:3.6404] | 15.13s
ep   15 | train 2.770894 | val 3.066943 | best 2.739636 | tf=1  [mm:2.1670  pm:3.9669] | 15.21s
ep   16 | train 2.886139 | val 3.201068 | best 2.739636 | tf=1  [mm:2.0142  pm:4.3879] | 15.15s
ep   17 | train 2.659087 | val 3.306126 | best 2.739636 | tf=1  [mm:2.2979  pm:4.3144] | 15.17s
ep   18 | train 2.446634 | val 2.981252 | best 2.739636 | tf=1  [mm:2.0317  pm:3.9308] | 15.07s
ep   19 | train 2.364720 | val 3.000543 | best 2.739636 | tf=1  [mm:1.9412  pm:4.0599] | 14.70s
ep   20 | train 3.025139 | val 7.802362 | best 2.739636 | tf=1  [mm:2.9908  pm:12.6139] | 13.31s
ep   21 | train 10.140402 | val 12.031524 | best 2.739636 | tf=1  [mm:10.3895  pm:13.6735] | 13.25s
ep   22 | train 11.145014 | val 10.699457 | best 2.739636 | tf=1  [mm:11.6106  pm:9.7883] | 13.43s
ep   23 | train 9.781610 | val 11.118462 | best 2.739636 | tf=1  [mm:11.0174  pm:11.2196] | 14.25s
ep   24 | train 9.765753 | val 8.430132 | best 2.739636 | tf=1  [mm:10.2684  pm:6.5919] | 14.24s
ep   25 | train 7.998525 | val 7.991831 | best 2.739636 | tf=1  [mm:9.6501  pm:6.3336] | 14.26s
ep   26 | train nan | val nan | best 2.739636 | tf=1  [mm:nan  pm:nan] | 14.22s
NaN detected at epoch 26 — stopping early.

Test loss (best model): 2.628316  [mm:2.2019  pm:3.0548]
Saved best model to experiments/txtl_ladder_old_combined/20260525_044506_M3_K6_s1/model.pt

Training completed in 389.38s (6.49m)
Peak GPU memory: 8.67 GB
[rebuild] partial-obs lift: dataset_obs_idx=[3, 5] → scaffold_obs_idx=[0, 1] (P=3)
Loading checkpoint: experiments/txtl_ladder_old_combined/20260525_044506_M3_K6_s1/model.pt
[plot_predictions] n_samples=5, plot_ds_len=87
[plot_predictions] y0.shape=(5, 3), u_seq.shape=(5, 1496, 13), y_seq.shape=(5, 1496, 3), dt_seq.shape=(5, 1496)
Saved plots to experiments/txtl_ladder_old_combined/20260525_044506_M3_K6_s1/plots
[rebuild] partial-obs lift: dataset_obs_idx=[3, 5] → scaffold_obs_idx=[0, 1] (P=3)
Loading checkpoint: experiments/txtl_ladder_old_combined/20260525_044506_M3_K6_s1/model.pt
[epoch overlay] saved: experiments/txtl_ladder_old_combined/20260525_044506_M3_K6_s1/plots/pred_overlays_sample000.png

Running endpoint R² analysis...
[rebuild] partial-obs lift: dataset_obs_idx=[3, 5] → scaffold_obs_idx=[0, 1] (P=3)
Loading checkpoint: experiments/txtl_ladder_old_combined/20260525_044506_M3_K6_s1/model.pt
  R²(protein final) = -0.1905
  R²(mRNA max)      = -0.2975
Saved plot -> experiments/txtl_ladder_old_combined/20260525_044506_M3_K6_s1/endpoint_r2.png
