$ python -u last-layer-ode/train.py --config configs/txtl_gru_new_baseline.yaml --set study=txtl_ladder_old_combined --set out_root=experiments --set exp_name=M4_plain_s0 --set epochs=100 --set endpoint_r2=True --set obs_idx='[3, 5]' --set warmup_epochs=5 --set hidden=600 --set dataset_path=datasets/cell-free/txtl_native_old_only.npz --set val_n=87 --set test_n=87 --set stratify_z_expr=False --set test_real_only=False --set stratified_split=True --set stratify_targets='[3, 5]' --set stratify_bins=5 --set stratify_by_source=True --set subtract_channel_min=True --set subtract_channel_min_cols='[3, 5]' --set encoder_use_log_dt=True --set plot_extra_new_samples=0 --set y0_theta_init=False --set model_class=ode_rnn --set scaffold=txtl_model4_three_state --set seed=0

Using device: cuda
Experiment: experiments/txtl_ladder_old_combined/20260524_231512_M4_plain_s0
Study: txtl_ladder_old_combined | Run ID: 20260524_231512_M4_plain_s0
Split: stratified | seed=42 | bins=5 | targets=[3, 5] | n_test=87 n_val=87 n_train=517
/home/bob-van-sluijs/anaconda3/envs/oliver_env/lib/python3.13/site-packages/torch/cuda/__init__.py:1007: UserWarning: Can't initialize NVML
  raw_cnt = _raw_device_count_nvml()
Partial-observability lift: scaffold.P=4, P_obs=7, obs_state_idx=[0, 2], control_state_map={'DNA c': 3}
The model compiled successfully
LR warmup: 5 epochs (2.00e-03 target)
Data: N=691 | train=517 | val=87 | test=87
Dims: P_obs=7 | scaffold=txtl_model4_three_state | U=13
Species: mm, pm
Partial-observability lift active: dataset_obs_idx=[3, 5] → scaffold_obs_idx=[0, 2].
Lift by-name IC copy: DNA→DNA@3
ep    1 | train 4.729382 | val 3.487465 | best 3.487465 | tf=1  [mm:2.2571  pm:4.7178] | 17.98s
ep    2 | train 4.892020 | val 3.704958 | best 3.487465 | tf=1  [mm:2.1673  pm:5.2426] | 15.08s
ep    3 | train 4.891806 | val 3.235661 | best 3.235661 | tf=1  [mm:2.1158  pm:4.3556] | 14.97s
ep    4 | train 3.696117 | val 2.885733 | best 2.885733 | tf=1  [mm:2.0919  pm:3.6795] | 15.05s
ep    5 | train 3.790929 | val 3.148488 | best 2.885733 | tf=1  [mm:2.4166  pm:3.8804] | 14.96s
ep    6 | train 3.442195 | val 2.891967 | best 2.885733 | tf=1  [mm:2.3038  pm:3.4802] | 14.98s
ep    7 | train 3.474746 | val 2.749414 | best 2.749414 | tf=1  [mm:1.9132  pm:3.5856] | 14.96s
ep    8 | train 3.358820 | val 3.195611 | best 2.749414 | tf=1  [mm:2.3486  pm:4.0426] | 14.91s
ep    9 | train 3.701878 | val 2.611914 | best 2.611914 | tf=1  [mm:1.8782  pm:3.3456] | 15.02s
ep   10 | train 3.418920 | val 2.793770 | best 2.611914 | tf=1  [mm:1.9404  pm:3.6472] | 14.99s
ep   11 | train 3.201099 | val 2.625612 | best 2.611914 | tf=1  [mm:2.0030  pm:3.2482] | 14.94s
ep   12 | train 3.319704 | val 2.576648 | best 2.576648 | tf=1  [mm:1.9336  pm:3.2197] | 14.95s
ep   13 | train 3.233803 | val 3.176292 | best 2.576648 | tf=1  [mm:2.3760  pm:3.9766] | 14.92s
ep   14 | train 2.905974 | val 3.252553 | best 2.576648 | tf=1  [mm:2.0881  pm:4.4170] | 14.96s
ep   15 | train 2.559553 | val 3.865570 | best 2.576648 | tf=1  [mm:2.5314  pm:5.1997] | 15.02s
ep   16 | train 2.008733 | val 4.641259 | best 2.576648 | tf=1  [mm:2.5529  pm:6.7296] | 14.92s
ep   17 | train 1.770998 | val 7.842030 | best 2.576648 | tf=1  [mm:2.6868  pm:12.9973] | 14.92s
ep   18 | train 1.717488 | val 8.028197 | best 2.576648 | tf=1  [mm:3.2451  pm:12.8113] | 14.94s
ep   19 | train 1.672503 | val 4.925437 | best 2.576648 | tf=1  [mm:2.5482  pm:7.3027] | 14.94s
ep   20 | train 1.413920 | val 8.800581 | best 2.576648 | tf=1  [mm:2.3450  pm:15.2561] | 15.01s
ep   21 | train 1.250009 | val 7.572780 | best 2.576648 | tf=1  [mm:2.3808  pm:12.7647] | 14.96s
ep   22 | train 1.045523 | val 8.699605 | best 2.576648 | tf=1  [mm:6.0834  pm:11.3158] | 14.97s
ep   23 | train 1.149093 | val 6.419443 | best 2.576648 | tf=1  [mm:1.9956  pm:10.8433] | 14.93s
ep   24 | train 0.902281 | val 7.322913 | best 2.576648 | tf=1  [mm:1.8102  pm:12.8356] | 14.97s
ep   25 | train 0.844433 | val 6.540745 | best 2.576648 | tf=1  [mm:1.8518  pm:11.2297] | 14.95s
ep   26 | train 0.738660 | val 5.623317 | best 2.576648 | tf=1  [mm:1.4736  pm:9.7730] | 14.97s
ep   27 | train nan | val nan | best 2.576648 | tf=1  [mm:nan  pm:nan] | 14.99s
NaN detected at epoch 27 — stopping early.

Test loss (best model): 2.345928  [mm:2.0728  pm:2.6190]
Saved best model to experiments/txtl_ladder_old_combined/20260524_231512_M4_plain_s0/model.pt

Training completed in 409.69s (6.83m)
Peak GPU memory: 9.11 GB
[rebuild] partial-obs lift: dataset_obs_idx=[3, 5] → scaffold_obs_idx=[0, 2] (P=4)
Loading checkpoint: experiments/txtl_ladder_old_combined/20260524_231512_M4_plain_s0/model.pt
[plot_predictions] n_samples=5, plot_ds_len=87
[plot_predictions] y0.shape=(5, 4), u_seq.shape=(5, 1496, 13), y_seq.shape=(5, 1496, 4), dt_seq.shape=(5, 1496)
Saved plots to experiments/txtl_ladder_old_combined/20260524_231512_M4_plain_s0/plots
[rebuild] partial-obs lift: dataset_obs_idx=[3, 5] → scaffold_obs_idx=[0, 2] (P=4)
Loading checkpoint: experiments/txtl_ladder_old_combined/20260524_231512_M4_plain_s0/model.pt
[epoch overlay] saved: experiments/txtl_ladder_old_combined/20260524_231512_M4_plain_s0/plots/pred_overlays_sample000.png

Running endpoint R² analysis...
[rebuild] partial-obs lift: dataset_obs_idx=[3, 5] → scaffold_obs_idx=[0, 2] (P=4)
Loading checkpoint: experiments/txtl_ladder_old_combined/20260524_231512_M4_plain_s0/model.pt
  R²(protein final) = -0.1045
  R²(mRNA max)      = -0.2617
Saved plot -> experiments/txtl_ladder_old_combined/20260524_231512_M4_plain_s0/endpoint_r2.png
