============================================================================================== 
Warning! Mixing Conda and module environments may lead to corruption of the
user environment. 
We do not recommend users mixing those two environments unless absolutely
necessary. Note that 
SURF does not provide any support for Conda environment.
For more information, please refer to our software policy page:
https://servicedesk.surf.nl/wiki/display/WIKI/Software+policy+Snellius#SoftwarepolicySnellius-UseofAnacondaandMinicondaenvironmentsonSnellius 

Remember that many packages have already been installed on the system and can
be loaded using 
the 'module load <package__name>' command. If you are uncertain if a package is
already available 
on the system, please use 'module avail' or 'module spider' to search for it.
============================================================================================== 
Using device: cuda
Experiment: experiments/m7_m8_fix_comparison/20260526_152806_M7_kfix
Study: m7_m8_fix_comparison | Run ID: 20260526_152806_M7_kfix
ODEDataset: use_synthetic_data=False → dropping 0 synth rows, keeping 1003 real.
  stratify_by_source[old]: pool=691 → train=519 val=86 test=86
  stratify_by_source[new]: pool=312 → train=234 val=39 test=39
Split: stratified | seed=42 | bins=5 | targets=[3, 5] | n_test=125 n_val=125 n_train=753
Partial-observability lift: scaffold.P=12, P_obs=7, obs_state_idx=[3, 5], control_state_map={'DNA c': 11, 'T7RNAP': 6, 'NTPs': 7, 'AA': 8, 'Mg-Glut': 9, 'K-Glut': 10, 'Lysate 2%PEG': 8, 'FB': 7}
The model compiled successfully
LR warmup: 3 epochs (2.00e-03 target)
Data: N=1003 | train=753 | val=125 | test=125
Dims: P_obs=7 | scaffold=txtl_model7_kfix | U=13
Species: mm, pm
Partial-observability lift active: dataset_obs_idx=[3, 5] → scaffold_obs_idx=[3, 5].
Lift by-name IC copy: R→R@0, O→O@1, m→m@2, p→p@4, DNA→DNA@11
ep    1 | train 5.241892 | val 4.463403 | best 4.463403 | tf=1  [mm:3.5531  pm:8.7431] | 74.93s
ep    2 | train 6.330035 | val 3.240727 | best 3.240727 | tf=1  [mm:2.9038  pm:6.8665] | 62.86s
ep    3 | train 4.119665 | val 2.996540 | best 2.996540 | tf=1  [mm:3.0076  pm:6.4921] | 62.32s
ep    4 | train 3.940515 | val 3.135018 | best 2.996540 | tf=1  [mm:3.2571  pm:6.4163] | 62.30s
ep    5 | train 3.802501 | val 2.874906 | best 2.874906 | tf=1  [mm:2.9838  pm:6.0695] | 62.18s
ep    6 | train 3.778623 | val 2.802005 | best 2.802005 | tf=1  [mm:2.7790  pm:5.9961] | 61.93s
ep    7 | train 3.648513 | val 2.801849 | best 2.801849 | tf=1  [mm:2.9278  pm:5.8168] | 62.06s
ep    8 | train 3.634144 | val 3.498796 | best 2.801849 | tf=1  [mm:2.7803  pm:7.5518] | 62.36s
ep    9 | train 3.717372 | val 3.047672 | best 2.801849 | tf=1  [mm:2.6751  pm:6.5819] | 62.26s
ep   10 | train 3.383761 | val 2.773641 | best 2.773641 | tf=1  [mm:2.6846  pm:5.9130] | 62.19s
ep   11 | train 3.357454 | val 3.182109 | best 2.773641 | tf=1  [mm:2.6102  pm:6.9306] | 62.13s
ep   12 | train 3.262029 | val 3.435971 | best 2.773641 | tf=1  [mm:2.7021  pm:7.5396] | 61.89s
ep   13 | train 3.221232 | val 3.351005 | best 2.773641 | tf=1  [mm:2.5469  pm:7.5352] | 62.03s
ep   14 | train 3.094012 | val 3.041207 | best 2.773641 | tf=1  [mm:2.4796  pm:6.7029] | 62.04s
ep   15 | train 3.227270 | val 3.121645 | best 2.773641 | tf=1  [mm:2.4883  pm:6.9050] | 61.98s
ep   16 | train 3.047789 | val 3.137408 | best 2.773641 | tf=1  [mm:2.5844  pm:7.2262] | 61.98s
ep   17 | train 2.994116 | val 3.269370 | best 2.773641 | tf=1  [mm:2.5570  pm:7.4340] | 62.30s
ep   18 | train 2.903404 | val 2.977355 | best 2.773641 | tf=1  [mm:2.3717  pm:6.6158] | 62.19s
ep   19 | train 2.856978 | val 2.884743 | best 2.773641 | tf=1  [mm:2.3298  pm:6.6068] | 62.03s
ep   20 | train 2.920995 | val 2.982976 | best 2.773641 | tf=1  [mm:2.4944  pm:6.5565] | 62.03s

Test loss (best model): nan  [mm:2.7340  pm:9.0246]
Saved best model to experiments/m7_m8_fix_comparison/20260526_152806_M7_kfix/model.pt

Training completed in 1262.32s (21.04m)
Peak GPU memory: 9.30 GB
ODEDataset: use_synthetic_data=False → dropping 0 synth rows, keeping 1003 real.
[rebuild] partial-obs lift: dataset_obs_idx=[3, 5] → scaffold_obs_idx=[3, 5] (P=12)
Loading checkpoint: experiments/m7_m8_fix_comparison/20260526_152806_M7_kfix/model.pt
[plot_predictions] n_samples=5, plot_ds_len=125
[plot_predictions] y0.shape=(5, 12), u_seq.shape=(5, 1416, 13), y_seq.shape=(5, 1416, 12), dt_seq.shape=(5, 1416)
[plot_predictions] plotting 3 extra NEW samples: idx=[np.int64(702), np.int64(754), np.int64(874)]
Saved plots to experiments/m7_m8_fix_comparison/20260526_152806_M7_kfix/plots
ODEDataset: use_synthetic_data=False → dropping 0 synth rows, keeping 1003 real.
[rebuild] partial-obs lift: dataset_obs_idx=[3, 5] → scaffold_obs_idx=[3, 5] (P=12)
Loading checkpoint: experiments/m7_m8_fix_comparison/20260526_152806_M7_kfix/model.pt
[plot] failed: FileNotFoundError: No checkpoint files matching ckpt_ep*.pt in: experiments/m7_m8_fix_comparison/20260526_152806_M7_kfix/checkpoints
Traceback (most recent call last):
  File "/gpfs/home2/overven1/theta-lab/last-layer-ode/train.py", line 2541, in train
    plot_epoch_prediction_overlays(
  File "/gpfs/home2/overven1/theta-lab/last-layer-ode/plot_diagnostics.py", line 916, in plot_epoch_prediction_overlays
    raise FileNotFoundError(f"No checkpoint files matching ckpt_ep*.pt in: {ckpt_dir}")
FileNotFoundError: No checkpoint files matching ckpt_ep*.pt in: experiments/m7_m8_fix_comparison/20260526_152806_M7_kfix/checkpoints

Running endpoint R² analysis...
ODEDataset: use_synthetic_data=False → dropping 0 synth rows, keeping 1003 real.
[rebuild] partial-obs lift: dataset_obs_idx=[3, 5] → scaffold_obs_idx=[3, 5] (P=12)
Loading checkpoint: experiments/m7_m8_fix_comparison/20260526_152806_M7_kfix/model.pt
  R²(protein final) = -0.2730
  R²(mRNA max)      = -0.1056
Saved plot -> experiments/m7_m8_fix_comparison/20260526_152806_M7_kfix/endpoint_r2.png
23121303       00:27:10               RUNNING 
23121303.ba+   00:27:10               RUNNING 
23121303.ex+   00:27:10               RUNNING 
